鐢熸垚鍚姩鏃堕棿涓?2025/5/8 0:06:41銆?
     0>鏈娇鐢ㄧ粓绔褰曞櫒锛屽洜涓烘鍦ㄥ皢杈撳嚭閲嶅畾鍚戝埌鏂囦欢銆?
       杩涚▼ = "C:\Program Files\dotnet\dotnet.exe"
       MSBuild 鍙墽琛屾枃浠惰矾寰?= "C:\Program Files\dotnet\sdk\9.0.105\MSBuild.dll"
       鍛戒护琛屽弬鏁?= "C:\Program Files\dotnet\sdk\9.0.105\MSBuild.dll -maxcpucount -verbosity:m -tlp:default=auto -nologo -restore -consoleloggerparameters:Summary -verbosity:detailed -distributedlogger:Microsoft.DotNet.Tools.MSBuild.MSBuildLogger,C:\Program Files\dotnet\sdk\9.0.105\dotnet.dll*Microsoft.DotNet.Tools.MSBuild.MSBuildForwardingLogger,C:\Program Files\dotnet\sdk\9.0.105\dotnet.dll"
       褰撳墠鐩綍 = "E:\C\test3\WHU-STU-CHAT\backend"
       MSBuild 鐗堟湰 = "17.12.32+8314f8fc4"
       鍩轰簬 Windows 娉ㄥ唽琛ㄩ」 LongPathsEnabled锛孡ongPaths 鍔熻兘涓?宸茬鐢ㄣ€?
       鍩轰簬 Windows 娉ㄥ唽琛ㄩ」 VerifiedAndReputablePolicyState锛孲AC 鐘舵€?= 0: 宸插叧闂€?
       E:\C\test3\WHU-STU-CHAT\backend\backend.sln.metaproj : message : 鍊间负鈥淐:\Program Files\dotnet\sdk\9.0.105\鈥濈殑灞炴€р€淢SBuildExtensionsPath鈥濅粠鐜涓睍寮€銆?
       鍦?Evaluation 鏈熼棿鍔犺浇鐨勭▼搴忛泦: System.Threading.Tasks.Parallel, Version=9.0.0.0, Culture=neutral, PublicKeyToken=b03f5f7f11d50a3a (浣嶇疆: C:\Program Files\dotnet\shared\Microsoft.NETCore.App\9.0.4\System.Threading.Tasks.Parallel.dll锛孧VID: 5277877b-7aa0-4066-9d51-19fe42b8b4fc锛孉ssemblyLoadContext: Default)
       鍦?C:\Program Files\dotnet\sdk\9.0.105\NuGet.targets (97,5) 澶勯噸鏂板垎閰嶅睘鎬? $(_GenerateRestoreGraphProjectEntryInputProperties)=鈥?
             ExcludeRestorePackageImports=true;
             _RestoreSolutionFileUsed=true;
             SolutionDir=E:\C\test3\WHU-STU-CHAT\backend\;
             SolutionName=backend;
             SolutionFileName=backend.sln;
             SolutionPath=E:\C\test3\WHU-STU-CHAT\backend\backend.sln;
             SolutionExt=.sln;
           鈥?鍏堝墠鍊?鈥淓xcludeRestorePackageImports=true鈥?
       鍦?Evaluation 鏈熼棿鍔犺浇鐨勭▼搴忛泦: System.Net.Sockets, Version=9.0.0.0, Culture=neutral, PublicKeyToken=b03f5f7f11d50a3a (浣嶇疆: C:\Program Files\dotnet\shared\Microsoft.NETCore.App\9.0.4\System.Net.Sockets.dll锛孧VID: 619e2345-6e72-4f04-a5bb-5095b1dc1b54锛孉ssemblyLoadContext: Default)
       鍦?Evaluation 鏈熼棿鍔犺浇鐨勭▼搴忛泦: System.Threading.Overlapped, Version=9.0.0.0, Culture=neutral, PublicKeyToken=b03f5f7f11d50a3a (浣嶇疆: C:\Program Files\dotnet\shared\Microsoft.NETCore.App\9.0.4\System.Threading.Overlapped.dll锛孧VID: 4dae0685-4352-4155-9c22-de6c3b8bb4cc锛孉ssemblyLoadContext: Default)
       鍦?Evaluation 鏈熼棿鍔犺浇鐨勭▼搴忛泦: System.Numerics.Vectors, Version=9.0.0.0, Culture=neutral, PublicKeyToken=b03f5f7f11d50a3a (浣嶇疆: C:\Program Files\dotnet\shared\Microsoft.NETCore.App\9.0.4\System.Numerics.Vectors.dll锛孧VID: ca5eeabe-3a3f-460b-9fea-f5bc7c7f8c95锛孉ssemblyLoadContext: Default)
       姝ｅ湪浣跨敤椤圭洰鈥淐:\Program Files\dotnet\sdk\9.0.105\NuGet.targets鈥濅腑鐨勭洰鏍団€淩estore鈥濋噸鍐欓」鐩€淓:\C\test3\WHU-STU-CHAT\backend\backend.sln.metaproj鈥濅腑鐨勭洰鏍団€淩estore鈥濄€?
       椤圭洰涓笉瀛樺湪 BeforeTargets 鐗规€т腑鐨勨€淐:\Program Files\dotnet\sdk\9.0.105\Current\SolutionFile\ImportAfter\Microsoft.NET.Sdk.Solution.targets (33,11)鈥濅綅缃垪鍑虹殑鐩爣鈥淪tore鈥濓紝灏嗗拷鐣ヨ鐩爣銆?
       椤圭洰涓笉瀛樺湪 BeforeTargets 鐗规€т腑鐨勨€淐:\Program Files\dotnet\sdk\9.0.105\Current\SolutionFile\ImportAfter\Microsoft.NET.Sdk.Solution.targets (33,11)鈥濅綅缃垪鍑虹殑鐩爣鈥淰STest鈥濓紝灏嗗拷鐣ヨ鐩爣銆?
       椤圭洰涓笉瀛樺湪 BeforeTargets 鐗规€т腑鐨勨€淐:\Program Files\dotnet\sdk\9.0.105\NuGet.targets (663,11)鈥濅綅缃垪鍑虹殑鐩爣鈥淿CheckForInvalidConfigurationAndPlatform鈥濓紝灏嗗拷鐣ヨ鐩爣銆?
     1>椤圭洰鈥淓:\C\test3\WHU-STU-CHAT\backend\backend.sln鈥濆湪鑺傜偣 1 涓?Restore 涓洰鏍?銆?
     1>鏉ヨ嚜椤圭洰鈥淓:\C\test3\WHU-STU-CHAT\backend\backend.sln鈥濈殑鏂囦欢鈥淓:\C\test3\WHU-STU-CHAT\backend\backend.sln.metaproj鈥濅腑鐨勭洰鏍団€淰alidateSolutionConfiguration鈥?鍏ュ彛鐐?:
     1>鐢变簬 false 鏉′欢锛屽凡璺宠繃浠诲姟鈥淓rror鈥濓紱(('$(CurrentSolutionConfigurationContents)' == '') and ('$(SkipInvalidConfigurations)' != 'true'))璁＄畻涓?('<SolutionConfiguration>
  <ProjectConfiguration Project="{8787E7AE-103E-4553-94EE-A8178F74A51C}" AbsolutePath="E:\C\test3\WHU-STU-CHAT\backend\backend.csproj" BuildProjectInSolution="True">Debug|AnyCPU</ProjectConfiguration>
</SolutionConfiguration>' == '') and ('' != 'true'))銆?
       鐢变簬 false 鏉′欢锛屽凡璺宠繃浠诲姟鈥淲arning鈥濓紱(('$(CurrentSolutionConfigurationContents)' == '') and ('$(SkipInvalidConfigurations)' == 'true'))璁＄畻涓?('<SolutionConfiguration>
         <ProjectConfiguration Project="{8787E7AE-103E-4553-94EE-A8178F74A51C}" AbsolutePath="E:\C\test3\WHU-STU-CHAT\backend\backend.csproj" BuildProjectInSolution="True">Debug|AnyCPU</ProjectConfiguration>
       </SolutionConfiguration>' == '') and ('' == 'true'))銆?
       姝ｅ湪浣跨敤绋嬪簭闆嗏€淢icrosoft.Build.Tasks.Core, Version=15.1.0.0, Culture=neutral, PublicKeyToken=b03f5f7f11d50a3a鈥濅腑鐨勨€淢essage鈥濅换鍔°€?
       浠诲姟鈥淢essage鈥?
         姝ｅ湪鐢熸垚瑙ｅ喅鏂规閰嶇疆鈥淒ebug|Any CPU鈥濄€?
       宸插畬鎴愭墽琛屼换鍔♀€淢essage鈥濈殑鎿嶄綔銆?
     1>宸插畬鎴愬湪椤圭洰鈥渂ackend.sln鈥濅腑鐢熸垚鐩爣鈥淰alidateSolutionConfiguration鈥濈殑鎿嶄綔銆?
     1>鏉ヨ嚜椤圭洰鈥淓:\C\test3\WHU-STU-CHAT\backend\backend.sln鈥濈殑鏂囦欢鈥淓:\C\test3\WHU-STU-CHAT\backend\backend.sln.metaproj鈥濅腑鐨勭洰鏍団€淰alidateToolsVersions鈥?鍏ュ彛鐐?:
       鐢变簬 false 鏉′欢锛屽凡璺宠繃浠诲姟鈥淓rror鈥濓紱('$(MSBuildToolsVersion)' == '2.0' and ('$(ProjectToolsVersion)' != '2.0' and '$(ProjectToolsVersion)' != ''))璁＄畻涓?'Current' == '2.0' and ('' != '2.0' and '' != ''))銆?
     1>宸插畬鎴愬湪椤圭洰鈥渂ackend.sln鈥濅腑鐢熸垚鐩爣鈥淰alidateToolsVersions鈥濈殑鎿嶄綔銆?
     1>鏉ヨ嚜椤圭洰鈥淓:\C\test3\WHU-STU-CHAT\backend\backend.sln鈥濈殑鏂囦欢鈥淓:\C\test3\WHU-STU-CHAT\backend\backend.sln.metaproj鈥濅腑鐨勭洰鏍団€淰alidateProjects鈥?鍏ュ彛鐐?:
     1>宸插畬鎴愬湪椤圭洰鈥渂ackend.sln鈥濅腑鐢熸垚鐩爣鈥淰alidateProjects鈥濈殑鎿嶄綔銆?
     1>鏉ヨ嚜椤圭洰鈥淓:\C\test3\WHU-STU-CHAT\backend\backend.sln鈥濈殑鏂囦欢鈥淐:\Program Files\dotnet\sdk\9.0.105\NuGet.targets鈥濅腑鐨勭洰鏍団€淿LoadRestoreGraphEntryPoints鈥?鐩爣鈥淿FilterRestoreGraphProjectInputItems鈥濅緷璧栦簬瀹?:
       鍦?TaskRun 鏈熼棿鍔犺浇鐨勭▼搴忛泦: NuGet.Build.Tasks, Version=6.12.2.1, Culture=neutral, PublicKeyToken=31bf3856ad364e35 (浣嶇疆: C:\Program Files\dotnet\sdk\9.0.105\NuGet.Build.Tasks.dll锛孧VID: ebe67f92-3ec1-4591-80ab-e79ae1f2edec锛孉ssemblyLoadContext: MSBuild plugin C:\Program Files\dotnet\sdk\9.0.105\NuGet.Build.Tasks.dll)
       鍦?TaskRun 鏈熼棿鍔犺浇鐨勭▼搴忛泦: System.Reflection.Metadata, Version=9.0.0.0, Culture=neutral, PublicKeyToken=b03f5f7f11d50a3a (浣嶇疆: C:\Program Files\dotnet\shared\Microsoft.NETCore.App\9.0.4\System.Reflection.Metadata.dll锛孧VID: f64eb88c-5ea6-4acb-a131-9b2008e507a3锛孉ssemblyLoadContext: Default)
       鍦?TaskRun 鏈熼棿鍔犺浇鐨勭▼搴忛泦: NuGet.Common, Version=6.12.2.1, Culture=neutral, PublicKeyToken=31bf3856ad364e35 (浣嶇疆: C:\Program Files\dotnet\sdk\9.0.105\NuGet.Common.dll锛孧VID: bdd641bc-0573-4fcc-a060-84787fba3d0f锛孉ssemblyLoadContext: MSBuild plugin C:\Program Files\dotnet\sdk\9.0.105\NuGet.Build.Tasks.dll)
       鍦?TaskRun 鏈熼棿鍔犺浇鐨勭▼搴忛泦: NuGet.Commands, Version=6.12.2.1, Culture=neutral, PublicKeyToken=31bf3856ad364e35 (浣嶇疆: C:\Program Files\dotnet\sdk\9.0.105\NuGet.Commands.dll锛孧VID: 5055fc4a-607e-4eb0-a77a-cb58f7b09348锛孉ssemblyLoadContext: MSBuild plugin C:\Program Files\dotnet\sdk\9.0.105\NuGet.Build.Tasks.dll)
       鍦?TaskRun 鏈熼棿鍔犺浇鐨勭▼搴忛泦: NuGet.ProjectModel, Version=6.12.2.1, Culture=neutral, PublicKeyToken=31bf3856ad364e35 (浣嶇疆: C:\Program Files\dotnet\sdk\9.0.105\NuGet.ProjectModel.dll锛孧VID: 3f0a1b14-26bc-49d8-a2c9-43d790d569f5锛孉ssemblyLoadContext: MSBuild plugin C:\Program Files\dotnet\sdk\9.0.105\NuGet.Build.Tasks.dll)
       姝ｅ湪浣跨敤绋嬪簭闆嗏€淐:\Program Files\dotnet\sdk\9.0.105\NuGet.Build.Tasks.dll鈥濅腑鐨勨€淕etRestoreSolutionProjectsTask鈥濅换鍔°€?
       浠诲姟鈥淕etRestoreSolutionProjectsTask鈥?
       宸插畬鎴愭墽琛屼换鍔♀€淕etRestoreSolutionProjectsTask鈥濈殑鎿嶄綔銆?
     1>宸插畬鎴愬湪椤圭洰鈥渂ackend.sln鈥濅腑鐢熸垚鐩爣鈥淿LoadRestoreGraphEntryPoints鈥濈殑鎿嶄綔銆?
     1>鏉ヨ嚜椤圭洰鈥淓:\C\test3\WHU-STU-CHAT\backend\backend.sln鈥濈殑鏂囦欢鈥淐:\Program Files\dotnet\sdk\9.0.105\NuGet.targets鈥濅腑鐨勭洰鏍団€淿FilterRestoreGraphProjectInputItems鈥?鐩爣鈥淿GenerateRestoreGraph鈥濅緷璧栦簬瀹?:
       姝ｅ湪浣跨敤绋嬪簭闆嗏€淢icrosoft.Build.Tasks.Core, Version=15.1.0.0, Culture=neutral, PublicKeyToken=b03f5f7f11d50a3a鈥濅腑鐨勨€淩emoveDuplicates鈥濅换鍔°€?
       浠诲姟鈥淩emoveDuplicates鈥?
       宸插畬鎴愭墽琛屼换鍔♀€淩emoveDuplicates鈥濈殑鎿嶄綔銆?
       姝ｅ湪浣跨敤绋嬪簭闆嗏€淢icrosoft.Build.Tasks.Core, Version=15.1.0.0, Culture=neutral, PublicKeyToken=b03f5f7f11d50a3a鈥濅腑鐨勨€淢SBuild鈥濅换鍔°€?
       浠诲姟鈥淢SBuild鈥?
         鍏ㄥ眬灞炴€?
           ExcludeRestorePackageImports=true
           _RestoreSolutionFileUsed=true
           SolutionDir=E:\C\test3\WHU-STU-CHAT\backend\
           SolutionName=backend
           SolutionFileName=backend.sln
           SolutionPath=E:\C\test3\WHU-STU-CHAT\backend\backend.sln
           SolutionExt=.sln
         椤圭洰鈥淓:\C\test3\WHU-STU-CHAT\backend\backend.csproj鈥濈殑鍏朵粬灞炴€?
           Configuration=Debug
           Platform=AnyCPU
     0>SDK鈥淢icrosoft.NET.Sdk.Web鈥濆凡鐢扁€淒efaultSdkResolver鈥濊В鏋愮▼搴忔垚鍔熻В鏋愪负浣嶇疆鈥淐:\Program Files\dotnet\sdk\9.0.105\Sdks\Microsoft.NET.Sdk.Web\Sdk鈥濆拰鐗堟湰鈥溾€濄€?
       鍦?Evaluation 鏈熼棿鍔犺浇鐨勭▼搴忛泦: NuGet.Frameworks, Version=6.12.2.1, Culture=neutral, PublicKeyToken=31bf3856ad364e35 (浣嶇疆: C:\Program Files\dotnet\sdk\9.0.105\NuGet.Frameworks.dll锛孧VID: fb8f68e7-3597-4073-947a-9a7774d31f17锛孉ssemblyLoadContext: Assembly.LoadFile(C:\Program Files\dotnet\sdk\9.0.105\NuGet.Frameworks.dll))
       SDK鈥淢icrosoft.NET.Sdk鈥濆凡鐢扁€淒efaultSdkResolver鈥濊В鏋愮▼搴忔垚鍔熻В鏋愪负浣嶇疆鈥淐:\Program Files\dotnet\sdk\9.0.105\Sdks\Microsoft.NET.Sdk\Sdk鈥濆拰鐗堟湰鈥溾€濄€?
       C:\Program Files\dotnet\sdk\9.0.105\Sdks\Microsoft.NET.Sdk\Sdk\Sdk.props(49,11): message : 鍊间负鈥淐:\Program Files\dotnet\sdk\9.0.105\鈥濈殑灞炴€р€淢SBuildExtensionsPath鈥濅粠鐜涓睍寮€銆?
       鍦?C:\Program Files\dotnet\sdk\9.0.105\Current\Microsoft.Common.props (60,5) 澶勯噸鏂板垎閰嶅睘鎬? $(MSBuildProjectExtensionsPath)=鈥淓:\C\test3\WHU-STU-CHAT\backend\obj\鈥?鍏堝墠鍊?鈥渙bj\鈥?
       C:\Program Files\dotnet\sdk\9.0.105\Current\Microsoft.Common.props(84,119): message : 鍊间负鈥淐:\Users\Lenovo13\AppData\Local\Microsoft\MSBuild鈥濈殑灞炴€р€淢SBuildUserExtensionsPath鈥濅粠鐜涓睍寮€銆?
       鈥淐onfiguration鈥濆睘鎬ф槸鍏ㄥ眬灞炴€э紝涓嶈兘淇敼銆?
       鈥淧latform鈥濆睘鎬ф槸鍏ㄥ眬灞炴€э紝涓嶈兘淇敼銆?
       鈥淐onfiguration鈥濆睘鎬ф槸鍏ㄥ眬灞炴€э紝涓嶈兘淇敼銆?
       鈥淧latform鈥濆睘鎬ф槸鍏ㄥ眬灞炴€э紝涓嶈兘淇敼銆?
       鍦?C:\Program Files\dotnet\sdk\9.0.105\Sdks\Microsoft.NET.Sdk\targets\Microsoft.NET.Sdk.props (90,5) 澶勯噸鏂板垎閰嶅睘鎬? $(AssemblySearchPaths)=鈥渰CandidateAssemblyFiles};{HintPathFromItem}鈥?鍏堝墠鍊?鈥渰CandidateAssemblyFiles}鈥?
       鍦?C:\Program Files\dotnet\sdk\9.0.105\Sdks\Microsoft.NET.Sdk\targets\Microsoft.NET.Sdk.props (91,5) 澶勯噸鏂板垎閰嶅睘鎬? $(AssemblySearchPaths)=鈥渰CandidateAssemblyFiles};{HintPathFromItem};{TargetFrameworkDirectory}鈥?鍏堝墠鍊?鈥渰CandidateAssemblyFiles};{HintPathFromItem}鈥?
       鍦?C:\Program Files\dotnet\sdk\9.0.105\Sdks\Microsoft.NET.Sdk\targets\Microsoft.NET.Sdk.props (92,5) 澶勯噸鏂板垎閰嶅睘鎬? $(AssemblySearchPaths)=鈥渰CandidateAssemblyFiles};{HintPathFromItem};{TargetFrameworkDirectory};{RawFileName}鈥?鍏堝墠鍊?鈥渰CandidateAssemblyFiles};{HintPathFromItem};{TargetFrameworkDirectory}鈥?
       鈥淒efaultSdkResolver鈥濊В鏋愮▼搴忓凡灏濊瘯瑙ｆ瀽 SDK鈥淢icrosoft.NET.SDK.WorkloadAutoImportPropsLocator鈥濄€?
       璀﹀憡: null
       閿欒: MSB4276: 榛樿 SDK 瑙ｆ瀽绋嬪簭瑙ｆ瀽 SDK鈥淢icrosoft.NET.SDK.WorkloadAutoImportPropsLocator鈥濆け璐ワ紝鍥犱负鐩綍鈥淐:\Program Files\dotnet\sdk\9.0.105\Sdks\Microsoft.NET.SDK.WorkloadAutoImportPropsLocator\Sdk鈥濅笉瀛樺湪銆?
       鍦?Evaluation 鏈熼棿鍔犺浇鐨勭▼搴忛泦: Microsoft.Build.NuGetSdkResolver, Version=6.12.2.1, Culture=neutral, PublicKeyToken=31bf3856ad364e35 (浣嶇疆: C:\Program Files\dotnet\sdk\9.0.105\Microsoft.Build.NuGetSdkResolver.dll锛孧VID: 461560a5-b5e6-47bd-8763-d0070ae850f1锛孉ssemblyLoadContext: MSBuild plugin C:\Program Files\dotnet\sdk\9.0.105\Microsoft.Build.NuGetSdkResolver.dll)
       鍦?Evaluation 鏈熼棿鍔犺浇鐨勭▼搴忛泦: Microsoft.NET.Sdk.WorkloadMSBuildSdkResolver, Version=9.0.105.0, Culture=neutral, PublicKeyToken=31bf3856ad364e35 (浣嶇疆: C:\Program Files\dotnet\sdk\9.0.105\Microsoft.NET.Sdk.WorkloadMSBuildSdkResolver.dll锛孧VID: fbc40045-f99e-439c-9101-963fdf87f9bc锛孉ssemblyLoadContext: MSBuild plugin C:\Program Files\dotnet\sdk\9.0.105\Microsoft.NET.Sdk.WorkloadMSBuildSdkResolver.dll)
       鍦?Evaluation 鏈熼棿鍔犺浇鐨勭▼搴忛泦: Microsoft.DotNet.Cli.Utils, Version=9.0.105.0, Culture=neutral, PublicKeyToken=adb9793829ddae60 (浣嶇疆: C:\Program Files\dotnet\sdk\9.0.105\Microsoft.DotNet.Cli.Utils.dll锛孧VID: dc2aa756-3bd7-44f4-9922-29484eca122e锛孉ssemblyLoadContext: MSBuild plugin C:\Program Files\dotnet\sdk\9.0.105\Microsoft.NET.Sdk.WorkloadMSBuildSdkResolver.dll)
       鍦?Evaluation 鏈熼棿鍔犺浇鐨勭▼搴忛泦: Microsoft.NET.Sdk.WorkloadManifestReader, Version=9.0.105.0, Culture=neutral, PublicKeyToken=adb9793829ddae60 (浣嶇疆: C:\Program Files\dotnet\sdk\9.0.105\Microsoft.NET.Sdk.WorkloadManifestReader.dll锛孧VID: e2257094-852e-4925-b938-8b42c9a40d2b锛孉ssemblyLoadContext: MSBuild plugin C:\Program Files\dotnet\sdk\9.0.105\Microsoft.NET.Sdk.WorkloadMSBuildSdkResolver.dll)
       鍦?Evaluation 鏈熼棿鍔犺浇鐨勭▼搴忛泦: Microsoft.Deployment.DotNet.Releases, Version=2.0.0.0, Culture=neutral, PublicKeyToken=31bf3856ad364e35 (浣嶇疆: C:\Program Files\dotnet\sdk\9.0.105\Microsoft.Deployment.DotNet.Releases.dll锛孧VID: 400d16c0-099c-46d2-bc0e-802a0637399b锛孉ssemblyLoadContext: MSBuild plugin C:\Program Files\dotnet\sdk\9.0.105\Microsoft.NET.Sdk.WorkloadMSBuildSdkResolver.dll)
       SDK鈥淢icrosoft.NET.SDK.WorkloadAutoImportPropsLocator鈥濆凡鐢扁€淢icrosoft.DotNet.MSBuildWorkloadSdkResolver鈥濊В鏋愮▼搴忔垚鍔熻В鏋愪负浣嶇疆鈥淐:\Program Files\dotnet\packs\Microsoft.iOS.Sdk.net9.0_18.2\18.2.9180\Sdk鈥濆拰鐗堟湰鈥渘ull鈥濄€?
       鍦?C:\Program Files\dotnet\sdk\9.0.105\Sdks\Microsoft.NET.Sdk\targets\Microsoft.NET.PackProjectTool.props (15,5) 澶勯噸鏂板垎閰嶅睘鎬? $(TargetsForTfmSpecificContentInPackage)=鈥?PackTool;_PackProjectToolValidation鈥?鍏堝墠鍊?鈥?PackTool鈥?
       SDK鈥淢icrosoft.NET.Sdk.Razor鈥濆凡鐢扁€淒efaultSdkResolver鈥濊В鏋愮▼搴忔垚鍔熻В鏋愪负浣嶇疆鈥淐:\Program Files\dotnet\sdk\9.0.105\Sdks\Microsoft.NET.Sdk.Razor\Sdk鈥濆拰鐗堟湰鈥溾€濄€?
       SDK鈥淢icrosoft.NET.Sdk.StaticWebAssets鈥濆凡鐢扁€淒efaultSdkResolver鈥濊В鏋愮▼搴忔垚鍔熻В鏋愪负浣嶇疆鈥淐:\Program Files\dotnet\sdk\9.0.105\Sdks\Microsoft.NET.Sdk.StaticWebAssets\Sdk鈥濆拰鐗堟湰鈥溾€濄€?
       鍦?C:\Program Files\dotnet\sdk\9.0.105\Sdks\Microsoft.NET.Sdk.StaticWebAssets\Sdk\Sdk.StaticWebAssets.StaticAssets.ProjectSystem.props (23,5) 澶勯噸鏂板垎閰嶅睘鎬? $(DefaultItemExcludes)=鈥?**\node_modules\**;node_modules\**;**\jspm_packages\**;jspm_packages\**鈥?鍏堝墠鍊?鈥?**\node_modules\**;node_modules\**鈥?
       鍦?C:\Program Files\dotnet\sdk\9.0.105\Sdks\Microsoft.NET.Sdk.StaticWebAssets\Sdk\Sdk.StaticWebAssets.StaticAssets.ProjectSystem.props (24,5) 澶勯噸鏂板垎閰嶅睘鎬? $(DefaultItemExcludes)=鈥?**\node_modules\**;node_modules\**;**\jspm_packages\**;jspm_packages\**;**\bower_components\**;bower_components\**鈥?鍏堝墠鍊?鈥?**\node_modules\**;node_modules\**;**\jspm_packages\**;jspm_packages\**鈥?
       鍦?C:\Program Files\dotnet\sdk\9.0.105\Sdks\Microsoft.NET.Sdk.StaticWebAssets\Sdk\Sdk.StaticWebAssets.StaticAssets.ProjectSystem.props (25,5) 澶勯噸鏂板垎閰嶅睘鎬? $(DefaultItemExcludes)=鈥?**\node_modules\**;node_modules\**;**\jspm_packages\**;jspm_packages\**;**\bower_components\**;bower_components\**;**\packages.lock.json鈥?鍏堝墠鍊?鈥?**\node_modules\**;node_modules\**;**\jspm_packages\**;jspm_packages\**;**\bower_components\**;bower_components\**鈥?
       SDK鈥淢icrosoft.NET.Sdk.Web.ProjectSystem鈥濆凡鐢扁€淒efaultSdkResolver鈥濊В鏋愮▼搴忔垚鍔熻В鏋愪负浣嶇疆鈥淐:\Program Files\dotnet\sdk\9.0.105\Sdks\Microsoft.NET.Sdk.Web.ProjectSystem\Sdk鈥濆拰鐗堟湰鈥溾€濄€?
       鍦?C:\Program Files\dotnet\sdk\9.0.105\Sdks\Microsoft.NET.Sdk.Web.ProjectSystem\targets\Microsoft.NET.Sdk.Web.ProjectSystem.props (16,5) 澶勯噸鏂板垎閰嶅睘鎬? $(OutputType)=鈥淓xe鈥?鍏堝墠鍊?鈥淟ibrary鈥?
       SDK鈥淢icrosoft.NET.Sdk.Publish鈥濆凡鐢扁€淒efaultSdkResolver鈥濊В鏋愮▼搴忔垚鍔熻В鏋愪负浣嶇疆鈥淐:\Program Files\dotnet\sdk\9.0.105\Sdks\Microsoft.NET.Sdk.Publish\Sdk鈥濆拰鐗堟湰鈥溾€濄€?
       鈥淐onfiguration鈥濆睘鎬ф槸鍏ㄥ眬灞炴€э紝涓嶈兘淇敼銆?
       鈥淧latform鈥濆睘鎬ф槸鍏ㄥ眬灞炴€э紝涓嶈兘淇敼銆?
       鍦?C:\Program Files\dotnet\sdk\9.0.105\Sdks\Microsoft.NET.Sdk\targets\Microsoft.NET.Sdk.ImportPublishProfile.targets (28,5) 澶勯噸鏂板垎閰嶅睘鎬? $(PublishProfileImported)=鈥渇alse鈥?鍏堝墠鍊?鈥渢rue鈥?
       鍦?C:\Program Files\dotnet\sdk\9.0.105\Sdks\Microsoft.NET.Sdk\targets\Microsoft.NET.TargetFrameworkInference.targets (69,5) 澶勯噸鏂板垎閰嶅睘鎬? $(TargetPlatformVersion)=鈥溾€?鍏堝墠鍊?鈥?.0鈥?
       鍦?C:\Program Files\dotnet\sdk\9.0.105\Sdks\Microsoft.NET.Sdk\targets\Microsoft.NET.DefaultOutputPaths.targets (121,5) 澶勯噸鏂板垎閰嶅睘鎬? $(DefaultItemExcludes)=鈥?**\node_modules\**;node_modules\**;**\jspm_packages\**;jspm_packages\**;**\bower_components\**;bower_components\**;**\packages.lock.json;bin\Debug\/**鈥?鍏堝墠鍊?鈥?**\node_modules\**;node_modules\**;**\jspm_packages\**;jspm_packages\**;**\bower_components\**;bower_components\**;**\packages.lock.json鈥?
       鍦?C:\Program Files\dotnet\sdk\9.0.105\Sdks\Microsoft.NET.Sdk\targets\Microsoft.NET.DefaultOutputPaths.targets (122,5) 澶勯噸鏂板垎閰嶅睘鎬? $(DefaultItemExcludes)=鈥?**\node_modules\**;node_modules\**;**\jspm_packages\**;jspm_packages\**;**\bower_components\**;bower_components\**;**\packages.lock.json;bin\Debug\/**;obj\Debug\/**鈥?鍏堝墠鍊?鈥?**\node_modules\**;node_modules\**;**\jspm_packages\**;jspm_packages\**;**\bower_components\**;bower_components\**;**\packages.lock.json;bin\Debug\/**鈥?
       鍦?C:\Program Files\dotnet\sdk\9.0.105\Sdks\Microsoft.NET.Sdk\targets\Microsoft.NET.DefaultOutputPaths.targets (137,5) 澶勯噸鏂板垎閰嶅睘鎬? $(OutputPath)=鈥渂in\Debug\net8.0\鈥?鍏堝墠鍊?鈥渂in\Debug\鈥?
       鍦?C:\Program Files\dotnet\sdk\9.0.105\Sdks\Microsoft.NET.Sdk\targets\Microsoft.NET.DefaultOutputPaths.targets (142,5) 澶勯噸鏂板垎閰嶅睘鎬? $(IntermediateOutputPath)=鈥渙bj\Debug\net8.0\鈥?鍏堝墠鍊?鈥渙bj\Debug\鈥?
       鈥淒efaultSdkResolver鈥濊В鏋愮▼搴忓凡灏濊瘯瑙ｆ瀽 SDK鈥淢icrosoft.NET.SDK.WorkloadManifestTargetsLocator鈥濄€?
       璀﹀憡: null
       閿欒: MSB4276: 榛樿 SDK 瑙ｆ瀽绋嬪簭瑙ｆ瀽 SDK鈥淢icrosoft.NET.SDK.WorkloadManifestTargetsLocator鈥濆け璐ワ紝鍥犱负鐩綍鈥淐:\Program Files\dotnet\sdk\9.0.105\Sdks\Microsoft.NET.SDK.WorkloadManifestTargetsLocator\Sdk鈥濅笉瀛樺湪銆?
       SDK鈥淢icrosoft.NET.SDK.WorkloadManifestTargetsLocator鈥濆凡鐢扁€淢icrosoft.DotNet.MSBuildWorkloadSdkResolver鈥濊В鏋愮▼搴忔垚鍔熻В鏋愪负浣嶇疆鈥淐:\Program Files\dotnet\sdk-manifests\9.0.100\microsoft.net.sdk.android\35.0.50鈥濆拰鐗堟湰鈥渘ull鈥濄€?
       鍦?C:\Program Files\dotnet\sdk\9.0.105\Sdks\Microsoft.NET.Sdk\targets\Microsoft.NET.Sdk.BeforeCommon.targets (187,5) 澶勯噸鏂板垎閰嶅睘鎬? $(_FrameworkIdentifierForImplicitDefine)=鈥淣ET鈥?鍏堝墠鍊?鈥淣ETCOREAPP鈥?
       鍦?C:\Program Files\dotnet\sdk\9.0.105\Sdks\Microsoft.NET.Sdk\targets\Microsoft.NET.Sdk.BeforeCommon.targets (192,5) 澶勯噸鏂板垎閰嶅睘鎬? $(_FrameworkVersionForImplicitDefine)=鈥?_0鈥?鍏堝墠鍊?鈥?.0鈥?
       鍦?C:\Program Files\dotnet\sdk\9.0.105\Roslyn\Microsoft.CSharp.Core.targets (205,5) 澶勯噸鏂板垎閰嶅睘鎬? $(CommandLineArgsForDesignTimeEvaluation)=鈥?langversion:12.0 -define:TRACE鈥?鍏堝墠鍊?鈥?langversion:12.0鈥?
       鈥淧latform鈥濆睘鎬ф槸鍏ㄥ眬灞炴€э紝涓嶈兘淇敼銆?
       鈥淐onfiguration鈥濆睘鎬ф槸鍏ㄥ眬灞炴€э紝涓嶈兘淇敼銆?
       鍦?C:\Program Files\dotnet\sdk\9.0.105\Microsoft.Common.CurrentVersion.targets (175,5) 澶勯噸鏂板垎閰嶅睘鎬? $(_DebugSymbolsProduced)=鈥渢rue鈥?鍏堝墠鍊?鈥渇alse鈥?
       鍦?C:\Program Files\dotnet\sdk\9.0.105\Microsoft.Common.CurrentVersion.targets (185,5) 澶勯噸鏂板垎閰嶅睘鎬? $(_DocumentationFileProduced)=鈥渇alse鈥?鍏堝墠鍊?鈥渢rue鈥?
       鈥淪olutionName鈥濆睘鎬ф槸鍏ㄥ眬灞炴€э紝涓嶈兘淇敼銆?
       鈥淪olutionFileName鈥濆睘鎬ф槸鍏ㄥ眬灞炴€э紝涓嶈兘淇敼銆?
       鈥淪olutionPath鈥濆睘鎬ф槸鍏ㄥ眬灞炴€э紝涓嶈兘淇敼銆?
       鈥淪olutionDir鈥濆睘鎬ф槸鍏ㄥ眬灞炴€э紝涓嶈兘淇敼銆?
       鈥淪olutionExt鈥濆睘鎬ф槸鍏ㄥ眬灞炴€э紝涓嶈兘淇敼銆?
       鍦?C:\Program Files\dotnet\sdk\9.0.105\Microsoft.Common.CurrentVersion.targets (393,5) 澶勯噸鏂板垎閰嶅睘鎬? $(MSBuildCopyMarkerName)=鈥渂ackend.csproj.Up2Date鈥?鍏堝墠鍊?鈥渂ackend.csproj鈥?
       鍦?C:\Program Files\dotnet\sdk\9.0.105\Microsoft.Common.CurrentVersion.targets (541,5) 澶勯噸鏂板垎閰嶅睘鎬? $(ProcessorArchitecture)=鈥渕sil鈥?鍏堝墠鍊?鈥溾€?
       鍦?C:\Program Files\dotnet\sdk\9.0.105\Microsoft.Common.CurrentVersion.targets (580,5) 澶勯噸鏂板垎閰嶅睘鎬? $(DelaySign)=鈥溾€?鍏堝墠鍊?鈥渇alse鈥?
       C:\Program Files\dotnet\sdk\9.0.105\Microsoft.Common.CurrentVersion.targets(2579,5): message : 鍊间负鈥淐:\Users\Lenovo13\AppData\Local鈥濈殑灞炴€р€淟OCALAPPDATA鈥濅粠鐜涓睍寮€銆?
       鍦?C:\Program Files\dotnet\sdk\9.0.105\Microsoft.Common.CurrentVersion.targets (3897,5) 澶勯噸鏂板垎閰嶅睘鎬? $(_SGenGenerateSerializationAssembliesConfig)=鈥淎uto鈥?鍏堝墠鍊?鈥溾€?
       鍦?C:\Program Files\dotnet\sdk\9.0.105\Microsoft.Common.CurrentVersion.targets (3898,5) 澶勯噸鏂板垎閰嶅睘鎬? $(_SGenGenerateSerializationAssembliesConfig)=鈥淥ff鈥?鍏堝墠鍊?鈥淎uto鈥?
       鍦?C:\Program Files\dotnet\sdk\9.0.105\Microsoft.Common.CurrentVersion.targets (5100,5) 澶勯噸鏂板垎閰嶅睘鎬? $(_TargetsThatPrepareProjectReferences)=鈥?
             AssignProjectConfiguration;
             _SplitProjectReferencesByFileExistence
           鈥?鍏堝墠鍊?鈥淿SplitProjectReferencesByFileExistence鈥?
       C:\Program Files\dotnet\sdk\9.0.105\Microsoft.Common.CurrentVersion.targets(6846,5): message : 鍊间负鈥淐:\Program Files\dotnet\sdk\9.0.105鈥濈殑灞炴€р€淢SBuildExtensionsPath32鈥濅粠鐜涓睍寮€銆?
       鈥淿RestoreSolutionFileUsed鈥濆睘鎬ф槸鍏ㄥ眬灞炴€э紝涓嶈兘淇敼銆?
       鍦?C:\Program Files\dotnet\sdk\9.0.105\NuGet.targets (97,5) 澶勯噸鏂板垎閰嶅睘鎬? $(_GenerateRestoreGraphProjectEntryInputProperties)=鈥?
             ExcludeRestorePackageImports=true;
             _RestoreSolutionFileUsed=true;
             SolutionDir=E:\C\test3\WHU-STU-CHAT\backend\;
             SolutionName=backend;
             SolutionFileName=backend.sln;
             SolutionPath=E:\C\test3\WHU-STU-CHAT\backend\backend.sln;
             SolutionExt=.sln;
           鈥?鍏堝墠鍊?鈥淓xcludeRestorePackageImports=true鈥?
       鍦?C:\Program Files\dotnet\sdk\9.0.105\Sdks\Microsoft.NET.Sdk\targets\Microsoft.PackageDependencyResolution.targets (24,5) 澶勯噸鏂板垎閰嶅睘鎬? $(ProjectAssetsFile)=鈥淓:\C\test3\WHU-STU-CHAT\backend\obj\project.assets.json鈥?鍏堝墠鍊?鈥淓:\C\test3\WHU-STU-CHAT\backend\obj\/project.assets.json鈥?
       鍦?C:\Program Files\dotnet\sdk\9.0.105\Sdks\Microsoft.NET.Sdk\targets\Microsoft.PackageDependencyResolution.targets (29,5) 澶勯噸鏂板垎閰嶅睘鎬? $(ProjectAssetsCacheFile)=鈥淓:\C\test3\WHU-STU-CHAT\backend\obj\Debug\net8.0\backend.assets.cache鈥?鍏堝墠鍊?鈥渙bj\Debug\net8.0\backend.assets.cache鈥?
       鍦?C:\Program Files\dotnet\sdk\9.0.105\Sdks\Microsoft.NET.Sdk\targets\Microsoft.PackageDependencyResolution.targets (80,5) 澶勯噸鏂板垎閰嶅睘鎬? $(ResolveAssemblyReferencesDependsOn)=鈥?
             
             ResolveProjectReferences;
             FindInvalidProjectReferences;
             GetFrameworkPaths;
             GetReferenceAssemblyPaths;
             PrepareForBuild;
             ResolveSDKReferences;
             ExpandSDKReferences;
           ;
             ResolvePackageDependenciesForBuild;
             _HandlePackageFileConflicts;
           鈥?鍏堝墠鍊?鈥?
             ResolveProjectReferences;
             FindInvalidProjectReferences;
             GetFrameworkPaths;
             GetReferenceAssemblyPaths;
             PrepareForBuild;
             ResolveSDKReferences;
             ExpandSDKReferences;
           鈥?
       鍦?C:\Program Files\dotnet\sdk\9.0.105\Sdks\Microsoft.NET.Sdk\targets\Microsoft.PackageDependencyResolution.targets (86,5) 澶勯噸鏂板垎閰嶅睘鎬? $(PrepareResourcesDependsOn)=鈥?
             ResolvePackageDependenciesForBuild;
             _HandlePackageFileConflicts;
             
             ;
             PrepareResourceNames;
             ResGen;
             CompileLicxFiles
           
           鈥?鍏堝墠鍊?鈥?
             ;
             PrepareResourceNames;
             ResGen;
             CompileLicxFiles
           鈥?
       鍦?C:\Program Files\dotnet\sdk\9.0.105\Sdks\Microsoft.NET.Sdk\targets\Microsoft.NET.Sdk.DefaultItems.targets (27,5) 澶勯噸鏂板垎閰嶅睘鎬? $(DefaultItemExcludes)=鈥?**\node_modules\**;node_modules\**;**\jspm_packages\**;jspm_packages\**;**\bower_components\**;bower_components\**;**\packages.lock.json;bin\Debug\/**;obj\Debug\/**;bin\/**鈥?鍏堝墠鍊?鈥?**\node_modules\**;node_modules\**;**\jspm_packages\**;jspm_packages\**;**\bower_components\**;bower_components\**;**\packages.lock.json;bin\Debug\/**;obj\Debug\/**鈥?
       鍦?C:\Program Files\dotnet\sdk\9.0.105\Sdks\Microsoft.NET.Sdk\targets\Microsoft.NET.Sdk.DefaultItems.targets (29,5) 澶勯噸鏂板垎閰嶅睘鎬? $(DefaultItemExcludes)=鈥?**\node_modules\**;node_modules\**;**\jspm_packages\**;jspm_packages\**;**\bower_components\**;bower_components\**;**\packages.lock.json;bin\Debug\/**;obj\Debug\/**;bin\/**;obj\/**鈥?鍏堝墠鍊?鈥?**\node_modules\**;node_modules\**;**\jspm_packages\**;jspm_packages\**;**\bower_components\**;bower_components\**;**\packages.lock.json;bin\Debug\/**;obj\Debug\/**;bin\/**鈥?
       鍦?C:\Program Files\dotnet\sdk\9.0.105\Sdks\Microsoft.NET.Sdk\targets\Microsoft.NET.Sdk.DefaultItems.targets (32,5) 澶勯噸鏂板垎閰嶅睘鎬? $(DefaultItemExcludes)=鈥?**\node_modules\**;node_modules\**;**\jspm_packages\**;jspm_packages\**;**\bower_components\**;bower_components\**;**\packages.lock.json;bin\Debug\/**;obj\Debug\/**;bin\/**;obj\/**;**/*.user鈥?鍏堝墠鍊?鈥?**\node_modules\**;node_modules\**;**\jspm_packages\**;jspm_packages\**;**\bower_components\**;bower_components\**;**\packages.lock.json;bin\Debug\/**;obj\Debug\/**;bin\/**;obj\/**鈥?
       鍦?C:\Program Files\dotnet\sdk\9.0.105\Sdks\Microsoft.NET.Sdk\targets\Microsoft.NET.Sdk.DefaultItems.targets (33,5) 澶勯噸鏂板垎閰嶅睘鎬? $(DefaultItemExcludes)=鈥?**\node_modules\**;node_modules\**;**\jspm_packages\**;jspm_packages\**;**\bower_components\**;bower_components\**;**\packages.lock.json;bin\Debug\/**;obj\Debug\/**;bin\/**;obj\/**;**/*.user;**/*.*proj鈥?鍏堝墠鍊?鈥?**\node_modules\**;node_modules\**;**\jspm_packages\**;jspm_packages\**;**\bower_components\**;bower_components\**;**\packages.lock.json;bin\Debug\/**;obj\Debug\/**;bin\/**;obj\/**;**/*.user鈥?
       鍦?C:\Program Files\dotnet\sdk\9.0.105\Sdks\Microsoft.NET.Sdk\targets\Microsoft.NET.Sdk.DefaultItems.targets (34,5) 澶勯噸鏂板垎閰嶅睘鎬? $(DefaultItemExcludes)=鈥?**\node_modules\**;node_modules\**;**\jspm_packages\**;jspm_packages\**;**\bower_components\**;bower_components\**;**\packages.lock.json;bin\Debug\/**;obj\Debug\/**;bin\/**;obj\/**;**/*.user;**/*.*proj;**/*.sln鈥?鍏堝墠鍊?鈥?**\node_modules\**;node_modules\**;**\jspm_packages\**;jspm_packages\**;**\bower_components\**;bower_components\**;**\packages.lock.json;bin\Debug\/**;obj\Debug\/**;bin\/**;obj\/**;**/*.user;**/*.*proj鈥?
       鍦?C:\Program Files\dotnet\sdk\9.0.105\Sdks\Microsoft.NET.Sdk\targets\Microsoft.NET.Sdk.DefaultItems.targets (35,5) 澶勯噸鏂板垎閰嶅睘鎬? $(DefaultItemExcludes)=鈥?**\node_modules\**;node_modules\**;**\jspm_packages\**;jspm_packages\**;**\bower_components\**;bower_components\**;**\packages.lock.json;bin\Debug\/**;obj\Debug\/**;bin\/**;obj\/**;**/*.user;**/*.*proj;**/*.sln;**/*.vssscc鈥?鍏堝墠鍊?鈥?**\node_modules\**;node_modules\**;**\jspm_packages\**;jspm_packages\**;**\bower_components\**;bower_components\**;**\packages.lock.json;bin\Debug\/**;obj\Debug\/**;bin\/**;obj\/**;**/*.user;**/*.*proj;**/*.sln鈥?
       鍦?C:\Program Files\dotnet\sdk\9.0.105\Sdks\Microsoft.NET.Sdk\targets\Microsoft.NET.Sdk.DefaultItems.targets (36,5) 澶勯噸鏂板垎閰嶅睘鎬? $(DefaultItemExcludes)=鈥?**\node_modules\**;node_modules\**;**\jspm_packages\**;jspm_packages\**;**\bower_components\**;bower_components\**;**\packages.lock.json;bin\Debug\/**;obj\Debug\/**;bin\/**;obj\/**;**/*.user;**/*.*proj;**/*.sln;**/*.vssscc;**/.DS_Store鈥?鍏堝墠鍊?鈥?**\node_modules\**;node_modules\**;**\jspm_packages\**;jspm_packages\**;**\bower_components\**;bower_components\**;**\packages.lock.json;bin\Debug\/**;obj\Debug\/**;bin\/**;obj\/**;**/*.user;**/*.*proj;**/*.sln;**/*.vssscc鈥?
       鍦?C:\Program Files\dotnet\sdk\9.0.105\Sdks\Microsoft.NET.Sdk\targets\Microsoft.NET.Sdk.FrameworkReferenceResolution.targets (14,5) 澶勯噸鏂板垎閰嶅睘鎬? $(ResolveAssemblyReferencesDependsOn)=鈥?
             
             
             ResolveProjectReferences;
             FindInvalidProjectReferences;
             GetFrameworkPaths;
             GetReferenceAssemblyPaths;
             PrepareForBuild;
             ResolveSDKReferences;
             ExpandSDKReferences;
           ;
             ResolvePackageDependenciesForBuild;
             _HandlePackageFileConflicts;
           ;
             ResolveTargetingPackAssets;
           鈥?鍏堝墠鍊?鈥?
             
             ResolveProjectReferences;
             FindInvalidProjectReferences;
             GetFrameworkPaths;
             GetReferenceAssemblyPaths;
             PrepareForBuild;
             ResolveSDKReferences;
             ExpandSDKReferences;
           ;
             ResolvePackageDependenciesForBuild;
             _HandlePackageFileConflicts;
           鈥?
       鍦?C:\Program Files\dotnet\sdk\9.0.105\Sdks\Microsoft.NET.Sdk\targets\Microsoft.NET.Sdk.targets (44,5) 澶勯噸鏂板垎閰嶅睘鎬? $(_GenerateRuntimeConfigurationPropertyInputsCache)=鈥淓:\C\test3\WHU-STU-CHAT\backend\obj\Debug\net8.0\backend.genruntimeconfig.cache鈥?鍏堝墠鍊?鈥渙bj\Debug\net8.0\backend.genruntimeconfig.cache鈥?
       鍦?C:\Program Files\dotnet\sdk\9.0.105\Sdks\Microsoft.NET.Sdk\targets\Microsoft.NET.Sdk.targets (46,5) 澶勯噸鏂板垎閰嶅睘鎬? $(_GeneratePublishDependencyFilePropertyInputsCache)=鈥淓:\C\test3\WHU-STU-CHAT\backend\obj\Debug\net8.0\backend.genpublishdeps.cache鈥?鍏堝墠鍊?鈥渙bj\Debug\net8.0\backend.genpublishdeps.cache鈥?
       鍦?C:\Program Files\dotnet\sdk\9.0.105\Sdks\Microsoft.NET.Sdk\targets\Microsoft.NET.Sdk.targets (48,5) 澶勯噸鏂板垎閰嶅睘鎬? $(_GenerateSingleFileBundlePropertyInputsCache)=鈥淓:\C\test3\WHU-STU-CHAT\backend\obj\Debug\net8.0\backend.genbundle.cache鈥?鍏堝墠鍊?鈥渙bj\Debug\net8.0\backend.genbundle.cache鈥?
       鍦?C:\Program Files\dotnet\sdk\9.0.105\Sdks\Microsoft.NET.Sdk\targets\Microsoft.NET.Sdk.targets (81,5) 澶勯噸鏂板垎閰嶅睘鎬? $(GenerateRuntimeConfigDevFile)=鈥渇alse鈥?鍏堝墠鍊?鈥渢rue鈥?
       C:\Program Files\dotnet\sdk\9.0.105\Sdks\Microsoft.NET.Sdk\targets\Microsoft.NET.Sdk.targets(97,5): message : 鍊间负鈥淐:\Users\Lenovo13鈥濈殑灞炴€р€淯SERPROFILE鈥濅粠鐜涓睍寮€銆?
       鍦?C:\Program Files\dotnet\sdk\9.0.105\Sdks\Microsoft.NET.Sdk\targets\Microsoft.NET.Sdk.targets (97,5) 澶勯噸鏂板垎閰嶅睘鎬? $(_DefaultUserProfileRuntimeStorePath)=鈥淐:\Users\Lenovo13鈥?鍏堝墠鍊?鈥溾€?
       鍦?C:\Program Files\dotnet\sdk\9.0.105\Sdks\Microsoft.NET.Sdk\targets\Microsoft.NET.Sdk.targets (98,5) 澶勯噸鏂板垎閰嶅睘鎬? $(_DefaultUserProfileRuntimeStorePath)=鈥淐:\Users\Lenovo13\.dotnet\store鈥?鍏堝墠鍊?鈥淐:\Users\Lenovo13鈥?
       鍦?C:\Program Files\dotnet\sdk\9.0.105\Sdks\Microsoft.NET.Sdk\targets\Microsoft.NET.Sdk.targets (140,5) 澶勯噸鏂板垎閰嶅睘鎬? $(AvailablePlatforms)=鈥淎ny CPU,x86,x64,ARM32鈥?鍏堝墠鍊?鈥淎ny CPU,x86,x64鈥?
       鍦?C:\Program Files\dotnet\sdk\9.0.105\Sdks\Microsoft.NET.Sdk\targets\Microsoft.NET.Sdk.targets (144,5) 澶勯噸鏂板垎閰嶅睘鎬? $(AvailablePlatforms)=鈥淎ny CPU,x86,x64,ARM32,ARM64鈥?鍏堝墠鍊?鈥淎ny CPU,x86,x64,ARM32鈥?
       鍦?C:\Program Files\dotnet\sdk\9.0.105\Sdks\Microsoft.NET.Sdk\targets\Microsoft.NET.Sdk.targets (201,5) 澶勯噸鏂板垎閰嶅睘鎬? $(CoreBuildDependsOn)=鈥?
             _CheckForBuildWithNoBuild;
             
             BuildOnlySettings;
             PrepareForBuild;
             PreBuildEvent;
             ResolveReferences;
             PrepareResources;
             ResolveKeySource;
             Compile;
             ExportWindowsMDFile;
             UnmanagedUnregistration;
             GenerateSerializationAssemblies;
             CreateSatelliteAssemblies;
             GenerateManifests;
             GetTargetPath;
             PrepareForRun;
             UnmanagedRegistration;
             IncrementalClean;
             PostBuildEvent
           ;
             GenerateBuildDependencyFile;
             GenerateBuildRuntimeConfigurationFiles
           鈥?鍏堝墠鍊?鈥?
             BuildOnlySettings;
             PrepareForBuild;
             PreBuildEvent;
             ResolveReferences;
             PrepareResources;
             ResolveKeySource;
             Compile;
             ExportWindowsMDFile;
             UnmanagedUnregistration;
             GenerateSerializationAssemblies;
             CreateSatelliteAssemblies;
             GenerateManifests;
             GetTargetPath;
             PrepareForRun;
             UnmanagedRegistration;
             IncrementalClean;
             PostBuildEvent
           鈥?
       鍦?C:\Program Files\dotnet\sdk\9.0.105\Sdks\Microsoft.NET.Sdk\targets\Microsoft.NET.Sdk.targets (210,5) 澶勯噸鏂板垎閰嶅睘鎬? $(CoreCleanDependsOn)=鈥?
             _SdkBeforeClean;
             
           鈥?鍏堝墠鍊?鈥溾€?
       鍦?C:\Program Files\dotnet\sdk\9.0.105\Sdks\Microsoft.NET.Sdk\targets\Microsoft.NET.Sdk.targets (217,5) 澶勯噸鏂板垎閰嶅睘鎬? $(RebuildDependsOn)=鈥?
             _SdkBeforeRebuild;
             
             BeforeRebuild;
             Clean;
             Build;
             AfterRebuild;
           
           鈥?鍏堝墠鍊?鈥?
             BeforeRebuild;
             Clean;
             Build;
             AfterRebuild;
           鈥?
       鍦?C:\Program Files\dotnet\sdk\9.0.105\Sdks\Microsoft.NET.Sdk\targets\Microsoft.NET.Sdk.targets (784,5) 澶勯噸鏂板垎閰嶅睘鎬? $(CompileDependsOn)=鈥?
             
             ResolveReferences;
             ResolveKeySource;
             SetWin32ManifestProperties;
             _SetPreferNativeArm64Win32ManifestProperties;
             FindReferenceAssembliesForReferences;
             _GenerateCompileInputs;
             BeforeCompile;
             _TimeStampBeforeCompile;
             _GenerateCompileDependencyCache;
             CoreCompile;
             _TimeStampAfterCompile;
             AfterCompile;
           ;
             _CreateAppHost;
             _CreateComHost;
             _GetIjwHostPaths;
           鈥?鍏堝墠鍊?鈥?
             ResolveReferences;
             ResolveKeySource;
             SetWin32ManifestProperties;
             _SetPreferNativeArm64Win32ManifestProperties;
             FindReferenceAssembliesForReferences;
             _GenerateCompileInputs;
             BeforeCompile;
             _TimeStampBeforeCompile;
             _GenerateCompileDependencyCache;
             CoreCompile;
             _TimeStampAfterCompile;
             AfterCompile;
           鈥?
       鍦?C:\Program Files\dotnet\sdk\9.0.105\Sdks\Microsoft.NET.Sdk\targets\Microsoft.NET.Sdk.targets (1184,5) 澶勯噸鏂板垎閰嶅睘鎬? $(CreateSatelliteAssembliesDependsOn)=鈥?
             
             ;
             _GenerateSatelliteAssemblyInputs;
             ComputeIntermediateSatelliteAssemblies;
             GenerateSatelliteAssemblies
           ;
             CoreGenerateSatelliteAssemblies
           鈥?鍏堝墠鍊?鈥?
             ;
             _GenerateSatelliteAssemblyInputs;
             ComputeIntermediateSatelliteAssemblies;
             GenerateSatelliteAssemblies
           鈥?
       鍦?C:\Program Files\dotnet\sdk\9.0.105\Sdks\Microsoft.SourceLink.GitLab\build\Microsoft.SourceLink.GitLab.targets (12,5) 澶勯噸鏂板垎閰嶅睘鎬? $(SourceLinkUrlInitializerTargets)=鈥?_InitializeGitHubSourceLinkUrl;_InitializeGitLabSourceLinkUrl鈥?鍏堝墠鍊?鈥?_InitializeGitHubSourceLinkUrl鈥?
       鍦?C:\Program Files\dotnet\sdk\9.0.105\Sdks\Microsoft.SourceLink.GitLab\build\Microsoft.SourceLink.GitLab.targets (13,5) 澶勯噸鏂板垎閰嶅睘鎬? $(SourceControlManagerUrlTranslationTargets)=鈥?TranslateGitHubUrlsInSourceControlInformation;TranslateGitLabUrlsInSourceControlInformation鈥?鍏堝墠鍊?鈥?TranslateGitHubUrlsInSourceControlInformation鈥?
       鍦?C:\Program Files\dotnet\sdk\9.0.105\Sdks\Microsoft.SourceLink.AzureRepos.Git\build\Microsoft.SourceLink.AzureRepos.Git.targets (12,5) 澶勯噸鏂板垎閰嶅睘鎬? $(SourceLinkUrlInitializerTargets)=鈥?_InitializeGitHubSourceLinkUrl;_InitializeGitLabSourceLinkUrl;_InitializeAzureReposGitSourceLinkUrl鈥?鍏堝墠鍊?鈥?_InitializeGitHubSourceLinkUrl;_InitializeGitLabSourceLinkUrl鈥?
       鍦?C:\Program Files\dotnet\sdk\9.0.105\Sdks\Microsoft.SourceLink.AzureRepos.Git\build\Microsoft.SourceLink.AzureRepos.Git.targets (13,5) 澶勯噸鏂板垎閰嶅睘鎬? $(SourceControlManagerUrlTranslationTargets)=鈥?TranslateGitHubUrlsInSourceControlInformation;TranslateGitLabUrlsInSourceControlInformation;TranslateAzureReposGitUrlsInSourceControlInformation鈥?鍏堝墠鍊?鈥?TranslateGitHubUrlsInSourceControlInformation;TranslateGitLabUrlsInSourceControlInformation鈥?
       鍦?C:\Program Files\dotnet\sdk\9.0.105\Sdks\Microsoft.SourceLink.Bitbucket.Git\build\Microsoft.SourceLink.Bitbucket.Git.targets (12,5) 澶勯噸鏂板垎閰嶅睘鎬? $(SourceLinkUrlInitializerTargets)=鈥?_InitializeGitHubSourceLinkUrl;_InitializeGitLabSourceLinkUrl;_InitializeAzureReposGitSourceLinkUrl;_InitializeBitbucketGitSourceLinkUrl鈥?鍏堝墠鍊?鈥?_InitializeGitHubSourceLinkUrl;_InitializeGitLabSourceLinkUrl;_InitializeAzureReposGitSourceLinkUrl鈥?
       鍦?C:\Program Files\dotnet\sdk\9.0.105\Sdks\Microsoft.SourceLink.Bitbucket.Git\build\Microsoft.SourceLink.Bitbucket.Git.targets (13,5) 澶勯噸鏂板垎閰嶅睘鎬? $(SourceControlManagerUrlTranslationTargets)=鈥?TranslateGitHubUrlsInSourceControlInformation;TranslateGitLabUrlsInSourceControlInformation;TranslateAzureReposGitUrlsInSourceControlInformation;TranslateBitbucketGitUrlsInSourceControlInformation鈥?鍏堝墠鍊?鈥?TranslateGitHubUrlsInSourceControlInformation;TranslateGitLabUrlsInSourceControlInformation;TranslateAzureReposGitUrlsInSourceControlInformation鈥?
       鍦?C:\Program Files\dotnet\sdk\9.0.105\Sdks\Microsoft.NET.Sdk\targets\Microsoft.NET.DesignerSupport.targets (21,5) 澶勯噸鏂板垎閰嶅睘鎬? $(DesignerRuntimeImplementationProjectOutputGroupDependsOn)=鈥?
             
             ;
             
             ;
             BuildOnlySettings;
             PrepareForBuild;
             AssignTargetPaths;
             ResolveReferences
           
           ;
             _GenerateDesignerDepsFile;
             _GenerateDesignerRuntimeConfigFile;
             GetCopyToOutputDirectoryItems;
             _GatherDesignerShadowCopyFiles;
           鈥?鍏堝墠鍊?鈥?
             ;
             
             ;
             BuildOnlySettings;
             PrepareForBuild;
             AssignTargetPaths;
             ResolveReferences
           
           鈥?
       鍦?C:\Program Files\dotnet\sdk\9.0.105\Sdks\Microsoft.NET.Sdk\targets\Microsoft.NET.PackTool.targets (68,5) 澶勯噸鏂板垎閰嶅睘鎬? $(_GenerateToolsSettingsFileCacheFile)=鈥淓:\C\test3\WHU-STU-CHAT\backend\obj\Debug\net8.0\backend.toolssettingsinput.cache鈥?鍏堝墠鍊?鈥渙bj\Debug\net8.0\backend.toolssettingsinput.cache鈥?
       鍦?C:\Program Files\dotnet\sdk\9.0.105\Sdks\Microsoft.NET.Sdk\targets\Microsoft.NET.PackTool.targets (137,5) 澶勯噸鏂板垎閰嶅睘鎬? $(_ShimInputCacheFile)=鈥淓:\C\test3\WHU-STU-CHAT\backend\obj\Debug\net8.0\backend.shiminput.cache鈥?鍏堝墠鍊?鈥渙bj\Debug\net8.0\backend.shiminput.cache鈥?
       鍦?C:\Program Files\dotnet\sdk\9.0.105\Sdks\Microsoft.NET.Sdk\targets\Microsoft.NET.PackTool.targets (139,5) 澶勯噸鏂板垎閰嶅睘鎬? $(_ShimCreatedSentinelFile)=鈥淓:\C\test3\WHU-STU-CHAT\backend\obj\Debug\net8.0\backend.shimcreated.sentinel鈥?鍏堝墠鍊?鈥渙bj\Debug\net8.0\backend.shimcreated.sentinel鈥?
       鍦?C:\Program Files\dotnet\sdk\9.0.105\Sdks\Microsoft.NET.Sdk\targets\Microsoft.NET.Sdk.CSharp.targets (31,5) 澶勯噸鏂板垎閰嶅睘鎬? $(DefineConstants)=鈥淭RACE;DEBUG鈥?鍏堝墠鍊?鈥淭RACE鈥?
       鍦?C:\Program Files\dotnet\sdk\9.0.105\Sdks\Microsoft.NET.Sdk\targets\Microsoft.NET.Sdk.CSharp.targets (34,5) 澶勯噸鏂板垎閰嶅睘鎬? $(DefineConstants)=鈥淭RACE;DEBUG;NET;NET8_0;NETCOREAPP鈥?鍏堝墠鍊?鈥淭RACE;DEBUG鈥?
       鍦?C:\Program Files\dotnet\sdk\9.0.105\Sdks\Microsoft.NET.Sdk\targets\Microsoft.NET.Sdk.CSharp.targets (48,5) 澶勯噸鏂板垎閰嶅睘鎬? $(WarningsAsErrors)=鈥?NU1605;SYSLIB0011鈥?鍏堝墠鍊?鈥?NU1605鈥?
       鍦?C:\Program Files\dotnet\sdk\9.0.105\Sdks\NuGet.Build.Tasks.Pack\build\NuGet.Build.Tasks.Pack.targets (34,5) 澶勯噸鏂板垎閰嶅睘鎬? $(PackageDescription)=鈥淧ackage Description鈥?鍏堝墠鍊?鈥溾€?
       鍦?C:\Program Files\dotnet\sdk\9.0.105\Sdks\NuGet.Build.Tasks.Pack\build\NuGet.Build.Tasks.Pack.targets (59,5) 澶勯噸鏂板垎閰嶅睘鎬? $(GenerateNuspecDependsOn)=鈥淏uild;_LoadPackInputItems; _GetTargetFrameworksOutput; _WalkEachTargetPerFramework; _GetPackageFiles; 鈥?鍏堝墠鍊?鈥淿LoadPackInputItems; _GetTargetFrameworksOutput; _WalkEachTargetPerFramework; _GetPackageFiles; 鈥?
       鍦?C:\Program Files\dotnet\sdk\9.0.105\Sdks\Microsoft.NET.Sdk\Sdk\Sdk.targets (60,5) 澶勯噸鏂板垎閰嶅睘鎬? $(_IsNotSetContainersTargetsDir)=鈥渢rue鈥?鍏堝墠鍊?鈥渇alse鈥?
       鍦?C:\Program Files\dotnet\sdk\9.0.105\Containers\build\Microsoft.NET.Build.Containers.targets (5,5) 澶勯噸鏂板垎閰嶅睘鎬? $(_IsSDKContainerAllowedVersion)=鈥渢rue鈥?鍏堝墠鍊?鈥渇alse鈥?
       鍦?C:\Program Files\dotnet\sdk\9.0.105\Containers\build\Microsoft.NET.Build.Containers.targets (15,5) 澶勯噸鏂板垎閰嶅睘鎬? $(_ContainerIsTargetingNet8TFM)=鈥渢rue鈥?鍏堝墠鍊?鈥渇alse鈥?
       C:\Program Files\dotnet\sdk\9.0.105\Sdks\Microsoft.NET.Sdk.StaticWebAssets\targets\Sdk.StaticWebAssets.CurrentVersion.targets(37,18): message : 鍊间负鈥淐:\Program Files\dotnet\dotnet.exe鈥濈殑灞炴€р€淒OTNET_HOST_PATH鈥濅粠鐜涓睍寮€銆?
       鍦?C:\Program Files\dotnet\sdk\9.0.105\Sdks\Microsoft.NET.Sdk.StaticWebAssets\targets\Microsoft.NET.Sdk.StaticWebAssets.targets (286,5) 澶勯噸鏂板垎閰嶅睘鎬? $(PrepareForRunDependsOn)=鈥淪taticWebAssetsPrepareForRun;
             CopyFilesToOutputDirectory
           鈥?鍏堝墠鍊?鈥?
             CopyFilesToOutputDirectory
           鈥?
       鍦?C:\Program Files\dotnet\sdk\9.0.105\Sdks\Microsoft.NET.Sdk.StaticWebAssets\targets\Microsoft.NET.Sdk.StaticWebAssets.targets (323,5) 澶勯噸鏂板垎閰嶅睘鎬? $(GetCopyToOutputDirectoryItemsDependsOn)=鈥?
             AssignTargetPaths;
             
             AssignProjectConfiguration;
             _SplitProjectReferencesByFileExistence
           ;
             _GetProjectReferenceTargetFrameworkProperties;
             _PopulateCommonStateForGetCopyToOutputDirectoryItems
           ;AddStaticWebAssetsManifest;AddStaticWebAssetEndpointsBuildManifest鈥?鍏堝墠鍊?鈥?
             AssignTargetPaths;
             
             AssignProjectConfiguration;
             _SplitProjectReferencesByFileExistence
           ;
             _GetProjectReferenceTargetFrameworkProperties;
             _PopulateCommonStateForGetCopyToOutputDirectoryItems
           鈥?
       鍦?C:\Program Files\dotnet\sdk\9.0.105\Sdks\Microsoft.NET.Sdk.StaticWebAssets\targets\Microsoft.NET.Sdk.StaticWebAssets.Pack.targets (46,5) 澶勯噸鏂板垎閰嶅睘鎬? $(GenerateNuspecDependsOn)=鈥?
             IncludeStaticWebAssetsPackItems;
             Build;_LoadPackInputItems; _GetTargetFrameworksOutput; _WalkEachTargetPerFramework; _GetPackageFiles; ;
           鈥?鍏堝墠鍊?鈥淏uild;_LoadPackInputItems; _GetTargetFrameworksOutput; _WalkEachTargetPerFramework; _GetPackageFiles; 鈥?
       鍦?C:\Program Files\dotnet\sdk\9.0.105\Sdks\Microsoft.NET.Sdk.StaticWebAssets\targets\Microsoft.NET.Sdk.StaticWebAssets.Pack.targets (55,5) 澶勯噸鏂板垎閰嶅睘鎬? $(IncludeStaticWebAssetsPackItemsDependsOn)=鈥?
             Build;
             ResolveStaticWebAssetsConfiguration;LoadStaticWebAssetsBuildManifest
           ;
           鈥?鍏堝墠鍊?鈥?
             ResolveStaticWebAssetsConfiguration;LoadStaticWebAssetsBuildManifest
           鈥?
       鍦?C:\Program Files\dotnet\sdk\9.0.105\Sdks\Microsoft.NET.Sdk.StaticWebAssets\targets\Microsoft.NET.Sdk.StaticWebAssets.ScopedCss.targets (55,3) 澶勯噸鏂板垎閰嶅睘鎬? $(ResolveStaticWebAssetsInputsDependsOn)=鈥?
           
             ResolveCoreStaticWebAssets;
             GenerateComputedBuildStaticWebAssets;
             
           ;
           ResolveScopedCssAssets;
         鈥?鍏堝墠鍊?鈥?
             ResolveCoreStaticWebAssets;
             GenerateComputedBuildStaticWebAssets;
             
           鈥?
       鍦?C:\Program Files\dotnet\sdk\9.0.105\Sdks\Microsoft.NET.Sdk.StaticWebAssets\targets\Microsoft.NET.Sdk.StaticWebAssets.ScopedCss.targets (88,3) 澶勯噸鏂板垎閰嶅睘鎬? $(GenerateComputedBuildStaticWebAssetsDependsOn)=鈥?
           ResolveCoreStaticWebAssets;;
           BundleScopedCssFiles;
         鈥?鍏堝墠鍊?鈥淩esolveCoreStaticWebAssets;鈥?
       鍦?C:\Program Files\dotnet\sdk\9.0.105\Sdks\Microsoft.NET.Sdk.StaticWebAssets\targets\Microsoft.NET.Sdk.StaticWebAssets.JSModules.targets (37,5) 澶勯噸鏂板垎閰嶅睘鎬? $(ResolveCoreStaticWebAssetsDependsOn)=鈥?
             
             UpdateExistingPackageStaticWebAssets;
             ResolveProjectStaticWebAssets;
             ResolveEmbeddedProjectsStaticWebAssets;
             ResolveReferencedProjectsStaticWebAssets;
             ;
           ;
             ResolveJsInitializerModuleStaticWebAssets;
           鈥?鍏堝墠鍊?鈥?
             UpdateExistingPackageStaticWebAssets;
             ResolveProjectStaticWebAssets;
             ResolveEmbeddedProjectsStaticWebAssets;
             ResolveReferencedProjectsStaticWebAssets;
             ;
           鈥?
       鍦?C:\Program Files\dotnet\sdk\9.0.105\Sdks\Microsoft.NET.Sdk.StaticWebAssets\targets\Microsoft.NET.Sdk.StaticWebAssets.JSModules.targets (42,5) 澶勯噸鏂板垎閰嶅睘鎬? $(ResolveCoreStaticWebAssetsDependsOn)=鈥?
             
             
             UpdateExistingPackageStaticWebAssets;
             ResolveProjectStaticWebAssets;
             ResolveEmbeddedProjectsStaticWebAssets;
             ResolveReferencedProjectsStaticWebAssets;
             ;
           ;
             ResolveJsInitializerModuleStaticWebAssets;
           ;
             ResolveJSModuleStaticWebAssets;
           鈥?鍏堝墠鍊?鈥?
             
             UpdateExistingPackageStaticWebAssets;
             ResolveProjectStaticWebAssets;
             ResolveEmbeddedProjectsStaticWebAssets;
             ResolveReferencedProjectsStaticWebAssets;
             ;
           ;
             ResolveJsInitializerModuleStaticWebAssets;
           鈥?
       鍦?C:\Program Files\dotnet\sdk\9.0.105\Sdks\Microsoft.NET.Sdk.StaticWebAssets\targets\Microsoft.NET.Sdk.StaticWebAssets.JSModules.targets (57,5) 澶勯噸鏂板垎閰嶅睘鎬? $(ResolveStaticWebAssetsInputsDependsOn)=鈥?
             ResolveJSModuleManifestBuildStaticWebAssets;
             
           
             ResolveCoreStaticWebAssets;
             GenerateComputedBuildStaticWebAssets;
             
           ;
           ResolveScopedCssAssets;
         
           鈥?鍏堝墠鍊?鈥?
           
             ResolveCoreStaticWebAssets;
             GenerateComputedBuildStaticWebAssets;
             
           ;
           ResolveScopedCssAssets;
         鈥?
       鍦?C:\Program Files\dotnet\sdk\9.0.105\Sdks\Microsoft.NET.Sdk.StaticWebAssets\targets\Microsoft.NET.Sdk.StaticWebAssets.JSModules.targets (76,5) 澶勯噸鏂板垎閰嶅睘鎬? $(ResolvePublishStaticWebAssetsDependsOn)=鈥?
             ResolveJSModuleManifestPublishStaticWebAssets;
             
             ResolveCorePublishStaticWebAssets;
             GenerateComputedPublishStaticWebAssets;
             ;
           
           鈥?鍏堝墠鍊?鈥?
             ResolveCorePublishStaticWebAssets;
             GenerateComputedPublishStaticWebAssets;
             ;
           鈥?
       鍦?C:\Program Files\dotnet\sdk\9.0.105\Sdks\Microsoft.NET.Sdk.StaticWebAssets\targets\Microsoft.NET.Sdk.StaticWebAssets.Compression.targets (179,5) 澶勯噸鏂板垎閰嶅睘鎬? $(ResolveBuildRelatedStaticWebAssetsDependsOn)=鈥?
             ResolveBuildCompressedStaticWebAssets;
             
             ResolveStaticWebAssetsInputs;
             
           
           鈥?鍏堝墠鍊?鈥?
             ResolveStaticWebAssetsInputs;
             
           鈥?
       鍦?C:\Program Files\dotnet\sdk\9.0.105\Sdks\Microsoft.NET.Sdk.StaticWebAssets\targets\Microsoft.NET.Sdk.StaticWebAssets.Compression.targets (198,5) 澶勯噸鏂板垎閰嶅睘鎬? $(ResolvePublishRelatedStaticWebAssetsDependsOn)=鈥?
             ResolvePublishCompressedStaticWebAssets;
             
           鈥?鍏堝墠鍊?鈥溾€?
       鍦?C:\Program Files\dotnet\sdk\9.0.105\Sdks\Microsoft.NET.Sdk.Razor\targets\Sdk.Razor.CurrentVersion.targets (205,5) 澶勯噸鏂板垎閰嶅睘鎬? $(DebugSymbolsProjectOutputGroupDependsOn)=鈥?
             ;
             _RazorAddDebugSymbolsProjectOutputGroupOutput
           鈥?鍏堝墠鍊?鈥溾€?
       鍦?C:\Program Files\dotnet\sdk\9.0.105\Sdks\Microsoft.NET.Sdk.Razor\targets\Sdk.Razor.CurrentVersion.targets (210,5) 澶勯噸鏂板垎閰嶅睘鎬? $(PrepareForBuildDependsOn)=鈥?
             ;GetFrameworkPaths;GetReferenceAssemblyPaths;AssignLinkMetadata;
             ResolveRazorGenerateInputs
           鈥?鍏堝墠鍊?鈥?GetFrameworkPaths;GetReferenceAssemblyPaths;AssignLinkMetadata鈥?
       鍦?C:\Program Files\dotnet\sdk\9.0.105\Sdks\Microsoft.NET.Sdk.Razor\targets\Sdk.Razor.CurrentVersion.targets (215,5) 澶勯噸鏂板垎閰嶅睘鎬? $(GenerateNuspecDependsOn)=鈥?
             ResolveRazorGenerateInputs;
             
             IncludeStaticWebAssetsPackItems;
             Build;_LoadPackInputItems; _GetTargetFrameworksOutput; _WalkEachTargetPerFramework; _GetPackageFiles; ;
           
           鈥?鍏堝墠鍊?鈥?
             IncludeStaticWebAssetsPackItems;
             Build;_LoadPackInputItems; _GetTargetFrameworksOutput; _WalkEachTargetPerFramework; _GetPackageFiles; ;
           鈥?
       鍦?C:\Program Files\dotnet\sdk\9.0.105\Sdks\Microsoft.NET.Sdk.Razor\targets\Sdk.Razor.CurrentVersion.targets (220,5) 澶勯噸鏂板垎閰嶅睘鎬? $(PrepareForRunDependsOn)=鈥?
             _RazorPrepareForRun;
             StaticWebAssetsPrepareForRun;
             CopyFilesToOutputDirectory
           
           鈥?鍏堝墠鍊?鈥淪taticWebAssetsPrepareForRun;
             CopyFilesToOutputDirectory
           鈥?
       鍦?C:\Program Files\dotnet\sdk\9.0.105\Sdks\Microsoft.NET.Sdk.Razor\targets\Sdk.Razor.CurrentVersion.targets (311,5) 澶勯噸鏂板垎閰嶅睘鎬? $(UseRazorBuildServer)=鈥渢rue鈥?鍏堝墠鍊?鈥溾€?
       鍦?C:\Program Files\dotnet\sdk\9.0.105\Sdks\Microsoft.NET.Sdk.Razor\targets\Sdk.Razor.CurrentVersion.targets (317,5) 澶勯噸鏂板垎閰嶅睘鎬? $(_RazorDebugSymbolsProduced)=鈥渢rue鈥?鍏堝墠鍊?鈥渇alse鈥?
       鍦?C:\Program Files\dotnet\sdk\9.0.105\Sdks\Microsoft.NET.Sdk.Razor\targets\Microsoft.NET.Sdk.Razor.GenerateAssemblyInfo.targets (36,5) 澶勯噸鏂板垎閰嶅睘鎬? $(GenerateRazorTargetAssemblyInfoDependsOn)=鈥?
             _ResolveMvcAssemblyAttributes;
             
             GetRazorTargetAssemblyAttributes;
             _CreateRazorTargetAssemblyInfoInputsCacheFile;
             CoreGenerateRazorTargetAssemblyInfo
           
           鈥?鍏堝墠鍊?鈥?
             GetRazorTargetAssemblyAttributes;
             _CreateRazorTargetAssemblyInfoInputsCacheFile;
             CoreGenerateRazorTargetAssemblyInfo
           鈥?
       鍦?C:\Program Files\dotnet\sdk\9.0.105\Sdks\Microsoft.NET.Sdk.Razor\targets\Microsoft.NET.Sdk.Razor.GenerateAssemblyInfo.targets (181,5) 澶勯噸鏂板垎閰嶅睘鎬? $(CoreCompileDependsOn)=鈥?
             ;_ComputeNonExistentFileProperty;ResolveCodeAnalysisRuleSet;
             _GenerateRazorAssemblyInfo
           鈥?鍏堝墠鍊?鈥?_ComputeNonExistentFileProperty;ResolveCodeAnalysisRuleSet鈥?
       鍦?C:\Program Files\dotnet\sdk\9.0.105\Sdks\Microsoft.NET.Sdk.Razor\targets\Microsoft.NET.Sdk.Razor.GenerateAssemblyInfo.targets (189,5) 澶勯噸鏂板垎閰嶅睘鎬? $(_GenerateRazorAssemblyInfoDependsOn)=鈥?
             _ResolveMvcAssemblyAttributes;
             RazorGetAssemblyAttributes;PrepareForBuild;_CoreGenerateRazorAssemblyInfo;
           鈥?鍏堝墠鍊?鈥淩azorGetAssemblyAttributes;PrepareForBuild;_CoreGenerateRazorAssemblyInfo鈥?
       鍦?C:\Program Files\dotnet\sdk\9.0.105\Sdks\Microsoft.NET.Sdk.Razor\targets\Microsoft.NET.Sdk.Razor.MvcApplicationPartsDiscovery.targets (22,5) 澶勯噸鏂板垎閰嶅睘鎬? $(CoreCompileDependsOn)=鈥?
             _DiscoverMvcApplicationParts;
             
             ;_ComputeNonExistentFileProperty;ResolveCodeAnalysisRuleSet;
             _GenerateRazorAssemblyInfo
           ;
           鈥?鍏堝墠鍊?鈥?
             ;_ComputeNonExistentFileProperty;ResolveCodeAnalysisRuleSet;
             _GenerateRazorAssemblyInfo
           鈥?
       鍦?C:\Program Files\dotnet\sdk\9.0.105\Sdks\Microsoft.NET.Sdk.Razor\targets\Sdk.Razor.CurrentVersion.targets (791,5) 澶勯噸鏂板垎閰嶅睘鎬? $(RazorDesignTimeTargets)=鈥淐:\Program Files\dotnet\sdk\9.0.105\Sdks\Microsoft.NET.Sdk.Razor\targets\Microsoft.NET.Sdk.Razor.DesignTime.targets鈥?鍏堝墠鍊?鈥淐:\Program Files\dotnet\sdk\9.0.105\\Microsoft\VisualStudio\Razor\Microsoft.NET.Sdk.Razor.DesignTime.targets鈥?
       鍦?C:\Program Files\dotnet\sdk\9.0.105\Sdks\Microsoft.NET.Sdk.Web.ProjectSystem\targets\Microsoft.NET.Sdk.Web.ProjectSystem.targets (21,5) 澶勯噸鏂板垎閰嶅睘鎬? $(RunWorkingDirectory)=鈥淓:\C\test3\WHU-STU-CHAT\backend鈥?鍏堝墠鍊?鈥溾€?
       鍦?C:\Program Files\dotnet\sdk\9.0.105\Sdks\Microsoft.NET.Sdk.Publish\targets\Microsoft.NET.Sdk.Publish.targets (60,5) 澶勯噸鏂板垎閰嶅睘鎬? $(PublishProfileImported)=鈥渢rue鈥?鍏堝墠鍊?鈥渇alse鈥?
       鍦?C:\Program Files\dotnet\sdk\9.0.105\Sdks\Microsoft.NET.Sdk.Publish\targets\Microsoft.NET.Sdk.Publish.targets (81,5) 澶勯噸鏂板垎閰嶅睘鎬? $(PublishConfiguration)=鈥淒ebug鈥?鍏堝墠鍊?鈥溾€?
       鍦?C:\Program Files\dotnet\sdk\9.0.105\Sdks\Microsoft.NET.Sdk.Publish\targets\Microsoft.NET.Sdk.Publish.targets (87,5) 澶勯噸鏂板垎閰嶅睘鎬? $(BaseIntermediateOutputPath)=鈥淓:\C\test3\WHU-STU-CHAT\backend\obj\鈥?鍏堝墠鍊?鈥渙bj\鈥?
       姝ｅ湪浣跨敤椤圭洰鈥淐:\Program Files\dotnet\sdk\9.0.105\Sdks\Microsoft.NET.Sdk\targets\Microsoft.NET.Sdk.FrameworkReferenceResolution.targets鈥濅腑鐨勭洰鏍団€淩esolveFrameworkReferences鈥濋噸鍐欓」鐩€淐:\Program Files\dotnet\sdk\9.0.105\Microsoft.Common.CurrentVersion.targets鈥濅腑鐨勭洰鏍団€淩esolveFrameworkReferences鈥濄€?
       姝ｅ湪浣跨敤椤圭洰鈥淐:\Program Files\dotnet\sdk\9.0.105\Sdks\Microsoft.NET.Sdk\targets\Microsoft.NET.Sdk.targets鈥濅腑鐨勭洰鏍団€淩un鈥濋噸鍐欓」鐩€淐:\Program Files\dotnet\sdk\9.0.105\Microsoft.Common.CurrentVersion.targets鈥濅腑鐨勭洰鏍団€淩un鈥濄€?
       姝ｅ湪浣跨敤椤圭洰鈥淐:\Program Files\dotnet\sdk\9.0.105\Sdks\Microsoft.NET.Sdk\targets\Microsoft.NET.Sdk.targets鈥濅腑鐨勭洰鏍団€淕enerateSupportedTargetFrameworkAlias鈥濋噸鍐欓」鐩€淐:\Program Files\dotnet\sdk\9.0.105\Microsoft.Common.CurrentVersion.targets鈥濅腑鐨勭洰鏍団€淕enerateSupportedTargetFrameworkAlias鈥濄€?
       姝ｅ湪浣跨敤椤圭洰鈥淐:\Program Files\dotnet\sdk\9.0.105\Sdks\Microsoft.NET.Sdk\targets\Microsoft.NET.DisableStandardFrameworkResolution.targets鈥濅腑鐨勭洰鏍団€淕etReferenceAssemblyPaths鈥濋噸鍐欓」鐩€淐:\Program Files\dotnet\sdk\9.0.105\Microsoft.Common.CurrentVersion.targets鈥濅腑鐨勭洰鏍団€淕etReferenceAssemblyPaths鈥濄€?
       姝ｅ湪浣跨敤椤圭洰鈥淐:\Program Files\dotnet\sdk\9.0.105\Sdks\Microsoft.NET.Sdk\targets\Microsoft.NET.DisableStandardFrameworkResolution.targets鈥濅腑鐨勭洰鏍団€淕etFrameworkPaths鈥濋噸鍐欓」鐩€淐:\Program Files\dotnet\sdk\9.0.105\Microsoft.Common.CurrentVersion.targets鈥濅腑鐨勭洰鏍団€淕etFrameworkPaths鈥濄€?
       姝ｅ湪浣跨敤椤圭洰鈥淐:\Program Files\dotnet\sdk\9.0.105\Sdks\Microsoft.NET.Sdk\targets\Microsoft.NET.DesignerSupport.targets鈥濅腑鐨勭洰鏍団€淒esignerRuntimeImplementationProjectOutputGroup鈥濋噸鍐欓」鐩€淐:\Program Files\dotnet\sdk\9.0.105\Microsoft.Common.CurrentVersion.targets鈥濅腑鐨勭洰鏍団€淒esignerRuntimeImplementationProjectOutputGroup鈥濄€?
       姝ｅ湪浣跨敤椤圭洰鈥淐:\Program Files\dotnet\sdk\9.0.105\Sdks\Microsoft.NET.Sdk\targets\Microsoft.NET.Publish.targets鈥濅腑鐨勭洰鏍団€淧ublish鈥濋噸鍐欓」鐩€淐:\Program Files\dotnet\sdk\9.0.105\Microsoft.Common.CurrentVersion.targets鈥濅腑鐨勭洰鏍団€淧ublish鈥濄€?
       姝ｅ湪浣跨敤椤圭洰鈥淐:\Program Files\dotnet\sdk\9.0.105\Sdks\Microsoft.NET.Sdk\targets\Microsoft.NET.Publish.targets鈥濅腑鐨勭洰鏍団€淩esolveReadyToRunCompilers鈥濋噸鍐欓」鐩€淐:\Program Files\dotnet\sdk\9.0.105\Sdks\Microsoft.NET.Sdk\targets\Microsoft.NET.CrossGen.targets鈥濅腑鐨勭洰鏍団€淩esolveReadyToRunCompilers鈥濄€?
       姝ｅ湪浣跨敤椤圭洰鈥淐:\Program Files\dotnet\sdk\9.0.105\Sdks\Microsoft.NET.Sdk\targets\Microsoft.NET.Publish.targets鈥濅腑鐨勭洰鏍団€淕etCopyToPublishDirectoryItems鈥濋噸鍐欓」鐩€淐:\Program Files\dotnet\sdk\9.0.105\Microsoft.Common.CurrentVersion.targets鈥濅腑鐨勭洰鏍団€淕etCopyToPublishDirectoryItems鈥濄€?
       姝ｅ湪浣跨敤椤圭洰鈥淐:\Program Files\dotnet\sdk\9.0.105\Sdks\Microsoft.NET.Sdk.Publish\targets\Microsoft.NET.Sdk.Publish.targets鈥濅腑鐨勭洰鏍団€淏eforePublish鈥濋噸鍐欓」鐩€淐:\Program Files\dotnet\sdk\9.0.105\Microsoft.Common.CurrentVersion.targets鈥濅腑鐨勭洰鏍団€淏eforePublish鈥濄€?
       姝ｅ湪浣跨敤椤圭洰鈥淐:\Program Files\dotnet\sdk\9.0.105\Sdks\Microsoft.NET.Sdk.Publish\targets\Microsoft.NET.Sdk.Publish.targets鈥濅腑鐨勭洰鏍団€淎fterPublish鈥濋噸鍐欓」鐩€淐:\Program Files\dotnet\sdk\9.0.105\Microsoft.Common.CurrentVersion.targets鈥濅腑鐨勭洰鏍団€淎fterPublish鈥濄€?
       椤圭洰涓笉瀛樺湪 BeforeTargets 鐗规€т腑鐨勨€淐:\Program Files\dotnet\sdk\9.0.105\Sdks\Microsoft.NET.Sdk.StaticWebAssets\targets\Microsoft.NET.Sdk.StaticWebAssets.ScopedCss.targets (171,5)鈥濅綅缃垪鍑虹殑鐩爣鈥淐ollectUpToDateCheckInputDesignTime鈥濓紝灏嗗拷鐣ヨ鐩爣銆?
       椤圭洰涓笉瀛樺湪 BeforeTargets 鐗规€т腑鐨勨€淐:\Program Files\dotnet\sdk\9.0.105\Sdks\Microsoft.NET.Sdk.StaticWebAssets\targets\Microsoft.NET.Sdk.StaticWebAssets.ScopedCss.targets (171,5)鈥濅綅缃垪鍑虹殑鐩爣鈥淐ollectUpToDateCheckBuiltDesignTime鈥濓紝灏嗗拷鐣ヨ鐩爣銆?
       椤圭洰涓笉瀛樺湪 AfterTargets 鐗规€т腑鐨勨€淐:\Program Files\dotnet\sdk\9.0.105\Sdks\Microsoft.NET.Sdk.Razor\targets\Microsoft.NET.Sdk.Razor.DesignTime.targets (55,53)鈥濅綅缃垪鍑虹殑鐩爣鈥淩azorGenerateComponentDeclaration鈥濓紝灏嗗拷鐣ヨ鐩爣銆?
     1>椤圭洰鈥淓:\C\test3\WHU-STU-CHAT\backend\backend.sln鈥?1)姝ｅ湪鑺傜偣 1 涓婄敓鎴愨€淓:\C\test3\WHU-STU-CHAT\backend\backend.csproj鈥?2) (_IsProjectRestoreSupported 涓洰鏍?銆?
     2>鏉ヨ嚜椤圭洰鈥淓:\C\test3\WHU-STU-CHAT\backend\backend.csproj鈥濈殑鏂囦欢鈥淐:\Program Files\dotnet\sdk\9.0.105\NuGet.targets鈥濅腑鐨勭洰鏍団€淿IsProjectRestoreSupported鈥?鍏ュ彛鐐?:
     2>宸插畬鎴愬湪椤圭洰鈥渂ackend.csproj鈥濅腑鐢熸垚鐩爣鈥淿IsProjectRestoreSupported鈥濈殑鎿嶄綔銆?
     2>宸插畬鎴愮敓鎴愰」鐩€淓:\C\test3\WHU-STU-CHAT\backend\backend.csproj鈥?_IsProjectRestoreSupported 涓洰鏍?鐨勬搷浣溿€?
     1>宸插畬鎴愭墽琛屼换鍔♀€淢SBuild鈥濈殑鎿嶄綔銆?
       鐢变簬 false 鏉′欢锛屽凡璺宠繃浠诲姟鈥淢SBuild鈥濓紱( '$(RestoreUseSkipNonexistentTargets)' != 'true' )璁＄畻涓? 'true' != 'true' )銆?
       姝ｅ湪浣跨敤绋嬪簭闆嗏€淐:\Program Files\dotnet\sdk\9.0.105\NuGet.Build.Tasks.dll鈥濅腑鐨勨€淲arnForInvalidProjectsTask鈥濅换鍔°€?
       浠诲姟鈥淲arnForInvalidProjectsTask鈥?
       宸插畬鎴愭墽琛屼换鍔♀€淲arnForInvalidProjectsTask鈥濈殑鎿嶄綔銆?
     1>宸插畬鎴愬湪椤圭洰鈥渂ackend.sln鈥濅腑鐢熸垚鐩爣鈥淿FilterRestoreGraphProjectInputItems鈥濈殑鎿嶄綔銆?
       宸茶烦杩囩洰鏍団€淿FilterRestoreGraphProjectInputItems鈥濄€備互鍓嶇殑鐢熸垚宸叉垚鍔熴€?
     1>鏉ヨ嚜椤圭洰鈥淓:\C\test3\WHU-STU-CHAT\backend\backend.sln鈥濈殑鏂囦欢鈥淐:\Program Files\dotnet\sdk\9.0.105\NuGet.targets鈥濅腑鐨勭洰鏍団€淿GetAllRestoreProjectPathItems鈥?鐩爣鈥淿GenerateRestoreGraph鈥濅緷璧栦簬瀹?:
       姝ｅ湪浣跨敤绋嬪簭闆嗏€淐:\Program Files\dotnet\sdk\9.0.105\NuGet.Build.Tasks.dll鈥濅腑鐨勨€淣uGetMessageTask鈥濅换鍔°€?
       浠诲姟鈥淣uGetMessageTask鈥?
         鍦?TaskRun (NuGet.Build.Tasks.NuGetMessageTask) 鏈熼棿鍔犺浇鐨勭▼搴忛泦: NuGet.Build.Tasks.resources, Version=6.12.2.1, Culture=zh-Hans, PublicKeyToken=31bf3856ad364e35, processorArchitecture=MSIL (浣嶇疆: C:\Program Files\dotnet\sdk\9.0.105\zh-Hans\NuGet.Build.Tasks.resources.dll锛孧VID: dfc2a02b-5389-431a-99f9-cde75721ab56锛孉ssemblyLoadContext: MSBuild plugin C:\Program Files\dotnet\sdk\9.0.105\NuGet.Build.Tasks.dll)
         姝ｅ湪纭畾瑕佽繕鍘熺殑椤圭洰鈥?
       宸插畬鎴愭墽琛屼换鍔♀€淣uGetMessageTask鈥濈殑鎿嶄綔銆?
       浠诲姟鈥淢SBuild鈥?
         鍏ㄥ眬灞炴€?
           ExcludeRestorePackageImports=true
           _RestoreSolutionFileUsed=true
           SolutionDir=E:\C\test3\WHU-STU-CHAT\backend\
           SolutionName=backend
           SolutionFileName=backend.sln
           SolutionPath=E:\C\test3\WHU-STU-CHAT\backend\backend.sln
           SolutionExt=.sln
         椤圭洰鈥淓:\C\test3\WHU-STU-CHAT\backend\backend.csproj鈥濈殑鍏朵粬灞炴€?
           Configuration=Debug
           Platform=AnyCPU
     1>椤圭洰鈥淓:\C\test3\WHU-STU-CHAT\backend\backend.sln鈥?1)姝ｅ湪鑺傜偣 1 涓婄敓鎴愨€淓:\C\test3\WHU-STU-CHAT\backend\backend.csproj鈥?2:2) (_GenerateRestoreProjectPathWalk 涓洰鏍?銆?
   2:2>鐢变簬鏉′欢鐨勮绠楃粨鏋滀负 false锛屽凡璺宠繃鐩爣鈥淿GenerateRestoreProjectPathItemsAllFrameworks鈥濓紱( '$(TargetFrameworks)' != '' )鐨勮绠楃粨鏋滀负( '' != '' )銆?
   2:2>鏉ヨ嚜椤圭洰鈥淓:\C\test3\WHU-STU-CHAT\backend\backend.csproj鈥濈殑鏂囦欢鈥淐:\Program Files\dotnet\sdk\9.0.105\NuGet.targets鈥濅腑鐨勭洰鏍団€淿GenerateRestoreProjectPathItemsPerFramework鈥?鐩爣鈥淿GenerateRestoreProjectPathItemsCurrentProject鈥濅緷璧栦簬瀹?:
       姝ｅ湪浣跨敤绋嬪簭闆嗏€淢icrosoft.Build.Tasks.Core, Version=15.1.0.0, Culture=neutral, PublicKeyToken=b03f5f7f11d50a3a鈥濅腑鐨勨€淐onvertToAbsolutePath鈥濅换鍔°€?
       浠诲姟鈥淐onvertToAbsolutePath鈥?
       宸插畬鎴愭墽琛屼换鍔♀€淐onvertToAbsolutePath鈥濈殑鎿嶄綔銆?
   2:2>宸插畬鎴愬湪椤圭洰鈥渂ackend.csproj鈥濅腑鐢熸垚鐩爣鈥淿GenerateRestoreProjectPathItemsPerFramework鈥濈殑鎿嶄綔銆?
   2:2>鏉ヨ嚜椤圭洰鈥淓:\C\test3\WHU-STU-CHAT\backend\backend.csproj鈥濈殑鏂囦欢鈥淐:\Program Files\dotnet\sdk\9.0.105\NuGet.targets鈥濅腑鐨勭洰鏍団€淿GenerateRestoreProjectPathItemsCurrentProject鈥?鐩爣鈥淿GenerateRestoreProjectPathItems鈥濅緷璧栦簬瀹?:
   2:2>宸插畬鎴愬湪椤圭洰鈥渂ackend.csproj鈥濅腑鐢熸垚鐩爣鈥淿GenerateRestoreProjectPathItemsCurrentProject鈥濈殑鎿嶄綔銆?
   2:2>鏉ヨ嚜椤圭洰鈥淓:\C\test3\WHU-STU-CHAT\backend\backend.csproj鈥濈殑鏂囦欢鈥淐:\Program Files\dotnet\sdk\9.0.105\NuGet.targets鈥濅腑鐨勭洰鏍団€淿GenerateRestoreProjectPathItems鈥?鐩爣鈥淿GenerateRestoreProjectPathWalk鈥濅緷璧栦簬瀹?:
       姝ｅ湪浣跨敤绋嬪簭闆嗏€淢icrosoft.Build.Tasks.Core, Version=15.1.0.0, Culture=neutral, PublicKeyToken=b03f5f7f11d50a3a鈥濅腑鐨勨€淩emoveDuplicates鈥濅换鍔°€?
       浠诲姟鈥淩emoveDuplicates鈥?
       宸插畬鎴愭墽琛屼换鍔♀€淩emoveDuplicates鈥濈殑鎿嶄綔銆?
   2:2>宸插畬鎴愬湪椤圭洰鈥渂ackend.csproj鈥濅腑鐢熸垚鐩爣鈥淿GenerateRestoreProjectPathItems鈥濈殑鎿嶄綔銆?
   2:2>鏉ヨ嚜椤圭洰鈥淓:\C\test3\WHU-STU-CHAT\backend\backend.csproj鈥濈殑鏂囦欢鈥淐:\Program Files\dotnet\sdk\9.0.105\NuGet.targets鈥濅腑鐨勭洰鏍団€淿GenerateRestoreProjectPathWalk鈥?鍏ュ彛鐐?:
       姝ｅ湪浣跨敤绋嬪簭闆嗏€淢icrosoft.Build.Tasks.Core, Version=15.1.0.0, Culture=neutral, PublicKeyToken=b03f5f7f11d50a3a鈥濅腑鐨勨€淢SBuild鈥濅换鍔°€?
       浠诲姟鈥淢SBuild鈥?
       宸插畬鎴愭墽琛屼换鍔♀€淢SBuild鈥濈殑鎿嶄綔銆?
       鐢变簬 false 鏉′欢锛屽凡璺宠繃浠诲姟鈥淢SBuild鈥濓紱( '$(RestoreUseSkipNonexistentTargets)' != 'true' )璁＄畻涓? 'true' != 'true' )銆?
       浠诲姟鈥淩emoveDuplicates鈥?
       宸插畬鎴愭墽琛屼换鍔♀€淩emoveDuplicates鈥濈殑鎿嶄綔銆?
   2:2>宸插畬鎴愬湪椤圭洰鈥渂ackend.csproj鈥濅腑鐢熸垚鐩爣鈥淿GenerateRestoreProjectPathWalk鈥濈殑鎿嶄綔銆?
   2:2>宸插畬鎴愮敓鎴愰」鐩€淓:\C\test3\WHU-STU-CHAT\backend\backend.csproj鈥?_GenerateRestoreProjectPathWalk 涓洰鏍?鐨勬搷浣溿€?
     1>宸插畬鎴愭墽琛屼换鍔♀€淢SBuild鈥濈殑鎿嶄綔銆?
       鐢变簬 false 鏉′欢锛屽凡璺宠繃浠诲姟鈥淢SBuild鈥濓紱( '$(RestoreUseSkipNonexistentTargets)' != 'true' )璁＄畻涓? 'true' != 'true' )銆?
       浠诲姟鈥淩emoveDuplicates鈥?
       宸插畬鎴愭墽琛屼换鍔♀€淩emoveDuplicates鈥濈殑鎿嶄綔銆?
       浠诲姟鈥淢SBuild鈥?
         鍏ㄥ眬灞炴€?
           ExcludeRestorePackageImports=true
           _RestoreSolutionFileUsed=true
           SolutionDir=E:\C\test3\WHU-STU-CHAT\backend\
           SolutionName=backend
           SolutionFileName=backend.sln
           SolutionPath=E:\C\test3\WHU-STU-CHAT\backend\backend.sln
           SolutionExt=.sln
         椤圭洰鈥淓:\C\test3\WHU-STU-CHAT\backend\backend.csproj鈥濈殑鍏朵粬灞炴€?
           Configuration=Debug
           Platform=AnyCPU
     1>椤圭洰鈥淓:\C\test3\WHU-STU-CHAT\backend\backend.sln鈥?1)姝ｅ湪鑺傜偣 1 涓婄敓鎴愨€淓:\C\test3\WHU-STU-CHAT\backend\backend.csproj鈥?2:3) (_IsProjectRestoreSupported 涓洰鏍?銆?
   2:3>宸茶烦杩囩洰鏍団€淿IsProjectRestoreSupported鈥濄€備互鍓嶇殑鐢熸垚宸叉垚鍔熴€?
   2:3>宸插畬鎴愮敓鎴愰」鐩€淓:\C\test3\WHU-STU-CHAT\backend\backend.csproj鈥?_IsProjectRestoreSupported 涓洰鏍?鐨勬搷浣溿€?
     1>宸插畬鎴愭墽琛屼换鍔♀€淢SBuild鈥濈殑鎿嶄綔銆?
       鐢变簬 false 鏉′欢锛屽凡璺宠繃浠诲姟鈥淢SBuild鈥濓紱( '$(RestoreUseSkipNonexistentTargets)' != 'true' )璁＄畻涓? 'true' != 'true' )銆?
     1>宸插畬鎴愬湪椤圭洰鈥渂ackend.sln鈥濅腑鐢熸垚鐩爣鈥淿GetAllRestoreProjectPathItems鈥濈殑鎿嶄綔銆?
     1>鏉ヨ嚜椤圭洰鈥淓:\C\test3\WHU-STU-CHAT\backend\backend.sln鈥濈殑鏂囦欢鈥淐:\Program Files\dotnet\sdk\9.0.105\NuGet.targets鈥濅腑鐨勭洰鏍団€淿GenerateRestoreGraph鈥?鐩爣鈥淩estore鈥濅緷璧栦簬瀹?:
       浠诲姟鈥淢essage鈥?
         Generating dg file
       宸插畬鎴愭墽琛屼换鍔♀€淢essage鈥濈殑鎿嶄綔銆?
       浠诲姟鈥淢essage鈥?
         E:\C\test3\WHU-STU-CHAT\backend\backend.csproj
       宸插畬鎴愭墽琛屼换鍔♀€淢essage鈥濈殑鎿嶄綔銆?
       浠诲姟鈥淢SBuild鈥?
         鍏ㄥ眬灞炴€?
           ExcludeRestorePackageImports=true
           _RestoreSolutionFileUsed=true
           SolutionDir=E:\C\test3\WHU-STU-CHAT\backend\
           SolutionName=backend
           SolutionFileName=backend.sln
           SolutionPath=E:\C\test3\WHU-STU-CHAT\backend\backend.sln
           SolutionExt=.sln
         椤圭洰鈥淓:\C\test3\WHU-STU-CHAT\backend\backend.csproj鈥濈殑鍏朵粬灞炴€?
           Configuration=Debug
           Platform=AnyCPU
     1>椤圭洰鈥淓:\C\test3\WHU-STU-CHAT\backend\backend.sln鈥?1)姝ｅ湪鑺傜偣 1 涓婄敓鎴愨€淓:\C\test3\WHU-STU-CHAT\backend\backend.csproj鈥?2:4) (_GenerateRestoreGraphProjectEntry 涓洰鏍?銆?
   2:4>鏉ヨ嚜椤圭洰鈥淓:\C\test3\WHU-STU-CHAT\backend\backend.csproj鈥濈殑鏂囦欢鈥淐:\Program Files\dotnet\sdk\9.0.105\NuGet.targets鈥濅腑鐨勭洰鏍団€淿GetProjectJsonPath鈥?鐩爣鈥淿GetRestoreProjectStyle鈥濅緷璧栦簬瀹?:
   2:4>鐢变簬 false 鏉′欢锛屽凡璺宠繃浠诲姟鈥淕etRestoreProjectJsonPathTask鈥濓紱( '$(RestoreProjectStyle)' == 'ProjectJson' OR '$(RestoreProjectStyle)' == '' )璁＄畻涓? 'PackageReference' == 'ProjectJson' OR 'PackageReference' == '' )銆?
   2:4>宸插畬鎴愬湪椤圭洰鈥渂ackend.csproj鈥濅腑鐢熸垚鐩爣鈥淿GetProjectJsonPath鈥濈殑鎿嶄綔銆?
       鐢变簬鏉′欢鐨勮绠楃粨鏋滀负 false锛屽凡璺宠繃鐩爣鈥淿CheckForUnsupportedTargetPlatformIdentifier鈥濓紱('$(TargetPlatformIdentifier)' != '' and '$(TargetFrameworkIdentifier)' == '.NETCoreApp' and $([MSBuild]::VersionGreaterThanOrEquals($(TargetFrameworkVersion), 5.0)) And ('$(DesignTimeBuild)' != 'true' Or '@(MissingWorkloadPack)' == ''))鐨勮绠楃粨鏋滀负('' != '' and '.NETCoreApp' == '.NETCoreApp' and True And ('' != 'true' Or '' == ''))銆?
       鐢变簬鏉′欢鐨勮绠楃粨鏋滀负 false锛屽凡璺宠繃鐩爣鈥淿CheckForMissingWorkload鈥濓紱('@(MissingWorkloadPack)' != '' And '$(DesignTimeBuild)' != 'true')鐨勮绠楃粨鏋滀负('' != '' And '' != 'true')銆?
   2:4>鏉ヨ嚜椤圭洰鈥淓:\C\test3\WHU-STU-CHAT\backend\backend.csproj鈥濈殑鏂囦欢鈥淐:\Program Files\dotnet\sdk\9.0.105\Sdks\Microsoft.NET.Sdk\targets\Microsoft.NET.TargetFrameworkInference.targets鈥濅腑鐨勭洰鏍団€淿CheckForUnsupportedNETCoreVersion鈥?鐩爣鈥淐ollectPackageReferences鈥濅緷璧栦簬瀹?:
       鐢变簬 false 鏉′欢锛屽凡璺宠繃浠诲姟鈥淣ETSdkError鈥濓紱('$(_TargetFrameworkVersionWithoutV)' > '$(NETCoreAppMaximumVersion)' and '$(DisplayVSMessage)' != 'true')璁＄畻涓?'8.0' > '9.0' and '' != 'true')銆?
       鐢变簬 false 鏉′欢锛屽凡璺宠繃浠诲姟鈥淣ETSdkError鈥濓紱('$(DisplayVSMessage)' == 'true')璁＄畻涓?'' == 'true')銆?
   2:4>宸插畬鎴愬湪椤圭洰鈥渂ackend.csproj鈥濅腑鐢熸垚鐩爣鈥淿CheckForUnsupportedNETCoreVersion鈥濈殑鎿嶄綔銆?
       鐢变簬鏉′欢鐨勮绠楃粨鏋滀负 false锛屽凡璺宠繃鐩爣鈥淿CheckForEolTargetFrameworks鈥濓紱('@(_EolNetCoreTargetFrameworkVersions->AnyHaveMetadataValue('Identity', '$(_TargetFrameworkVersionWithoutV)'))' and '$(TargetFrameworkIdentifier)' == '.NETCoreApp' and '$(CheckEolTargetFramework)' == 'true')鐨勮绠楃粨鏋滀负('false' and '.NETCoreApp' == '.NETCoreApp' and 'true' == 'true')銆?
       鐢变簬鏉′欢鐨勮绠楃粨鏋滀负 false锛屽凡璺宠繃鐩爣鈥淿CheckForEolWorkloads鈥濓紱('@(EolWorkload)' != '' and '$(CheckEolWorkloads)' == 'true')鐨勮绠楃粨鏋滀负('' != '' and 'true' == 'true')銆?
       鐢变簬鏉′欢鐨勮绠楃粨鏋滀负 false锛屽凡璺宠繃鐩爣鈥淿CheckForNotRecommendedNETStandardVersion鈥濓紱('$(TargetFrameworkIdentifier)' == '.NETStandard' and $([MSBuild]::VersionLessThan($(TargetFrameworkVersion), '2.0')))鐨勮绠楃粨鏋滀负('.NETCoreApp' == '.NETStandard' and False)銆?
   2:4>鏉ヨ嚜椤圭洰鈥淓:\C\test3\WHU-STU-CHAT\backend\backend.csproj鈥濈殑鏂囦欢鈥淐:\Program Files\dotnet\sdk\9.0.105\Sdks\Microsoft.NET.Sdk\targets\Microsoft.NET.TargetFrameworkInference.targets鈥濅腑鐨勭洰鏍団€淿CheckForUnsupportedCppNETCoreVersion鈥?鐩爣鈥淐ollectPackageReferences鈥濅緷璧栦簬瀹?:
       鐢变簬 false 鏉′欢锛屽凡璺宠繃浠诲姟鈥淣ETSdkError鈥濓紱('$(TargetFrameworkIdentifier)' == '.NETCoreApp' and '$(_TargetFrameworkVersionWithoutV)' < '3.1' and ('$(Language)' == 'C++' and '$(_EnablePackageReferencesInVCProjects)' != 'true'))璁＄畻涓?'.NETCoreApp' == '.NETCoreApp' and '8.0' < '3.1' and ('C#' == 'C++' and '' != 'true'))銆?
   2:4>宸插畬鎴愬湪椤圭洰鈥渂ackend.csproj鈥濅腑鐢熸垚鐩爣鈥淿CheckForUnsupportedCppNETCoreVersion鈥濈殑鎿嶄綔銆?
       鐢变簬鏉′欢鐨勮绠楃粨鏋滀负 false锛屽凡璺宠繃鐩爣鈥淿CheckForUnsupportedNETStandardVersion鈥濓紱('$(TargetFrameworkIdentifier)' == '.NETStandard' And '$(NETStandardMaximumVersion)' != '')鐨勮绠楃粨鏋滀负('.NETCoreApp' == '.NETStandard' And '' != '')銆?
       鐢变簬鏉′欢鐨勮绠楃粨鏋滀负 false锛屽凡璺宠繃鐩爣鈥淿CheckForUnsupportedTargetFrameworkAndFeatureCombination鈥濓紱('$(TargetFrameworkIdentifier)' == '.NETFramework')鐨勮绠楃粨鏋滀负('.NETCoreApp' == '.NETFramework')銆?
   2:4>鏉ヨ嚜椤圭洰鈥淓:\C\test3\WHU-STU-CHAT\backend\backend.csproj鈥濈殑鏂囦欢鈥淐:\Program Files\dotnet\sdk\9.0.105\Sdks\Microsoft.NET.Sdk\targets\Microsoft.NET.Sdk.DefaultItems.Shared.targets鈥濅腑鐨勭洰鏍団€淯pdateAspNetToFrameworkReference鈥?鐩爣鈥淎pplyImplicitVersions鈥濅緷璧栦簬瀹?:
       姝ｅ湪浣跨敤绋嬪簭闆嗏€淐:\Program Files\dotnet\sdk\9.0.105\Sdks\Microsoft.NET.Sdk\targets\..\tools\net9.0\Microsoft.NET.Build.Tasks.dll鈥濅腑鐨勨€淐heckIfPackageReferenceShouldBeFrameworkReference鈥濅换鍔°€?
       浠诲姟鈥淐heckIfPackageReferenceShouldBeFrameworkReference鈥?
       宸插畬鎴愭墽琛屼换鍔♀€淐heckIfPackageReferenceShouldBeFrameworkReference鈥濈殑鎿嶄綔銆?
       鐢变簬 false 鏉′欢锛屽凡璺宠繃浠诲姟鈥淣ETSdkError鈥濓紱('$(_ShouldRemoveAspNetCoreAll)' == 'true')璁＄畻涓?'False' == 'true')銆?
       浠诲姟鈥淐heckIfPackageReferenceShouldBeFrameworkReference鈥?
       宸插畬鎴愭墽琛屼换鍔♀€淐heckIfPackageReferenceShouldBeFrameworkReference鈥濈殑鎿嶄綔銆?
       鐢变簬 false 鏉′欢锛屽凡璺宠繃浠诲姟鈥淣ETSdkWarning鈥濓紱('$(_ShouldRemoveAspNetCoreApp)' == 'true')璁＄畻涓?'False' == 'true')銆?
   2:4>宸插畬鎴愬湪椤圭洰鈥渂ackend.csproj鈥濅腑鐢熸垚鐩爣鈥淯pdateAspNetToFrameworkReference鈥濈殑鎿嶄綔銆?
       鐢变簬鏉′欢鐨勮绠楃粨鏋滀负 false锛屽凡璺宠繃鐩爣鈥淚ncludeTargetingPackReference鈥濓紱('$(TargetFrameworkMoniker)' != '' and '$(TargetFrameworkIdentifier)' == '.NETFramework' and '$(AutomaticallyUseReferenceAssemblyPackages)' == 'true')鐨勮绠楃粨鏋滀负('.NETCoreApp,Version=v8.0' != '' and '.NETCoreApp' == '.NETFramework' and 'true' == 'true')銆?
   2:4>鏉ヨ嚜椤圭洰鈥淓:\C\test3\WHU-STU-CHAT\backend\backend.csproj鈥濈殑鏂囦欢鈥淐:\Program Files\dotnet\sdk\9.0.105\Sdks\Microsoft.NET.Sdk\targets\Microsoft.NET.Sdk.DefaultItems.Shared.targets鈥濅腑鐨勭洰鏍団€淐heckForImplicitPackageReferenceOverrides鈥?鐩爣鈥淎pplyImplicitVersions鈥濅緷璧栦簬瀹?:
       姝ｅ湪浣跨敤绋嬪簭闆嗏€淐:\Program Files\dotnet\sdk\9.0.105\Sdks\Microsoft.NET.Sdk\targets\..\tools\net9.0\Microsoft.NET.Build.Tasks.dll鈥濅腑鐨勨€淐heckForImplicitPackageReferenceOverrides鈥濅换鍔°€?
       浠诲姟鈥淐heckForImplicitPackageReferenceOverrides鈥?
       宸插畬鎴愭墽琛屼换鍔♀€淐heckForImplicitPackageReferenceOverrides鈥濈殑鎿嶄綔銆?
   2:4>宸插畬鎴愬湪椤圭洰鈥渂ackend.csproj鈥濅腑鐢熸垚鐩爣鈥淐heckForImplicitPackageReferenceOverrides鈥濈殑鎿嶄綔銆?
   2:4>鏉ヨ嚜椤圭洰鈥淓:\C\test3\WHU-STU-CHAT\backend\backend.csproj鈥濈殑鏂囦欢鈥淐:\Program Files\dotnet\sdk\9.0.105\Sdks\Microsoft.NET.Sdk\targets\Microsoft.NET.Sdk.DefaultItems.Shared.targets鈥濅腑鐨勭洰鏍団€淎pplyImplicitVersions鈥?鐩爣鈥淐ollectPackageReferences鈥濅緷璧栦簬瀹?:
       姝ｅ湪浣跨敤绋嬪簭闆嗏€淐:\Program Files\dotnet\sdk\9.0.105\Sdks\Microsoft.NET.Sdk\targets\..\tools\net9.0\Microsoft.NET.Build.Tasks.dll鈥濅腑鐨勨€淎pplyImplicitVersions鈥濅换鍔°€?
       浠诲姟鈥淎pplyImplicitVersions鈥?
       宸插畬鎴愭墽琛屼换鍔♀€淎pplyImplicitVersions鈥濈殑鎿嶄綔銆?
   2:4>宸插畬鎴愬湪椤圭洰鈥渂ackend.csproj鈥濅腑鐢熸垚鐩爣鈥淎pplyImplicitVersions鈥濈殑鎿嶄綔銆?
       宸茶烦杩囩洰鏍団€淐heckForImplicitPackageReferenceOverrides鈥濄€備互鍓嶇殑鐢熸垚宸叉垚鍔熴€?
       鐢变簬鏉′欢鐨勮绠楃粨鏋滀负 false锛屽凡璺宠繃鐩爣鈥淎ddWindowsSdkKnownFrameworkReferences鈥濓紱('$(TargetFrameworkIdentifier)' == '.NETCoreApp' And '$(TargetPlatformIdentifier)' == 'Windows')鐨勮绠楃粨鏋滀负('.NETCoreApp' == '.NETCoreApp' And '' == 'Windows')銆?
       鐢变簬鏉′欢鐨勮绠楃粨鏋滀负 false锛屽凡璺宠繃鐩爣鈥淿NormalizeTargetPlatformVersion鈥濓紱('$(TargetPlatformVersion)' != '' and '$(TargetFrameworkIdentifier)' == '.NETCoreApp' and $([MSBuild]::VersionGreaterThanOrEquals($(TargetFrameworkVersion), 5.0)) and ('$(Language)' != 'C++' or '$(_EnablePackageReferencesInVCProjects)' == 'true'))鐨勮绠楃粨鏋滀负('' != '' and '.NETCoreApp' == '.NETCoreApp' and True and ('C#' != 'C++' or '' == 'true'))銆?
   2:4>鏉ヨ嚜椤圭洰鈥淓:\C\test3\WHU-STU-CHAT\backend\backend.csproj鈥濈殑鏂囦欢鈥淐:\Program Files\dotnet\sdk\9.0.105\Sdks\Microsoft.NET.Sdk\targets\Microsoft.NET.RuntimeIdentifierInference.targets鈥濅腑鐨勭洰鏍団€淿CheckForLanguageAndFeatureCombinationSupport鈥?鐩爣鈥淧rocessFrameworkReferences鈥濅緷璧栦簬瀹?:
       鐢变簬 false 鏉′欢锛屽凡璺宠繃浠诲姟鈥淣ETSdkError鈥濓紱(('$(Language)' == 'C++' and '$(_EnablePackageReferencesInVCProjects)' != 'true') and $(OutputType) != 'library' and '$(TargetFrameworkIdentifier)' == '.NETCoreApp')璁＄畻涓?('C#' == 'C++' and '' != 'true') and Exe != 'library' and '.NETCoreApp' == '.NETCoreApp')銆?
       鐢变簬 false 鏉′欢锛屽凡璺宠繃浠诲姟鈥淣ETSdkError鈥濓紱(('$(Language)' == 'C++' and '$(_EnablePackageReferencesInVCProjects)' != 'true') and $(EnableComHosting) == 'true')璁＄畻涓?('C#' == 'C++' and '' != 'true') and  == 'true')銆?
       鐢变簬 false 鏉′欢锛屽凡璺宠繃浠诲姟鈥淣ETSdkError鈥濓紱(('$(Language)' == 'C++' and '$(_EnablePackageReferencesInVCProjects)' != 'true') and $(SelfContained) == 'true')璁＄畻涓?('C#' == 'C++' and '' != 'true') and false == 'true')銆?
   2:4>宸插畬鎴愬湪椤圭洰鈥渂ackend.csproj鈥濅腑鐢熸垚鐩爣鈥淿CheckForLanguageAndFeatureCombinationSupport鈥濈殑鎿嶄綔銆?
   2:4>鏉ヨ嚜椤圭洰鈥淓:\C\test3\WHU-STU-CHAT\backend\backend.csproj鈥濈殑鏂囦欢鈥淐:\Program Files\dotnet\sdk\9.0.105\Sdks\Microsoft.NET.Sdk\targets\Microsoft.NET.Publish.targets鈥濅腑鐨勭洰鏍団€淿ComputeToolPackInputsToProcessFrameworkReferences鈥?鐩爣鈥淧rocessFrameworkReferences鈥濅緷璧栦簬瀹?:
   2:4>宸插畬鎴愬湪椤圭洰鈥渂ackend.csproj鈥濅腑鐢熸垚鐩爣鈥淿ComputeToolPackInputsToProcessFrameworkReferences鈥濈殑鎿嶄綔銆?
   2:4>鏉ヨ嚜椤圭洰鈥淓:\C\test3\WHU-STU-CHAT\backend\backend.csproj鈥濈殑鏂囦欢鈥淐:\Program Files\dotnet\sdk\9.0.105\Sdks\Microsoft.NET.Sdk\targets\Microsoft.NET.Sdk.FrameworkReferenceResolution.targets鈥濅腑鐨勭洰鏍団€淧rocessFrameworkReferences鈥?鐩爣鈥淐ollectPackageReferences鈥濅緷璧栦簬瀹?:
       姝ｅ湪浣跨敤绋嬪簭闆嗏€淐:\Program Files\dotnet\sdk\9.0.105\Sdks\Microsoft.NET.Sdk\targets\..\tools\net9.0\Microsoft.NET.Build.Tasks.dll鈥濅腑鐨勨€淐heckForDuplicateFrameworkReferences鈥濅换鍔°€?
       浠诲姟鈥淐heckForDuplicateFrameworkReferences鈥?
       宸插畬鎴愭墽琛屼换鍔♀€淐heckForDuplicateFrameworkReferences鈥濈殑鎿嶄綔銆?
       姝ｅ湪浣跨敤绋嬪簭闆嗏€淐:\Program Files\dotnet\sdk\9.0.105\Sdks\Microsoft.NET.Sdk\targets\..\tools\net9.0\Microsoft.NET.Build.Tasks.dll鈥濅腑鐨勨€淧rocessFrameworkReferences鈥濅换鍔°€?
       浠诲姟鈥淧rocessFrameworkReferences鈥?
       宸插畬鎴愭墽琛屼换鍔♀€淧rocessFrameworkReferences鈥濈殑鎿嶄綔銆?
       姝ｅ湪浣跨敤绋嬪簭闆嗏€淐:\Program Files\dotnet\sdk\9.0.105\Sdks\Microsoft.NET.Sdk\targets\..\tools\net9.0\Microsoft.NET.Build.Tasks.dll鈥濅腑鐨勨€淩esolveAppHosts鈥濅换鍔°€?
       浠诲姟鈥淩esolveAppHosts鈥?
       宸插畬鎴愭墽琛屼换鍔♀€淩esolveAppHosts鈥濈殑鎿嶄綔銆?
   2:4>宸插畬鎴愬湪椤圭洰鈥渂ackend.csproj鈥濅腑鐢熸垚鐩爣鈥淧rocessFrameworkReferences鈥濈殑鎿嶄綔銆?
       鐢变簬鏉′欢鐨勮绠楃粨鏋滀负 false锛屽凡璺宠繃鐩爣鈥淚ncludeTargetingPackReference鈥濓紱('$(TargetFrameworkMoniker)' != '' and '$(TargetFrameworkIdentifier)' == '.NETFramework' and '$(AutomaticallyUseReferenceAssemblyPackages)' == 'true')鐨勮绠楃粨鏋滀负('.NETCoreApp,Version=v8.0' != '' and '.NETCoreApp' == '.NETFramework' and 'true' == 'true')銆?
       鐢变簬鏉′欢鐨勮绠楃粨鏋滀负 false锛屽凡璺宠繃鐩爣鈥淿CheckMicrosoftNetCompilersToolsetFrameworkPackageReference鈥濓紱('$(MSBuildRuntimeType)' == 'Full')鐨勮绠楃粨鏋滀负('Core' == 'Full')銆?
   2:4>鏉ヨ嚜椤圭洰鈥淓:\C\test3\WHU-STU-CHAT\backend\backend.csproj鈥濈殑鏂囦欢鈥淐:\Program Files\dotnet\sdk\9.0.105\Sdks\Microsoft.NET.Sdk\targets\Microsoft.NET.ObsoleteReferences.targets鈥濅腑鐨勭洰鏍団€淿CheckForObsoleteDotNetCliToolReferences鈥?鐩爣鈥淐ollectPackageReferences鈥濅緷璧栦簬瀹?:
       鐢变簬 false 鏉′欢锛屽凡璺宠繃浠诲姟鈥淣ETSdkWarning鈥濓紱( '%(_ReferenceToObsoleteDotNetCliTool.Identity)' != '' )璁＄畻涓? '' != '' )銆?
   2:4>宸插畬鎴愬湪椤圭洰鈥渂ackend.csproj鈥濅腑鐢熸垚鐩爣鈥淿CheckForObsoleteDotNetCliToolReferences鈥濈殑鎿嶄綔銆?
   2:4>鏉ヨ嚜椤圭洰鈥淓:\C\test3\WHU-STU-CHAT\backend\backend.csproj鈥濈殑鏂囦欢鈥淐:\Program Files\dotnet\sdk\9.0.105\NuGet.targets鈥濅腑鐨勭洰鏍団€淐ollectPackageReferences鈥?鐩爣鈥淿GetRestoreProjectStyle鈥濅緷璧栦簬瀹?:
       姝ｅ湪浣跨敤绋嬪簭闆嗏€淐:\Program Files\dotnet\sdk\9.0.105\NuGet.Build.Tasks.dll鈥濅腑鐨勨€淐heckForDuplicateNuGetItemsTask鈥濅换鍔°€?
       浠诲姟鈥淐heckForDuplicateNuGetItemsTask鈥?
       宸插畬鎴愭墽琛屼换鍔♀€淐heckForDuplicateNuGetItemsTask鈥濈殑鎿嶄綔銆?
   2:4>宸插畬鎴愬湪椤圭洰鈥渂ackend.csproj鈥濅腑鐢熸垚鐩爣鈥淐ollectPackageReferences鈥濈殑鎿嶄綔銆?
   2:4>鏉ヨ嚜椤圭洰鈥淓:\C\test3\WHU-STU-CHAT\backend\backend.csproj鈥濈殑鏂囦欢鈥淐:\Program Files\dotnet\sdk\9.0.105\NuGet.targets鈥濅腑鐨勭洰鏍団€淿GetRestoreProjectStyle鈥?鐩爣鈥淿GenerateRestoreSpecs鈥濅緷璧栦簬瀹?:
       姝ｅ湪浣跨敤绋嬪簭闆嗏€淐:\Program Files\dotnet\sdk\9.0.105\NuGet.Build.Tasks.dll鈥濅腑鐨勨€淕etRestoreProjectStyleTask鈥濅换鍔°€?
       浠诲姟鈥淕etRestoreProjectStyleTask鈥?
       宸插畬鎴愭墽琛屼换鍔♀€淕etRestoreProjectStyleTask鈥濈殑鎿嶄綔銆?
   2:4>宸插畬鎴愬湪椤圭洰鈥渂ackend.csproj鈥濅腑鐢熸垚鐩爣鈥淿GetRestoreProjectStyle鈥濈殑鎿嶄綔銆?
   2:4>鏉ヨ嚜椤圭洰鈥淓:\C\test3\WHU-STU-CHAT\backend\backend.csproj鈥濈殑鏂囦欢鈥淐:\Program Files\dotnet\sdk\9.0.105\NuGet.targets鈥濅腑鐨勭洰鏍団€淿GenerateRestoreSpecs鈥?鐩爣鈥淿GenerateRestoreGraphProjectEntry鈥濅緷璧栦簬瀹?:
       姝ｅ湪浣跨敤绋嬪簭闆嗏€淢icrosoft.Build.Tasks.Core, Version=15.1.0.0, Culture=neutral, PublicKeyToken=b03f5f7f11d50a3a鈥濅腑鐨勨€淢essage鈥濅换鍔°€?
       浠诲姟鈥淢essage鈥?
         Restore entry point E:\C\test3\WHU-STU-CHAT\backend\backend.csproj
       宸插畬鎴愭墽琛屼换鍔♀€淢essage鈥濈殑鎿嶄綔銆?
   2:4>宸插畬鎴愬湪椤圭洰鈥渂ackend.csproj鈥濅腑鐢熸垚鐩爣鈥淿GenerateRestoreSpecs鈥濈殑鎿嶄綔銆?
   2:4>鏉ヨ嚜椤圭洰鈥淓:\C\test3\WHU-STU-CHAT\backend\backend.csproj鈥濈殑鏂囦欢鈥淐:\Program Files\dotnet\sdk\9.0.105\NuGet.targets鈥濅腑鐨勭洰鏍団€淿GetRestoreSettingsOverrides鈥?鐩爣鈥淿GetRestoreSettings鈥濅緷璧栦簬瀹?:
       鐢变簬 false 鏉′欢锛屽凡璺宠繃浠诲姟鈥淢SBuild鈥濓紱( '$(RestorePackagesPath)' != '' )璁＄畻涓? '' != '' )銆?
       鐢变簬 false 鏉′欢锛屽凡璺宠繃浠诲姟鈥淢SBuild鈥濓紱( '$(RestoreRepositoryPathOverride)' != '' )璁＄畻涓? '' != '' )銆?
       鐢变簬 false 鏉′欢锛屽凡璺宠繃浠诲姟鈥淢SBuild鈥濓紱( '$(RestoreSources)' != '' )璁＄畻涓? '' != '' )銆?
       鐢变簬 false 鏉′欢锛屽凡璺宠繃浠诲姟鈥淢SBuild鈥濓紱( '$(RestoreFallbackFolders)' != '' )璁＄畻涓? '' != '' )銆?
   2:4>宸插畬鎴愬湪椤圭洰鈥渂ackend.csproj鈥濅腑鐢熸垚鐩爣鈥淿GetRestoreSettingsOverrides鈥濈殑鎿嶄綔銆?
   2:4>鏉ヨ嚜椤圭洰鈥淓:\C\test3\WHU-STU-CHAT\backend\backend.csproj鈥濈殑鏂囦欢鈥淐:\Program Files\dotnet\sdk\9.0.105\NuGet.targets鈥濅腑鐨勭洰鏍団€淿GetRestoreSettingsPerFramework鈥?鐩爣鈥淿GetRestoreSettingsCurrentProject鈥濅緷璧栦簬瀹?:
   2:4>宸插畬鎴愬湪椤圭洰鈥渂ackend.csproj鈥濅腑鐢熸垚鐩爣鈥淿GetRestoreSettingsPerFramework鈥濈殑鎿嶄綔銆?
   2:4>鏉ヨ嚜椤圭洰鈥淓:\C\test3\WHU-STU-CHAT\backend\backend.csproj鈥濈殑鏂囦欢鈥淐:\Program Files\dotnet\sdk\9.0.105\NuGet.targets鈥濅腑鐨勭洰鏍団€淿GetRestoreSettingsCurrentProject鈥?鐩爣鈥淿GetRestoreSettings鈥濅緷璧栦簬瀹?:
   2:4>宸插畬鎴愬湪椤圭洰鈥渂ackend.csproj鈥濅腑鐢熸垚鐩爣鈥淿GetRestoreSettingsCurrentProject鈥濈殑鎿嶄綔銆?
       鐢变簬鏉′欢鐨勮绠楃粨鏋滀负 false锛屽凡璺宠繃鐩爣鈥淿GetRestoreSettingsAllFrameworks鈥濓紱( '$(TargetFrameworks)' != '' AND '$(PackageReferenceCompatibleProjectStyle)' == 'true' )鐨勮绠楃粨鏋滀负( '' != '' AND 'True' == 'true' )銆?
   2:4>鏉ヨ嚜椤圭洰鈥淓:\C\test3\WHU-STU-CHAT\backend\backend.csproj鈥濈殑鏂囦欢鈥淐:\Program Files\dotnet\sdk\9.0.105\NuGet.targets鈥濅腑鐨勭洰鏍団€淿GetRestoreSettings鈥?鐩爣鈥淿GenerateDotnetCliToolReferenceSpecs鈥濅緷璧栦簬瀹?:
       姝ｅ湪浣跨敤绋嬪簭闆嗏€淐:\Program Files\dotnet\sdk\9.0.105\NuGet.Build.Tasks.dll鈥濅腑鐨勨€淕etRestoreSettingsTask鈥濅换鍔°€?
       浠诲姟鈥淕etRestoreSettingsTask鈥?
         鍦?TaskRun (NuGet.Build.Tasks.GetRestoreSettingsTask) 鏈熼棿鍔犺浇鐨勭▼搴忛泦: NuGet.Configuration, Version=6.12.2.1, Culture=neutral, PublicKeyToken=31bf3856ad364e35 (浣嶇疆: C:\Program Files\dotnet\sdk\9.0.105\NuGet.Configuration.dll锛孧VID: c82213bc-833f-4bc7-a2f7-b140e375f94d锛孉ssemblyLoadContext: MSBuild plugin C:\Program Files\dotnet\sdk\9.0.105\NuGet.Build.Tasks.dll)
       宸插畬鎴愭墽琛屼换鍔♀€淕etRestoreSettingsTask鈥濈殑鎿嶄綔銆?
   2:4>宸插畬鎴愬湪椤圭洰鈥渂ackend.csproj鈥濅腑鐢熸垚鐩爣鈥淿GetRestoreSettings鈥濈殑鎿嶄綔銆?
   2:4>鏉ヨ嚜椤圭洰鈥淓:\C\test3\WHU-STU-CHAT\backend\backend.csproj鈥濈殑鏂囦欢鈥淐:\Program Files\dotnet\sdk\9.0.105\NuGet.targets鈥濅腑鐨勭洰鏍団€淿GenerateDotnetCliToolReferenceSpecs鈥?鐩爣鈥淿GenerateRestoreGraphProjectEntry鈥濅緷璧栦簬瀹?:
       姝ｅ湪浣跨敤绋嬪簭闆嗏€淐:\Program Files\dotnet\sdk\9.0.105\NuGet.Build.Tasks.dll鈥濅腑鐨勨€淕etRestoreDotnetCliToolsTask鈥濅换鍔°€?
       浠诲姟鈥淕etRestoreDotnetCliToolsTask鈥?
       宸插畬鎴愭墽琛屼换鍔♀€淕etRestoreDotnetCliToolsTask鈥濈殑鎿嶄綔銆?
   2:4>宸插畬鎴愬湪椤圭洰鈥渂ackend.csproj鈥濅腑鐢熸垚鐩爣鈥淿GenerateDotnetCliToolReferenceSpecs鈥濈殑鎿嶄綔銆?
   2:4>鏉ヨ嚜椤圭洰鈥淓:\C\test3\WHU-STU-CHAT\backend\backend.csproj鈥濈殑鏂囦欢鈥淐:\Program Files\dotnet\sdk\9.0.105\NuGet.targets鈥濅腑鐨勭洰鏍団€淿GenerateRestoreGraphProjectEntry鈥?鍏ュ彛鐐?:
   2:4>宸插畬鎴愬湪椤圭洰鈥渂ackend.csproj鈥濅腑鐢熸垚鐩爣鈥淿GenerateRestoreGraphProjectEntry鈥濈殑鎿嶄綔銆?
   2:4>宸插畬鎴愮敓鎴愰」鐩€淓:\C\test3\WHU-STU-CHAT\backend\backend.csproj鈥?_GenerateRestoreGraphProjectEntry 涓洰鏍?鐨勬搷浣溿€?
     1>宸插畬鎴愭墽琛屼换鍔♀€淢SBuild鈥濈殑鎿嶄綔銆?
       浠诲姟鈥淢SBuild鈥?
         鍏ㄥ眬灞炴€?
           ExcludeRestorePackageImports=true
           _RestoreSolutionFileUsed=true
           SolutionDir=E:\C\test3\WHU-STU-CHAT\backend\
           SolutionName=backend
           SolutionFileName=backend.sln
           SolutionPath=E:\C\test3\WHU-STU-CHAT\backend\backend.sln
           SolutionExt=.sln
         椤圭洰鈥淓:\C\test3\WHU-STU-CHAT\backend\backend.csproj鈥濈殑鍏朵粬灞炴€?
           Configuration=Debug
           Platform=AnyCPU
     1>椤圭洰鈥淓:\C\test3\WHU-STU-CHAT\backend\backend.sln鈥?1)姝ｅ湪鑺傜偣 1 涓婄敓鎴愨€淓:\C\test3\WHU-STU-CHAT\backend\backend.csproj鈥?2:5) (_GenerateProjectRestoreGraph 涓洰鏍?銆?
   2:5>宸茶烦杩囩洰鏍団€淿GetRestoreProjectStyle鈥濄€備互鍓嶇殑鐢熸垚宸叉垚鍔熴€?
       宸茶烦杩囩洰鏍団€淿GetRestoreProjectStyle鈥濄€備互鍓嶇殑鐢熸垚宸叉垚鍔熴€?
       宸茶烦杩囩洰鏍団€淿GetRestoreProjectStyle鈥濄€備互鍓嶇殑鐢熸垚宸叉垚鍔熴€?
   2:5>鏉ヨ嚜椤圭洰鈥淓:\C\test3\WHU-STU-CHAT\backend\backend.csproj鈥濈殑鏂囦欢鈥淐:\Program Files\dotnet\sdk\9.0.105\NuGet.targets鈥濅腑鐨勭洰鏍団€淿GetRestoreTargetFrameworkOverride鈥?鐩爣鈥淿GetRestoreTargetFrameworksOutput鈥濅緷璧栦簬瀹?:
       鐢变簬 false 鏉′欢锛屽凡璺宠繃浠诲姟鈥淕etGlobalPropertyValueTask鈥濓紱( '$(TargetFrameworks)' != '' )璁＄畻涓? '' != '' )銆?
   2:5>宸插畬鎴愬湪椤圭洰鈥渂ackend.csproj鈥濅腑鐢熸垚鐩爣鈥淿GetRestoreTargetFrameworkOverride鈥濈殑鎿嶄綔銆?
   2:5>鏉ヨ嚜椤圭洰鈥淓:\C\test3\WHU-STU-CHAT\backend\backend.csproj鈥濈殑鏂囦欢鈥淐:\Program Files\dotnet\sdk\9.0.105\NuGet.targets鈥濅腑鐨勭洰鏍団€淿GetRestoreTargetFrameworksOutput鈥?鐩爣鈥淿GenerateRestoreProjectSpec鈥濅緷璧栦簬瀹?:
       姝ｅ湪浣跨敤绋嬪簭闆嗏€淐:\Program Files\dotnet\sdk\9.0.105\NuGet.Build.Tasks.dll鈥濅腑鐨勨€淕etProjectTargetFrameworksTask鈥濅换鍔°€?
       浠诲姟鈥淕etProjectTargetFrameworksTask鈥?
       宸插畬鎴愭墽琛屼换鍔♀€淕etProjectTargetFrameworksTask鈥濈殑鎿嶄綔銆?
   2:5>宸插畬鎴愬湪椤圭洰鈥渂ackend.csproj鈥濅腑鐢熸垚鐩爣鈥淿GetRestoreTargetFrameworksOutput鈥濈殑鎿嶄綔銆?
       宸茶烦杩囩洰鏍団€淿GetRestoreSettings鈥濄€備互鍓嶇殑鐢熸垚宸叉垚鍔熴€?
   2:5>鏉ヨ嚜椤圭洰鈥淓:\C\test3\WHU-STU-CHAT\backend\backend.csproj鈥濈殑鏂囦欢鈥淐:\Program Files\dotnet\sdk\9.0.105\NuGet.targets鈥濅腑鐨勭洰鏍団€淿GenerateRestoreProjectSpec鈥?鐩爣鈥淿GenerateProjectRestoreGraph鈥濅緷璧栦簬瀹?:
       浠诲姟鈥淐onvertToAbsolutePath鈥?
       宸插畬鎴愭墽琛屼换鍔♀€淐onvertToAbsolutePath鈥濈殑鎿嶄綔銆?
   2:5>宸插畬鎴愬湪椤圭洰鈥渂ackend.csproj鈥濅腑鐢熸垚鐩爣鈥淿GenerateRestoreProjectSpec鈥濈殑鎿嶄綔銆?
       鐢变簬鏉′欢鐨勮绠楃粨鏋滀负 false锛屽凡璺宠繃鐩爣鈥淿GenerateProjectRestoreGraphAllFrameworks鈥濓紱( '$(TargetFrameworks)' != '' )鐨勮绠楃粨鏋滀负( '' != '' )銆?
       宸茶烦杩囩洰鏍団€淿GetRestoreProjectStyle鈥濄€備互鍓嶇殑鐢熸垚宸叉垚鍔熴€?
       宸茶烦杩囩洰鏍団€淐ollectPackageReferences鈥濄€備互鍓嶇殑鐢熸垚宸叉垚鍔熴€?
   2:5>鏉ヨ嚜椤圭洰鈥淓:\C\test3\WHU-STU-CHAT\backend\backend.csproj鈥濈殑鏂囦欢鈥淐:\Program Files\dotnet\sdk\9.0.105\NuGet.targets鈥濅腑鐨勭洰鏍団€淐ollectPackageDownloads鈥?鐩爣鈥淿CollectRestoreInputs鈥濅緷璧栦簬瀹?:
       浠诲姟鈥淐heckForDuplicateNuGetItemsTask鈥?
       宸插畬鎴愭墽琛屼换鍔♀€淐heckForDuplicateNuGetItemsTask鈥濈殑鎿嶄綔銆?
   2:5>宸插畬鎴愬湪椤圭洰鈥渂ackend.csproj鈥濅腑鐢熸垚鐩爣鈥淐ollectPackageDownloads鈥濈殑鎿嶄綔銆?
   2:5>鏉ヨ嚜椤圭洰鈥淓:\C\test3\WHU-STU-CHAT\backend\backend.csproj鈥濈殑鏂囦欢鈥淐:\Program Files\dotnet\sdk\9.0.105\NuGet.targets鈥濅腑鐨勭洰鏍団€淐ollectFrameworkReferences鈥?鐩爣鈥淿CollectRestoreInputs鈥濅緷璧栦簬瀹?:
   2:5>宸插畬鎴愬湪椤圭洰鈥渂ackend.csproj鈥濅腑鐢熸垚鐩爣鈥淐ollectFrameworkReferences鈥濈殑鎿嶄綔銆?
   2:5>鏉ヨ嚜椤圭洰鈥淓:\C\test3\WHU-STU-CHAT\backend\backend.csproj鈥濈殑鏂囦欢鈥淐:\Program Files\dotnet\sdk\9.0.105\NuGet.targets鈥濅腑鐨勭洰鏍団€淐ollectCentralPackageVersions鈥?鐩爣鈥淿CollectRestoreInputs鈥濅緷璧栦簬瀹?:
       浠诲姟鈥淐heckForDuplicateNuGetItemsTask鈥?
       宸插畬鎴愭墽琛屼换鍔♀€淐heckForDuplicateNuGetItemsTask鈥濈殑鎿嶄綔銆?
   2:5>宸插畬鎴愬湪椤圭洰鈥渂ackend.csproj鈥濅腑鐢熸垚鐩爣鈥淐ollectCentralPackageVersions鈥濈殑鎿嶄綔銆?
   2:5>鏉ヨ嚜椤圭洰鈥淓:\C\test3\WHU-STU-CHAT\backend\backend.csproj鈥濈殑鏂囦欢鈥淐:\Program Files\dotnet\sdk\9.0.105\NuGet.targets鈥濅腑鐨勭洰鏍団€淐ollectNuGetAuditSuppressions鈥?鐩爣鈥淿CollectRestoreInputs鈥濅緷璧栦簬瀹?:
       浠诲姟鈥淐heckForDuplicateNuGetItemsTask鈥?
       宸插畬鎴愭墽琛屼换鍔♀€淐heckForDuplicateNuGetItemsTask鈥濈殑鎿嶄綔銆?
   2:5>宸插畬鎴愬湪椤圭洰鈥渂ackend.csproj鈥濅腑鐢熸垚鐩爣鈥淐ollectNuGetAuditSuppressions鈥濈殑鎿嶄綔銆?
   2:5>鏉ヨ嚜椤圭洰鈥淓:\C\test3\WHU-STU-CHAT\backend\backend.csproj鈥濈殑鏂囦欢鈥淐:\Program Files\dotnet\sdk\9.0.105\NuGet.targets鈥濅腑鐨勭洰鏍団€淿CollectRestoreInputs鈥?鐩爣鈥淿GenerateProjectRestoreGraphPerFramework鈥濅緷璧栦簬瀹?:
   2:5>宸插畬鎴愬湪椤圭洰鈥渂ackend.csproj鈥濅腑鐢熸垚鐩爣鈥淿CollectRestoreInputs鈥濈殑鎿嶄綔銆?
       鐢变簬鏉′欢鐨勮绠楃粨鏋滀负 false锛屽凡璺宠繃鐩爣鈥淧repRestoreForStoreProjects鈥濓紱('$(StorePackageName)' != '')鐨勮绠楃粨鏋滀负('' != '')銆?
   2:5>鏉ヨ嚜椤圭洰鈥淓:\C\test3\WHU-STU-CHAT\backend\backend.csproj鈥濈殑鏂囦欢鈥淐:\Program Files\dotnet\sdk\9.0.105\NuGet.targets鈥濅腑鐨勭洰鏍団€淿GenerateProjectRestoreGraphPerFramework鈥?鐩爣鈥淿GenerateProjectRestoreGraphCurrentProject鈥濅緷璧栦簬瀹?:
       姝ｅ湪浣跨敤绋嬪簭闆嗏€淐:\Program Files\dotnet\sdk\9.0.105\NuGet.Build.Tasks.dll鈥濅腑鐨勨€淕etRestoreProjectReferencesTask鈥濅换鍔°€?
       浠诲姟鈥淕etRestoreProjectReferencesTask鈥?
       宸插畬鎴愭墽琛屼换鍔♀€淕etRestoreProjectReferencesTask鈥濈殑鎿嶄綔銆?
       姝ｅ湪浣跨敤绋嬪簭闆嗏€淐:\Program Files\dotnet\sdk\9.0.105\NuGet.Build.Tasks.dll鈥濅腑鐨勨€淕etRestorePackageReferencesTask鈥濅换鍔°€?
       浠诲姟鈥淕etRestorePackageReferencesTask鈥?
       宸插畬鎴愭墽琛屼换鍔♀€淕etRestorePackageReferencesTask鈥濈殑鎿嶄綔銆?
       鐢变簬 false 鏉′欢锛屽凡璺宠繃浠诲姟鈥淕etCentralPackageVersionsTask鈥濓紱( '$(PackageReferenceCompatibleProjectStyle)' == 'true' AND '$(_CentralPackageVersionsEnabled)' == 'true' )璁＄畻涓? 'True' == 'true' AND '' == 'true' )銆?
       姝ｅ湪浣跨敤绋嬪簭闆嗏€淐:\Program Files\dotnet\sdk\9.0.105\NuGet.Build.Tasks.dll鈥濅腑鐨勨€淕etRestorePackageDownloadsTask鈥濅换鍔°€?
       浠诲姟鈥淕etRestorePackageDownloadsTask鈥?
       宸插畬鎴愭墽琛屼换鍔♀€淕etRestorePackageDownloadsTask鈥濈殑鎿嶄綔銆?
       姝ｅ湪浣跨敤绋嬪簭闆嗏€淐:\Program Files\dotnet\sdk\9.0.105\NuGet.Build.Tasks.dll鈥濅腑鐨勨€淕etRestoreFrameworkReferencesTask鈥濅换鍔°€?
       浠诲姟鈥淕etRestoreFrameworkReferencesTask鈥?
       宸插畬鎴愭墽琛屼换鍔♀€淕etRestoreFrameworkReferencesTask鈥濈殑鎿嶄綔銆?
       姝ｅ湪浣跨敤绋嬪簭闆嗏€淐:\Program Files\dotnet\sdk\9.0.105\NuGet.Build.Tasks.dll鈥濅腑鐨勨€淕etRestoreNuGetAuditSuppressionsTask鈥濅换鍔°€?
       浠诲姟鈥淕etRestoreNuGetAuditSuppressionsTask鈥?
       宸插畬鎴愭墽琛屼换鍔♀€淕etRestoreNuGetAuditSuppressionsTask鈥濈殑鎿嶄綔銆?
   2:5>宸插畬鎴愬湪椤圭洰鈥渂ackend.csproj鈥濅腑鐢熸垚鐩爣鈥淿GenerateProjectRestoreGraphPerFramework鈥濈殑鎿嶄綔銆?
   2:5>鏉ヨ嚜椤圭洰鈥淓:\C\test3\WHU-STU-CHAT\backend\backend.csproj鈥濈殑鏂囦欢鈥淐:\Program Files\dotnet\sdk\9.0.105\NuGet.targets鈥濅腑鐨勭洰鏍団€淿GenerateProjectRestoreGraphCurrentProject鈥?鐩爣鈥淿GenerateRestoreDependencies鈥濅緷璧栦簬瀹?:
   2:5>宸插畬鎴愬湪椤圭洰鈥渂ackend.csproj鈥濅腑鐢熸垚鐩爣鈥淿GenerateProjectRestoreGraphCurrentProject鈥濈殑鎿嶄綔銆?
   2:5>鏉ヨ嚜椤圭洰鈥淓:\C\test3\WHU-STU-CHAT\backend\backend.csproj鈥濈殑鏂囦欢鈥淐:\Program Files\dotnet\sdk\9.0.105\NuGet.targets鈥濅腑鐨勭洰鏍団€淿GenerateRestoreDependencies鈥?鐩爣鈥淿GenerateProjectRestoreGraph鈥濅緷璧栦簬瀹?:
   2:5>宸插畬鎴愬湪椤圭洰鈥渂ackend.csproj鈥濅腑鐢熸垚鐩爣鈥淿GenerateRestoreDependencies鈥濈殑鎿嶄綔銆?
   2:5>鏉ヨ嚜椤圭洰鈥淓:\C\test3\WHU-STU-CHAT\backend\backend.csproj鈥濈殑鏂囦欢鈥淐:\Program Files\dotnet\sdk\9.0.105\NuGet.targets鈥濅腑鐨勭洰鏍団€淿GenerateProjectRestoreGraph鈥?鍏ュ彛鐐?:
   2:5>宸插畬鎴愬湪椤圭洰鈥渂ackend.csproj鈥濅腑鐢熸垚鐩爣鈥淿GenerateProjectRestoreGraph鈥濈殑鎿嶄綔銆?
   2:5>宸插畬鎴愮敓鎴愰」鐩€淓:\C\test3\WHU-STU-CHAT\backend\backend.csproj鈥?_GenerateProjectRestoreGraph 涓洰鏍?鐨勬搷浣溿€?
     1>宸插畬鎴愭墽琛屼换鍔♀€淢SBuild鈥濈殑鎿嶄綔銆?
     1>宸插畬鎴愬湪椤圭洰鈥渂ackend.sln鈥濅腑鐢熸垚鐩爣鈥淿GenerateRestoreGraph鈥濈殑鎿嶄綔銆?
     1>鏉ヨ嚜椤圭洰鈥淓:\C\test3\WHU-STU-CHAT\backend\backend.sln鈥濈殑鏂囦欢鈥淐:\Program Files\dotnet\sdk\9.0.105\NuGet.targets鈥濅腑鐨勭洰鏍団€淩estore鈥?鍏ュ彛鐐?:
       浠诲姟鈥淩emoveDuplicates鈥?
       宸插畬鎴愭墽琛屼换鍔♀€淩emoveDuplicates鈥濈殑鎿嶄綔銆?
       姝ｅ湪浣跨敤绋嬪簭闆嗏€淐:\Program Files\dotnet\sdk\9.0.105\NuGet.Build.Tasks.dll鈥濅腑鐨勨€淩estoreTask鈥濅换鍔°€?
       浠诲姟鈥淩estoreTask鈥?
         鍦?TaskRun (NuGet.Build.Tasks.RestoreTask) 鏈熼棿鍔犺浇鐨勭▼搴忛泦: NuGet.Packaging, Version=6.12.2.1, Culture=neutral, PublicKeyToken=31bf3856ad364e35 (浣嶇疆: C:\Program Files\dotnet\sdk\9.0.105\NuGet.Packaging.dll锛孧VID: cf73c4d5-9e6d-4f5e-b40b-7f604be0809d锛孉ssemblyLoadContext: MSBuild plugin C:\Program Files\dotnet\sdk\9.0.105\NuGet.Build.Tasks.dll)
         鍦?TaskRun (NuGet.Build.Tasks.RestoreTask) 鏈熼棿鍔犺浇鐨勭▼搴忛泦: NuGet.LibraryModel, Version=6.12.2.1, Culture=neutral, PublicKeyToken=31bf3856ad364e35 (浣嶇疆: C:\Program Files\dotnet\sdk\9.0.105\NuGet.LibraryModel.dll锛孧VID: c12c9d2b-1e00-414a-bf22-08010add0a0a锛孉ssemblyLoadContext: MSBuild plugin C:\Program Files\dotnet\sdk\9.0.105\NuGet.Build.Tasks.dll)
         鍦?TaskRun (NuGet.Build.Tasks.RestoreTask) 鏈熼棿鍔犺浇鐨勭▼搴忛泦: NuGet.Versioning, Version=6.12.2.1, Culture=neutral, PublicKeyToken=31bf3856ad364e35 (浣嶇疆: C:\Program Files\dotnet\sdk\9.0.105\NuGet.Versioning.dll锛孧VID: 3f7e47fe-3420-4788-b390-0485276b2191锛孉ssemblyLoadContext: MSBuild plugin C:\Program Files\dotnet\sdk\9.0.105\NuGet.Build.Tasks.dll)
         鍦?TaskRun (NuGet.Build.Tasks.RestoreTask) 鏈熼棿鍔犺浇鐨勭▼搴忛泦: NuGet.Frameworks, Version=6.12.2.1, Culture=neutral, PublicKeyToken=31bf3856ad364e35 (浣嶇疆: C:\Program Files\dotnet\sdk\9.0.105\NuGet.Frameworks.dll锛孧VID: fb8f68e7-3597-4073-947a-9a7774d31f17锛孉ssemblyLoadContext: MSBuild plugin C:\Program Files\dotnet\sdk\9.0.105\NuGet.Build.Tasks.dll)
         鍦?TaskRun (NuGet.Build.Tasks.RestoreTask) 鏈熼棿鍔犺浇鐨勭▼搴忛泦: NuGet.Protocol, Version=6.12.2.1, Culture=neutral, PublicKeyToken=31bf3856ad364e35 (浣嶇疆: C:\Program Files\dotnet\sdk\9.0.105\NuGet.Protocol.dll锛孧VID: b6a087d1-52aa-4b0b-8802-fc1d505c56bd锛孉ssemblyLoadContext: MSBuild plugin C:\Program Files\dotnet\sdk\9.0.105\NuGet.Build.Tasks.dll)
         鍦?TaskRun (NuGet.Build.Tasks.RestoreTask) 鏈熼棿鍔犺浇鐨勭▼搴忛泦: NuGet.Credentials, Version=6.12.2.1, Culture=neutral, PublicKeyToken=31bf3856ad364e35 (浣嶇疆: C:\Program Files\dotnet\sdk\9.0.105\NuGet.Credentials.dll锛孧VID: 4a9e0651-5752-4b69-b7e9-c3c2976ec4da锛孉ssemblyLoadContext: MSBuild plugin C:\Program Files\dotnet\sdk\9.0.105\NuGet.Build.Tasks.dll)
         鍦?TaskRun (NuGet.Build.Tasks.RestoreTask) 鏈熼棿鍔犺浇鐨勭▼搴忛泦: System.Runtime.InteropServices.RuntimeInformation, Version=9.0.0.0, Culture=neutral, PublicKeyToken=b03f5f7f11d50a3a (浣嶇疆: C:\Program Files\dotnet\shared\Microsoft.NETCore.App\9.0.4\System.Runtime.InteropServices.RuntimeInformation.dll锛孧VID: c8751df2-a528-4823-b094-05db29dca313锛孉ssemblyLoadContext: Default)
         鍦?TaskRun (NuGet.Build.Tasks.RestoreTask) 鏈熼棿鍔犺浇鐨勭▼搴忛泦: NuGet.Packaging.resources, Version=6.12.2.1, Culture=zh-Hans, PublicKeyToken=31bf3856ad364e35, processorArchitecture=MSIL (浣嶇疆: C:\Program Files\dotnet\sdk\9.0.105\zh-Hans\NuGet.Packaging.resources.dll锛孧VID: 039273d4-ac27-4a2b-9ead-c7319d031c3c锛孉ssemblyLoadContext: MSBuild plugin C:\Program Files\dotnet\sdk\9.0.105\NuGet.Build.Tasks.dll)
         X.509 璇佷功閾鹃獙璇佸皢浣跨敤 .NET 閫夋嫨鐨勯粯璁や俊浠诲瓨鍌ㄨ繘琛屼唬鐮佺鍚嶃€?
         X.509 璇佷功閾鹃獙璇佸皢浣跨敤 .NET 閫夋嫨鐨勯粯璁や俊浠诲瓨鍌ㄨ繘琛屾椂闂存埑銆?
         鍦?TaskRun (NuGet.Build.Tasks.RestoreTask) 鏈熼棿鍔犺浇鐨勭▼搴忛泦: NuGet.DependencyResolver.Core, Version=6.12.2.1, Culture=neutral, PublicKeyToken=31bf3856ad364e35 (浣嶇疆: C:\Program Files\dotnet\sdk\9.0.105\NuGet.DependencyResolver.Core.dll锛孧VID: 50acb593-04e6-42a0-a537-13b4d5e0a2f7锛孉ssemblyLoadContext: MSBuild plugin C:\Program Files\dotnet\sdk\9.0.105\NuGet.Build.Tasks.dll)
         鍦?TaskRun (NuGet.Build.Tasks.RestoreTask) 鏈熼棿鍔犺浇鐨勭▼搴忛泦: NuGet.Commands.resources, Version=6.12.2.1, Culture=zh-Hans, PublicKeyToken=31bf3856ad364e35, processorArchitecture=MSIL (浣嶇疆: C:\Program Files\dotnet\sdk\9.0.105\zh-Hans\NuGet.Commands.resources.dll锛孧VID: badd1f5d-de18-452f-a4f6-754b73524556锛孉ssemblyLoadContext: MSBuild plugin C:\Program Files\dotnet\sdk\9.0.105\NuGet.Build.Tasks.dll)
         姝ｅ湪浣跨敤 16 骞惰浣滀笟杩愯杩樺師銆?
         姝ｅ湪璇诲彇椤圭洰鏂囦欢 E:\C\test3\WHU-STU-CHAT\backend\backend.csproj銆?
         鍦?TaskRun (NuGet.Build.Tasks.RestoreTask) 鏈熼棿鍔犺浇鐨勭▼搴忛泦: Newtonsoft.Json, Version=13.0.0.0, Culture=neutral, PublicKeyToken=30ad4fe6b2a6aeed (浣嶇疆: C:\Program Files\dotnet\sdk\9.0.105\Newtonsoft.Json.dll锛孧VID: 7e62198b-eab2-4380-bbac-29171862d1d8锛孉ssemblyLoadContext: MSBuild plugin C:\Program Files\dotnet\sdk\9.0.105\NuGet.Build.Tasks.dll)
         鍦?TaskRun (NuGet.Build.Tasks.RestoreTask) 鏈熼棿鍔犺浇鐨勭▼搴忛泦: System.Runtime.Serialization.Primitives, Version=9.0.0.0, Culture=neutral, PublicKeyToken=b03f5f7f11d50a3a (浣嶇疆: C:\Program Files\dotnet\shared\Microsoft.NETCore.App\9.0.4\System.Runtime.Serialization.Primitives.dll锛孧VID: c8100395-5f56-412c-a595-5d594da7c9a5锛孉ssemblyLoadContext: Default)
         鍦?TaskRun (NuGet.Build.Tasks.RestoreTask) 鏈熼棿鍔犺浇鐨勭▼搴忛泦: System.Runtime.Numerics, Version=9.0.0.0, Culture=neutral, PublicKeyToken=b03f5f7f11d50a3a (浣嶇疆: C:\Program Files\dotnet\shared\Microsoft.NETCore.App\9.0.4\System.Runtime.Numerics.dll锛孧VID: ba3eb568-0e1a-4bac-8cd7-6ce044ac063f锛孉ssemblyLoadContext: Default)
         鈥渂ackend鈥濈殑杩樺師杈撳叆鏈敼鍙樸€傚畬鎴愭杩樺師涓嶉渶瑕佸啀杩涜杩涗竴姝ョ殑鎿嶄綔銆?
     1>E:\C\test3\WHU-STU-CHAT\backend\backend.csproj : warning NU1903: 鍖?"System.Data.SqlClient" 4.8.5 鍏锋湁宸茬煡鐨?楂?涓ラ噸鎬ф紡娲烇紝https://github.com/advisories/GHSA-98g6-xh36-x2p7 [E:\C\test3\WHU-STU-CHAT\backend\backend.sln]
         姝ｅ湪鎻愪氦杩樺師...
         璧勪骇鏂囦欢鏈敼鍙樸€傝烦杩囪祫浜ф枃浠跺啓鍏ャ€傝矾寰? E:\C\test3\WHU-STU-CHAT\backend\obj\project.assets.json
         No-Op 杩樺師銆傜紦瀛樹笉浼氭洿鏂般€傝矾寰? E:\C\test3\WHU-STU-CHAT\backend\obj\project.nuget.cache
         鍦?TaskRun (NuGet.Build.Tasks.RestoreTask) 鏈熼棿鍔犺浇鐨勭▼搴忛泦: NuGet.Common.resources, Version=6.12.2.1, Culture=zh-Hans, PublicKeyToken=31bf3856ad364e35, processorArchitecture=MSIL (浣嶇疆: C:\Program Files\dotnet\sdk\9.0.105\zh-Hans\NuGet.Common.resources.dll锛孧VID: 24bd07eb-562d-43be-a14a-4f4d69b58330锛孉ssemblyLoadContext: MSBuild plugin C:\Program Files\dotnet\sdk\9.0.105\NuGet.Build.Tasks.dll)
         宸茶繕鍘?E:\C\test3\WHU-STU-CHAT\backend\backend.csproj (鐢ㄦ椂 51 姣)銆?
         
         浣跨敤鐨?NuGet 閰嶇疆鏂囦欢:
             C:\Users\Lenovo13\AppData\Roaming\NuGet\NuGet.Config
             C:\Program Files (x86)\NuGet\Config\Microsoft.VisualStudio.FallbackLocation.config
             C:\Program Files (x86)\NuGet\Config\Microsoft.VisualStudio.Offline.config
         
         浣跨敤鐨勬簮:
             https://api.nuget.org/v3/index.json
             C:\Program Files (x86)\Microsoft SDKs\NuGetPackages\
             C:\Program Files\dotnet\library-packs
         鎵€鏈夐」鐩潎鏄渶鏂扮殑锛屾棤娉曡繕鍘熴€?
       宸插畬鎴愭墽琛屼换鍔♀€淩estoreTask鈥濈殑鎿嶄綔銆?
     1>宸插畬鎴愬湪椤圭洰鈥渂ackend.sln鈥濅腑鐢熸垚鐩爣鈥淩estore鈥濈殑鎿嶄綔銆?
     1>宸插畬鎴愮敓鎴愰」鐩€淓:\C\test3\WHU-STU-CHAT\backend\backend.sln鈥?Restore 涓洰鏍?鐨勬搷浣溿€?
     0>E:\C\test3\WHU-STU-CHAT\backend\backend.sln.metaproj : message : 鍊间负鈥淐:\Program Files\dotnet\sdk\9.0.105\鈥濈殑灞炴€р€淢SBuildExtensionsPath鈥濅粠鐜涓睍寮€銆?
       鍦?C:\Program Files\dotnet\sdk\9.0.105\NuGet.targets (97,5) 澶勯噸鏂板垎閰嶅睘鎬? $(_GenerateRestoreGraphProjectEntryInputProperties)=鈥?
             ExcludeRestorePackageImports=true;
             _RestoreSolutionFileUsed=true;
             SolutionDir=E:\C\test3\WHU-STU-CHAT\backend\;
             SolutionName=backend;
             SolutionFileName=backend.sln;
             SolutionPath=E:\C\test3\WHU-STU-CHAT\backend\backend.sln;
             SolutionExt=.sln;
           鈥?鍏堝墠鍊?鈥淓xcludeRestorePackageImports=true鈥?
       椤圭洰涓笉瀛樺湪 BeforeTargets 鐗规€т腑鐨勨€淐:\Program Files\dotnet\sdk\9.0.105\Current\SolutionFile\ImportAfter\Microsoft.NET.Sdk.Solution.targets (33,11)鈥濅綅缃垪鍑虹殑鐩爣鈥淪tore鈥濓紝灏嗗拷鐣ヨ鐩爣銆?
       椤圭洰涓笉瀛樺湪 BeforeTargets 鐗规€т腑鐨勨€淐:\Program Files\dotnet\sdk\9.0.105\Current\SolutionFile\ImportAfter\Microsoft.NET.Sdk.Solution.targets (33,11)鈥濅綅缃垪鍑虹殑鐩爣鈥淰STest鈥濓紝灏嗗拷鐣ヨ鐩爣銆?
       椤圭洰涓笉瀛樺湪 BeforeTargets 鐗规€т腑鐨勨€淐:\Program Files\dotnet\sdk\9.0.105\NuGet.targets (663,11)鈥濅綅缃垪鍑虹殑鐩爣鈥淿CheckForInvalidConfigurationAndPlatform鈥濓紝灏嗗拷鐣ヨ鐩爣銆?
   1:2>鑺傜偣 1 涓婄殑椤圭洰鈥淓:\C\test3\WHU-STU-CHAT\backend\backend.sln鈥?榛樿鐩爣)銆?
   1:2>鏉ヨ嚜椤圭洰鈥淓:\C\test3\WHU-STU-CHAT\backend\backend.sln鈥濈殑鏂囦欢鈥淓:\C\test3\WHU-STU-CHAT\backend\backend.sln.metaproj鈥濅腑鐨勭洰鏍団€淰alidateSolutionConfiguration鈥?鍏ュ彛鐐?:
   1:2>鐢变簬 false 鏉′欢锛屽凡璺宠繃浠诲姟鈥淓rror鈥濓紱(('$(CurrentSolutionConfigurationContents)' == '') and ('$(SkipInvalidConfigurations)' != 'true'))璁＄畻涓?('<SolutionConfiguration>
  <ProjectConfiguration Project="{8787E7AE-103E-4553-94EE-A8178F74A51C}" AbsolutePath="E:\C\test3\WHU-STU-CHAT\backend\backend.csproj" BuildProjectInSolution="True">Debug|AnyCPU</ProjectConfiguration>
</SolutionConfiguration>' == '') and ('' != 'true'))銆?
       鐢变簬 false 鏉′欢锛屽凡璺宠繃浠诲姟鈥淲arning鈥濓紱(('$(CurrentSolutionConfigurationContents)' == '') and ('$(SkipInvalidConfigurations)' == 'true'))璁＄畻涓?('<SolutionConfiguration>
         <ProjectConfiguration Project="{8787E7AE-103E-4553-94EE-A8178F74A51C}" AbsolutePath="E:\C\test3\WHU-STU-CHAT\backend\backend.csproj" BuildProjectInSolution="True">Debug|AnyCPU</ProjectConfiguration>
       </SolutionConfiguration>' == '') and ('' == 'true'))銆?
       姝ｅ湪浣跨敤绋嬪簭闆嗏€淢icrosoft.Build.Tasks.Core, Version=15.1.0.0, Culture=neutral, PublicKeyToken=b03f5f7f11d50a3a鈥濅腑鐨勨€淢essage鈥濅换鍔°€?
       浠诲姟鈥淢essage鈥?
         姝ｅ湪鐢熸垚瑙ｅ喅鏂规閰嶇疆鈥淒ebug|Any CPU鈥濄€?
       宸插畬鎴愭墽琛屼换鍔♀€淢essage鈥濈殑鎿嶄綔銆?
   1:2>宸插畬鎴愬湪椤圭洰鈥渂ackend.sln鈥濅腑鐢熸垚鐩爣鈥淰alidateSolutionConfiguration鈥濈殑鎿嶄綔銆?
   1:2>鏉ヨ嚜椤圭洰鈥淓:\C\test3\WHU-STU-CHAT\backend\backend.sln鈥濈殑鏂囦欢鈥淓:\C\test3\WHU-STU-CHAT\backend\backend.sln.metaproj鈥濅腑鐨勭洰鏍団€淰alidateToolsVersions鈥?鍏ュ彛鐐?:
       鐢变簬 false 鏉′欢锛屽凡璺宠繃浠诲姟鈥淓rror鈥濓紱('$(MSBuildToolsVersion)' == '2.0' and ('$(ProjectToolsVersion)' != '2.0' and '$(ProjectToolsVersion)' != ''))璁＄畻涓?'Current' == '2.0' and ('' != '2.0' and '' != ''))銆?
   1:2>宸插畬鎴愬湪椤圭洰鈥渂ackend.sln鈥濅腑鐢熸垚鐩爣鈥淰alidateToolsVersions鈥濈殑鎿嶄綔銆?
   1:2>鏉ヨ嚜椤圭洰鈥淓:\C\test3\WHU-STU-CHAT\backend\backend.sln鈥濈殑鏂囦欢鈥淓:\C\test3\WHU-STU-CHAT\backend\backend.sln.metaproj鈥濅腑鐨勭洰鏍団€淰alidateProjects鈥?鍏ュ彛鐐?:
   1:2>宸插畬鎴愬湪椤圭洰鈥渂ackend.sln鈥濅腑鐢熸垚鐩爣鈥淰alidateProjects鈥濈殑鎿嶄綔銆?
       鐢变簬鏉′欢鐨勮绠楃粨鏋滀负 false锛屽凡璺宠繃鐩爣鈥淿CheckForSolutionLevelRuntimeIdentifier鈥濓紱('$(RuntimeIdentifier)' != '')鐨勮绠楃粨鏋滀负('' != '')銆?
       鐢变簬鏉′欢鐨勮绠楃粨鏋滀负 false锛屽凡璺宠繃鐩爣鈥淿CheckForSolutionLevelOutputPath鈥濓紱('$(_CommandLineDefinedOutputPath)' == 'true')鐨勮绠楃粨鏋滀负('' == 'true')銆?
   1:2>鏉ヨ嚜椤圭洰鈥淓:\C\test3\WHU-STU-CHAT\backend\backend.sln鈥濈殑鏂囦欢鈥淓:\C\test3\WHU-STU-CHAT\backend\backend.sln.metaproj鈥濅腑鐨勭洰鏍団€淏uild鈥?鍏ュ彛鐐?:
       姝ｅ湪浣跨敤绋嬪簭闆嗏€淢icrosoft.Build.Tasks.Core, Version=15.1.0.0, Culture=neutral, PublicKeyToken=b03f5f7f11d50a3a鈥濅腑鐨勨€淢SBuild鈥濅换鍔°€?
       浠诲姟鈥淢SBuild鈥?
         鍏ㄥ眬灞炴€?
           BuildingSolutionFile=true
           CurrentSolutionConfigurationContents=<SolutionConfiguration>
           <ProjectConfiguration Project="{8787E7AE-103E-4553-94EE-A8178F74A51C}" AbsolutePath="E:\C\test3\WHU-STU-CHAT\backend\backend.csproj" BuildProjectInSolution="True">Debug|AnyCPU</ProjectConfiguration>
         </SolutionConfiguration>
           SolutionDir=E:\C\test3\WHU-STU-CHAT\backend\
           SolutionExt=.sln
           SolutionFileName=backend.sln
           SolutionName=backend
           SolutionPath=E:\C\test3\WHU-STU-CHAT\backend\backend.sln
         椤圭洰鈥淓:\C\test3\WHU-STU-CHAT\backend\backend.csproj鈥濈殑鍏朵粬灞炴€?
           Configuration=Debug
           Platform=AnyCPU
     0>SDK鈥淢icrosoft.NET.Sdk.Web鈥濆凡鐢扁€淒efaultSdkResolver鈥濊В鏋愮▼搴忔垚鍔熻В鏋愪负浣嶇疆鈥淐:\Program Files\dotnet\sdk\9.0.105\Sdks\Microsoft.NET.Sdk.Web\Sdk鈥濆拰鐗堟湰鈥溾€濄€?
       SDK鈥淢icrosoft.NET.Sdk鈥濆凡鐢扁€淒efaultSdkResolver鈥濊В鏋愮▼搴忔垚鍔熻В鏋愪负浣嶇疆鈥淐:\Program Files\dotnet\sdk\9.0.105\Sdks\Microsoft.NET.Sdk\Sdk鈥濆拰鐗堟湰鈥溾€濄€?
       C:\Program Files\dotnet\sdk\9.0.105\Sdks\Microsoft.NET.Sdk\Sdk\Sdk.props(49,11): message : 鍊间负鈥淐:\Program Files\dotnet\sdk\9.0.105\鈥濈殑灞炴€р€淢SBuildExtensionsPath鈥濅粠鐜涓睍寮€銆?
       鍦?C:\Program Files\dotnet\sdk\9.0.105\Current\Microsoft.Common.props (60,5) 澶勯噸鏂板垎閰嶅睘鎬? $(MSBuildProjectExtensionsPath)=鈥淓:\C\test3\WHU-STU-CHAT\backend\obj\鈥?鍏堝墠鍊?鈥渙bj\鈥?
       E:\C\test3\WHU-STU-CHAT\backend\obj\backend.csproj.nuget.g.props(7,5): message : 鍊间负鈥淐:\Users\Lenovo13鈥濈殑灞炴€р€淯SERPROFILE鈥濅粠鐜涓睍寮€銆?
       鍦?C:\Users\Lenovo13\.nuget\packages\swashbuckle.aspnetcore\6.5.0\build\Swashbuckle.AspNetCore.props (3,5) 澶勯噸鏂板垎閰嶅睘鎬? $(OpenApiGenerateDocumentsOnBuild)=鈥渇alse鈥?鍏堝墠鍊?鈥溾€?
       C:\Program Files\dotnet\sdk\9.0.105\Current\Microsoft.Common.props(84,119): message : 鍊间负鈥淐:\Users\Lenovo13\AppData\Local\Microsoft\MSBuild鈥濈殑灞炴€р€淢SBuildUserExtensionsPath鈥濅粠鐜涓睍寮€銆?
       鈥淐onfiguration鈥濆睘鎬ф槸鍏ㄥ眬灞炴€э紝涓嶈兘淇敼銆?
       鈥淧latform鈥濆睘鎬ф槸鍏ㄥ眬灞炴€э紝涓嶈兘淇敼銆?
       鈥淐onfiguration鈥濆睘鎬ф槸鍏ㄥ眬灞炴€э紝涓嶈兘淇敼銆?
       鈥淧latform鈥濆睘鎬ф槸鍏ㄥ眬灞炴€э紝涓嶈兘淇敼銆?
       鍦?C:\Program Files\dotnet\sdk\9.0.105\Sdks\Microsoft.NET.Sdk\targets\Microsoft.NET.Sdk.props (90,5) 澶勯噸鏂板垎閰嶅睘鎬? $(AssemblySearchPaths)=鈥渰CandidateAssemblyFiles};{HintPathFromItem}鈥?鍏堝墠鍊?鈥渰CandidateAssemblyFiles}鈥?
       鍦?C:\Program Files\dotnet\sdk\9.0.105\Sdks\Microsoft.NET.Sdk\targets\Microsoft.NET.Sdk.props (91,5) 澶勯噸鏂板垎閰嶅睘鎬? $(AssemblySearchPaths)=鈥渰CandidateAssemblyFiles};{HintPathFromItem};{TargetFrameworkDirectory}鈥?鍏堝墠鍊?鈥渰CandidateAssemblyFiles};{HintPathFromItem}鈥?
       鍦?C:\Program Files\dotnet\sdk\9.0.105\Sdks\Microsoft.NET.Sdk\targets\Microsoft.NET.Sdk.props (92,5) 澶勯噸鏂板垎閰嶅睘鎬? $(AssemblySearchPaths)=鈥渰CandidateAssemblyFiles};{HintPathFromItem};{TargetFrameworkDirectory};{RawFileName}鈥?鍏堝墠鍊?鈥渰CandidateAssemblyFiles};{HintPathFromItem};{TargetFrameworkDirectory}鈥?
       鈥淒efaultSdkResolver鈥濊В鏋愮▼搴忓凡灏濊瘯瑙ｆ瀽 SDK鈥淢icrosoft.NET.SDK.WorkloadAutoImportPropsLocator鈥濄€?
       璀﹀憡: null
       閿欒: MSB4276: 榛樿 SDK 瑙ｆ瀽绋嬪簭瑙ｆ瀽 SDK鈥淢icrosoft.NET.SDK.WorkloadAutoImportPropsLocator鈥濆け璐ワ紝鍥犱负鐩綍鈥淐:\Program Files\dotnet\sdk\9.0.105\Sdks\Microsoft.NET.SDK.WorkloadAutoImportPropsLocator\Sdk鈥濅笉瀛樺湪銆?
       SDK鈥淢icrosoft.NET.SDK.WorkloadAutoImportPropsLocator鈥濆凡鐢扁€淢icrosoft.DotNet.MSBuildWorkloadSdkResolver鈥濊В鏋愮▼搴忔垚鍔熻В鏋愪负浣嶇疆鈥淐:\Program Files\dotnet\packs\Microsoft.iOS.Sdk.net9.0_18.2\18.2.9180\Sdk鈥濆拰鐗堟湰鈥渘ull鈥濄€?
       鍦?C:\Program Files\dotnet\sdk\9.0.105\Sdks\Microsoft.NET.Sdk\targets\Microsoft.NET.PackProjectTool.props (15,5) 澶勯噸鏂板垎閰嶅睘鎬? $(TargetsForTfmSpecificContentInPackage)=鈥?PackTool;_PackProjectToolValidation鈥?鍏堝墠鍊?鈥?PackTool鈥?
       SDK鈥淢icrosoft.NET.Sdk.Razor鈥濆凡鐢扁€淒efaultSdkResolver鈥濊В鏋愮▼搴忔垚鍔熻В鏋愪负浣嶇疆鈥淐:\Program Files\dotnet\sdk\9.0.105\Sdks\Microsoft.NET.Sdk.Razor\Sdk鈥濆拰鐗堟湰鈥溾€濄€?
       SDK鈥淢icrosoft.NET.Sdk.StaticWebAssets鈥濆凡鐢扁€淒efaultSdkResolver鈥濊В鏋愮▼搴忔垚鍔熻В鏋愪负浣嶇疆鈥淐:\Program Files\dotnet\sdk\9.0.105\Sdks\Microsoft.NET.Sdk.StaticWebAssets\Sdk鈥濆拰鐗堟湰鈥溾€濄€?
       鍦?C:\Program Files\dotnet\sdk\9.0.105\Sdks\Microsoft.NET.Sdk.StaticWebAssets\Sdk\Sdk.StaticWebAssets.StaticAssets.ProjectSystem.props (23,5) 澶勯噸鏂板垎閰嶅睘鎬? $(DefaultItemExcludes)=鈥?**\node_modules\**;node_modules\**;**\jspm_packages\**;jspm_packages\**鈥?鍏堝墠鍊?鈥?**\node_modules\**;node_modules\**鈥?
       鍦?C:\Program Files\dotnet\sdk\9.0.105\Sdks\Microsoft.NET.Sdk.StaticWebAssets\Sdk\Sdk.StaticWebAssets.StaticAssets.ProjectSystem.props (24,5) 澶勯噸鏂板垎閰嶅睘鎬? $(DefaultItemExcludes)=鈥?**\node_modules\**;node_modules\**;**\jspm_packages\**;jspm_packages\**;**\bower_components\**;bower_components\**鈥?鍏堝墠鍊?鈥?**\node_modules\**;node_modules\**;**\jspm_packages\**;jspm_packages\**鈥?
       鍦?C:\Program Files\dotnet\sdk\9.0.105\Sdks\Microsoft.NET.Sdk.StaticWebAssets\Sdk\Sdk.StaticWebAssets.StaticAssets.ProjectSystem.props (25,5) 澶勯噸鏂板垎閰嶅睘鎬? $(DefaultItemExcludes)=鈥?**\node_modules\**;node_modules\**;**\jspm_packages\**;jspm_packages\**;**\bower_components\**;bower_components\**;**\packages.lock.json鈥?鍏堝墠鍊?鈥?**\node_modules\**;node_modules\**;**\jspm_packages\**;jspm_packages\**;**\bower_components\**;bower_components\**鈥?
       SDK鈥淢icrosoft.NET.Sdk.Web.ProjectSystem鈥濆凡鐢扁€淒efaultSdkResolver鈥濊В鏋愮▼搴忔垚鍔熻В鏋愪负浣嶇疆鈥淐:\Program Files\dotnet\sdk\9.0.105\Sdks\Microsoft.NET.Sdk.Web.ProjectSystem\Sdk鈥濆拰鐗堟湰鈥溾€濄€?
       鍦?C:\Program Files\dotnet\sdk\9.0.105\Sdks\Microsoft.NET.Sdk.Web.ProjectSystem\targets\Microsoft.NET.Sdk.Web.ProjectSystem.props (16,5) 澶勯噸鏂板垎閰嶅睘鎬? $(OutputType)=鈥淓xe鈥?鍏堝墠鍊?鈥淟ibrary鈥?
       SDK鈥淢icrosoft.NET.Sdk.Publish鈥濆凡鐢扁€淒efaultSdkResolver鈥濊В鏋愮▼搴忔垚鍔熻В鏋愪负浣嶇疆鈥淐:\Program Files\dotnet\sdk\9.0.105\Sdks\Microsoft.NET.Sdk.Publish\Sdk鈥濆拰鐗堟湰鈥溾€濄€?
       鈥淐onfiguration鈥濆睘鎬ф槸鍏ㄥ眬灞炴€э紝涓嶈兘淇敼銆?
       鈥淧latform鈥濆睘鎬ф槸鍏ㄥ眬灞炴€э紝涓嶈兘淇敼銆?
       鍦?C:\Program Files\dotnet\sdk\9.0.105\Sdks\Microsoft.NET.Sdk\targets\Microsoft.NET.Sdk.ImportPublishProfile.targets (28,5) 澶勯噸鏂板垎閰嶅睘鎬? $(PublishProfileImported)=鈥渇alse鈥?鍏堝墠鍊?鈥渢rue鈥?
       鍦?C:\Program Files\dotnet\sdk\9.0.105\Sdks\Microsoft.NET.Sdk\targets\Microsoft.NET.TargetFrameworkInference.targets (69,5) 澶勯噸鏂板垎閰嶅睘鎬? $(TargetPlatformVersion)=鈥溾€?鍏堝墠鍊?鈥?.0鈥?
       鍦?C:\Program Files\dotnet\sdk\9.0.105\Sdks\Microsoft.NET.Sdk\targets\Microsoft.NET.DefaultOutputPaths.targets (121,5) 澶勯噸鏂板垎閰嶅睘鎬? $(DefaultItemExcludes)=鈥?**\node_modules\**;node_modules\**;**\jspm_packages\**;jspm_packages\**;**\bower_components\**;bower_components\**;**\packages.lock.json;bin\Debug\/**鈥?鍏堝墠鍊?鈥?**\node_modules\**;node_modules\**;**\jspm_packages\**;jspm_packages\**;**\bower_components\**;bower_components\**;**\packages.lock.json鈥?
       鍦?C:\Program Files\dotnet\sdk\9.0.105\Sdks\Microsoft.NET.Sdk\targets\Microsoft.NET.DefaultOutputPaths.targets (122,5) 澶勯噸鏂板垎閰嶅睘鎬? $(DefaultItemExcludes)=鈥?**\node_modules\**;node_modules\**;**\jspm_packages\**;jspm_packages\**;**\bower_components\**;bower_components\**;**\packages.lock.json;bin\Debug\/**;obj\Debug\/**鈥?鍏堝墠鍊?鈥?**\node_modules\**;node_modules\**;**\jspm_packages\**;jspm_packages\**;**\bower_components\**;bower_components\**;**\packages.lock.json;bin\Debug\/**鈥?
       鍦?C:\Program Files\dotnet\sdk\9.0.105\Sdks\Microsoft.NET.Sdk\targets\Microsoft.NET.DefaultOutputPaths.targets (137,5) 澶勯噸鏂板垎閰嶅睘鎬? $(OutputPath)=鈥渂in\Debug\net8.0\鈥?鍏堝墠鍊?鈥渂in\Debug\鈥?
       鍦?C:\Program Files\dotnet\sdk\9.0.105\Sdks\Microsoft.NET.Sdk\targets\Microsoft.NET.DefaultOutputPaths.targets (142,5) 澶勯噸鏂板垎閰嶅睘鎬? $(IntermediateOutputPath)=鈥渙bj\Debug\net8.0\鈥?鍏堝墠鍊?鈥渙bj\Debug\鈥?
       鈥淒efaultSdkResolver鈥濊В鏋愮▼搴忓凡灏濊瘯瑙ｆ瀽 SDK鈥淢icrosoft.NET.SDK.WorkloadManifestTargetsLocator鈥濄€?
       璀﹀憡: null
       閿欒: MSB4276: 榛樿 SDK 瑙ｆ瀽绋嬪簭瑙ｆ瀽 SDK鈥淢icrosoft.NET.SDK.WorkloadManifestTargetsLocator鈥濆け璐ワ紝鍥犱负鐩綍鈥淐:\Program Files\dotnet\sdk\9.0.105\Sdks\Microsoft.NET.SDK.WorkloadManifestTargetsLocator\Sdk鈥濅笉瀛樺湪銆?
       SDK鈥淢icrosoft.NET.SDK.WorkloadManifestTargetsLocator鈥濆凡鐢扁€淢icrosoft.DotNet.MSBuildWorkloadSdkResolver鈥濊В鏋愮▼搴忔垚鍔熻В鏋愪负浣嶇疆鈥淐:\Program Files\dotnet\sdk-manifests\9.0.100\microsoft.net.sdk.android\35.0.50鈥濆拰鐗堟湰鈥渘ull鈥濄€?
       鍦?C:\Program Files\dotnet\sdk\9.0.105\Sdks\Microsoft.NET.Sdk\targets\Microsoft.NET.Sdk.BeforeCommon.targets (187,5) 澶勯噸鏂板垎閰嶅睘鎬? $(_FrameworkIdentifierForImplicitDefine)=鈥淣ET鈥?鍏堝墠鍊?鈥淣ETCOREAPP鈥?
       鍦?C:\Program Files\dotnet\sdk\9.0.105\Sdks\Microsoft.NET.Sdk\targets\Microsoft.NET.Sdk.BeforeCommon.targets (192,5) 澶勯噸鏂板垎閰嶅睘鎬? $(_FrameworkVersionForImplicitDefine)=鈥?_0鈥?鍏堝墠鍊?鈥?.0鈥?
       鍦?C:\Program Files\dotnet\sdk\9.0.105\Roslyn\Microsoft.CSharp.Core.targets (205,5) 澶勯噸鏂板垎閰嶅睘鎬? $(CommandLineArgsForDesignTimeEvaluation)=鈥?langversion:12.0 -define:TRACE鈥?鍏堝墠鍊?鈥?langversion:12.0鈥?
       鈥淧latform鈥濆睘鎬ф槸鍏ㄥ眬灞炴€э紝涓嶈兘淇敼銆?
       鈥淐onfiguration鈥濆睘鎬ф槸鍏ㄥ眬灞炴€э紝涓嶈兘淇敼銆?
       鍦?C:\Program Files\dotnet\sdk\9.0.105\Microsoft.Common.CurrentVersion.targets (175,5) 澶勯噸鏂板垎閰嶅睘鎬? $(_DebugSymbolsProduced)=鈥渢rue鈥?鍏堝墠鍊?鈥渇alse鈥?
       鍦?C:\Program Files\dotnet\sdk\9.0.105\Microsoft.Common.CurrentVersion.targets (185,5) 澶勯噸鏂板垎閰嶅睘鎬? $(_DocumentationFileProduced)=鈥渇alse鈥?鍏堝墠鍊?鈥渢rue鈥?
       鈥淪olutionName鈥濆睘鎬ф槸鍏ㄥ眬灞炴€э紝涓嶈兘淇敼銆?
       鈥淪olutionFileName鈥濆睘鎬ф槸鍏ㄥ眬灞炴€э紝涓嶈兘淇敼銆?
       鈥淪olutionPath鈥濆睘鎬ф槸鍏ㄥ眬灞炴€э紝涓嶈兘淇敼銆?
       鈥淪olutionDir鈥濆睘鎬ф槸鍏ㄥ眬灞炴€э紝涓嶈兘淇敼銆?
       鈥淪olutionExt鈥濆睘鎬ф槸鍏ㄥ眬灞炴€э紝涓嶈兘淇敼銆?
       鍦?C:\Program Files\dotnet\sdk\9.0.105\Microsoft.Common.CurrentVersion.targets (393,5) 澶勯噸鏂板垎閰嶅睘鎬? $(MSBuildCopyMarkerName)=鈥渂ackend.csproj.Up2Date鈥?鍏堝墠鍊?鈥渂ackend.csproj鈥?
       鍦?C:\Program Files\dotnet\sdk\9.0.105\Microsoft.Common.CurrentVersion.targets (541,5) 澶勯噸鏂板垎閰嶅睘鎬? $(ProcessorArchitecture)=鈥渕sil鈥?鍏堝墠鍊?鈥溾€?
       鍦?C:\Program Files\dotnet\sdk\9.0.105\Microsoft.Common.CurrentVersion.targets (580,5) 澶勯噸鏂板垎閰嶅睘鎬? $(DelaySign)=鈥溾€?鍏堝墠鍊?鈥渇alse鈥?
       C:\Program Files\dotnet\sdk\9.0.105\Microsoft.Common.CurrentVersion.targets(2579,5): message : 鍊间负鈥淐:\Users\Lenovo13\AppData\Local鈥濈殑灞炴€р€淟OCALAPPDATA鈥濅粠鐜涓睍寮€銆?
       鍦?C:\Program Files\dotnet\sdk\9.0.105\Microsoft.Common.CurrentVersion.targets (3897,5) 澶勯噸鏂板垎閰嶅睘鎬? $(_SGenGenerateSerializationAssembliesConfig)=鈥淎uto鈥?鍏堝墠鍊?鈥溾€?
       鍦?C:\Program Files\dotnet\sdk\9.0.105\Microsoft.Common.CurrentVersion.targets (3898,5) 澶勯噸鏂板垎閰嶅睘鎬? $(_SGenGenerateSerializationAssembliesConfig)=鈥淥ff鈥?鍏堝墠鍊?鈥淎uto鈥?
       鍦?C:\Program Files\dotnet\sdk\9.0.105\Microsoft.Common.CurrentVersion.targets (5100,5) 澶勯噸鏂板垎閰嶅睘鎬? $(_TargetsThatPrepareProjectReferences)=鈥?
             AssignProjectConfiguration;
             _SplitProjectReferencesByFileExistence
           鈥?鍏堝墠鍊?鈥淿SplitProjectReferencesByFileExistence鈥?
       C:\Program Files\dotnet\sdk\9.0.105\Microsoft.Common.CurrentVersion.targets(6846,5): message : 鍊间负鈥淐:\Program Files\dotnet\sdk\9.0.105鈥濈殑灞炴€р€淢SBuildExtensionsPath32鈥濅粠鐜涓睍寮€銆?
       鍦?C:\Users\Lenovo13\.nuget\packages\microsoft.extensions.apidescription.server\6.0.5\build\Microsoft.Extensions.ApiDescription.Server.targets (9,5) 澶勯噸鏂板垎閰嶅睘鎬? $(OpenApiGenerateDocuments)=鈥渢rue鈥?鍏堝墠鍊?鈥溾€?
       鍦?C:\Program Files\dotnet\sdk\9.0.105\Sdks\Microsoft.NET.Sdk\targets\Microsoft.PackageDependencyResolution.targets (29,5) 澶勯噸鏂板垎閰嶅睘鎬? $(ProjectAssetsCacheFile)=鈥淓:\C\test3\WHU-STU-CHAT\backend\obj\Debug\net8.0\backend.assets.cache鈥?鍏堝墠鍊?鈥渙bj\Debug\net8.0\backend.assets.cache鈥?
       鍦?C:\Program Files\dotnet\sdk\9.0.105\Sdks\Microsoft.NET.Sdk\targets\Microsoft.PackageDependencyResolution.targets (80,5) 澶勯噸鏂板垎閰嶅睘鎬? $(ResolveAssemblyReferencesDependsOn)=鈥?
             
             ResolveProjectReferences;
             FindInvalidProjectReferences;
             GetFrameworkPaths;
             GetReferenceAssemblyPaths;
             PrepareForBuild;
             ResolveSDKReferences;
             ExpandSDKReferences;
           ;
             ResolvePackageDependenciesForBuild;
             _HandlePackageFileConflicts;
           鈥?鍏堝墠鍊?鈥?
             ResolveProjectReferences;
             FindInvalidProjectReferences;
             GetFrameworkPaths;
             GetReferenceAssemblyPaths;
             PrepareForBuild;
             ResolveSDKReferences;
             ExpandSDKReferences;
           鈥?
       鍦?C:\Program Files\dotnet\sdk\9.0.105\Sdks\Microsoft.NET.Sdk\targets\Microsoft.PackageDependencyResolution.targets (86,5) 澶勯噸鏂板垎閰嶅睘鎬? $(PrepareResourcesDependsOn)=鈥?
             ResolvePackageDependenciesForBuild;
             _HandlePackageFileConflicts;
             
             ;
             PrepareResourceNames;
             ResGen;
             CompileLicxFiles
           
           鈥?鍏堝墠鍊?鈥?
             ;
             PrepareResourceNames;
             ResGen;
             CompileLicxFiles
           鈥?
       鍦?C:\Program Files\dotnet\sdk\9.0.105\Sdks\Microsoft.NET.Sdk\targets\Microsoft.NET.Sdk.DefaultItems.targets (27,5) 澶勯噸鏂板垎閰嶅睘鎬? $(DefaultItemExcludes)=鈥?**\node_modules\**;node_modules\**;**\jspm_packages\**;jspm_packages\**;**\bower_components\**;bower_components\**;**\packages.lock.json;bin\Debug\/**;obj\Debug\/**;bin\/**鈥?鍏堝墠鍊?鈥?**\node_modules\**;node_modules\**;**\jspm_packages\**;jspm_packages\**;**\bower_components\**;bower_components\**;**\packages.lock.json;bin\Debug\/**;obj\Debug\/**鈥?
       鍦?C:\Program Files\dotnet\sdk\9.0.105\Sdks\Microsoft.NET.Sdk\targets\Microsoft.NET.Sdk.DefaultItems.targets (29,5) 澶勯噸鏂板垎閰嶅睘鎬? $(DefaultItemExcludes)=鈥?**\node_modules\**;node_modules\**;**\jspm_packages\**;jspm_packages\**;**\bower_components\**;bower_components\**;**\packages.lock.json;bin\Debug\/**;obj\Debug\/**;bin\/**;obj\/**鈥?鍏堝墠鍊?鈥?**\node_modules\**;node_modules\**;**\jspm_packages\**;jspm_packages\**;**\bower_components\**;bower_components\**;**\packages.lock.json;bin\Debug\/**;obj\Debug\/**;bin\/**鈥?
       鍦?C:\Program Files\dotnet\sdk\9.0.105\Sdks\Microsoft.NET.Sdk\targets\Microsoft.NET.Sdk.DefaultItems.targets (32,5) 澶勯噸鏂板垎閰嶅睘鎬? $(DefaultItemExcludes)=鈥?**\node_modules\**;node_modules\**;**\jspm_packages\**;jspm_packages\**;**\bower_components\**;bower_components\**;**\packages.lock.json;bin\Debug\/**;obj\Debug\/**;bin\/**;obj\/**;**/*.user鈥?鍏堝墠鍊?鈥?**\node_modules\**;node_modules\**;**\jspm_packages\**;jspm_packages\**;**\bower_components\**;bower_components\**;**\packages.lock.json;bin\Debug\/**;obj\Debug\/**;bin\/**;obj\/**鈥?
       鍦?C:\Program Files\dotnet\sdk\9.0.105\Sdks\Microsoft.NET.Sdk\targets\Microsoft.NET.Sdk.DefaultItems.targets (33,5) 澶勯噸鏂板垎閰嶅睘鎬? $(DefaultItemExcludes)=鈥?**\node_modules\**;node_modules\**;**\jspm_packages\**;jspm_packages\**;**\bower_components\**;bower_components\**;**\packages.lock.json;bin\Debug\/**;obj\Debug\/**;bin\/**;obj\/**;**/*.user;**/*.*proj鈥?鍏堝墠鍊?鈥?**\node_modules\**;node_modules\**;**\jspm_packages\**;jspm_packages\**;**\bower_components\**;bower_components\**;**\packages.lock.json;bin\Debug\/**;obj\Debug\/**;bin\/**;obj\/**;**/*.user鈥?
       鍦?C:\Program Files\dotnet\sdk\9.0.105\Sdks\Microsoft.NET.Sdk\targets\Microsoft.NET.Sdk.DefaultItems.targets (34,5) 澶勯噸鏂板垎閰嶅睘鎬? $(DefaultItemExcludes)=鈥?**\node_modules\**;node_modules\**;**\jspm_packages\**;jspm_packages\**;**\bower_components\**;bower_components\**;**\packages.lock.json;bin\Debug\/**;obj\Debug\/**;bin\/**;obj\/**;**/*.user;**/*.*proj;**/*.sln鈥?鍏堝墠鍊?鈥?**\node_modules\**;node_modules\**;**\jspm_packages\**;jspm_packages\**;**\bower_components\**;bower_components\**;**\packages.lock.json;bin\Debug\/**;obj\Debug\/**;bin\/**;obj\/**;**/*.user;**/*.*proj鈥?
       鍦?C:\Program Files\dotnet\sdk\9.0.105\Sdks\Microsoft.NET.Sdk\targets\Microsoft.NET.Sdk.DefaultItems.targets (35,5) 澶勯噸鏂板垎閰嶅睘鎬? $(DefaultItemExcludes)=鈥?**\node_modules\**;node_modules\**;**\jspm_packages\**;jspm_packages\**;**\bower_components\**;bower_components\**;**\packages.lock.json;bin\Debug\/**;obj\Debug\/**;bin\/**;obj\/**;**/*.user;**/*.*proj;**/*.sln;**/*.vssscc鈥?鍏堝墠鍊?鈥?**\node_modules\**;node_modules\**;**\jspm_packages\**;jspm_packages\**;**\bower_components\**;bower_components\**;**\packages.lock.json;bin\Debug\/**;obj\Debug\/**;bin\/**;obj\/**;**/*.user;**/*.*proj;**/*.sln鈥?
       鍦?C:\Program Files\dotnet\sdk\9.0.105\Sdks\Microsoft.NET.Sdk\targets\Microsoft.NET.Sdk.DefaultItems.targets (36,5) 澶勯噸鏂板垎閰嶅睘鎬? $(DefaultItemExcludes)=鈥?**\node_modules\**;node_modules\**;**\jspm_packages\**;jspm_packages\**;**\bower_components\**;bower_components\**;**\packages.lock.json;bin\Debug\/**;obj\Debug\/**;bin\/**;obj\/**;**/*.user;**/*.*proj;**/*.sln;**/*.vssscc;**/.DS_Store鈥?鍏堝墠鍊?鈥?**\node_modules\**;node_modules\**;**\jspm_packages\**;jspm_packages\**;**\bower_components\**;bower_components\**;**\packages.lock.json;bin\Debug\/**;obj\Debug\/**;bin\/**;obj\/**;**/*.user;**/*.*proj;**/*.sln;**/*.vssscc鈥?
       鍦?C:\Program Files\dotnet\sdk\9.0.105\Sdks\Microsoft.NET.Sdk\targets\Microsoft.NET.Sdk.FrameworkReferenceResolution.targets (14,5) 澶勯噸鏂板垎閰嶅睘鎬? $(ResolveAssemblyReferencesDependsOn)=鈥?
             
             
             ResolveProjectReferences;
             FindInvalidProjectReferences;
             GetFrameworkPaths;
             GetReferenceAssemblyPaths;
             PrepareForBuild;
             ResolveSDKReferences;
             ExpandSDKReferences;
           ;
             ResolvePackageDependenciesForBuild;
             _HandlePackageFileConflicts;
           ;
             ResolveTargetingPackAssets;
           鈥?鍏堝墠鍊?鈥?
             
             ResolveProjectReferences;
             FindInvalidProjectReferences;
             GetFrameworkPaths;
             GetReferenceAssemblyPaths;
             PrepareForBuild;
             ResolveSDKReferences;
             ExpandSDKReferences;
           ;
             ResolvePackageDependenciesForBuild;
             _HandlePackageFileConflicts;
           鈥?
       鍦?C:\Program Files\dotnet\sdk\9.0.105\Sdks\Microsoft.NET.Sdk\targets\Microsoft.NET.Sdk.targets (44,5) 澶勯噸鏂板垎閰嶅睘鎬? $(_GenerateRuntimeConfigurationPropertyInputsCache)=鈥淓:\C\test3\WHU-STU-CHAT\backend\obj\Debug\net8.0\backend.genruntimeconfig.cache鈥?鍏堝墠鍊?鈥渙bj\Debug\net8.0\backend.genruntimeconfig.cache鈥?
       鍦?C:\Program Files\dotnet\sdk\9.0.105\Sdks\Microsoft.NET.Sdk\targets\Microsoft.NET.Sdk.targets (46,5) 澶勯噸鏂板垎閰嶅睘鎬? $(_GeneratePublishDependencyFilePropertyInputsCache)=鈥淓:\C\test3\WHU-STU-CHAT\backend\obj\Debug\net8.0\backend.genpublishdeps.cache鈥?鍏堝墠鍊?鈥渙bj\Debug\net8.0\backend.genpublishdeps.cache鈥?
       鍦?C:\Program Files\dotnet\sdk\9.0.105\Sdks\Microsoft.NET.Sdk\targets\Microsoft.NET.Sdk.targets (48,5) 澶勯噸鏂板垎閰嶅睘鎬? $(_GenerateSingleFileBundlePropertyInputsCache)=鈥淓:\C\test3\WHU-STU-CHAT\backend\obj\Debug\net8.0\backend.genbundle.cache鈥?鍏堝墠鍊?鈥渙bj\Debug\net8.0\backend.genbundle.cache鈥?
       鍦?C:\Program Files\dotnet\sdk\9.0.105\Sdks\Microsoft.NET.Sdk\targets\Microsoft.NET.Sdk.targets (81,5) 澶勯噸鏂板垎閰嶅睘鎬? $(GenerateRuntimeConfigDevFile)=鈥渇alse鈥?鍏堝墠鍊?鈥渢rue鈥?
       鍦?C:\Program Files\dotnet\sdk\9.0.105\Sdks\Microsoft.NET.Sdk\targets\Microsoft.NET.Sdk.targets (97,5) 澶勯噸鏂板垎閰嶅睘鎬? $(_DefaultUserProfileRuntimeStorePath)=鈥淐:\Users\Lenovo13鈥?鍏堝墠鍊?鈥溾€?
       鍦?C:\Program Files\dotnet\sdk\9.0.105\Sdks\Microsoft.NET.Sdk\targets\Microsoft.NET.Sdk.targets (98,5) 澶勯噸鏂板垎閰嶅睘鎬? $(_DefaultUserProfileRuntimeStorePath)=鈥淐:\Users\Lenovo13\.dotnet\store鈥?鍏堝墠鍊?鈥淐:\Users\Lenovo13鈥?
       鍦?C:\Program Files\dotnet\sdk\9.0.105\Sdks\Microsoft.NET.Sdk\targets\Microsoft.NET.Sdk.targets (140,5) 澶勯噸鏂板垎閰嶅睘鎬? $(AvailablePlatforms)=鈥淎ny CPU,x86,x64,ARM32鈥?鍏堝墠鍊?鈥淎ny CPU,x86,x64鈥?
       鍦?C:\Program Files\dotnet\sdk\9.0.105\Sdks\Microsoft.NET.Sdk\targets\Microsoft.NET.Sdk.targets (144,5) 澶勯噸鏂板垎閰嶅睘鎬? $(AvailablePlatforms)=鈥淎ny CPU,x86,x64,ARM32,ARM64鈥?鍏堝墠鍊?鈥淎ny CPU,x86,x64,ARM32鈥?
       鍦?C:\Program Files\dotnet\sdk\9.0.105\Sdks\Microsoft.NET.Sdk\targets\Microsoft.NET.Sdk.targets (201,5) 澶勯噸鏂板垎閰嶅睘鎬? $(CoreBuildDependsOn)=鈥?
             _CheckForBuildWithNoBuild;
             
             BuildOnlySettings;
             PrepareForBuild;
             PreBuildEvent;
             ResolveReferences;
             PrepareResources;
             ResolveKeySource;
             Compile;
             ExportWindowsMDFile;
             UnmanagedUnregistration;
             GenerateSerializationAssemblies;
             CreateSatelliteAssemblies;
             GenerateManifests;
             GetTargetPath;
             PrepareForRun;
             UnmanagedRegistration;
             IncrementalClean;
             PostBuildEvent
           ;
             GenerateBuildDependencyFile;
             GenerateBuildRuntimeConfigurationFiles
           鈥?鍏堝墠鍊?鈥?
             BuildOnlySettings;
             PrepareForBuild;
             PreBuildEvent;
             ResolveReferences;
             PrepareResources;
             ResolveKeySource;
             Compile;
             ExportWindowsMDFile;
             UnmanagedUnregistration;
             GenerateSerializationAssemblies;
             CreateSatelliteAssemblies;
             GenerateManifests;
             GetTargetPath;
             PrepareForRun;
             UnmanagedRegistration;
             IncrementalClean;
             PostBuildEvent
           鈥?
       鍦?C:\Program Files\dotnet\sdk\9.0.105\Sdks\Microsoft.NET.Sdk\targets\Microsoft.NET.Sdk.targets (210,5) 澶勯噸鏂板垎閰嶅睘鎬? $(CoreCleanDependsOn)=鈥?
             _SdkBeforeClean;
             
           鈥?鍏堝墠鍊?鈥溾€?
       鍦?C:\Program Files\dotnet\sdk\9.0.105\Sdks\Microsoft.NET.Sdk\targets\Microsoft.NET.Sdk.targets (217,5) 澶勯噸鏂板垎閰嶅睘鎬? $(RebuildDependsOn)=鈥?
             _SdkBeforeRebuild;
             
             BeforeRebuild;
             Clean;
             Build;
             AfterRebuild;
           
           鈥?鍏堝墠鍊?鈥?
             BeforeRebuild;
             Clean;
             Build;
             AfterRebuild;
           鈥?
       鍦?C:\Program Files\dotnet\sdk\9.0.105\Sdks\Microsoft.NET.Sdk\targets\Microsoft.NET.Sdk.targets (784,5) 澶勯噸鏂板垎閰嶅睘鎬? $(CompileDependsOn)=鈥?
             
             ResolveReferences;
             ResolveKeySource;
             SetWin32ManifestProperties;
             _SetPreferNativeArm64Win32ManifestProperties;
             FindReferenceAssembliesForReferences;
             _GenerateCompileInputs;
             BeforeCompile;
             _TimeStampBeforeCompile;
             _GenerateCompileDependencyCache;
             CoreCompile;
             _TimeStampAfterCompile;
             AfterCompile;
           ;
             _CreateAppHost;
             _CreateComHost;
             _GetIjwHostPaths;
           鈥?鍏堝墠鍊?鈥?
             ResolveReferences;
             ResolveKeySource;
             SetWin32ManifestProperties;
             _SetPreferNativeArm64Win32ManifestProperties;
             FindReferenceAssembliesForReferences;
             _GenerateCompileInputs;
             BeforeCompile;
             _TimeStampBeforeCompile;
             _GenerateCompileDependencyCache;
             CoreCompile;
             _TimeStampAfterCompile;
             AfterCompile;
           鈥?
       鍦?C:\Program Files\dotnet\sdk\9.0.105\Sdks\Microsoft.NET.Sdk\targets\Microsoft.NET.Sdk.targets (1184,5) 澶勯噸鏂板垎閰嶅睘鎬? $(CreateSatelliteAssembliesDependsOn)=鈥?
             
             ;
             _GenerateSatelliteAssemblyInputs;
             ComputeIntermediateSatelliteAssemblies;
             GenerateSatelliteAssemblies
           ;
             CoreGenerateSatelliteAssemblies
           鈥?鍏堝墠鍊?鈥?
             ;
             _GenerateSatelliteAssemblyInputs;
             ComputeIntermediateSatelliteAssemblies;
             GenerateSatelliteAssemblies
           鈥?
       鍦?C:\Program Files\dotnet\sdk\9.0.105\Sdks\Microsoft.SourceLink.GitLab\build\Microsoft.SourceLink.GitLab.targets (12,5) 澶勯噸鏂板垎閰嶅睘鎬? $(SourceLinkUrlInitializerTargets)=鈥?_InitializeGitHubSourceLinkUrl;_InitializeGitLabSourceLinkUrl鈥?鍏堝墠鍊?鈥?_InitializeGitHubSourceLinkUrl鈥?
       鍦?C:\Program Files\dotnet\sdk\9.0.105\Sdks\Microsoft.SourceLink.GitLab\build\Microsoft.SourceLink.GitLab.targets (13,5) 澶勯噸鏂板垎閰嶅睘鎬? $(SourceControlManagerUrlTranslationTargets)=鈥?TranslateGitHubUrlsInSourceControlInformation;TranslateGitLabUrlsInSourceControlInformation鈥?鍏堝墠鍊?鈥?TranslateGitHubUrlsInSourceControlInformation鈥?
       鍦?C:\Program Files\dotnet\sdk\9.0.105\Sdks\Microsoft.SourceLink.AzureRepos.Git\build\Microsoft.SourceLink.AzureRepos.Git.targets (12,5) 澶勯噸鏂板垎閰嶅睘鎬? $(SourceLinkUrlInitializerTargets)=鈥?_InitializeGitHubSourceLinkUrl;_InitializeGitLabSourceLinkUrl;_InitializeAzureReposGitSourceLinkUrl鈥?鍏堝墠鍊?鈥?_InitializeGitHubSourceLinkUrl;_InitializeGitLabSourceLinkUrl鈥?
       鍦?C:\Program Files\dotnet\sdk\9.0.105\Sdks\Microsoft.SourceLink.AzureRepos.Git\build\Microsoft.SourceLink.AzureRepos.Git.targets (13,5) 澶勯噸鏂板垎閰嶅睘鎬? $(SourceControlManagerUrlTranslationTargets)=鈥?TranslateGitHubUrlsInSourceControlInformation;TranslateGitLabUrlsInSourceControlInformation;TranslateAzureReposGitUrlsInSourceControlInformation鈥?鍏堝墠鍊?鈥?TranslateGitHubUrlsInSourceControlInformation;TranslateGitLabUrlsInSourceControlInformation鈥?
       鍦?C:\Program Files\dotnet\sdk\9.0.105\Sdks\Microsoft.SourceLink.Bitbucket.Git\build\Microsoft.SourceLink.Bitbucket.Git.targets (12,5) 澶勯噸鏂板垎閰嶅睘鎬? $(SourceLinkUrlInitializerTargets)=鈥?_InitializeGitHubSourceLinkUrl;_InitializeGitLabSourceLinkUrl;_InitializeAzureReposGitSourceLinkUrl;_InitializeBitbucketGitSourceLinkUrl鈥?鍏堝墠鍊?鈥?_InitializeGitHubSourceLinkUrl;_InitializeGitLabSourceLinkUrl;_InitializeAzureReposGitSourceLinkUrl鈥?
       鍦?C:\Program Files\dotnet\sdk\9.0.105\Sdks\Microsoft.SourceLink.Bitbucket.Git\build\Microsoft.SourceLink.Bitbucket.Git.targets (13,5) 澶勯噸鏂板垎閰嶅睘鎬? $(SourceControlManagerUrlTranslationTargets)=鈥?TranslateGitHubUrlsInSourceControlInformation;TranslateGitLabUrlsInSourceControlInformation;TranslateAzureReposGitUrlsInSourceControlInformation;TranslateBitbucketGitUrlsInSourceControlInformation鈥?鍏堝墠鍊?鈥?TranslateGitHubUrlsInSourceControlInformation;TranslateGitLabUrlsInSourceControlInformation;TranslateAzureReposGitUrlsInSourceControlInformation鈥?
       鍦?C:\Program Files\dotnet\sdk\9.0.105\Sdks\Microsoft.NET.Sdk\targets\Microsoft.NET.DesignerSupport.targets (21,5) 澶勯噸鏂板垎閰嶅睘鎬? $(DesignerRuntimeImplementationProjectOutputGroupDependsOn)=鈥?
             
             ;
             
             ;
             BuildOnlySettings;
             PrepareForBuild;
             AssignTargetPaths;
             ResolveReferences
           
           ;
             _GenerateDesignerDepsFile;
             _GenerateDesignerRuntimeConfigFile;
             GetCopyToOutputDirectoryItems;
             _GatherDesignerShadowCopyFiles;
           鈥?鍏堝墠鍊?鈥?
             ;
             
             ;
             BuildOnlySettings;
             PrepareForBuild;
             AssignTargetPaths;
             ResolveReferences
           
           鈥?
       鍦?C:\Program Files\dotnet\sdk\9.0.105\Sdks\Microsoft.NET.Sdk\targets\Microsoft.NET.PackTool.targets (68,5) 澶勯噸鏂板垎閰嶅睘鎬? $(_GenerateToolsSettingsFileCacheFile)=鈥淓:\C\test3\WHU-STU-CHAT\backend\obj\Debug\net8.0\backend.toolssettingsinput.cache鈥?鍏堝墠鍊?鈥渙bj\Debug\net8.0\backend.toolssettingsinput.cache鈥?
       鍦?C:\Program Files\dotnet\sdk\9.0.105\Sdks\Microsoft.NET.Sdk\targets\Microsoft.NET.PackTool.targets (137,5) 澶勯噸鏂板垎閰嶅睘鎬? $(_ShimInputCacheFile)=鈥淓:\C\test3\WHU-STU-CHAT\backend\obj\Debug\net8.0\backend.shiminput.cache鈥?鍏堝墠鍊?鈥渙bj\Debug\net8.0\backend.shiminput.cache鈥?
       鍦?C:\Program Files\dotnet\sdk\9.0.105\Sdks\Microsoft.NET.Sdk\targets\Microsoft.NET.PackTool.targets (139,5) 澶勯噸鏂板垎閰嶅睘鎬? $(_ShimCreatedSentinelFile)=鈥淓:\C\test3\WHU-STU-CHAT\backend\obj\Debug\net8.0\backend.shimcreated.sentinel鈥?鍏堝墠鍊?鈥渙bj\Debug\net8.0\backend.shimcreated.sentinel鈥?
       鍦?C:\Program Files\dotnet\sdk\9.0.105\Sdks\Microsoft.NET.Sdk\targets\Microsoft.NET.Sdk.CSharp.targets (31,5) 澶勯噸鏂板垎閰嶅睘鎬? $(DefineConstants)=鈥淭RACE;DEBUG鈥?鍏堝墠鍊?鈥淭RACE鈥?
       鍦?C:\Program Files\dotnet\sdk\9.0.105\Sdks\Microsoft.NET.Sdk\targets\Microsoft.NET.Sdk.CSharp.targets (34,5) 澶勯噸鏂板垎閰嶅睘鎬? $(DefineConstants)=鈥淭RACE;DEBUG;NET;NET8_0;NETCOREAPP鈥?鍏堝墠鍊?鈥淭RACE;DEBUG鈥?
       鍦?C:\Program Files\dotnet\sdk\9.0.105\Sdks\Microsoft.NET.Sdk\targets\Microsoft.NET.Sdk.CSharp.targets (48,5) 澶勯噸鏂板垎閰嶅睘鎬? $(WarningsAsErrors)=鈥?NU1605;SYSLIB0011鈥?鍏堝墠鍊?鈥?NU1605鈥?
       鍦?C:\Program Files\dotnet\sdk\9.0.105\Sdks\NuGet.Build.Tasks.Pack\build\NuGet.Build.Tasks.Pack.targets (34,5) 澶勯噸鏂板垎閰嶅睘鎬? $(PackageDescription)=鈥淧ackage Description鈥?鍏堝墠鍊?鈥溾€?
       鍦?C:\Program Files\dotnet\sdk\9.0.105\Sdks\NuGet.Build.Tasks.Pack\build\NuGet.Build.Tasks.Pack.targets (59,5) 澶勯噸鏂板垎閰嶅睘鎬? $(GenerateNuspecDependsOn)=鈥淏uild;_LoadPackInputItems; _GetTargetFrameworksOutput; _WalkEachTargetPerFramework; _GetPackageFiles; 鈥?鍏堝墠鍊?鈥淿LoadPackInputItems; _GetTargetFrameworksOutput; _WalkEachTargetPerFramework; _GetPackageFiles; 鈥?
       鍦?C:\Program Files\dotnet\sdk\9.0.105\Sdks\Microsoft.NET.Sdk\Sdk\Sdk.targets (60,5) 澶勯噸鏂板垎閰嶅睘鎬? $(_IsNotSetContainersTargetsDir)=鈥渢rue鈥?鍏堝墠鍊?鈥渇alse鈥?
       鍦?C:\Program Files\dotnet\sdk\9.0.105\Containers\build\Microsoft.NET.Build.Containers.targets (5,5) 澶勯噸鏂板垎閰嶅睘鎬? $(_IsSDKContainerAllowedVersion)=鈥渢rue鈥?鍏堝墠鍊?鈥渇alse鈥?
       鍦?C:\Program Files\dotnet\sdk\9.0.105\Containers\build\Microsoft.NET.Build.Containers.targets (15,5) 澶勯噸鏂板垎閰嶅睘鎬? $(_ContainerIsTargetingNet8TFM)=鈥渢rue鈥?鍏堝墠鍊?鈥渇alse鈥?
       C:\Program Files\dotnet\sdk\9.0.105\Sdks\Microsoft.NET.Sdk.StaticWebAssets\targets\Sdk.StaticWebAssets.CurrentVersion.targets(37,18): message : 鍊间负鈥淐:\Program Files\dotnet\dotnet.exe鈥濈殑灞炴€р€淒OTNET_HOST_PATH鈥濅粠鐜涓睍寮€銆?
       鍦?C:\Program Files\dotnet\sdk\9.0.105\Sdks\Microsoft.NET.Sdk.StaticWebAssets\targets\Microsoft.NET.Sdk.StaticWebAssets.targets (286,5) 澶勯噸鏂板垎閰嶅睘鎬? $(PrepareForRunDependsOn)=鈥淪taticWebAssetsPrepareForRun;
             CopyFilesToOutputDirectory
           鈥?鍏堝墠鍊?鈥?
             CopyFilesToOutputDirectory
           鈥?
       鍦?C:\Program Files\dotnet\sdk\9.0.105\Sdks\Microsoft.NET.Sdk.StaticWebAssets\targets\Microsoft.NET.Sdk.StaticWebAssets.targets (323,5) 澶勯噸鏂板垎閰嶅睘鎬? $(GetCopyToOutputDirectoryItemsDependsOn)=鈥?
             AssignTargetPaths;
             
             AssignProjectConfiguration;
             _SplitProjectReferencesByFileExistence
           ;
             _GetProjectReferenceTargetFrameworkProperties;
             _PopulateCommonStateForGetCopyToOutputDirectoryItems
           ;AddStaticWebAssetsManifest;AddStaticWebAssetEndpointsBuildManifest鈥?鍏堝墠鍊?鈥?
             AssignTargetPaths;
             
             AssignProjectConfiguration;
             _SplitProjectReferencesByFileExistence
           ;
             _GetProjectReferenceTargetFrameworkProperties;
             _PopulateCommonStateForGetCopyToOutputDirectoryItems
           鈥?
       鍦?C:\Program Files\dotnet\sdk\9.0.105\Sdks\Microsoft.NET.Sdk.StaticWebAssets\targets\Microsoft.NET.Sdk.StaticWebAssets.Pack.targets (46,5) 澶勯噸鏂板垎閰嶅睘鎬? $(GenerateNuspecDependsOn)=鈥?
             IncludeStaticWebAssetsPackItems;
             Build;_LoadPackInputItems; _GetTargetFrameworksOutput; _WalkEachTargetPerFramework; _GetPackageFiles; ;
           鈥?鍏堝墠鍊?鈥淏uild;_LoadPackInputItems; _GetTargetFrameworksOutput; _WalkEachTargetPerFramework; _GetPackageFiles; 鈥?
       鍦?C:\Program Files\dotnet\sdk\9.0.105\Sdks\Microsoft.NET.Sdk.StaticWebAssets\targets\Microsoft.NET.Sdk.StaticWebAssets.Pack.targets (55,5) 澶勯噸鏂板垎閰嶅睘鎬? $(IncludeStaticWebAssetsPackItemsDependsOn)=鈥?
             Build;
             ResolveStaticWebAssetsConfiguration;LoadStaticWebAssetsBuildManifest
           ;
           鈥?鍏堝墠鍊?鈥?
             ResolveStaticWebAssetsConfiguration;LoadStaticWebAssetsBuildManifest
           鈥?
       鍦?C:\Program Files\dotnet\sdk\9.0.105\Sdks\Microsoft.NET.Sdk.StaticWebAssets\targets\Microsoft.NET.Sdk.StaticWebAssets.ScopedCss.targets (55,3) 澶勯噸鏂板垎閰嶅睘鎬? $(ResolveStaticWebAssetsInputsDependsOn)=鈥?
           
             ResolveCoreStaticWebAssets;
             GenerateComputedBuildStaticWebAssets;
             
           ;
           ResolveScopedCssAssets;
         鈥?鍏堝墠鍊?鈥?
             ResolveCoreStaticWebAssets;
             GenerateComputedBuildStaticWebAssets;
             
           鈥?
       鍦?C:\Program Files\dotnet\sdk\9.0.105\Sdks\Microsoft.NET.Sdk.StaticWebAssets\targets\Microsoft.NET.Sdk.StaticWebAssets.ScopedCss.targets (88,3) 澶勯噸鏂板垎閰嶅睘鎬? $(GenerateComputedBuildStaticWebAssetsDependsOn)=鈥?
           ResolveCoreStaticWebAssets;;
           BundleScopedCssFiles;
         鈥?鍏堝墠鍊?鈥淩esolveCoreStaticWebAssets;鈥?
       鍦?C:\Program Files\dotnet\sdk\9.0.105\Sdks\Microsoft.NET.Sdk.StaticWebAssets\targets\Microsoft.NET.Sdk.StaticWebAssets.JSModules.targets (37,5) 澶勯噸鏂板垎閰嶅睘鎬? $(ResolveCoreStaticWebAssetsDependsOn)=鈥?
             
             UpdateExistingPackageStaticWebAssets;
             ResolveProjectStaticWebAssets;
             ResolveEmbeddedProjectsStaticWebAssets;
             ResolveReferencedProjectsStaticWebAssets;
             ;
           ;
             ResolveJsInitializerModuleStaticWebAssets;
           鈥?鍏堝墠鍊?鈥?
             UpdateExistingPackageStaticWebAssets;
             ResolveProjectStaticWebAssets;
             ResolveEmbeddedProjectsStaticWebAssets;
             ResolveReferencedProjectsStaticWebAssets;
             ;
           鈥?
       鍦?C:\Program Files\dotnet\sdk\9.0.105\Sdks\Microsoft.NET.Sdk.StaticWebAssets\targets\Microsoft.NET.Sdk.StaticWebAssets.JSModules.targets (42,5) 澶勯噸鏂板垎閰嶅睘鎬? $(ResolveCoreStaticWebAssetsDependsOn)=鈥?
             
             
             UpdateExistingPackageStaticWebAssets;
             ResolveProjectStaticWebAssets;
             ResolveEmbeddedProjectsStaticWebAssets;
             ResolveReferencedProjectsStaticWebAssets;
             ;
           ;
             ResolveJsInitializerModuleStaticWebAssets;
           ;
             ResolveJSModuleStaticWebAssets;
           鈥?鍏堝墠鍊?鈥?
             
             UpdateExistingPackageStaticWebAssets;
             ResolveProjectStaticWebAssets;
             ResolveEmbeddedProjectsStaticWebAssets;
             ResolveReferencedProjectsStaticWebAssets;
             ;
           ;
             ResolveJsInitializerModuleStaticWebAssets;
           鈥?
       鍦?C:\Program Files\dotnet\sdk\9.0.105\Sdks\Microsoft.NET.Sdk.StaticWebAssets\targets\Microsoft.NET.Sdk.StaticWebAssets.JSModules.targets (57,5) 澶勯噸鏂板垎閰嶅睘鎬? $(ResolveStaticWebAssetsInputsDependsOn)=鈥?
             ResolveJSModuleManifestBuildStaticWebAssets;
             
           
             ResolveCoreStaticWebAssets;
             GenerateComputedBuildStaticWebAssets;
             
           ;
           ResolveScopedCssAssets;
         
           鈥?鍏堝墠鍊?鈥?
           
             ResolveCoreStaticWebAssets;
             GenerateComputedBuildStaticWebAssets;
             
           ;
           ResolveScopedCssAssets;
         鈥?
       鍦?C:\Program Files\dotnet\sdk\9.0.105\Sdks\Microsoft.NET.Sdk.StaticWebAssets\targets\Microsoft.NET.Sdk.StaticWebAssets.JSModules.targets (76,5) 澶勯噸鏂板垎閰嶅睘鎬? $(ResolvePublishStaticWebAssetsDependsOn)=鈥?
             ResolveJSModuleManifestPublishStaticWebAssets;
             
             ResolveCorePublishStaticWebAssets;
             GenerateComputedPublishStaticWebAssets;
             ;
           
           鈥?鍏堝墠鍊?鈥?
             ResolveCorePublishStaticWebAssets;
             GenerateComputedPublishStaticWebAssets;
             ;
           鈥?
       鍦?C:\Program Files\dotnet\sdk\9.0.105\Sdks\Microsoft.NET.Sdk.StaticWebAssets\targets\Microsoft.NET.Sdk.StaticWebAssets.Compression.targets (179,5) 澶勯噸鏂板垎閰嶅睘鎬? $(ResolveBuildRelatedStaticWebAssetsDependsOn)=鈥?
             ResolveBuildCompressedStaticWebAssets;
             
             ResolveStaticWebAssetsInputs;
             
           
           鈥?鍏堝墠鍊?鈥?
             ResolveStaticWebAssetsInputs;
             
           鈥?
       鍦?C:\Program Files\dotnet\sdk\9.0.105\Sdks\Microsoft.NET.Sdk.StaticWebAssets\targets\Microsoft.NET.Sdk.StaticWebAssets.Compression.targets (198,5) 澶勯噸鏂板垎閰嶅睘鎬? $(ResolvePublishRelatedStaticWebAssetsDependsOn)=鈥?
             ResolvePublishCompressedStaticWebAssets;
             
           鈥?鍏堝墠鍊?鈥溾€?
       鍦?C:\Program Files\dotnet\sdk\9.0.105\Sdks\Microsoft.NET.Sdk.Razor\targets\Sdk.Razor.CurrentVersion.targets (205,5) 澶勯噸鏂板垎閰嶅睘鎬? $(DebugSymbolsProjectOutputGroupDependsOn)=鈥?
             ;
             _RazorAddDebugSymbolsProjectOutputGroupOutput
           鈥?鍏堝墠鍊?鈥溾€?
       鍦?C:\Program Files\dotnet\sdk\9.0.105\Sdks\Microsoft.NET.Sdk.Razor\targets\Sdk.Razor.CurrentVersion.targets (210,5) 澶勯噸鏂板垎閰嶅睘鎬? $(PrepareForBuildDependsOn)=鈥?
             ;GetFrameworkPaths;GetReferenceAssemblyPaths;AssignLinkMetadata;
             ResolveRazorGenerateInputs
           鈥?鍏堝墠鍊?鈥?GetFrameworkPaths;GetReferenceAssemblyPaths;AssignLinkMetadata鈥?
       鍦?C:\Program Files\dotnet\sdk\9.0.105\Sdks\Microsoft.NET.Sdk.Razor\targets\Sdk.Razor.CurrentVersion.targets (215,5) 澶勯噸鏂板垎閰嶅睘鎬? $(GenerateNuspecDependsOn)=鈥?
             ResolveRazorGenerateInputs;
             
             IncludeStaticWebAssetsPackItems;
             Build;_LoadPackInputItems; _GetTargetFrameworksOutput; _WalkEachTargetPerFramework; _GetPackageFiles; ;
           
           鈥?鍏堝墠鍊?鈥?
             IncludeStaticWebAssetsPackItems;
             Build;_LoadPackInputItems; _GetTargetFrameworksOutput; _WalkEachTargetPerFramework; _GetPackageFiles; ;
           鈥?
       鍦?C:\Program Files\dotnet\sdk\9.0.105\Sdks\Microsoft.NET.Sdk.Razor\targets\Sdk.Razor.CurrentVersion.targets (220,5) 澶勯噸鏂板垎閰嶅睘鎬? $(PrepareForRunDependsOn)=鈥?
             _RazorPrepareForRun;
             StaticWebAssetsPrepareForRun;
             CopyFilesToOutputDirectory
           
           鈥?鍏堝墠鍊?鈥淪taticWebAssetsPrepareForRun;
             CopyFilesToOutputDirectory
           鈥?
       鍦?C:\Program Files\dotnet\sdk\9.0.105\Sdks\Microsoft.NET.Sdk.Razor\targets\Sdk.Razor.CurrentVersion.targets (311,5) 澶勯噸鏂板垎閰嶅睘鎬? $(UseRazorBuildServer)=鈥渢rue鈥?鍏堝墠鍊?鈥溾€?
       鍦?C:\Program Files\dotnet\sdk\9.0.105\Sdks\Microsoft.NET.Sdk.Razor\targets\Sdk.Razor.CurrentVersion.targets (317,5) 澶勯噸鏂板垎閰嶅睘鎬? $(_RazorDebugSymbolsProduced)=鈥渢rue鈥?鍏堝墠鍊?鈥渇alse鈥?
       鍦?C:\Program Files\dotnet\sdk\9.0.105\Sdks\Microsoft.NET.Sdk.Razor\targets\Microsoft.NET.Sdk.Razor.GenerateAssemblyInfo.targets (36,5) 澶勯噸鏂板垎閰嶅睘鎬? $(GenerateRazorTargetAssemblyInfoDependsOn)=鈥?
             _ResolveMvcAssemblyAttributes;
             
             GetRazorTargetAssemblyAttributes;
             _CreateRazorTargetAssemblyInfoInputsCacheFile;
             CoreGenerateRazorTargetAssemblyInfo
           
           鈥?鍏堝墠鍊?鈥?
             GetRazorTargetAssemblyAttributes;
             _CreateRazorTargetAssemblyInfoInputsCacheFile;
             CoreGenerateRazorTargetAssemblyInfo
           鈥?
       鍦?C:\Program Files\dotnet\sdk\9.0.105\Sdks\Microsoft.NET.Sdk.Razor\targets\Microsoft.NET.Sdk.Razor.GenerateAssemblyInfo.targets (181,5) 澶勯噸鏂板垎閰嶅睘鎬? $(CoreCompileDependsOn)=鈥?
             ;_ComputeNonExistentFileProperty;ResolveCodeAnalysisRuleSet;
             _GenerateRazorAssemblyInfo
           鈥?鍏堝墠鍊?鈥?_ComputeNonExistentFileProperty;ResolveCodeAnalysisRuleSet鈥?
       鍦?C:\Program Files\dotnet\sdk\9.0.105\Sdks\Microsoft.NET.Sdk.Razor\targets\Microsoft.NET.Sdk.Razor.GenerateAssemblyInfo.targets (189,5) 澶勯噸鏂板垎閰嶅睘鎬? $(_GenerateRazorAssemblyInfoDependsOn)=鈥?
             _ResolveMvcAssemblyAttributes;
             RazorGetAssemblyAttributes;PrepareForBuild;_CoreGenerateRazorAssemblyInfo;
           鈥?鍏堝墠鍊?鈥淩azorGetAssemblyAttributes;PrepareForBuild;_CoreGenerateRazorAssemblyInfo鈥?
       鍦?C:\Program Files\dotnet\sdk\9.0.105\Sdks\Microsoft.NET.Sdk.Razor\targets\Microsoft.NET.Sdk.Razor.MvcApplicationPartsDiscovery.targets (22,5) 澶勯噸鏂板垎閰嶅睘鎬? $(CoreCompileDependsOn)=鈥?
             _DiscoverMvcApplicationParts;
             
             ;_ComputeNonExistentFileProperty;ResolveCodeAnalysisRuleSet;
             _GenerateRazorAssemblyInfo
           ;
           鈥?鍏堝墠鍊?鈥?
             ;_ComputeNonExistentFileProperty;ResolveCodeAnalysisRuleSet;
             _GenerateRazorAssemblyInfo
           鈥?
       鍦?C:\Program Files\dotnet\sdk\9.0.105\Sdks\Microsoft.NET.Sdk.Razor\targets\Sdk.Razor.CurrentVersion.targets (791,5) 澶勯噸鏂板垎閰嶅睘鎬? $(RazorDesignTimeTargets)=鈥淐:\Program Files\dotnet\sdk\9.0.105\Sdks\Microsoft.NET.Sdk.Razor\targets\Microsoft.NET.Sdk.Razor.DesignTime.targets鈥?鍏堝墠鍊?鈥淐:\Program Files\dotnet\sdk\9.0.105\\Microsoft\VisualStudio\Razor\Microsoft.NET.Sdk.Razor.DesignTime.targets鈥?
       鍦?C:\Program Files\dotnet\sdk\9.0.105\Sdks\Microsoft.NET.Sdk.Web.ProjectSystem\targets\Microsoft.NET.Sdk.Web.ProjectSystem.targets (21,5) 澶勯噸鏂板垎閰嶅睘鎬? $(RunWorkingDirectory)=鈥淓:\C\test3\WHU-STU-CHAT\backend鈥?鍏堝墠鍊?鈥溾€?
       鍦?C:\Program Files\dotnet\sdk\9.0.105\Sdks\Microsoft.NET.Sdk.Publish\targets\Microsoft.NET.Sdk.Publish.targets (60,5) 澶勯噸鏂板垎閰嶅睘鎬? $(PublishProfileImported)=鈥渢rue鈥?鍏堝墠鍊?鈥渇alse鈥?
       鍦?C:\Program Files\dotnet\sdk\9.0.105\Sdks\Microsoft.NET.Sdk.Publish\targets\Microsoft.NET.Sdk.Publish.targets (81,5) 澶勯噸鏂板垎閰嶅睘鎬? $(PublishConfiguration)=鈥淒ebug鈥?鍏堝墠鍊?鈥溾€?
       鍦?C:\Program Files\dotnet\sdk\9.0.105\Sdks\Microsoft.NET.Sdk.Publish\targets\Microsoft.NET.Sdk.Publish.targets (87,5) 澶勯噸鏂板垎閰嶅睘鎬? $(BaseIntermediateOutputPath)=鈥淓:\C\test3\WHU-STU-CHAT\backend\obj\鈥?鍏堝墠鍊?鈥渙bj\鈥?
       姝ｅ湪浣跨敤椤圭洰鈥淐:\Program Files\dotnet\sdk\9.0.105\Sdks\Microsoft.NET.Sdk\targets\Microsoft.NET.Sdk.FrameworkReferenceResolution.targets鈥濅腑鐨勭洰鏍団€淩esolveFrameworkReferences鈥濋噸鍐欓」鐩€淐:\Program Files\dotnet\sdk\9.0.105\Microsoft.Common.CurrentVersion.targets鈥濅腑鐨勭洰鏍団€淩esolveFrameworkReferences鈥濄€?
       姝ｅ湪浣跨敤椤圭洰鈥淐:\Program Files\dotnet\sdk\9.0.105\Sdks\Microsoft.NET.Sdk\targets\Microsoft.NET.Sdk.targets鈥濅腑鐨勭洰鏍団€淩un鈥濋噸鍐欓」鐩€淐:\Program Files\dotnet\sdk\9.0.105\Microsoft.Common.CurrentVersion.targets鈥濅腑鐨勭洰鏍団€淩un鈥濄€?
       姝ｅ湪浣跨敤椤圭洰鈥淐:\Program Files\dotnet\sdk\9.0.105\Sdks\Microsoft.NET.Sdk\targets\Microsoft.NET.Sdk.targets鈥濅腑鐨勭洰鏍団€淕enerateSupportedTargetFrameworkAlias鈥濋噸鍐欓」鐩€淐:\Program Files\dotnet\sdk\9.0.105\Microsoft.Common.CurrentVersion.targets鈥濅腑鐨勭洰鏍団€淕enerateSupportedTargetFrameworkAlias鈥濄€?
       姝ｅ湪浣跨敤椤圭洰鈥淐:\Program Files\dotnet\sdk\9.0.105\Sdks\Microsoft.NET.Sdk\targets\Microsoft.NET.DisableStandardFrameworkResolution.targets鈥濅腑鐨勭洰鏍団€淕etReferenceAssemblyPaths鈥濋噸鍐欓」鐩€淐:\Program Files\dotnet\sdk\9.0.105\Microsoft.Common.CurrentVersion.targets鈥濅腑鐨勭洰鏍団€淕etReferenceAssemblyPaths鈥濄€?
       姝ｅ湪浣跨敤椤圭洰鈥淐:\Program Files\dotnet\sdk\9.0.105\Sdks\Microsoft.NET.Sdk\targets\Microsoft.NET.DisableStandardFrameworkResolution.targets鈥濅腑鐨勭洰鏍団€淕etFrameworkPaths鈥濋噸鍐欓」鐩€淐:\Program Files\dotnet\sdk\9.0.105\Microsoft.Common.CurrentVersion.targets鈥濅腑鐨勭洰鏍団€淕etFrameworkPaths鈥濄€?
       姝ｅ湪浣跨敤椤圭洰鈥淐:\Program Files\dotnet\sdk\9.0.105\Sdks\Microsoft.NET.Sdk\targets\Microsoft.NET.DesignerSupport.targets鈥濅腑鐨勭洰鏍団€淒esignerRuntimeImplementationProjectOutputGroup鈥濋噸鍐欓」鐩€淐:\Program Files\dotnet\sdk\9.0.105\Microsoft.Common.CurrentVersion.targets鈥濅腑鐨勭洰鏍団€淒esignerRuntimeImplementationProjectOutputGroup鈥濄€?
       姝ｅ湪浣跨敤椤圭洰鈥淐:\Program Files\dotnet\sdk\9.0.105\Sdks\Microsoft.NET.Sdk\targets\Microsoft.NET.Publish.targets鈥濅腑鐨勭洰鏍団€淧ublish鈥濋噸鍐欓」鐩€淐:\Program Files\dotnet\sdk\9.0.105\Microsoft.Common.CurrentVersion.targets鈥濅腑鐨勭洰鏍団€淧ublish鈥濄€?
       姝ｅ湪浣跨敤椤圭洰鈥淐:\Program Files\dotnet\sdk\9.0.105\Sdks\Microsoft.NET.Sdk\targets\Microsoft.NET.Publish.targets鈥濅腑鐨勭洰鏍団€淩esolveReadyToRunCompilers鈥濋噸鍐欓」鐩€淐:\Program Files\dotnet\sdk\9.0.105\Sdks\Microsoft.NET.Sdk\targets\Microsoft.NET.CrossGen.targets鈥濅腑鐨勭洰鏍団€淩esolveReadyToRunCompilers鈥濄€?
       姝ｅ湪浣跨敤椤圭洰鈥淐:\Program Files\dotnet\sdk\9.0.105\Sdks\Microsoft.NET.Sdk\targets\Microsoft.NET.Publish.targets鈥濅腑鐨勭洰鏍団€淕etCopyToPublishDirectoryItems鈥濋噸鍐欓」鐩€淐:\Program Files\dotnet\sdk\9.0.105\Microsoft.Common.CurrentVersion.targets鈥濅腑鐨勭洰鏍団€淕etCopyToPublishDirectoryItems鈥濄€?
       姝ｅ湪浣跨敤椤圭洰鈥淐:\Program Files\dotnet\sdk\9.0.105\Sdks\Microsoft.NET.Sdk.Publish\targets\Microsoft.NET.Sdk.Publish.targets鈥濅腑鐨勭洰鏍団€淏eforePublish鈥濋噸鍐欓」鐩€淐:\Program Files\dotnet\sdk\9.0.105\Microsoft.Common.CurrentVersion.targets鈥濅腑鐨勭洰鏍団€淏eforePublish鈥濄€?
       姝ｅ湪浣跨敤椤圭洰鈥淐:\Program Files\dotnet\sdk\9.0.105\Sdks\Microsoft.NET.Sdk.Publish\targets\Microsoft.NET.Sdk.Publish.targets鈥濅腑鐨勭洰鏍団€淎fterPublish鈥濋噸鍐欓」鐩€淐:\Program Files\dotnet\sdk\9.0.105\Microsoft.Common.CurrentVersion.targets鈥濅腑鐨勭洰鏍団€淎fterPublish鈥濄€?
       椤圭洰涓笉瀛樺湪 AfterTargets 鐗规€т腑鐨勨€淐:\Users\Lenovo13\.nuget\packages\system.text.json\7.0.1\buildTransitive\net6.0\System.Text.Json.targets (11,11)鈥濅綅缃垪鍑虹殑鐩爣鈥淩esolveNuGetPackageAssets鈥濓紝灏嗗拷鐣ヨ鐩爣銆?
       椤圭洰涓笉瀛樺湪 AfterTargets 鐗规€т腑鐨勨€淐:\Users\Lenovo13\.nuget\packages\system.text.json\7.0.1\buildTransitive\net6.0\System.Text.Json.targets (23,11)鈥濅綅缃垪鍑虹殑鐩爣鈥淩esolveNuGetPackageAssets鈥濓紝灏嗗拷鐣ヨ鐩爣銆?
       椤圭洰涓笉瀛樺湪 BeforeTargets 鐗规€т腑鐨勨€淐:\Program Files\dotnet\sdk\9.0.105\Sdks\Microsoft.NET.Sdk.StaticWebAssets\targets\Microsoft.NET.Sdk.StaticWebAssets.ScopedCss.targets (171,5)鈥濅綅缃垪鍑虹殑鐩爣鈥淐ollectUpToDateCheckInputDesignTime鈥濓紝灏嗗拷鐣ヨ鐩爣銆?
       椤圭洰涓笉瀛樺湪 BeforeTargets 鐗规€т腑鐨勨€淐:\Program Files\dotnet\sdk\9.0.105\Sdks\Microsoft.NET.Sdk.StaticWebAssets\targets\Microsoft.NET.Sdk.StaticWebAssets.ScopedCss.targets (171,5)鈥濅綅缃垪鍑虹殑鐩爣鈥淐ollectUpToDateCheckBuiltDesignTime鈥濓紝灏嗗拷鐣ヨ鐩爣銆?
       椤圭洰涓笉瀛樺湪 AfterTargets 鐗规€т腑鐨勨€淐:\Program Files\dotnet\sdk\9.0.105\Sdks\Microsoft.NET.Sdk.Razor\targets\Microsoft.NET.Sdk.Razor.DesignTime.targets (55,53)鈥濅綅缃垪鍑虹殑鐩爣鈥淩azorGenerateComponentDeclaration鈥濓紝灏嗗拷鐣ヨ鐩爣銆?
   1:2>椤圭洰鈥淓:\C\test3\WHU-STU-CHAT\backend\backend.sln鈥?1:2)姝ｅ湪鑺傜偣 1 涓婄敓鎴愨€淓:\C\test3\WHU-STU-CHAT\backend\backend.csproj鈥?2:6) (榛樿鐩爣)銆?
   2:6>鐢变簬鏉′欢鐨勮绠楃粨鏋滀负 false锛屽凡璺宠繃鐩爣鈥淿CheckForUnsupportedTargetFramework鈥濓紱('$(_UnsupportedTargetFrameworkError)' == 'true')鐨勮绠楃粨鏋滀负('' == 'true')銆?
   2:6>鏉ヨ嚜椤圭洰鈥淓:\C\test3\WHU-STU-CHAT\backend\backend.csproj鈥濈殑鏂囦欢鈥淐:\Program Files\dotnet\sdk\9.0.105\Sdks\Microsoft.NET.Sdk\targets\Microsoft.NET.TargetFrameworkInference.targets鈥濅腑鐨勭洰鏍団€淿CollectTargetFrameworkForTelemetry鈥?鐩爣鈥淿CheckForInvalidConfigurationAndPlatform鈥濅緷璧栦簬瀹?:
       姝ｅ湪浣跨敤绋嬪簭闆嗏€淐:\Program Files\dotnet\sdk\9.0.105\Sdks\Microsoft.NET.Sdk\targets\..\tools\net9.0\Microsoft.NET.Build.Tasks.dll鈥濅腑鐨勨€淎llowEmptyTelemetry鈥濅换鍔°€?
       浠诲姟鈥淎llowEmptyTelemetry鈥?
       宸插畬鎴愭墽琛屼换鍔♀€淎llowEmptyTelemetry鈥濈殑鎿嶄綔銆?
   2:6>宸插畬鎴愬湪椤圭洰鈥渂ackend.csproj鈥濅腑鐢熸垚鐩爣鈥淿CollectTargetFrameworkForTelemetry鈥濈殑鎿嶄綔銆?
       鐢变簬鏉′欢鐨勮绠楃粨鏋滀负 false锛屽凡璺宠繃鐩爣鈥淿CheckForUnsupportedTargetPlatformIdentifier鈥濓紱('$(TargetPlatformIdentifier)' != '' and '$(TargetFrameworkIdentifier)' == '.NETCoreApp' and $([MSBuild]::VersionGreaterThanOrEquals($(TargetFrameworkVersion), 5.0)) And ('$(DesignTimeBuild)' != 'true' Or '@(MissingWorkloadPack)' == ''))鐨勮绠楃粨鏋滀负('' != '' and '.NETCoreApp' == '.NETCoreApp' and True And ('' != 'true' Or '' == ''))銆?
       鐢变簬鏉′欢鐨勮绠楃粨鏋滀负 false锛屽凡璺宠繃鐩爣鈥淿CheckForMissingWorkload鈥濓紱('@(MissingWorkloadPack)' != '' And '$(DesignTimeBuild)' != 'true')鐨勮绠楃粨鏋滀负('' != '' And '' != 'true')銆?
   2:6>鏉ヨ嚜椤圭洰鈥淓:\C\test3\WHU-STU-CHAT\backend\backend.csproj鈥濈殑鏂囦欢鈥淐:\Program Files\dotnet\sdk\9.0.105\Sdks\Microsoft.NET.Sdk\targets\Microsoft.NET.TargetFrameworkInference.targets鈥濅腑鐨勭洰鏍団€淿CheckForUnsupportedNETCoreVersion鈥?鐩爣鈥淿CheckForInvalidConfigurationAndPlatform鈥濅緷璧栦簬瀹?:
       鐢变簬 false 鏉′欢锛屽凡璺宠繃浠诲姟鈥淣ETSdkError鈥濓紱('$(_TargetFrameworkVersionWithoutV)' > '$(NETCoreAppMaximumVersion)' and '$(DisplayVSMessage)' != 'true')璁＄畻涓?'8.0' > '9.0' and '' != 'true')銆?
       鐢变簬 false 鏉′欢锛屽凡璺宠繃浠诲姟鈥淣ETSdkError鈥濓紱('$(DisplayVSMessage)' == 'true')璁＄畻涓?'' == 'true')銆?
   2:6>宸插畬鎴愬湪椤圭洰鈥渂ackend.csproj鈥濅腑鐢熸垚鐩爣鈥淿CheckForUnsupportedNETCoreVersion鈥濈殑鎿嶄綔銆?
       鐢变簬鏉′欢鐨勮绠楃粨鏋滀负 false锛屽凡璺宠繃鐩爣鈥淿CheckForEolTargetFrameworks鈥濓紱('@(_EolNetCoreTargetFrameworkVersions->AnyHaveMetadataValue('Identity', '$(_TargetFrameworkVersionWithoutV)'))' and '$(TargetFrameworkIdentifier)' == '.NETCoreApp' and '$(CheckEolTargetFramework)' == 'true')鐨勮绠楃粨鏋滀负('false' and '.NETCoreApp' == '.NETCoreApp' and 'true' == 'true')銆?
       鐢变簬鏉′欢鐨勮绠楃粨鏋滀负 false锛屽凡璺宠繃鐩爣鈥淿CheckForEolWorkloads鈥濓紱('@(EolWorkload)' != '' and '$(CheckEolWorkloads)' == 'true')鐨勮绠楃粨鏋滀负('' != '' and 'true' == 'true')銆?
       鐢变簬鏉′欢鐨勮绠楃粨鏋滀负 false锛屽凡璺宠繃鐩爣鈥淿CheckForNotRecommendedNETStandardVersion鈥濓紱('$(TargetFrameworkIdentifier)' == '.NETStandard' and $([MSBuild]::VersionLessThan($(TargetFrameworkVersion), '2.0')))鐨勮绠楃粨鏋滀负('.NETCoreApp' == '.NETStandard' and False)銆?
   2:6>鏉ヨ嚜椤圭洰鈥淓:\C\test3\WHU-STU-CHAT\backend\backend.csproj鈥濈殑鏂囦欢鈥淐:\Program Files\dotnet\sdk\9.0.105\Sdks\Microsoft.NET.Sdk\targets\Microsoft.NET.TargetFrameworkInference.targets鈥濅腑鐨勭洰鏍団€淿CheckForUnsupportedCppNETCoreVersion鈥?鐩爣鈥淿CheckForInvalidConfigurationAndPlatform鈥濅緷璧栦簬瀹?:
       鐢变簬 false 鏉′欢锛屽凡璺宠繃浠诲姟鈥淣ETSdkError鈥濓紱('$(TargetFrameworkIdentifier)' == '.NETCoreApp' and '$(_TargetFrameworkVersionWithoutV)' < '3.1' and ('$(Language)' == 'C++' and '$(_EnablePackageReferencesInVCProjects)' != 'true'))璁＄畻涓?'.NETCoreApp' == '.NETCoreApp' and '8.0' < '3.1' and ('C#' == 'C++' and '' != 'true'))銆?
   2:6>宸插畬鎴愬湪椤圭洰鈥渂ackend.csproj鈥濅腑鐢熸垚鐩爣鈥淿CheckForUnsupportedCppNETCoreVersion鈥濈殑鎿嶄綔銆?
       鐢变簬鏉′欢鐨勮绠楃粨鏋滀负 false锛屽凡璺宠繃鐩爣鈥淿CheckForUnsupportedNETStandardVersion鈥濓紱('$(TargetFrameworkIdentifier)' == '.NETStandard' And '$(NETStandardMaximumVersion)' != '')鐨勮绠楃粨鏋滀负('.NETCoreApp' == '.NETStandard' And '' != '')銆?
       鐢变簬鏉′欢鐨勮绠楃粨鏋滀负 false锛屽凡璺宠繃鐩爣鈥淿CheckForUnsupportedTargetFrameworkAndFeatureCombination鈥濓紱('$(TargetFrameworkIdentifier)' == '.NETFramework')鐨勮绠楃粨鏋滀负('.NETCoreApp' == '.NETFramework')銆?
       鐢变簬鏉′欢鐨勮绠楃粨鏋滀负 false锛屽凡璺宠繃鐩爣鈥淿CheckForSupportedOSPlatformVersionHigherThanTargetPlatformVersion鈥濓紱('$(TargetPlatformVersion)' != '' and '$(TargetFrameworkIdentifier)' == '.NETCoreApp' and $([MSBuild]::VersionGreaterThanOrEquals($(TargetFrameworkVersion), 5.0)))鐨勮绠楃粨鏋滀负('' != '' and '.NETCoreApp' == '.NETCoreApp' and True)銆?
       鐢变簬鏉′欢鐨勮绠楃粨鏋滀负 false锛屽凡璺宠繃鐩爣鈥淿CheckForInvalidTargetPlatformVersion鈥濓紱('$(TargetPlatformVersion)' != '' and '$(TargetFrameworkIdentifier)' == '.NETCoreApp' and $([MSBuild]::VersionGreaterThanOrEquals($(TargetFrameworkVersion), 5.0)) and ('$(Language)' != 'C++' or '$(_EnablePackageReferencesInVCProjects)' == 'true'))鐨勮绠楃粨鏋滀负('' != '' and '.NETCoreApp' == '.NETCoreApp' and True and ('C#' != 'C++' or '' == 'true'))銆?
   2:6>鏉ヨ嚜椤圭洰鈥淓:\C\test3\WHU-STU-CHAT\backend\backend.csproj鈥濈殑鏂囦欢鈥淐:\Program Files\dotnet\sdk\9.0.105\Sdks\Microsoft.NET.Sdk\targets\Microsoft.NET.DefaultOutputPaths.targets鈥濅腑鐨勭洰鏍団€淿CheckForUnsupportedArtifactsPath鈥?鐩爣鈥淿CheckForInvalidConfigurationAndPlatform鈥濅緷璧栦簬瀹?:
       鐢变簬 false 鏉′欢锛屽凡璺宠繃浠诲姟鈥淣etSdkError鈥濓紱('$(UseArtifactsOutput)' == 'true' and '$(_ArtifactsPathSetEarly)' != 'true')璁＄畻涓?'' == 'true' and '' != 'true')銆?
       鐢变簬 false 鏉′欢锛屽凡璺宠繃浠诲姟鈥淣etSdkError鈥濓紱('$(_ArtifactsPathLocationType)' == 'ProjectFolder')璁＄畻涓?'' == 'ProjectFolder')銆?
   2:6>宸插畬鎴愬湪椤圭洰鈥渂ackend.csproj鈥濅腑鐢熸垚鐩爣鈥淿CheckForUnsupportedArtifactsPath鈥濈殑鎿嶄綔銆?
       鐢变簬鏉′欢鐨勮绠楃粨鏋滀负 false锛屽凡璺宠繃鐩爣鈥淿CheckForMissingWorkload鈥濓紱('@(MissingWorkloadPack)' != '' And '$(DesignTimeBuild)' != 'true')鐨勮绠楃粨鏋滀负('' != '' And '' != 'true')銆?
   2:6>鏉ヨ嚜椤圭洰鈥淓:\C\test3\WHU-STU-CHAT\backend\backend.csproj鈥濈殑鏂囦欢鈥淐:\Program Files\dotnet\sdk\9.0.105\Sdks\Microsoft.NET.Sdk\targets\Microsoft.NET.RuntimeIdentifierInference.targets鈥濅腑鐨勭洰鏍団€淿CheckForUnsupportedAppHostUsage鈥?鐩爣鈥淿CheckForInvalidConfigurationAndPlatform鈥濅緷璧栦簬瀹?:
       鐢变簬 false 鏉′欢锛屽凡璺宠繃浠诲姟鈥淣ETSdkError鈥濓紱('$(SelfContained)' == 'true' and '$(RuntimeIdentifier)' == '' and '$(AllowSelfContainedWithoutRuntimeIdentifier)' != 'true')璁＄畻涓?'false' == 'true' and '' == '' and '' != 'true')銆?
       鐢变簬 false 鏉′欢锛屽凡璺宠繃浠诲姟鈥淣ETSdkError鈥濓紱('$(PublishReadyToRun)' == 'true' and '$(RuntimeIdentifier)' == '' and '$(_IsPublishing)' == 'true')璁＄畻涓?'' == 'true' and '' == '' and '' == 'true')銆?
       鐢变簬 false 鏉′欢锛屽凡璺宠繃浠诲姟鈥淣ETSdkError鈥濓紱('$(PublishSingleFile)' == 'true' and '$(RuntimeIdentifier)' == '' and '$(_IsPublishing)' == 'true')璁＄畻涓?'' == 'true' and '' == '' and '' == 'true')銆?
       鐢变簬 false 鏉′欢锛屽凡璺宠繃浠诲姟鈥淣ETSdkError鈥濓紱('$(PublishAot)' == 'true' and '$(RuntimeIdentifier)' == '' and '$(_IsPublishing)' == 'true' and '$(AllowPublishAotWithoutRuntimeIdentifier)' != 'true')璁＄畻涓?'' == 'true' and '' == '' and '' == 'true' and '' != 'true')銆?
       鐢变簬 false 鏉′欢锛屽凡璺宠繃浠诲姟鈥淣ETSdkError鈥濓紱('$(PublishSelfContained)' != 'true' and '$(PublishSelfContained)' != 'false' and '$(PublishSelfContained)' != '')璁＄畻涓?'' != 'true' and '' != 'false' and '' != '')銆?
       鐢变簬 false 鏉′欢锛屽凡璺宠繃浠诲姟鈥淣ETSdkError鈥濓紱('$(SelfContained)' == 'true' and '$(UseAppHost)' != 'true' and '$(_RuntimeIdentifierUsesAppHost)' == 'true')璁＄畻涓?'false' == 'true' and 'true' != 'true' and 'true' == 'true')銆?
       鐢变簬 false 鏉′欢锛屽凡璺宠繃浠诲姟鈥淣ETSdkError鈥濓紱('$(SelfContained)' != 'true' and '$(UseAppHost)' == 'true' and '$(_TargetFrameworkVersionWithoutV)' < '2.1')璁＄畻涓?'false' != 'true' and 'true' == 'true' and '8.0' < '2.1')銆?
       鐢变簬 false 鏉′欢锛屽凡璺宠繃浠诲姟鈥淣ETSdkError鈥濓紱('$(PublishSingleFile)' == 'true' and '$(_TargetFrameworkVersionWithoutV)' < '3.0')璁＄畻涓?'' == 'true' and '8.0' < '3.0')銆?
       鐢变簬 false 鏉′欢锛屽凡璺宠繃浠诲姟鈥淣ETSdkWarning鈥濓紱('$(PublishReadyToRun)' == 'true' and '$(_TargetFrameworkVersionWithoutV)' < '3.0')璁＄畻涓?'' == 'true' and '8.0' < '3.0')銆?
       鐢变簬 false 鏉′欢锛屽凡璺宠繃浠诲姟鈥淣ETSdkWarning鈥濓紱('$(RuntimeIdentifier)' != '' and '$(_TargetFrameworkVersionWithoutV)' != '' and $([MSBuild]::VersionLessThan($(_TargetFrameworkVersionWithoutV), '8.0')) and '$(_SelfContainedWasSpecified)' != 'true')璁＄畻涓?'' != '' and '8.0' != '' and False and '' != 'true')銆?
       鐢变簬 false 鏉′欢锛屽凡璺宠繃浠诲姟鈥淣etSdkError鈥濓紱(('$(UseWindowsForms)' == 'true') and ('$(PublishTrimmed)' == 'true') and ('$(_SuppressWinFormsTrimError)' != 'true'))璁＄畻涓?('' == 'true') and ('' == 'true') and ('' != 'true'))銆?
       鐢变簬 false 鏉′欢锛屽凡璺宠繃浠诲姟鈥淣etSdkError鈥濓紱(('$(UseWpf)' == 'true') and ('$(PublishTrimmed)' == 'true') and ('$(_SuppressWpfTrimError)' != 'true'))璁＄畻涓?('' == 'true') and ('' == 'true') and ('' != 'true'))銆?
   2:6>宸插畬鎴愬湪椤圭洰鈥渂ackend.csproj鈥濅腑鐢熸垚鐩爣鈥淿CheckForUnsupportedAppHostUsage鈥濈殑鎿嶄綔銆?
   2:6>鏉ヨ嚜椤圭洰鈥淓:\C\test3\WHU-STU-CHAT\backend\backend.csproj鈥濈殑鏂囦欢鈥淐:\Program Files\dotnet\sdk\9.0.105\Sdks\Microsoft.NET.Sdk\targets\Microsoft.NET.RuntimeIdentifierInference.targets鈥濅腑鐨勭洰鏍団€淿CheckForUnsupportedHostingUsage鈥?鐩爣鈥淿CheckForInvalidConfigurationAndPlatform鈥濅緷璧栦簬瀹?:
       鐢变簬 false 鏉′欢锛屽凡璺宠繃浠诲姟鈥淣ETSdkWarning鈥濓紱('$(SelfContained)' == 'true' and '$(EnableComHosting)' == 'true')璁＄畻涓?'false' == 'true' and '' == 'true')銆?
   2:6>宸插畬鎴愬湪椤圭洰鈥渂ackend.csproj鈥濅腑鐢熸垚鐩爣鈥淿CheckForUnsupportedHostingUsage鈥濈殑鎿嶄綔銆?
   2:6>鏉ヨ嚜椤圭洰鈥淓:\C\test3\WHU-STU-CHAT\backend\backend.csproj鈥濈殑鏂囦欢鈥淐:\Program Files\dotnet\sdk\9.0.105\Sdks\Microsoft.NET.Sdk\targets\Microsoft.NET.RuntimeIdentifierInference.targets鈥濅腑鐨勭洰鏍団€淿CheckAndUnsetUnsupportedPrefer32Bit鈥?鐩爣鈥淿CheckForInvalidConfigurationAndPlatform鈥濅緷璧栦簬瀹?:
       鐢变簬 false 鏉′欢锛屽凡璺宠繃浠诲姟鈥淣ETSdkWarning鈥濓紱('$(Prefer32Bit)' == 'true')璁＄畻涓?'false' == 'true')銆?
   2:6>宸插畬鎴愬湪椤圭洰鈥渂ackend.csproj鈥濅腑鐢熸垚鐩爣鈥淿CheckAndUnsetUnsupportedPrefer32Bit鈥濈殑鎿嶄綔銆?
       鐢变簬鏉′欢鐨勮绠楃粨鏋滀负 false锛屽凡璺宠繃鐩爣鈥淿CheckAndUnsetUnsupportedPreferNativeArm64鈥濓紱('$(TargetFrameworkIdentifier)' == '.NETCoreApp' and '$(PreferNativeArm64)' == 'true')鐨勮绠楃粨鏋滀负('.NETCoreApp' == '.NETCoreApp' and 'false' == 'true')銆?
       鐢变簬鏉′欢鐨勮绠楃粨鏋滀负 false锛屽凡璺宠繃鐩爣鈥淿CheckForMismatchingPlatform鈥濓紱('$(RuntimeIdentifier)' != '' and '$(PlatformTarget)' != '')鐨勮绠楃粨鏋滀负('' != '' and '' != '')銆?
   2:6>鏉ヨ嚜椤圭洰鈥淓:\C\test3\WHU-STU-CHAT\backend\backend.csproj鈥濈殑鏂囦欢鈥淐:\Program Files\dotnet\sdk\9.0.105\Sdks\Microsoft.NET.Sdk\targets\Microsoft.NET.RuntimeIdentifierInference.targets鈥濅腑鐨勭洰鏍団€淿CheckForLanguageAndFeatureCombinationSupport鈥?鐩爣鈥淿CheckForInvalidConfigurationAndPlatform鈥濅緷璧栦簬瀹?:
       鐢变簬 false 鏉′欢锛屽凡璺宠繃浠诲姟鈥淣ETSdkError鈥濓紱(('$(Language)' == 'C++' and '$(_EnablePackageReferencesInVCProjects)' != 'true') and $(OutputType) != 'library' and '$(TargetFrameworkIdentifier)' == '.NETCoreApp')璁＄畻涓?('C#' == 'C++' and '' != 'true') and Exe != 'library' and '.NETCoreApp' == '.NETCoreApp')銆?
       鐢变簬 false 鏉′欢锛屽凡璺宠繃浠诲姟鈥淣ETSdkError鈥濓紱(('$(Language)' == 'C++' and '$(_EnablePackageReferencesInVCProjects)' != 'true') and $(EnableComHosting) == 'true')璁＄畻涓?('C#' == 'C++' and '' != 'true') and  == 'true')銆?
       鐢变簬 false 鏉′欢锛屽凡璺宠繃浠诲姟鈥淣ETSdkError鈥濓紱(('$(Language)' == 'C++' and '$(_EnablePackageReferencesInVCProjects)' != 'true') and $(SelfContained) == 'true')璁＄畻涓?('C#' == 'C++' and '' != 'true') and false == 'true')銆?
   2:6>宸插畬鎴愬湪椤圭洰鈥渂ackend.csproj鈥濅腑鐢熸垚鐩爣鈥淿CheckForLanguageAndFeatureCombinationSupport鈥濈殑鎿嶄綔銆?
       鐢变簬鏉′欢鐨勮绠楃粨鏋滀负 false锛屽凡璺宠繃鐩爣鈥淿CheckForNETCoreSdkIsPreview鈥濓紱( '$(_NETCoreSdkIsPreview)' == 'true' AND '$(SuppressNETCoreSdkPreviewMessage)' != 'true' )鐨勮绠楃粨鏋滀负( 'false' == 'true' AND '' != 'true' )銆?
   2:6>鏉ヨ嚜椤圭洰鈥淓:\C\test3\WHU-STU-CHAT\backend\backend.csproj鈥濈殑鏂囦欢鈥淐:\Program Files\dotnet\sdk\9.0.105\NuGet.targets鈥濅腑鐨勭洰鏍団€淿GetProjectJsonPath鈥?鐩爣鈥淿GetRestoreProjectStyle鈥濅緷璧栦簬瀹?:
       鐢变簬 false 鏉′欢锛屽凡璺宠繃浠诲姟鈥淕etRestoreProjectJsonPathTask鈥濓紱( '$(RestoreProjectStyle)' == 'ProjectJson' OR '$(RestoreProjectStyle)' == '' )璁＄畻涓? 'PackageReference' == 'ProjectJson' OR 'PackageReference' == '' )銆?
   2:6>宸插畬鎴愬湪椤圭洰鈥渂ackend.csproj鈥濅腑鐢熸垚鐩爣鈥淿GetProjectJsonPath鈥濈殑鎿嶄綔銆?
       鐢变簬鏉′欢鐨勮绠楃粨鏋滀负 false锛屽凡璺宠繃鐩爣鈥淿CheckForUnsupportedTargetPlatformIdentifier鈥濓紱('$(TargetPlatformIdentifier)' != '' and '$(TargetFrameworkIdentifier)' == '.NETCoreApp' and $([MSBuild]::VersionGreaterThanOrEquals($(TargetFrameworkVersion), 5.0)) And ('$(DesignTimeBuild)' != 'true' Or '@(MissingWorkloadPack)' == ''))鐨勮绠楃粨鏋滀负('' != '' and '.NETCoreApp' == '.NETCoreApp' and True And ('' != 'true' Or '' == ''))銆?
       鐢变簬鏉′欢鐨勮绠楃粨鏋滀负 false锛屽凡璺宠繃鐩爣鈥淿CheckForMissingWorkload鈥濓紱('@(MissingWorkloadPack)' != '' And '$(DesignTimeBuild)' != 'true')鐨勮绠楃粨鏋滀负('' != '' And '' != 'true')銆?
       鐢变簬鏉′欢鐨勮绠楃粨鏋滀负 false锛屽凡璺宠繃鐩爣鈥淿CheckForNotRecommendedNETStandardVersion鈥濓紱('$(TargetFrameworkIdentifier)' == '.NETStandard' and $([MSBuild]::VersionLessThan($(TargetFrameworkVersion), '2.0')))鐨勮绠楃粨鏋滀负('.NETCoreApp' == '.NETStandard' and False)銆?
       鐢变簬鏉′欢鐨勮绠楃粨鏋滀负 false锛屽凡璺宠繃鐩爣鈥淿CheckForUnsupportedNETStandardVersion鈥濓紱('$(TargetFrameworkIdentifier)' == '.NETStandard' And '$(NETStandardMaximumVersion)' != '')鐨勮绠楃粨鏋滀负('.NETCoreApp' == '.NETStandard' And '' != '')銆?
       鐢变簬鏉′欢鐨勮绠楃粨鏋滀负 false锛屽凡璺宠繃鐩爣鈥淿CheckForUnsupportedTargetFrameworkAndFeatureCombination鈥濓紱('$(TargetFrameworkIdentifier)' == '.NETFramework')鐨勮绠楃粨鏋滀负('.NETCoreApp' == '.NETFramework')銆?
   2:6>鏉ヨ嚜椤圭洰鈥淓:\C\test3\WHU-STU-CHAT\backend\backend.csproj鈥濈殑鏂囦欢鈥淐:\Program Files\dotnet\sdk\9.0.105\Sdks\Microsoft.NET.Sdk\targets\Microsoft.NET.Sdk.DefaultItems.Shared.targets鈥濅腑鐨勭洰鏍団€淯pdateAspNetToFrameworkReference鈥?鐩爣鈥淎pplyImplicitVersions鈥濅緷璧栦簬瀹?:
       姝ｅ湪浣跨敤绋嬪簭闆嗏€淐:\Program Files\dotnet\sdk\9.0.105\Sdks\Microsoft.NET.Sdk\targets\..\tools\net9.0\Microsoft.NET.Build.Tasks.dll鈥濅腑鐨勨€淐heckIfPackageReferenceShouldBeFrameworkReference鈥濅换鍔°€?
       浠诲姟鈥淐heckIfPackageReferenceShouldBeFrameworkReference鈥?
       宸插畬鎴愭墽琛屼换鍔♀€淐heckIfPackageReferenceShouldBeFrameworkReference鈥濈殑鎿嶄綔銆?
       鐢变簬 false 鏉′欢锛屽凡璺宠繃浠诲姟鈥淣ETSdkError鈥濓紱('$(_ShouldRemoveAspNetCoreAll)' == 'true')璁＄畻涓?'False' == 'true')銆?
       浠诲姟鈥淐heckIfPackageReferenceShouldBeFrameworkReference鈥?
       宸插畬鎴愭墽琛屼换鍔♀€淐heckIfPackageReferenceShouldBeFrameworkReference鈥濈殑鎿嶄綔銆?
       鐢变簬 false 鏉′欢锛屽凡璺宠繃浠诲姟鈥淣ETSdkWarning鈥濓紱('$(_ShouldRemoveAspNetCoreApp)' == 'true')璁＄畻涓?'False' == 'true')銆?
   2:6>宸插畬鎴愬湪椤圭洰鈥渂ackend.csproj鈥濅腑鐢熸垚鐩爣鈥淯pdateAspNetToFrameworkReference鈥濈殑鎿嶄綔銆?
       鐢变簬鏉′欢鐨勮绠楃粨鏋滀负 false锛屽凡璺宠繃鐩爣鈥淚ncludeTargetingPackReference鈥濓紱('$(TargetFrameworkMoniker)' != '' and '$(TargetFrameworkIdentifier)' == '.NETFramework' and '$(AutomaticallyUseReferenceAssemblyPackages)' == 'true')鐨勮绠楃粨鏋滀负('.NETCoreApp,Version=v8.0' != '' and '.NETCoreApp' == '.NETFramework' and 'true' == 'true')銆?
   2:6>鏉ヨ嚜椤圭洰鈥淓:\C\test3\WHU-STU-CHAT\backend\backend.csproj鈥濈殑鏂囦欢鈥淐:\Program Files\dotnet\sdk\9.0.105\Sdks\Microsoft.NET.Sdk\targets\Microsoft.NET.Sdk.DefaultItems.Shared.targets鈥濅腑鐨勭洰鏍団€淐heckForImplicitPackageReferenceOverrides鈥?鐩爣鈥淎pplyImplicitVersions鈥濅緷璧栦簬瀹?:
       姝ｅ湪浣跨敤绋嬪簭闆嗏€淐:\Program Files\dotnet\sdk\9.0.105\Sdks\Microsoft.NET.Sdk\targets\..\tools\net9.0\Microsoft.NET.Build.Tasks.dll鈥濅腑鐨勨€淐heckForImplicitPackageReferenceOverrides鈥濅换鍔°€?
       浠诲姟鈥淐heckForImplicitPackageReferenceOverrides鈥?
       宸插畬鎴愭墽琛屼换鍔♀€淐heckForImplicitPackageReferenceOverrides鈥濈殑鎿嶄綔銆?
   2:6>宸插畬鎴愬湪椤圭洰鈥渂ackend.csproj鈥濅腑鐢熸垚鐩爣鈥淐heckForImplicitPackageReferenceOverrides鈥濈殑鎿嶄綔銆?
   2:6>鏉ヨ嚜椤圭洰鈥淓:\C\test3\WHU-STU-CHAT\backend\backend.csproj鈥濈殑鏂囦欢鈥淐:\Program Files\dotnet\sdk\9.0.105\Sdks\Microsoft.NET.Sdk\targets\Microsoft.NET.Sdk.DefaultItems.Shared.targets鈥濅腑鐨勭洰鏍団€淎pplyImplicitVersions鈥?鐩爣鈥淐ollectPackageReferences鈥濅緷璧栦簬瀹?:
       姝ｅ湪浣跨敤绋嬪簭闆嗏€淐:\Program Files\dotnet\sdk\9.0.105\Sdks\Microsoft.NET.Sdk\targets\..\tools\net9.0\Microsoft.NET.Build.Tasks.dll鈥濅腑鐨勨€淎pplyImplicitVersions鈥濅换鍔°€?
       浠诲姟鈥淎pplyImplicitVersions鈥?
       宸插畬鎴愭墽琛屼换鍔♀€淎pplyImplicitVersions鈥濈殑鎿嶄綔銆?
   2:6>宸插畬鎴愬湪椤圭洰鈥渂ackend.csproj鈥濅腑鐢熸垚鐩爣鈥淎pplyImplicitVersions鈥濈殑鎿嶄綔銆?
       宸茶烦杩囩洰鏍団€淐heckForImplicitPackageReferenceOverrides鈥濄€備互鍓嶇殑鐢熸垚宸叉垚鍔熴€?
       鐢变簬鏉′欢鐨勮绠楃粨鏋滀负 false锛屽凡璺宠繃鐩爣鈥淎ddWindowsSdkKnownFrameworkReferences鈥濓紱('$(TargetFrameworkIdentifier)' == '.NETCoreApp' And '$(TargetPlatformIdentifier)' == 'Windows')鐨勮绠楃粨鏋滀负('.NETCoreApp' == '.NETCoreApp' And '' == 'Windows')銆?
       鐢变簬鏉′欢鐨勮绠楃粨鏋滀负 false锛屽凡璺宠繃鐩爣鈥淿NormalizeTargetPlatformVersion鈥濓紱('$(TargetPlatformVersion)' != '' and '$(TargetFrameworkIdentifier)' == '.NETCoreApp' and $([MSBuild]::VersionGreaterThanOrEquals($(TargetFrameworkVersion), 5.0)) and ('$(Language)' != 'C++' or '$(_EnablePackageReferencesInVCProjects)' == 'true'))鐨勮绠楃粨鏋滀负('' != '' and '.NETCoreApp' == '.NETCoreApp' and True and ('C#' != 'C++' or '' == 'true'))銆?
   2:6>鏉ヨ嚜椤圭洰鈥淓:\C\test3\WHU-STU-CHAT\backend\backend.csproj鈥濈殑鏂囦欢鈥淐:\Program Files\dotnet\sdk\9.0.105\Sdks\Microsoft.NET.Sdk\targets\Microsoft.NET.Publish.targets鈥濅腑鐨勭洰鏍団€淿ComputeToolPackInputsToProcessFrameworkReferences鈥?鐩爣鈥淧rocessFrameworkReferences鈥濅緷璧栦簬瀹?:
   2:6>宸插畬鎴愬湪椤圭洰鈥渂ackend.csproj鈥濅腑鐢熸垚鐩爣鈥淿ComputeToolPackInputsToProcessFrameworkReferences鈥濈殑鎿嶄綔銆?
   2:6>鏉ヨ嚜椤圭洰鈥淓:\C\test3\WHU-STU-CHAT\backend\backend.csproj鈥濈殑鏂囦欢鈥淐:\Program Files\dotnet\sdk\9.0.105\Sdks\Microsoft.NET.Sdk\targets\Microsoft.NET.Sdk.FrameworkReferenceResolution.targets鈥濅腑鐨勭洰鏍団€淧rocessFrameworkReferences鈥?鐩爣鈥淐ollectPackageReferences鈥濅緷璧栦簬瀹?:
       姝ｅ湪浣跨敤绋嬪簭闆嗏€淐:\Program Files\dotnet\sdk\9.0.105\Sdks\Microsoft.NET.Sdk\targets\..\tools\net9.0\Microsoft.NET.Build.Tasks.dll鈥濅腑鐨勨€淐heckForDuplicateFrameworkReferences鈥濅换鍔°€?
       浠诲姟鈥淐heckForDuplicateFrameworkReferences鈥?
       宸插畬鎴愭墽琛屼换鍔♀€淐heckForDuplicateFrameworkReferences鈥濈殑鎿嶄綔銆?
       姝ｅ湪浣跨敤绋嬪簭闆嗏€淐:\Program Files\dotnet\sdk\9.0.105\Sdks\Microsoft.NET.Sdk\targets\..\tools\net9.0\Microsoft.NET.Build.Tasks.dll鈥濅腑鐨勨€淧rocessFrameworkReferences鈥濅换鍔°€?
       浠诲姟鈥淧rocessFrameworkReferences鈥?
       宸插畬鎴愭墽琛屼换鍔♀€淧rocessFrameworkReferences鈥濈殑鎿嶄綔銆?
       姝ｅ湪浣跨敤绋嬪簭闆嗏€淐:\Program Files\dotnet\sdk\9.0.105\Sdks\Microsoft.NET.Sdk\targets\..\tools\net9.0\Microsoft.NET.Build.Tasks.dll鈥濅腑鐨勨€淩esolveAppHosts鈥濅换鍔°€?
       浠诲姟鈥淩esolveAppHosts鈥?
       宸插畬鎴愭墽琛屼换鍔♀€淩esolveAppHosts鈥濈殑鎿嶄綔銆?
   2:6>宸插畬鎴愬湪椤圭洰鈥渂ackend.csproj鈥濅腑鐢熸垚鐩爣鈥淧rocessFrameworkReferences鈥濈殑鎿嶄綔銆?
       鐢变簬鏉′欢鐨勮绠楃粨鏋滀负 false锛屽凡璺宠繃鐩爣鈥淚ncludeTargetingPackReference鈥濓紱('$(TargetFrameworkMoniker)' != '' and '$(TargetFrameworkIdentifier)' == '.NETFramework' and '$(AutomaticallyUseReferenceAssemblyPackages)' == 'true')鐨勮绠楃粨鏋滀负('.NETCoreApp,Version=v8.0' != '' and '.NETCoreApp' == '.NETFramework' and 'true' == 'true')銆?
       鐢变簬鏉′欢鐨勮绠楃粨鏋滀负 false锛屽凡璺宠繃鐩爣鈥淿CheckMicrosoftNetCompilersToolsetFrameworkPackageReference鈥濓紱('$(MSBuildRuntimeType)' == 'Full')鐨勮绠楃粨鏋滀负('Core' == 'Full')銆?
   2:6>鏉ヨ嚜椤圭洰鈥淓:\C\test3\WHU-STU-CHAT\backend\backend.csproj鈥濈殑鏂囦欢鈥淐:\Program Files\dotnet\sdk\9.0.105\Sdks\Microsoft.NET.Sdk\targets\Microsoft.NET.ObsoleteReferences.targets鈥濅腑鐨勭洰鏍団€淿CheckForObsoleteDotNetCliToolReferences鈥?鐩爣鈥淐ollectPackageReferences鈥濅緷璧栦簬瀹?:
       鐢变簬 false 鏉′欢锛屽凡璺宠繃浠诲姟鈥淣ETSdkWarning鈥濓紱( '%(_ReferenceToObsoleteDotNetCliTool.Identity)' != '' )璁＄畻涓? '' != '' )銆?
   2:6>宸插畬鎴愬湪椤圭洰鈥渂ackend.csproj鈥濅腑鐢熸垚鐩爣鈥淿CheckForObsoleteDotNetCliToolReferences鈥濈殑鎿嶄綔銆?
   2:6>鏉ヨ嚜椤圭洰鈥淓:\C\test3\WHU-STU-CHAT\backend\backend.csproj鈥濈殑鏂囦欢鈥淐:\Program Files\dotnet\sdk\9.0.105\NuGet.targets鈥濅腑鐨勭洰鏍団€淐ollectPackageReferences鈥?鐩爣鈥淿GetRestoreProjectStyle鈥濅緷璧栦簬瀹?:
       姝ｅ湪浣跨敤绋嬪簭闆嗏€淐:\Program Files\dotnet\sdk\9.0.105\NuGet.Build.Tasks.dll鈥濅腑鐨勨€淐heckForDuplicateNuGetItemsTask鈥濅换鍔°€?
       浠诲姟鈥淐heckForDuplicateNuGetItemsTask鈥?
       宸插畬鎴愭墽琛屼换鍔♀€淐heckForDuplicateNuGetItemsTask鈥濈殑鎿嶄綔銆?
   2:6>宸插畬鎴愬湪椤圭洰鈥渂ackend.csproj鈥濅腑鐢熸垚鐩爣鈥淐ollectPackageReferences鈥濈殑鎿嶄綔銆?
   2:6>鏉ヨ嚜椤圭洰鈥淓:\C\test3\WHU-STU-CHAT\backend\backend.csproj鈥濈殑鏂囦欢鈥淐:\Program Files\dotnet\sdk\9.0.105\NuGet.targets鈥濅腑鐨勭洰鏍団€淿GetRestoreProjectStyle鈥?鐩爣鈥淓nableIntermediateOutputPathMismatchWarning鈥濅緷璧栦簬瀹?:
       姝ｅ湪浣跨敤绋嬪簭闆嗏€淐:\Program Files\dotnet\sdk\9.0.105\NuGet.Build.Tasks.dll鈥濅腑鐨勨€淕etRestoreProjectStyleTask鈥濅换鍔°€?
       浠诲姟鈥淕etRestoreProjectStyleTask鈥?
       宸插畬鎴愭墽琛屼换鍔♀€淕etRestoreProjectStyleTask鈥濈殑鎿嶄綔銆?
   2:6>宸插畬鎴愬湪椤圭洰鈥渂ackend.csproj鈥濅腑鐢熸垚鐩爣鈥淿GetRestoreProjectStyle鈥濈殑鎿嶄綔銆?
   2:6>鏉ヨ嚜椤圭洰鈥淓:\C\test3\WHU-STU-CHAT\backend\backend.csproj鈥濈殑鏂囦欢鈥淐:\Program Files\dotnet\sdk\9.0.105\NuGet.targets鈥濅腑鐨勭洰鏍団€淓nableIntermediateOutputPathMismatchWarning鈥?鐩爣鈥淿CheckForInvalidConfigurationAndPlatform鈥濅緷璧栦簬瀹?:
   2:6>宸插畬鎴愬湪椤圭洰鈥渂ackend.csproj鈥濅腑鐢熸垚鐩爣鈥淓nableIntermediateOutputPathMismatchWarning鈥濈殑鎿嶄綔銆?
       宸茶烦杩囩洰鏍団€淎pplyImplicitVersions鈥濄€備互鍓嶇殑鐢熸垚宸叉垚鍔熴€?
       宸茶烦杩囩洰鏍団€淐heckForImplicitPackageReferenceOverrides鈥濄€備互鍓嶇殑鐢熸垚宸叉垚鍔熴€?
   2:6>鏉ヨ嚜椤圭洰鈥淓:\C\test3\WHU-STU-CHAT\backend\backend.csproj鈥濈殑鏂囦欢鈥淐:\Program Files\dotnet\sdk\9.0.105\Sdks\Microsoft.NET.Sdk\targets\Microsoft.NET.Sdk.DefaultItems.Shared.targets鈥濅腑鐨勭洰鏍団€淐heckForDuplicateItems鈥?鐩爣鈥淿CheckForInvalidConfigurationAndPlatform鈥濅緷璧栦簬瀹?:
       姝ｅ湪浣跨敤绋嬪簭闆嗏€淐:\Program Files\dotnet\sdk\9.0.105\Sdks\Microsoft.NET.Sdk\targets\..\tools\net9.0\Microsoft.NET.Build.Tasks.dll鈥濅腑鐨勨€淐heckForDuplicateItems鈥濅换鍔°€?
       浠诲姟鈥淐heckForDuplicateItems鈥?
       宸插畬鎴愭墽琛屼换鍔♀€淐heckForDuplicateItems鈥濈殑鎿嶄綔銆?
       浠诲姟鈥淐heckForDuplicateItems鈥?
       宸插畬鎴愭墽琛屼换鍔♀€淐heckForDuplicateItems鈥濈殑鎿嶄綔銆?
       浠诲姟鈥淐heckForDuplicateItems鈥?
       宸插畬鎴愭墽琛屼换鍔♀€淐heckForDuplicateItems鈥濈殑鎿嶄綔銆?
   2:6>宸插畬鎴愬湪椤圭洰鈥渂ackend.csproj鈥濅腑鐢熸垚鐩爣鈥淐heckForDuplicateItems鈥濈殑鎿嶄綔銆?
       鐢变簬鏉′欢鐨勮绠楃粨鏋滀负 false锛屽凡璺宠繃鐩爣鈥淲arnForExplicitVersions鈥濓紱('@(SdkBuildWarning)' != '')鐨勮绠楃粨鏋滀负('' != '')銆?
       鐢变簬鏉′欢鐨勮绠楃粨鏋滀负 false锛屽凡璺宠繃鐩爣鈥淿CheckForFailedSDKResolution鈥濓紱('$(SdkResolverHonoredGlobalJson)' == 'false')鐨勮绠楃粨鏋滀负('' == 'false')銆?
       鐢变簬鏉′欢鐨勮绠楃粨鏋滀负 false锛屽凡璺宠繃鐩爣鈥淿WarnWhenUsingNET9AndVSPriorTo1712鈥濓紱($([MSBuild]::VersionLessThan($(MSBuildVersion), '17.12.0')) and '$(TargetFrameworkIdentifier)' == '.NETCoreApp' and $([MSBuild]::VersionGreaterThanOrEquals($(_TargetFrameworkVersionWithoutV), '9.0')))鐨勮绠楃粨鏋滀负(False and '.NETCoreApp' == '.NETCoreApp' and False)銆?
       鐢变簬鏉′欢鐨勮绠楃粨鏋滀负 false锛屽凡璺宠繃鐩爣鈥淿CheckForInvalidWindowsDesktopTargetingConfiguration鈥濓紱('$(TargetFrameworkIdentifier)' == '.NETCoreApp' and $([MSBuild]::VersionGreaterThanOrEquals($(_TargetFrameworkVersionWithoutV), '5.0')) and ('$(UseWindowsForms)' == 'true' or '$(UseWPF)' == 'true'))鐨勮绠楃粨鏋滀负('.NETCoreApp' == '.NETCoreApp' and True and ('' == 'true' or '' == 'true'))銆?
       鐢变簬鏉′欢鐨勮绠楃粨鏋滀负 false锛屽凡璺宠繃鐩爣鈥淿CheckForUnnecessaryWindowsDesktopSDK鈥濓紱('$(TargetFrameworkIdentifier)' == '.NETCoreApp' and $([MSBuild]::VersionGreaterThanOrEquals($(_TargetFrameworkVersionWithoutV), '5.0')) and '$(_MicrosoftWindowsDesktopSdkImported)' == 'true' and '$(TargetFrameworks)' == '')鐨勮绠楃粨鏋滀负('.NETCoreApp' == '.NETCoreApp' and True and '' == 'true' and '' == '')銆?
       宸茶烦杩囩洰鏍団€淧rocessFrameworkReferences鈥濄€備互鍓嶇殑鐢熸垚宸叉垚鍔熴€?
       鐢变簬鏉′欢鐨勮绠楃粨鏋滀负 false锛屽凡璺宠繃鐩爣鈥淚ncludeTargetingPackReference鈥濓紱('$(TargetFrameworkMoniker)' != '' and '$(TargetFrameworkIdentifier)' == '.NETFramework' and '$(AutomaticallyUseReferenceAssemblyPackages)' == 'true')鐨勮绠楃粨鏋滀负('.NETCoreApp,Version=v8.0' != '' and '.NETCoreApp' == '.NETFramework' and 'true' == 'true')銆?
   2:6>鏉ヨ嚜椤圭洰鈥淓:\C\test3\WHU-STU-CHAT\backend\backend.csproj鈥濈殑鏂囦欢鈥淐:\Program Files\dotnet\sdk\9.0.105\Microsoft.Common.CurrentVersion.targets鈥濅腑鐨勭洰鏍団€淿CheckForInvalidConfigurationAndPlatform鈥?鐩爣鈥淏eforeBuild鈥濅緷璧栦簬瀹?:
       鐢变簬 false 鏉′欢锛屽凡璺宠繃浠诲姟鈥淓rror鈥濓紱( '$(_InvalidConfigurationError)' == 'true' )璁＄畻涓? '' == 'true' )銆?
       鐢变簬 false 鏉′欢锛屽凡璺宠繃浠诲姟鈥淲arning鈥濓紱( '$(_InvalidConfigurationWarning)' == 'true' )璁＄畻涓? '' == 'true' )銆?
       浠诲姟鈥淢essage鈥?
         Configuration=Debug
       宸插畬鎴愭墽琛屼换鍔♀€淢essage鈥濈殑鎿嶄綔銆?
       浠诲姟鈥淢essage鈥?
         Platform=AnyCPU
       宸插畬鎴愭墽琛屼换鍔♀€淢essage鈥濈殑鎿嶄綔銆?
       鐢变簬 false 鏉′欢锛屽凡璺宠繃浠诲姟鈥淓rror鈥濓紱('$(OutDir)' != '' and !HasTrailingSlash('$(OutDir)'))璁＄畻涓?'bin\Debug\net8.0\' != '' and !HasTrailingSlash('bin\Debug\net8.0\'))銆?
       鐢变簬 false 鏉′欢锛屽凡璺宠繃浠诲姟鈥淓rror鈥濓紱('$(IntermediateOutputPath)' != '' and !HasTrailingSlash('$(IntermediateOutputPath)'))璁＄畻涓?'obj\Debug\net8.0\' != '' and !HasTrailingSlash('obj\Debug\net8.0\'))銆?
       鐢变簬 false 鏉′欢锛屽凡璺宠繃浠诲姟鈥淓rror鈥濓紱('$(BaseIntermediateOutputPath)' != '' and !HasTrailingSlash('$(BaseIntermediateOutputPath)'))璁＄畻涓?'E:\C\test3\WHU-STU-CHAT\backend\obj\' != '' and !HasTrailingSlash('E:\C\test3\WHU-STU-CHAT\backend\obj\'))銆?
       鐢变簬 false 鏉′欢锛屽凡璺宠繃浠诲姟鈥淢SBuildInternalMessage鈥濓紱( '$(Prefer32Bit)' == 'true' and '$(PreferNativeArm64)' == 'true' )璁＄畻涓? 'false' == 'true' and 'false' == 'true' )銆?
       鐢变簬 false 鏉′欢锛屽凡璺宠繃浠诲姟鈥淢SBuildInternalMessage鈥濓紱( '$(NoWin32Manifest)' == 'true' and '$(PreferNativeArm64)' == 'true' )璁＄畻涓? '' == 'true' and 'false' == 'true' )銆?
       鐢变簬 false 鏉′欢锛屽凡璺宠繃浠诲姟鈥淢SBuildInternalMessage鈥濓紱( '$(PreferNativeArm64)' == 'true' and '$(Platform)' != 'AnyCPU' )璁＄畻涓? 'false' == 'true' and 'AnyCPU' != 'AnyCPU' )銆?
       鐢变簬 false 鏉′欢锛屽凡璺宠繃浠诲姟鈥淓rror鈥濓紱( '$(_InitialMSBuildProjectExtensionsPath)' != '' And '$(MSBuildProjectExtensionsPath)' != '$(_InitialMSBuildProjectExtensionsPath)' )璁＄畻涓? 'E:\C\test3\WHU-STU-CHAT\backend\obj\' != '' And 'E:\C\test3\WHU-STU-CHAT\backend\obj\' != 'E:\C\test3\WHU-STU-CHAT\backend\obj\' )銆?
       鐢变簬 false 鏉′欢锛屽凡璺宠繃浠诲姟鈥淲arning鈥濓紱( '$(EnableBaseIntermediateOutputPathMismatchWarning)' == 'true' And '$(_InitialBaseIntermediateOutputPath)' != '$(BaseIntermediateOutputPath)' And '$(BaseIntermediateOutputPath)' != '$(MSBuildProjectExtensionsPath)' )璁＄畻涓? 'true' == 'true' And 'obj\' != 'E:\C\test3\WHU-STU-CHAT\backend\obj\' And 'E:\C\test3\WHU-STU-CHAT\backend\obj\' != 'E:\C\test3\WHU-STU-CHAT\backend\obj\' )銆?
   2:6>宸插畬鎴愬湪椤圭洰鈥渂ackend.csproj鈥濅腑鐢熸垚鐩爣鈥淿CheckForInvalidConfigurationAndPlatform鈥濈殑鎿嶄綔銆?
   2:6>鏉ヨ嚜椤圭洰鈥淓:\C\test3\WHU-STU-CHAT\backend\backend.csproj鈥濈殑鏂囦欢鈥淐:\Program Files\dotnet\sdk\9.0.105\Sdks\Microsoft.NET.Sdk\targets\Microsoft.NET.Sdk.targets鈥濅腑鐨勭洰鏍団€淰alidateCommandLineProperties鈥?鐩爣鈥淏eforeBuild鈥濅緷璧栦簬瀹?:
   2:6>宸插畬鎴愬湪椤圭洰鈥渂ackend.csproj鈥濅腑鐢熸垚鐩爣鈥淰alidateCommandLineProperties鈥濈殑鎿嶄綔銆?
   2:6>鏉ヨ嚜椤圭洰鈥淓:\C\test3\WHU-STU-CHAT\backend\backend.csproj鈥濈殑鏂囦欢鈥淐:\Program Files\dotnet\sdk\9.0.105\Microsoft.Common.CurrentVersion.targets鈥濅腑鐨勭洰鏍団€淏eforeBuild鈥?鐩爣鈥淏uild鈥濅緷璧栦簬瀹?:
   2:6>宸插畬鎴愬湪椤圭洰鈥渂ackend.csproj鈥濅腑鐢熸垚鐩爣鈥淏eforeBuild鈥濈殑鎿嶄綔銆?
       鐢变簬鏉′欢鐨勮绠楃粨鏋滀负 false锛屽凡璺宠繃鐩爣鈥淿CheckForBuildWithNoBuild鈥濓紱('$(NoBuild)' == 'true' and '$(GeneratePackageOnBuild)' != 'true')鐨勮绠楃粨鏋滀负('' == 'true' and 'false' != 'true')銆?
   2:6>鏉ヨ嚜椤圭洰鈥淓:\C\test3\WHU-STU-CHAT\backend\backend.csproj鈥濈殑鏂囦欢鈥淐:\Program Files\dotnet\sdk\9.0.105\Microsoft.Common.CurrentVersion.targets鈥濅腑鐨勭洰鏍団€淏uildOnlySettings鈥?鐩爣鈥淐oreBuild鈥濅緷璧栦簬瀹?:
   2:6>宸插畬鎴愬湪椤圭洰鈥渂ackend.csproj鈥濅腑鐢熸垚鐩爣鈥淏uildOnlySettings鈥濈殑鎿嶄綔銆?
       鐢变簬鏉′欢鐨勮绠楃粨鏋滀负 false锛屽凡璺宠繃鐩爣鈥淿CheckForUnsupportedTargetFramework鈥濓紱('$(_UnsupportedTargetFrameworkError)' == 'true')鐨勮绠楃粨鏋滀负('' == 'true')銆?
       鐢变簬鏉′欢鐨勮绠楃粨鏋滀负 false锛屽凡璺宠繃鐩爣鈥淿CheckForUnsupportedTargetPlatformIdentifier鈥濓紱('$(TargetPlatformIdentifier)' != '' and '$(TargetFrameworkIdentifier)' == '.NETCoreApp' and $([MSBuild]::VersionGreaterThanOrEquals($(TargetFrameworkVersion), 5.0)) And ('$(DesignTimeBuild)' != 'true' Or '@(MissingWorkloadPack)' == ''))鐨勮绠楃粨鏋滀负('' != '' and '.NETCoreApp' == '.NETCoreApp' and True And ('' != 'true' Or '' == ''))銆?
       鐢变簬鏉′欢鐨勮绠楃粨鏋滀负 false锛屽凡璺宠繃鐩爣鈥淿CheckForMissingWorkload鈥濓紱('@(MissingWorkloadPack)' != '' And '$(DesignTimeBuild)' != 'true')鐨勮绠楃粨鏋滀负('' != '' And '' != 'true')銆?
   2:6>鏉ヨ嚜椤圭洰鈥淓:\C\test3\WHU-STU-CHAT\backend\backend.csproj鈥濈殑鏂囦欢鈥淐:\Program Files\dotnet\sdk\9.0.105\Sdks\Microsoft.NET.Sdk\targets\Microsoft.NET.DisableStandardFrameworkResolution.targets鈥濅腑鐨勭洰鏍団€淕etFrameworkPaths鈥?鐩爣鈥淧repareForBuild鈥濅緷璧栦簬瀹?:
   2:6>宸插畬鎴愬湪椤圭洰鈥渂ackend.csproj鈥濅腑鐢熸垚鐩爣鈥淕etFrameworkPaths鈥濈殑鎿嶄綔銆?
       鐢变簬鏉′欢鐨勮绠楃粨鏋滀负 false锛屽凡璺宠繃鐩爣鈥淿CheckForUnsupportedTargetFramework鈥濓紱('$(_UnsupportedTargetFrameworkError)' == 'true')鐨勮绠楃粨鏋滀负('' == 'true')銆?
       鐢变簬鏉′欢鐨勮绠楃粨鏋滀负 false锛屽凡璺宠繃鐩爣鈥淿CheckForUnsupportedTargetPlatformIdentifier鈥濓紱('$(TargetPlatformIdentifier)' != '' and '$(TargetFrameworkIdentifier)' == '.NETCoreApp' and $([MSBuild]::VersionGreaterThanOrEquals($(TargetFrameworkVersion), 5.0)) And ('$(DesignTimeBuild)' != 'true' Or '@(MissingWorkloadPack)' == ''))鐨勮绠楃粨鏋滀负('' != '' and '.NETCoreApp' == '.NETCoreApp' and True And ('' != 'true' Or '' == ''))銆?
       鐢变簬鏉′欢鐨勮绠楃粨鏋滀负 false锛屽凡璺宠繃鐩爣鈥淿CheckForMissingWorkload鈥濓紱('@(MissingWorkloadPack)' != '' And '$(DesignTimeBuild)' != 'true')鐨勮绠楃粨鏋滀负('' != '' And '' != 'true')銆?
   2:6>鏉ヨ嚜椤圭洰鈥淓:\C\test3\WHU-STU-CHAT\backend\backend.csproj鈥濈殑鏂囦欢鈥淐:\Program Files\dotnet\sdk\9.0.105\Sdks\Microsoft.NET.Sdk\targets\Microsoft.NET.DisableStandardFrameworkResolution.targets鈥濅腑鐨勭洰鏍団€淕etReferenceAssemblyPaths鈥?鐩爣鈥淧repareForBuild鈥濅緷璧栦簬瀹?:
   2:6>宸插畬鎴愬湪椤圭洰鈥渂ackend.csproj鈥濅腑鐢熸垚鐩爣鈥淕etReferenceAssemblyPaths鈥濈殑鎿嶄綔銆?
       鐢变簬鏉′欢鐨勮绠楃粨鏋滀负 false锛屽凡璺宠繃鐩爣鈥淎ssignLinkMetadata鈥濓紱( '$(SynthesizeLinkMetadata)' == 'true' )鐨勮绠楃粨鏋滀负( '' == 'true' )銆?
   2:6>鏉ヨ嚜椤圭洰鈥淓:\C\test3\WHU-STU-CHAT\backend\backend.csproj鈥濈殑鏂囦欢鈥淐:\Program Files\dotnet\sdk\9.0.105\Sdks\Microsoft.NET.Sdk.Razor\targets\Sdk.Razor.CurrentVersion.targets鈥濅腑鐨勭洰鏍団€淩esolveRazorGenerateInputs鈥?鐩爣鈥淧repareForBuild鈥濅緷璧栦簬瀹?:
   2:6>宸插畬鎴愬湪椤圭洰鈥渂ackend.csproj鈥濅腑鐢熸垚鐩爣鈥淩esolveRazorGenerateInputs鈥濈殑鎿嶄綔銆?
       鐢变簬鏉′欢鐨勮绠楃粨鏋滀负 false锛屽凡璺宠繃鐩爣鈥淿VerifyPackReleaseConfigurations鈥濓紱('$(_IsPacking)' == 'true' and '$(DOTNET_CLI_DISABLE_PUBLISH_AND_PACK_RELEASE)' != 'true' and '$(DOTNET_CLI_LAZY_PUBLISH_AND_PACK_RELEASE_FOR_SOLUTIONS)' == 'true')鐨勮绠楃粨鏋滀负('' == 'true' and '' != 'true' and '' == 'true')銆?
   2:6>鏉ヨ嚜椤圭洰鈥淓:\C\test3\WHU-STU-CHAT\backend\backend.csproj鈥濈殑鏂囦欢鈥淐:\Program Files\dotnet\sdk\9.0.105\Microsoft.Common.CurrentVersion.targets鈥濅腑鐨勭洰鏍団€淧repareForBuild鈥?鐩爣鈥淐oreBuild鈥濅緷璧栦簬瀹?:
       姝ｅ湪浣跨敤绋嬪簭闆嗏€淢icrosoft.Build.Tasks.Core, Version=15.1.0.0, Culture=neutral, PublicKeyToken=b03f5f7f11d50a3a鈥濅腑鐨勨€淔indAppConfigFile鈥濅换鍔°€?
       浠诲姟鈥淔indAppConfigFile鈥?
       宸插畬鎴愭墽琛屼换鍔♀€淔indAppConfigFile鈥濈殑鎿嶄綔銆?
       姝ｅ湪浣跨敤绋嬪簭闆嗏€淢icrosoft.Build.Tasks.Core, Version=15.1.0.0, Culture=neutral, PublicKeyToken=b03f5f7f11d50a3a鈥濅腑鐨勨€淢akeDir鈥濅换鍔°€?
       浠诲姟鈥淢akeDir鈥?
       宸插畬鎴愭墽琛屼换鍔♀€淢akeDir鈥濈殑鎿嶄綔銆?
   2:6>宸插畬鎴愬湪椤圭洰鈥渂ackend.csproj鈥濅腑鐢熸垚鐩爣鈥淧repareForBuild鈥濈殑鎿嶄綔銆?
   2:6>鏉ヨ嚜椤圭洰鈥淓:\C\test3\WHU-STU-CHAT\backend\backend.csproj鈥濈殑鏂囦欢鈥淐:\Program Files\dotnet\sdk\9.0.105\Sdks\Microsoft.NET.Sdk\targets\Microsoft.NET.GenerateGlobalUsings.targets鈥濅腑鐨勭洰鏍団€淕enerateGlobalUsings鈥?鐩爣鈥淐oreBuild鈥濅緷璧栦簬瀹?:
       姝ｅ湪浣跨敤绋嬪簭闆嗏€淐:\Program Files\dotnet\sdk\9.0.105\Sdks\Microsoft.NET.Sdk\targets\..\tools\net9.0\Microsoft.NET.Build.Tasks.dll鈥濅腑鐨勨€淕enerateGlobalUsings鈥濅换鍔°€?
       浠诲姟鈥淕enerateGlobalUsings鈥?
       宸插畬鎴愭墽琛屼换鍔♀€淕enerateGlobalUsings鈥濈殑鎿嶄綔銆?
       姝ｅ湪浣跨敤绋嬪簭闆嗏€淢icrosoft.Build.Tasks.Core, Version=15.1.0.0, Culture=neutral, PublicKeyToken=b03f5f7f11d50a3a鈥濅腑鐨勨€淲riteLinesToFile鈥濅换鍔°€?
       浠诲姟鈥淲riteLinesToFile鈥?
         璺宠繃鍐欏叆鍒版枃浠垛€渙bj\Debug\net8.0\backend.GlobalUsings.g.cs鈥濓紝鍥犱负鍐呭涓嶄細鏀瑰彉銆?
       宸插畬鎴愭墽琛屼换鍔♀€淲riteLinesToFile鈥濈殑鎿嶄綔銆?
   2:6>宸插畬鎴愬湪椤圭洰鈥渂ackend.csproj鈥濅腑鐢熸垚鐩爣鈥淕enerateGlobalUsings鈥濈殑鎿嶄綔銆?
       鐢变簬鏉′欢鐨勮绠楃粨鏋滀负 false锛屽凡璺宠繃鐩爣鈥淧reBuildEvent鈥濓紱('$(PreBuildEvent)'!='')鐨勮绠楃粨鏋滀负(''!='')銆?
   2:6>鏉ヨ嚜椤圭洰鈥淓:\C\test3\WHU-STU-CHAT\backend\backend.csproj鈥濈殑鏂囦欢鈥淐:\Program Files\dotnet\sdk\9.0.105\Microsoft.Common.CurrentVersion.targets鈥濅腑鐨勭洰鏍団€淏eforeResolveReferences鈥?鐩爣鈥淩esolveReferences鈥濅緷璧栦簬瀹?:
   2:6>宸插畬鎴愬湪椤圭洰鈥渂ackend.csproj鈥濅腑鐢熸垚鐩爣鈥淏eforeResolveReferences鈥濈殑鎿嶄綔銆?
   2:6>鏉ヨ嚜椤圭洰鈥淓:\C\test3\WHU-STU-CHAT\backend\backend.csproj鈥濈殑鏂囦欢鈥淐:\Program Files\dotnet\sdk\9.0.105\Microsoft.Common.CurrentVersion.targets鈥濅腑鐨勭洰鏍団€淚gnoreJavaScriptOutputAssembly鈥?鐩爣鈥淎ssignProjectConfiguration鈥濅緷璧栦簬瀹?:
   2:6>宸插畬鎴愬湪椤圭洰鈥渂ackend.csproj鈥濅腑鐢熸垚鐩爣鈥淚gnoreJavaScriptOutputAssembly鈥濈殑鎿嶄綔銆?
       宸茶烦杩囩洰鏍団€淧rocessFrameworkReferences鈥濄€備互鍓嶇殑鐢熸垚宸叉垚鍔熴€?
   2:6>鏉ヨ嚜椤圭洰鈥淓:\C\test3\WHU-STU-CHAT\backend\backend.csproj鈥濈殑鏂囦欢鈥淐:\Program Files\dotnet\sdk\9.0.105\Sdks\Microsoft.NET.Sdk\targets\Microsoft.NET.Sdk.Shared.targets鈥濅腑鐨勭洰鏍団€淿DefaultMicrosoftNETPlatformLibrary鈥?鐩爣鈥淩esolvePackageAssets鈥濅緷璧栦簬瀹?:
   2:6>宸插畬鎴愬湪椤圭洰鈥渂ackend.csproj鈥濅腑鐢熸垚鐩爣鈥淿DefaultMicrosoftNETPlatformLibrary鈥濈殑鎿嶄綔銆?
   2:6>鏉ヨ嚜椤圭洰鈥淓:\C\test3\WHU-STU-CHAT\backend\backend.csproj鈥濈殑鏂囦欢鈥淐:\Program Files\dotnet\sdk\9.0.105\Sdks\Microsoft.NET.Sdk\targets\Microsoft.NET.Sdk.Shared.targets鈥濅腑鐨勭洰鏍団€淿ComputePackageReferencePublish鈥?鐩爣鈥淩esolvePackageAssets鈥濅緷璧栦簬瀹?:
   2:6>宸插畬鎴愬湪椤圭洰鈥渂ackend.csproj鈥濅腑鐢熸垚鐩爣鈥淿ComputePackageReferencePublish鈥濈殑鎿嶄綔銆?
       鐢变簬鏉′欢鐨勮绠楃粨鏋滀负 false锛屽凡璺宠繃鐩爣鈥淿ResolveCompilerVersion鈥濓紱('$(CompilerApiVersion)' == '' And
                            ('$(Language)' == 'C#' Or '$(Language)' == 'VB') And
                            Exists('$(RoslynTargetsPath)\Microsoft.Build.Tasks.CodeAnalysis.dll'))鐨勮绠楃粨鏋滀负('roslyn4.12' == '' And
                            ('C#' == 'C#' Or 'C#' == 'VB') And
                            Exists('C:\Program Files\dotnet\sdk\9.0.105\Roslyn\Microsoft.Build.Tasks.CodeAnalysis.dll'))銆?
   2:6>鏉ヨ嚜椤圭洰鈥淓:\C\test3\WHU-STU-CHAT\backend\backend.csproj鈥濈殑鏂囦欢鈥淐:\Program Files\dotnet\sdk\9.0.105\Sdks\Microsoft.NET.Sdk\targets\Microsoft.PackageDependencyResolution.targets鈥濅腑鐨勭洰鏍団€淩esolvePackageAssets鈥?鐩爣鈥淩esolveLockFileReferences鈥濅緷璧栦簬瀹?:
       姝ｅ湪浣跨敤绋嬪簭闆嗏€淐:\Program Files\dotnet\sdk\9.0.105\Sdks\Microsoft.NET.Sdk\targets\..\tools\net9.0\Microsoft.NET.Build.Tasks.dll鈥濅腑鐨勨€淩esolvePackageAssets鈥濅换鍔°€?
       浠诲姟鈥淩esolvePackageAssets鈥?
   2:6>E:\C\test3\WHU-STU-CHAT\backend\backend.csproj : warning NU1903: 鍖?"System.Data.SqlClient" 4.8.5 鍏锋湁宸茬煡鐨?楂?涓ラ噸鎬ф紡娲烇紝https://github.com/advisories/GHSA-98g6-xh36-x2p7
       宸插畬鎴愭墽琛屼换鍔♀€淩esolvePackageAssets鈥濈殑鎿嶄綔銆?
   2:6>宸插畬鎴愬湪椤圭洰鈥渂ackend.csproj鈥濅腑鐢熸垚鐩爣鈥淩esolvePackageAssets鈥濈殑鎿嶄綔銆?
       鐢变簬鏉′欢鐨勮绠楃粨鏋滀负 false锛屽凡璺宠繃鐩爣鈥淎djustDefaultPlatformTargetForNetFrameworkExeWithNoNativeCopyLocalItems鈥濓紱('$(_UsingDefaultPlatformTarget)' == 'true' and
                            '$(_UsingDefaultRuntimeIdentifier)' == 'true')鐨勮绠楃粨鏋滀负('true' == 'true' and
                            '' == 'true')銆?
   2:6>鏉ヨ嚜椤圭洰鈥淓:\C\test3\WHU-STU-CHAT\backend\backend.csproj鈥濈殑鏂囦欢鈥淐:\Program Files\dotnet\sdk\9.0.105\Sdks\Microsoft.NET.Sdk\targets\Microsoft.NET.Sdk.DefaultItems.Shared.targets鈥濅腑鐨勭洰鏍団€淿CheckForTransitiveWindowsDesktopDependencies鈥?鐩爣鈥淩esolveLockFileReferences鈥濅緷璧栦簬瀹?:
       鐢变簬 false 鏉′欢锛屽凡璺宠繃浠诲姟鈥淣etSdkError鈥濓紱('@(_WindowsDesktopTransitiveFrameworkReference)' != '')璁＄畻涓?'' != '')銆?
   2:6>宸插畬鎴愬湪椤圭洰鈥渂ackend.csproj鈥濅腑鐢熸垚鐩爣鈥淿CheckForTransitiveWindowsDesktopDependencies鈥濈殑鎿嶄綔銆?
   2:6>鏉ヨ嚜椤圭洰鈥淓:\C\test3\WHU-STU-CHAT\backend\backend.csproj鈥濈殑鏂囦欢鈥淐:\Program Files\dotnet\sdk\9.0.105\Sdks\Microsoft.NET.Sdk\targets\Microsoft.NET.Sdk.FrameworkReferenceResolution.targets鈥濅腑鐨勭洰鏍団€淎ddTransitiveFrameworkReferences鈥?鐩爣鈥淩esolveLockFileReferences鈥濅緷璧栦簬瀹?:
   2:6>宸插畬鎴愬湪椤圭洰鈥渂ackend.csproj鈥濅腑鐢熸垚鐩爣鈥淎ddTransitiveFrameworkReferences鈥濈殑鎿嶄綔銆?
   2:6>鏉ヨ嚜椤圭洰鈥淓:\C\test3\WHU-STU-CHAT\backend\backend.csproj鈥濈殑鏂囦欢鈥淐:\Program Files\dotnet\sdk\9.0.105\Sdks\Microsoft.NET.Sdk\targets\Microsoft.PackageDependencyResolution.targets鈥濅腑鐨勭洰鏍団€淩esolveLockFileReferences鈥?鐩爣鈥淩esolvePackageDependenciesForBuild鈥濅緷璧栦簬瀹?:
       姝ｅ湪浣跨敤绋嬪簭闆嗏€淐:\Program Files\dotnet\sdk\9.0.105\Sdks\Microsoft.NET.Sdk\targets\..\tools\net9.0\Microsoft.NET.Build.Tasks.dll鈥濅腑鐨勨€淛oinItems鈥濅换鍔°€?
       浠诲姟鈥淛oinItems鈥?
       宸插畬鎴愭墽琛屼换鍔♀€淛oinItems鈥濈殑鎿嶄綔銆?
   2:6>宸插畬鎴愬湪椤圭洰鈥渂ackend.csproj鈥濅腑鐢熸垚鐩爣鈥淩esolveLockFileReferences鈥濈殑鎿嶄綔銆?
       宸茶烦杩囩洰鏍団€淩esolvePackageAssets鈥濄€備互鍓嶇殑鐢熸垚宸叉垚鍔熴€?
   2:6>鏉ヨ嚜椤圭洰鈥淓:\C\test3\WHU-STU-CHAT\backend\backend.csproj鈥濈殑鏂囦欢鈥淐:\Program Files\dotnet\sdk\9.0.105\Sdks\Microsoft.NET.Sdk\targets\Microsoft.PackageDependencyResolution.targets鈥濅腑鐨勭洰鏍団€淩esolveLockFileAnalyzers鈥?鐩爣鈥淩esolvePackageDependenciesForBuild鈥濅緷璧栦簬瀹?:
   2:6>宸插畬鎴愬湪椤圭洰鈥渂ackend.csproj鈥濅腑鐢熸垚鐩爣鈥淩esolveLockFileAnalyzers鈥濈殑鎿嶄綔銆?
       宸茶烦杩囩洰鏍団€淩esolvePackageAssets鈥濄€備互鍓嶇殑鐢熸垚宸叉垚鍔熴€?
       鐢变簬鏉′欢鐨勮绠楃粨鏋滀负 false锛屽凡璺宠繃鐩爣鈥淩unProduceContentAssets鈥濓紱('@(_ContentFilesToPreprocess)' != '' and '$(_CleaningWithoutRebuilding)' != 'true')鐨勮绠楃粨鏋滀负('' != '' and '' != 'true')銆?
   2:6>鏉ヨ嚜椤圭洰鈥淓:\C\test3\WHU-STU-CHAT\backend\backend.csproj鈥濈殑鏂囦欢鈥淐:\Program Files\dotnet\sdk\9.0.105\Sdks\Microsoft.NET.Sdk\targets\Microsoft.PackageDependencyResolution.targets鈥濅腑鐨勭洰鏍団€淩esolveLockFileCopyLocalFiles鈥?鐩爣鈥淩esolvePackageDependenciesForBuild鈥濅緷璧栦簬瀹?:
   2:6>宸插畬鎴愬湪椤圭洰鈥渂ackend.csproj鈥濅腑鐢熸垚鐩爣鈥淩esolveLockFileCopyLocalFiles鈥濈殑鎿嶄綔銆?
       鐢变簬鏉′欢鐨勮绠楃粨鏋滀负 false锛屽凡璺宠繃鐩爣鈥淩esolveRuntimePackAssets鈥濓紱('@(RuntimePack)' != '')鐨勮绠楃粨鏋滀负('' != '')銆?
       鐢变簬鏉′欢鐨勮绠楃粨鏋滀负 false锛屽凡璺宠繃鐩爣鈥淩unProduceContentAssets鈥濓紱('@(_ContentFilesToPreprocess)' != '' and '$(_CleaningWithoutRebuilding)' != 'true')鐨勮绠楃粨鏋滀负('' != '' and '' != 'true')銆?
       宸茶烦杩囩洰鏍団€淩esolvePackageAssets鈥濄€備互鍓嶇殑鐢熸垚宸叉垚鍔熴€?
   2:6>鏉ヨ嚜椤圭洰鈥淓:\C\test3\WHU-STU-CHAT\backend\backend.csproj鈥濈殑鏂囦欢鈥淐:\Program Files\dotnet\sdk\9.0.105\Sdks\Microsoft.NET.Sdk\targets\Microsoft.PackageDependencyResolution.targets鈥濅腑鐨勭洰鏍団€淚ncludeTransitiveProjectReferences鈥?鐩爣鈥淩esolvePackageDependenciesForBuild鈥濅緷璧栦簬瀹?:
   2:6>宸插畬鎴愬湪椤圭洰鈥渂ackend.csproj鈥濅腑鐢熸垚鐩爣鈥淚ncludeTransitiveProjectReferences鈥濈殑鎿嶄綔銆?
   2:6>鏉ヨ嚜椤圭洰鈥淓:\C\test3\WHU-STU-CHAT\backend\backend.csproj鈥濈殑鏂囦欢鈥淐:\Program Files\dotnet\sdk\9.0.105\Sdks\Microsoft.NET.Sdk\targets\Microsoft.PackageDependencyResolution.targets鈥濅腑鐨勭洰鏍団€淩esolvePackageDependenciesForBuild鈥?鐩爣鈥淎ssignProjectConfiguration鈥濅緷璧栦簬瀹?:
   2:6>宸插畬鎴愬湪椤圭洰鈥渂ackend.csproj鈥濅腑鐢熸垚鐩爣鈥淩esolvePackageDependenciesForBuild鈥濈殑鎿嶄綔銆?
       鐢变簬鏉′欢鐨勮绠楃粨鏋滀负 false锛屽凡璺宠繃鐩爣鈥淿System_Text_JsonAnalyzerMultiTargeting鈥濓紱('$(SupportsRoslynComponentVersioning)' != 'true')鐨勮绠楃粨鏋滀负('true' != 'true')銆?
       鐢变簬鏉′欢鐨勮绠楃粨鏋滀负 false锛屽凡璺宠繃鐩爣鈥淿System_Text_JsonRemoveAnalyzers鈥濓紱('$(DisableSystemTextJsonSourceGenerator)' == 'true')鐨勮绠楃粨鏋滀负('' == 'true')銆?
   2:6>鏉ヨ嚜椤圭洰鈥淓:\C\test3\WHU-STU-CHAT\backend\backend.csproj鈥濈殑鏂囦欢鈥淐:\Program Files\dotnet\sdk\9.0.105\Microsoft.Common.CurrentVersion.targets鈥濅腑鐨勭洰鏍団€淎ssignProjectConfiguration鈥?鐩爣鈥淩esolveReferences鈥濅緷璧栦簬瀹?:
       姝ｅ湪浣跨敤绋嬪簭闆嗏€淢icrosoft.Build.Tasks.Core, Version=15.1.0.0, Culture=neutral, PublicKeyToken=b03f5f7f11d50a3a鈥濅腑鐨勨€淎ssignProjectConfiguration鈥濅换鍔°€?
       浠诲姟鈥淎ssignProjectConfiguration鈥?
       宸插畬鎴愭墽琛屼换鍔♀€淎ssignProjectConfiguration鈥濈殑鎿嶄綔銆?
   2:6>宸插畬鎴愬湪椤圭洰鈥渂ackend.csproj鈥濅腑鐢熸垚鐩爣鈥淎ssignProjectConfiguration鈥濈殑鎿嶄綔銆?
       宸茶烦杩囩洰鏍団€淎ssignProjectConfiguration鈥濄€備互鍓嶇殑鐢熸垚宸叉垚鍔熴€?
   2:6>鏉ヨ嚜椤圭洰鈥淓:\C\test3\WHU-STU-CHAT\backend\backend.csproj鈥濈殑鏂囦欢鈥淐:\Program Files\dotnet\sdk\9.0.105\Microsoft.Common.CurrentVersion.targets鈥濅腑鐨勭洰鏍団€淿SplitProjectReferencesByFileExistence鈥?鐩爣鈥淧repareProjectReferences鈥濅緷璧栦簬瀹?:
       鐢变簬 false 鏉′欢锛屽凡璺宠繃浠诲姟鈥淩esolveNonMSBuildProjectOutput鈥濓紱('$(BuildingInsideVisualStudio)'=='true' and '@(ProjectReferenceWithConfiguration)'!='')璁＄畻涓?''=='true' and ''!='')銆?
   2:6>宸插畬鎴愬湪椤圭洰鈥渂ackend.csproj鈥濅腑鐢熸垚鐩爣鈥淿SplitProjectReferencesByFileExistence鈥濈殑鎿嶄綔銆?
   2:6>鏉ヨ嚜椤圭洰鈥淓:\C\test3\WHU-STU-CHAT\backend\backend.csproj鈥濈殑鏂囦欢鈥淐:\Program Files\dotnet\sdk\9.0.105\Microsoft.Common.CurrentVersion.targets鈥濅腑鐨勭洰鏍団€淿AddOutputPathToGlobalPropertiesToRemove鈥?鐩爣鈥淿GetProjectReferenceTargetFrameworkProperties鈥濅緷璧栦簬瀹?:
   2:6>宸插畬鎴愬湪椤圭洰鈥渂ackend.csproj鈥濅腑鐢熸垚鐩爣鈥淿AddOutputPathToGlobalPropertiesToRemove鈥濈殑鎿嶄綔銆?
   2:6>鏉ヨ嚜椤圭洰鈥淓:\C\test3\WHU-STU-CHAT\backend\backend.csproj鈥濈殑鏂囦欢鈥淐:\Program Files\dotnet\sdk\9.0.105\Microsoft.Common.CurrentVersion.targets鈥濅腑鐨勭洰鏍団€淿GetProjectReferenceTargetFrameworkProperties鈥?鐩爣鈥淧repareProjectReferences鈥濅緷璧栦簬瀹?:
       浠诲姟鈥淢SBuild鈥?
       宸插畬鎴愭墽琛屼换鍔♀€淢SBuild鈥濈殑鎿嶄綔銆?
       鐢变簬 false 鏉′欢锛屽凡璺宠繃浠诲姟鈥淢SBuild鈥濓紱('%(_MSBuildProjectReferenceExistent.SkipGetTargetFrameworkProperties)' != 'true' and '$(EnableDynamicPlatformResolution)' == 'true')璁＄畻涓?'' != 'true' and '' == 'true')銆?
       鐢变簬 false 鏉′欢锛屽凡璺宠繃浠诲姟鈥淕etReferenceNearestTargetFrameworkTask鈥濓紱('@(_ProjectReferenceTargetFrameworkPossibilities)' != '' and '$(ReferringTargetFrameworkForProjectReferences)' != ''
                                                               And '$(GetReferenceNearestTargetFrameworkTaskSupportsTargetPlatformParameter)' == 'true' and '%(_ProjectReferenceTargetFrameworkPossibilities.IsVcxOrNativeProj)' != 'true')璁＄畻涓?'' != '' and '.NETCoreApp,Version=v8.0' != ''
                                                               And 'true' == 'true' and '' != 'true')銆?
       鐢变簬 false 鏉′欢锛屽凡璺宠繃浠诲姟鈥淕etReferenceNearestTargetFrameworkTask鈥濓紱('@(_ProjectReferenceTargetFrameworkPossibilities)' != '' and '$(ReferringTargetFrameworkForProjectReferences)' != ''
                                                               And '$(GetReferenceNearestTargetFrameworkTaskSupportsTargetPlatformParameter)' != 'true' and '%(_ProjectReferenceTargetFrameworkPossibilities.IsVcxOrNativeProj)' != 'true')璁＄畻涓?'' != '' and '.NETCoreApp,Version=v8.0' != ''
                                                               And 'true' != 'true' and '' != 'true')銆?
       姝ｅ湪浣跨敤绋嬪簭闆嗏€淢icrosoft.Build.Tasks.Core, Version=15.1.0.0, Culture=neutral, PublicKeyToken=b03f5f7f11d50a3a鈥濅腑鐨勨€淪etRidAgnosticValueForProjects鈥濅换鍔°€?
       浠诲姟鈥淪etRidAgnosticValueForProjects鈥?
       宸插畬鎴愭墽琛屼换鍔♀€淪etRidAgnosticValueForProjects鈥濈殑鎿嶄綔銆?
   2:6>宸插畬鎴愬湪椤圭洰鈥渂ackend.csproj鈥濅腑鐢熸垚鐩爣鈥淿GetProjectReferenceTargetFrameworkProperties鈥濈殑鎿嶄綔銆?
   2:6>鏉ヨ嚜椤圭洰鈥淓:\C\test3\WHU-STU-CHAT\backend\backend.csproj鈥濈殑鏂囦欢鈥淐:\Program Files\dotnet\sdk\9.0.105\Sdks\Microsoft.NET.Sdk\targets\Microsoft.NET.Sdk.targets鈥濅腑鐨勭洰鏍団€淰alidateExecutableReferences鈥?鐩爣鈥淧repareProjectReferences鈥濅緷璧栦簬瀹?:
       姝ｅ湪浣跨敤绋嬪簭闆嗏€淐:\Program Files\dotnet\sdk\9.0.105\Sdks\Microsoft.NET.Sdk\targets\..\tools\net9.0\Microsoft.NET.Build.Tasks.dll鈥濅腑鐨勨€淰alidateExecutableReferences鈥濅换鍔°€?
       浠诲姟鈥淰alidateExecutableReferences鈥?
       宸插畬鎴愭墽琛屼换鍔♀€淰alidateExecutableReferences鈥濈殑鎿嶄綔銆?
   2:6>宸插畬鎴愬湪椤圭洰鈥渂ackend.csproj鈥濅腑鐢熸垚鐩爣鈥淰alidateExecutableReferences鈥濈殑鎿嶄綔銆?
       鐢变簬鏉′欢鐨勮绠楃粨鏋滀负 false锛屽凡璺宠繃鐩爣鈥淿GetProjectReferencePlatformProperties鈥濓紱('$(EnableDynamicPlatformResolution)' == 'true'
                            and '@(_MSBuildProjectReferenceExistent)' != '')鐨勮绠楃粨鏋滀负('' == 'true'
                            and '' != '')銆?
   2:6>鏉ヨ嚜椤圭洰鈥淓:\C\test3\WHU-STU-CHAT\backend\backend.csproj鈥濈殑鏂囦欢鈥淐:\Program Files\dotnet\sdk\9.0.105\Microsoft.Common.CurrentVersion.targets鈥濅腑鐨勭洰鏍団€淧repareProjectReferences鈥?鐩爣鈥淩esolveProjectReferences鈥濅緷璧栦簬瀹?:
   2:6>宸插畬鎴愬湪椤圭洰鈥渂ackend.csproj鈥濅腑鐢熸垚鐩爣鈥淧repareProjectReferences鈥濈殑鎿嶄綔銆?
   2:6>鏉ヨ嚜椤圭洰鈥淓:\C\test3\WHU-STU-CHAT\backend\backend.csproj鈥濈殑鏂囦欢鈥淐:\Program Files\dotnet\sdk\9.0.105\Microsoft.Common.CurrentVersion.targets鈥濅腑鐨勭洰鏍団€淩esolveProjectReferences鈥?鐩爣鈥淩esolveReferences鈥濅緷璧栦簬瀹?:
       鐢变簬 false 鏉′欢锛屽凡璺宠繃浠诲姟鈥淢SBuild鈥濓紱('%(_MSBuildProjectReferenceExistent.BuildReference)' == 'true' and '@(ProjectReferenceWithConfiguration)' != '' and ('$(BuildingInsideVisualStudio)' == 'true' or '$(BuildProjectReferences)' != 'true') and '$(VisualStudioVersion)' != '10.0' and '@(_MSBuildProjectReferenceExistent)' != '')璁＄畻涓?'' == 'true' and '' != '' and ('' == 'true' or 'true' != 'true') and '17.0' != '10.0' and '' != '')銆?
       鐢变簬 false 鏉′欢锛屽凡璺宠繃浠诲姟鈥淢SBuild鈥濓紱('%(_MSBuildProjectReferenceExistent.BuildReference)' == 'true' and '@(ProjectReferenceWithConfiguration)' != '' and '$(BuildingInsideVisualStudio)' != 'true' and '$(BuildProjectReferences)' == 'true' and '@(_MSBuildProjectReferenceExistent)' != '')璁＄畻涓?'' == 'true' and '' != '' and '' != 'true' and 'true' == 'true' and '' != '')銆?
       鐢变簬 false 鏉′欢锛屽凡璺宠繃浠诲姟鈥淢SBuild鈥濓紱('%(_MSBuildProjectReferenceExistent.BuildReference)' == 'true' and '@(ProjectReferenceWithConfiguration)' != '' and '$(BuildingProject)' == 'true' and '@(_MSBuildProjectReferenceExistent)' != '')璁＄畻涓?'' == 'true' and '' != '' and 'true' == 'true' and '' != '')銆?
       鐢变簬 false 鏉′欢锛屽凡璺宠繃浠诲姟鈥淲arning鈥濓紱('@(ProjectReferenceWithConfiguration)' != '' and '@(_MSBuildProjectReferenceNonexistent)' != '' and '$(ErrorOnMissingProjectReference)' != 'True')璁＄畻涓?'' != '' and '' != '' and '' != 'True')銆?
       鐢变簬 false 鏉′欢锛屽凡璺宠繃浠诲姟鈥淓rror鈥濓紱('@(ProjectReferenceWithConfiguration)' != '' and '@(_MSBuildProjectReferenceNonexistent)' != '' and '$(ErrorOnMissingProjectReference)' == 'True')璁＄畻涓?'' != '' and '' != '' and '' == 'True')銆?
   2:6>宸插畬鎴愬湪椤圭洰鈥渂ackend.csproj鈥濅腑鐢熸垚鐩爣鈥淩esolveProjectReferences鈥濈殑鎿嶄綔銆?
       鐢变簬鏉′欢鐨勮绠楃粨鏋滀负 false锛屽凡璺宠繃鐩爣鈥淔indInvalidProjectReferences鈥濓紱('$(FindInvalidProjectReferences)' == 'true')鐨勮绠楃粨鏋滀负('' == 'true')銆?
       鐢变簬鏉′欢鐨勮绠楃粨鏋滀负 false锛屽凡璺宠繃鐩爣鈥淩esolveNativeReferences鈥濓紱('@(NativeReference)'!='')鐨勮绠楃粨鏋滀负(''!='')銆?
       宸茶烦杩囩洰鏍団€淩esolveProjectReferences鈥濄€備互鍓嶇殑鐢熸垚宸叉垚鍔熴€?
       鐢变簬鏉′欢鐨勮绠楃粨鏋滀负 false锛屽凡璺宠繃鐩爣鈥淔indInvalidProjectReferences鈥濓紱('$(FindInvalidProjectReferences)' == 'true')鐨勮绠楃粨鏋滀负('' == 'true')銆?
       宸茶烦杩囩洰鏍団€淕etFrameworkPaths鈥濄€備互鍓嶇殑鐢熸垚宸叉垚鍔熴€?
       宸茶烦杩囩洰鏍団€淕etReferenceAssemblyPaths鈥濄€備互鍓嶇殑鐢熸垚宸叉垚鍔熴€?
       宸茶烦杩囩洰鏍団€淧repareForBuild鈥濄€備互鍓嶇殑鐢熸垚宸叉垚鍔熴€?
       鐢变簬鏉′欢鐨勮绠楃粨鏋滀负 false锛屽凡璺宠繃鐩爣鈥淕etInstalledSDKLocations鈥濓紱('@(SDKReference)' != '')鐨勮绠楃粨鏋滀负('' != '')銆?
   2:6>鏉ヨ嚜椤圭洰鈥淓:\C\test3\WHU-STU-CHAT\backend\backend.csproj鈥濈殑鏂囦欢鈥淐:\Program Files\dotnet\sdk\9.0.105\Microsoft.Common.CurrentVersion.targets鈥濅腑鐨勭洰鏍団€淩esolveSDKReferences鈥?鐩爣鈥淩esolveAssemblyReferences鈥濅緷璧栦簬瀹?:
       鐢变簬 false 鏉′欢锛屽凡璺宠繃浠诲姟鈥淩esolveSDKReference鈥濓紱('@(SDKReference)'!='')璁＄畻涓?''!='')銆?
   2:6>宸插畬鎴愬湪椤圭洰鈥渂ackend.csproj鈥濅腑鐢熸垚鐩爣鈥淩esolveSDKReferences鈥濈殑鎿嶄綔銆?
       宸茶烦杩囩洰鏍団€淩esolveSDKReferences鈥濄€備互鍓嶇殑鐢熸垚宸叉垚鍔熴€?
   2:6>鏉ヨ嚜椤圭洰鈥淓:\C\test3\WHU-STU-CHAT\backend\backend.csproj鈥濈殑鏂囦欢鈥淐:\Program Files\dotnet\sdk\9.0.105\Microsoft.Common.CurrentVersion.targets鈥濅腑鐨勭洰鏍団€淓xpandSDKReferences鈥?鐩爣鈥淩esolveAssemblyReferences鈥濅緷璧栦簬瀹?:
       鐢变簬 false 鏉′欢锛屽凡璺宠繃浠诲姟鈥淕etSDKReferenceFiles鈥濓紱('@(ResolvedSDKReference)'!='')璁＄畻涓?''!='')銆?
   2:6>宸插畬鎴愬湪椤圭洰鈥渂ackend.csproj鈥濅腑鐢熸垚鐩爣鈥淓xpandSDKReferences鈥濈殑鎿嶄綔銆?
       宸茶烦杩囩洰鏍団€淩esolvePackageDependenciesForBuild鈥濄€備互鍓嶇殑鐢熸垚宸叉垚鍔熴€?
       宸茶烦杩囩洰鏍団€淕etFrameworkPaths鈥濄€備互鍓嶇殑鐢熸垚宸叉垚鍔熴€?
       宸茶烦杩囩洰鏍団€淕etReferenceAssemblyPaths鈥濄€備互鍓嶇殑鐢熸垚宸叉垚鍔熴€?
       宸茶烦杩囩洰鏍団€淧rocessFrameworkReferences鈥濄€備互鍓嶇殑鐢熸垚宸叉垚鍔熴€?
       宸茶烦杩囩洰鏍団€淩esolvePackageAssets鈥濄€備互鍓嶇殑鐢熸垚宸叉垚鍔熴€?
   2:6>鏉ヨ嚜椤圭洰鈥淓:\C\test3\WHU-STU-CHAT\backend\backend.csproj鈥濈殑鏂囦欢鈥淐:\Program Files\dotnet\sdk\9.0.105\Sdks\Microsoft.NET.Sdk\targets\Microsoft.NET.Sdk.FrameworkReferenceResolution.targets鈥濅腑鐨勭洰鏍団€淩esolveFrameworkReferences鈥?鐩爣鈥淩esolveTargetingPackAssets鈥濅緷璧栦簬瀹?:
       姝ｅ湪浣跨敤绋嬪簭闆嗏€淐:\Program Files\dotnet\sdk\9.0.105\Sdks\Microsoft.NET.Sdk\targets\..\tools\net9.0\Microsoft.NET.Build.Tasks.dll鈥濅腑鐨勨€淕etPackageDirectory鈥濅换鍔°€?
       浠诲姟鈥淕etPackageDirectory鈥?
       宸插畬鎴愭墽琛屼换鍔♀€淕etPackageDirectory鈥濈殑鎿嶄綔銆?
       浠诲姟鈥淕etPackageDirectory鈥?
       宸插畬鎴愭墽琛屼换鍔♀€淕etPackageDirectory鈥濈殑鎿嶄綔銆?
       浠诲姟鈥淕etPackageDirectory鈥?
       宸插畬鎴愭墽琛屼换鍔♀€淕etPackageDirectory鈥濈殑鎿嶄綔銆?
       浠诲姟鈥淕etPackageDirectory鈥?
       宸插畬鎴愭墽琛屼换鍔♀€淕etPackageDirectory鈥濈殑鎿嶄綔銆?
       浠诲姟鈥淕etPackageDirectory鈥?
       宸插畬鎴愭墽琛屼换鍔♀€淕etPackageDirectory鈥濈殑鎿嶄綔銆?
       浠诲姟鈥淕etPackageDirectory鈥?
       宸插畬鎴愭墽琛屼换鍔♀€淕etPackageDirectory鈥濈殑鎿嶄綔銆?
       浠诲姟鈥淕etPackageDirectory鈥?
       宸插畬鎴愭墽琛屼换鍔♀€淕etPackageDirectory鈥濈殑鎿嶄綔銆?
       浠诲姟鈥淕etPackageDirectory鈥?
       宸插畬鎴愭墽琛屼换鍔♀€淕etPackageDirectory鈥濈殑鎿嶄綔銆?
       浠诲姟鈥淕etPackageDirectory鈥?
       宸插畬鎴愭墽琛屼换鍔♀€淕etPackageDirectory鈥濈殑鎿嶄綔銆?
       浠诲姟鈥淕etPackageDirectory鈥?
       宸插畬鎴愭墽琛屼换鍔♀€淕etPackageDirectory鈥濈殑鎿嶄綔銆?
       姝ｅ湪浣跨敤绋嬪簭闆嗏€淐:\Program Files\dotnet\sdk\9.0.105\Sdks\Microsoft.NET.Sdk\targets\..\tools\net9.0\Microsoft.NET.Build.Tasks.dll鈥濅腑鐨勨€淩esolveFrameworkReferences鈥濅换鍔°€?
       浠诲姟鈥淩esolveFrameworkReferences鈥?
       宸插畬鎴愭墽琛屼换鍔♀€淩esolveFrameworkReferences鈥濈殑鎿嶄綔銆?
   2:6>宸插畬鎴愬湪椤圭洰鈥渂ackend.csproj鈥濅腑鐢熸垚鐩爣鈥淩esolveFrameworkReferences鈥濈殑鎿嶄綔銆?
   2:6>鏉ヨ嚜椤圭洰鈥淓:\C\test3\WHU-STU-CHAT\backend\backend.csproj鈥濈殑鏂囦欢鈥淐:\Program Files\dotnet\sdk\9.0.105\Sdks\Microsoft.NET.Sdk\targets\Microsoft.NET.Sdk.FrameworkReferenceResolution.targets鈥濅腑鐨勭洰鏍団€淩esolveTargetingPackAssets鈥?鐩爣鈥淿HandlePackageFileConflicts鈥濅緷璧栦簬瀹?:
       姝ｅ湪浣跨敤绋嬪簭闆嗏€淐:\Program Files\dotnet\sdk\9.0.105\Sdks\Microsoft.NET.Sdk\targets\..\tools\net9.0\Microsoft.NET.Build.Tasks.dll鈥濅腑鐨勨€淩esolveTargetingPackAssets鈥濅换鍔°€?
       浠诲姟鈥淩esolveTargetingPackAssets鈥?
       宸插畬鎴愭墽琛屼换鍔♀€淩esolveTargetingPackAssets鈥濈殑鎿嶄綔銆?
   2:6>宸插畬鎴愬湪椤圭洰鈥渂ackend.csproj鈥濅腑鐢熸垚鐩爣鈥淩esolveTargetingPackAssets鈥濈殑鎿嶄綔銆?
   2:6>鏉ヨ嚜椤圭洰鈥淓:\C\test3\WHU-STU-CHAT\backend\backend.csproj鈥濈殑鏂囦欢鈥淐:\Program Files\dotnet\sdk\9.0.105\Sdks\Microsoft.NET.Sdk\targets\Microsoft.NET.Sdk.FrameworkReferenceResolution.targets鈥濅腑鐨勭洰鏍団€淩esolveOffByDefaultAnalyzers鈥?鐩爣鈥淿HandlePackageFileConflicts鈥濅緷璧栦簬瀹?:
   2:6>宸插畬鎴愬湪椤圭洰鈥渂ackend.csproj鈥濅腑鐢熸垚鐩爣鈥淩esolveOffByDefaultAnalyzers鈥濈殑鎿嶄綔銆?
   2:6>鏉ヨ嚜椤圭洰鈥淓:\C\test3\WHU-STU-CHAT\backend\backend.csproj鈥濈殑鏂囦欢鈥淐:\Program Files\dotnet\sdk\9.0.105\Sdks\Microsoft.NET.Sdk\targets\Microsoft.NET.ConflictResolution.targets鈥濅腑鐨勭洰鏍団€淿HandlePackageFileConflicts鈥?鐩爣鈥淩esolveAssemblyReferences鈥濅緷璧栦簬瀹?:
       姝ｅ湪浣跨敤绋嬪簭闆嗏€淐:\Program Files\dotnet\sdk\9.0.105\Sdks\Microsoft.NET.Sdk\targets\..\tools\net9.0\Microsoft.NET.Build.Tasks.dll鈥濅腑鐨勨€淩esolvePackageFileConflicts鈥濅换鍔°€?
       浠诲姟鈥淩esolvePackageFileConflicts鈥?
         鈥淩eference:C:\Users\Lenovo13\.nuget\packages\system.diagnostics.diagnosticsource\7.0.2\lib\net7.0\System.Diagnostics.DiagnosticSource.dll鈥濆拰鈥淩eference:C:\Program Files\dotnet\packs\Microsoft.NETCore.App.Ref\8.0.15\ref/net8.0/System.Diagnostics.DiagnosticSource.dll鈥濅箣闂村瓨鍦ㄥ啿绐併€?閫夋嫨鈥淩eference:C:\Program Files\dotnet\packs\Microsoft.NETCore.App.Ref\8.0.15\ref/net8.0/System.Diagnostics.DiagnosticSource.dll鈥濓紝鍥犱负 AssemblyVersion鈥?.0.0.0鈥濋珮浜庘€?.0.0.0鈥濄€?
         鈥淩eference:C:\Users\Lenovo13\.nuget\packages\system.runtime.compilerservices.unsafe\6.0.0\lib\net6.0\System.Runtime.CompilerServices.Unsafe.dll鈥濆拰鈥淩eference:C:\Program Files\dotnet\packs\Microsoft.NETCore.App.Ref\8.0.15\ref/net8.0/System.Runtime.CompilerServices.Unsafe.dll鈥濅箣闂村瓨鍦ㄥ啿绐併€?閫夋嫨鈥淩eference:C:\Program Files\dotnet\packs\Microsoft.NETCore.App.Ref\8.0.15\ref/net8.0/System.Runtime.CompilerServices.Unsafe.dll鈥濓紝鍥犱负 AssemblyVersion鈥?.0.0.0鈥濋珮浜庘€?.0.0.0鈥濄€?
         鈥淩eference:C:\Users\Lenovo13\.nuget\packages\system.security.accesscontrol\4.7.0\ref\netstandard2.0\System.Security.AccessControl.dll鈥濆拰鈥淩eference:C:\Program Files\dotnet\packs\Microsoft.NETCore.App.Ref\8.0.15\ref/net8.0/System.Security.AccessControl.dll鈥濅箣闂村瓨鍦ㄥ啿绐併€?閫夋嫨鈥淩eference:C:\Program Files\dotnet\packs\Microsoft.NETCore.App.Ref\8.0.15\ref/net8.0/System.Security.AccessControl.dll鈥濓紝鍥犱负 AssemblyVersion鈥?.0.0.0鈥濋珮浜庘€?.1.1.0鈥濄€?
         鈥淩eference:C:\Users\Lenovo13\.nuget\packages\system.security.principal.windows\4.7.0\ref\netcoreapp3.0\System.Security.Principal.Windows.dll鈥濆拰鈥淩eference:C:\Program Files\dotnet\packs\Microsoft.NETCore.App.Ref\8.0.15\ref/net8.0/System.Security.Principal.Windows.dll鈥濅箣闂村瓨鍦ㄥ啿绐併€?閫夋嫨鈥淩eference:C:\Program Files\dotnet\packs\Microsoft.NETCore.App.Ref\8.0.15\ref/net8.0/System.Security.Principal.Windows.dll鈥濓紝鍥犱负 AssemblyVersion鈥?.0.0.0鈥濋珮浜庘€?.1.1.0鈥濄€?
         鈥淩eference:C:\Users\Lenovo13\.nuget\packages\system.text.encoding.codepages\4.4.0\ref\netstandard2.0\System.Text.Encoding.CodePages.dll鈥濆拰鈥淩eference:C:\Program Files\dotnet\packs\Microsoft.NETCore.App.Ref\8.0.15\ref/net8.0/System.Text.Encoding.CodePages.dll鈥濅箣闂村瓨鍦ㄥ啿绐併€?閫夋嫨鈥淩eference:C:\Program Files\dotnet\packs\Microsoft.NETCore.App.Ref\8.0.15\ref/net8.0/System.Text.Encoding.CodePages.dll鈥濓紝鍥犱负 AssemblyVersion鈥?.0.0.0鈥濋珮浜庘€?.1.0.0鈥濄€?
         鈥淩eference:C:\Users\Lenovo13\.nuget\packages\system.text.encodings.web\7.0.0\lib\net7.0\System.Text.Encodings.Web.dll鈥濆拰鈥淩eference:C:\Program Files\dotnet\packs\Microsoft.NETCore.App.Ref\8.0.15\ref/net8.0/System.Text.Encodings.Web.dll鈥濅箣闂村瓨鍦ㄥ啿绐併€?閫夋嫨鈥淩eference:C:\Program Files\dotnet\packs\Microsoft.NETCore.App.Ref\8.0.15\ref/net8.0/System.Text.Encodings.Web.dll鈥濓紝鍥犱负 AssemblyVersion鈥?.0.0.0鈥濋珮浜庘€?.0.0.0鈥濄€?
         鈥淩eference:C:\Users\Lenovo13\.nuget\packages\system.text.json\7.0.1\lib\net7.0\System.Text.Json.dll鈥濆拰鈥淩eference:C:\Program Files\dotnet\packs\Microsoft.NETCore.App.Ref\8.0.15\ref/net8.0/System.Text.Json.dll鈥濅箣闂村瓨鍦ㄥ啿绐併€?閫夋嫨鈥淩eference:C:\Program Files\dotnet\packs\Microsoft.NETCore.App.Ref\8.0.15\ref/net8.0/System.Text.Json.dll鈥濓紝鍥犱负 AssemblyVersion鈥?.0.0.0鈥濋珮浜庘€?.0.0.0鈥濄€?
         鈥淎nalyzer:C:\Users\Lenovo13\.nuget\packages\system.text.json\7.0.1\analyzers\dotnet\roslyn4.4\cs\System.Text.Json.SourceGeneration.dll鈥濆拰鈥淎nalyzer:C:\Program Files\dotnet\packs\Microsoft.NETCore.App.Ref\8.0.15\analyzers/dotnet/cs/System.Text.Json.SourceGeneration.dll鈥濅箣闂村瓨鍦ㄥ啿绐併€?閫夋嫨鈥淎nalyzer:C:\Program Files\dotnet\packs\Microsoft.NETCore.App.Ref\8.0.15\analyzers/dotnet/cs/System.Text.Json.SourceGeneration.dll鈥濓紝鍥犱负 AssemblyVersion鈥?.0.12.16413鈥濋珮浜庘€?.0.7.6804鈥濄€?
         鈥淧latform:Microsoft.Win32.Registry.dll鈥濆拰鈥淐opyLocal:C:\Users\Lenovo13\.nuget\packages\microsoft.win32.registry\4.7.0\lib\netstandard2.0\Microsoft.Win32.Registry.dll鈥濅箣闂村瓨鍦ㄥ啿绐併€?閫夋嫨鈥淧latform:Microsoft.Win32.Registry.dll鈥濓紝鍥犱负 AssemblyVersion鈥?.0.0.0鈥濋珮浜庘€?.1.3.0鈥濄€?
         鈥淧latform:System.Diagnostics.DiagnosticSource.dll鈥濆拰鈥淐opyLocal:C:\Users\Lenovo13\.nuget\packages\system.diagnostics.diagnosticsource\7.0.2\lib\net7.0\System.Diagnostics.DiagnosticSource.dll鈥濅箣闂村瓨鍦ㄥ啿绐併€?閫夋嫨鈥淧latform:System.Diagnostics.DiagnosticSource.dll鈥濓紝鍥犱负 AssemblyVersion鈥?.0.0.0鈥濋珮浜庘€?.0.0.0鈥濄€?
         鈥淧latform:System.Runtime.CompilerServices.Unsafe.dll鈥濆拰鈥淐opyLocal:C:\Users\Lenovo13\.nuget\packages\system.runtime.compilerservices.unsafe\6.0.0\lib\net6.0\System.Runtime.CompilerServices.Unsafe.dll鈥濅箣闂村瓨鍦ㄥ啿绐併€?閫夋嫨鈥淧latform:System.Runtime.CompilerServices.Unsafe.dll鈥濓紝鍥犱负 AssemblyVersion鈥?.0.0.0鈥濋珮浜庘€?.0.0.0鈥濄€?
         鈥淧latform:System.Security.AccessControl.dll鈥濆拰鈥淐opyLocal:C:\Users\Lenovo13\.nuget\packages\system.security.accesscontrol\4.7.0\lib\netstandard2.0\System.Security.AccessControl.dll鈥濅箣闂村瓨鍦ㄥ啿绐併€?閫夋嫨鈥淧latform:System.Security.AccessControl.dll鈥濓紝鍥犱负 AssemblyVersion鈥?.0.0.0鈥濋珮浜庘€?.1.3.0鈥濄€?
         鈥淧latform:System.Security.Principal.Windows.dll鈥濆拰鈥淐opyLocal:C:\Users\Lenovo13\.nuget\packages\system.security.principal.windows\4.7.0\lib\netstandard2.0\System.Security.Principal.Windows.dll鈥濅箣闂村瓨鍦ㄥ啿绐併€?閫夋嫨鈥淧latform:System.Security.Principal.Windows.dll鈥濓紝鍥犱负 AssemblyVersion鈥?.0.0.0鈥濋珮浜庘€?.1.3.0鈥濄€?
         鈥淧latform:System.Text.Encoding.CodePages.dll鈥濆拰鈥淐opyLocal:C:\Users\Lenovo13\.nuget\packages\system.text.encoding.codepages\4.4.0\lib\netstandard2.0\System.Text.Encoding.CodePages.dll鈥濅箣闂村瓨鍦ㄥ啿绐併€?閫夋嫨鈥淧latform:System.Text.Encoding.CodePages.dll鈥濓紝鍥犱负 AssemblyVersion鈥?.0.0.0鈥濋珮浜庘€?.1.0.0鈥濄€?
         鈥淧latform:System.Text.Encodings.Web.dll鈥濆拰鈥淐opyLocal:C:\Users\Lenovo13\.nuget\packages\system.text.encodings.web\7.0.0\lib\net7.0\System.Text.Encodings.Web.dll鈥濅箣闂村瓨鍦ㄥ啿绐併€?閫夋嫨鈥淧latform:System.Text.Encodings.Web.dll鈥濓紝鍥犱负 AssemblyVersion鈥?.0.0.0鈥濋珮浜庘€?.0.0.0鈥濄€?
         鈥淧latform:System.Text.Json.dll鈥濆拰鈥淐opyLocal:C:\Users\Lenovo13\.nuget\packages\system.text.json\7.0.1\lib\net7.0\System.Text.Json.dll鈥濅箣闂村瓨鍦ㄥ啿绐併€?閫夋嫨鈥淧latform:System.Text.Json.dll鈥濓紝鍥犱负 AssemblyVersion鈥?.0.0.0鈥濋珮浜庘€?.0.0.0鈥濄€?
         鈥淧latform:Microsoft.Win32.Registry.dll鈥濆拰鈥淐opyLocal:C:\Users\Lenovo13\.nuget\packages\microsoft.win32.registry\4.7.0\runtimes\unix\lib\netstandard2.0\Microsoft.Win32.Registry.dll鈥濅箣闂村瓨鍦ㄥ啿绐併€?閫夋嫨鈥淧latform:Microsoft.Win32.Registry.dll鈥濓紝鍥犱负 AssemblyVersion鈥?.0.0.0鈥濋珮浜庘€?.1.3.0鈥濄€?
         鈥淧latform:Microsoft.Win32.Registry.dll鈥濆拰鈥淐opyLocal:C:\Users\Lenovo13\.nuget\packages\microsoft.win32.registry\4.7.0\runtimes\win\lib\netstandard2.0\Microsoft.Win32.Registry.dll鈥濅箣闂村瓨鍦ㄥ啿绐併€?閫夋嫨鈥淧latform:Microsoft.Win32.Registry.dll鈥濓紝鍥犱负 AssemblyVersion鈥?.0.0.0鈥濋珮浜庘€?.1.3.0鈥濄€?
         鈥淧latform:System.Security.AccessControl.dll鈥濆拰鈥淐opyLocal:C:\Users\Lenovo13\.nuget\packages\system.security.accesscontrol\4.7.0\runtimes\win\lib\netcoreapp2.0\System.Security.AccessControl.dll鈥濅箣闂村瓨鍦ㄥ啿绐併€?閫夋嫨鈥淧latform:System.Security.AccessControl.dll鈥濓紝鍥犱负 AssemblyVersion鈥?.0.0.0鈥濋珮浜庘€?.1.3.0鈥濄€?
         鈥淧latform:System.Security.Principal.Windows.dll鈥濆拰鈥淐opyLocal:C:\Users\Lenovo13\.nuget\packages\system.security.principal.windows\4.7.0\runtimes\unix\lib\netcoreapp2.1\System.Security.Principal.Windows.dll鈥濅箣闂村瓨鍦ㄥ啿绐併€?閫夋嫨鈥淧latform:System.Security.Principal.Windows.dll鈥濓紝鍥犱负 AssemblyVersion鈥?.0.0.0鈥濋珮浜庘€?.1.3.0鈥濄€?
         鈥淧latform:System.Security.Principal.Windows.dll鈥濆拰鈥淐opyLocal:C:\Users\Lenovo13\.nuget\packages\system.security.principal.windows\4.7.0\runtimes\win\lib\netcoreapp2.1\System.Security.Principal.Windows.dll鈥濅箣闂村瓨鍦ㄥ啿绐併€?閫夋嫨鈥淧latform:System.Security.Principal.Windows.dll鈥濓紝鍥犱负 AssemblyVersion鈥?.0.0.0鈥濋珮浜庘€?.1.3.0鈥濄€?
         鈥淧latform:System.Text.Encoding.CodePages.dll鈥濆拰鈥淐opyLocal:C:\Users\Lenovo13\.nuget\packages\system.text.encoding.codepages\4.4.0\runtimes\win\lib\netcoreapp2.0\System.Text.Encoding.CodePages.dll鈥濅箣闂村瓨鍦ㄥ啿绐併€?閫夋嫨鈥淧latform:System.Text.Encoding.CodePages.dll鈥濓紝鍥犱负 AssemblyVersion鈥?.0.0.0鈥濋珮浜庘€?.1.0.0鈥濄€?
         鈥淧latform:System.Text.Encodings.Web.dll鈥濆拰鈥淐opyLocal:C:\Users\Lenovo13\.nuget\packages\system.text.encodings.web\7.0.0\runtimes\browser\lib\net7.0\System.Text.Encodings.Web.dll鈥濅箣闂村瓨鍦ㄥ啿绐併€?閫夋嫨鈥淧latform:System.Text.Encodings.Web.dll鈥濓紝鍥犱负 AssemblyVersion鈥?.0.0.0鈥濋珮浜庘€?.0.0.0鈥濄€?
         鈥淧latform:mscorlib.dll鈥濆拰鈥淧latform:mscorlib.dll鈥濅箣闂村瓨鍦ㄥ啿绐併€?鏂囦欢鍜岀▼搴忛泦鐗堟湰鐩哥瓑锛屽洜姝ゆ棤娉曠‘瀹氫紭鑳滆€呫€?
         鈥淧latform:Microsoft.VisualBasic.dll鈥濆拰鈥淧latform:Microsoft.VisualBasic.dll鈥濅箣闂村瓨鍦ㄥ啿绐併€?鏂囦欢鍜岀▼搴忛泦鐗堟湰鐩哥瓑锛屽洜姝ゆ棤娉曠‘瀹氫紭鑳滆€呫€?
         鈥淧latform:System.dll鈥濆拰鈥淧latform:System.dll鈥濅箣闂村瓨鍦ㄥ啿绐併€?鏂囦欢鍜岀▼搴忛泦鐗堟湰鐩哥瓑锛屽洜姝ゆ棤娉曠‘瀹氫紭鑳滆€呫€?
         鈥淧latform:System.ComponentModel.DataAnnotations.dll鈥濆拰鈥淧latform:System.ComponentModel.DataAnnotations.dll鈥濅箣闂村瓨鍦ㄥ啿绐併€?鏂囦欢鍜岀▼搴忛泦鐗堟湰鐩哥瓑锛屽洜姝ゆ棤娉曠‘瀹氫紭鑳滆€呫€?
         鈥淧latform:System.Configuration.dll鈥濆拰鈥淧latform:System.Configuration.dll鈥濅箣闂村瓨鍦ㄥ啿绐併€?鏂囦欢鍜岀▼搴忛泦鐗堟湰鐩哥瓑锛屽洜姝ゆ棤娉曠‘瀹氫紭鑳滆€呫€?
         鈥淧latform:System.Core.dll鈥濆拰鈥淧latform:System.Core.dll鈥濅箣闂村瓨鍦ㄥ啿绐併€?鏂囦欢鍜岀▼搴忛泦鐗堟湰鐩哥瓑锛屽洜姝ゆ棤娉曠‘瀹氫紭鑳滆€呫€?
         鈥淧latform:System.Data.dll鈥濆拰鈥淧latform:System.Data.dll鈥濅箣闂村瓨鍦ㄥ啿绐併€?鏂囦欢鍜岀▼搴忛泦鐗堟湰鐩哥瓑锛屽洜姝ゆ棤娉曠‘瀹氫紭鑳滆€呫€?
         鈥淧latform:System.Drawing.dll鈥濆拰鈥淧latform:System.Drawing.dll鈥濅箣闂村瓨鍦ㄥ啿绐併€?鏂囦欢鍜岀▼搴忛泦鐗堟湰鐩哥瓑锛屽洜姝ゆ棤娉曠‘瀹氫紭鑳滆€呫€?
         鈥淧latform:System.IO.Compression.FileSystem.dll鈥濆拰鈥淧latform:System.IO.Compression.FileSystem.dll鈥濅箣闂村瓨鍦ㄥ啿绐併€?鏂囦欢鍜岀▼搴忛泦鐗堟湰鐩哥瓑锛屽洜姝ゆ棤娉曠‘瀹氫紭鑳滆€呫€?
         鈥淧latform:System.Net.dll鈥濆拰鈥淧latform:System.Net.dll鈥濅箣闂村瓨鍦ㄥ啿绐併€?鏂囦欢鍜岀▼搴忛泦鐗堟湰鐩哥瓑锛屽洜姝ゆ棤娉曠‘瀹氫紭鑳滆€呫€?
         鈥淧latform:System.Numerics.dll鈥濆拰鈥淧latform:System.Numerics.dll鈥濅箣闂村瓨鍦ㄥ啿绐併€?鏂囦欢鍜岀▼搴忛泦鐗堟湰鐩哥瓑锛屽洜姝ゆ棤娉曠‘瀹氫紭鑳滆€呫€?
         鈥淧latform:System.Runtime.Serialization.dll鈥濆拰鈥淧latform:System.Runtime.Serialization.dll鈥濅箣闂村瓨鍦ㄥ啿绐併€?鏂囦欢鍜岀▼搴忛泦鐗堟湰鐩哥瓑锛屽洜姝ゆ棤娉曠‘瀹氫紭鑳滆€呫€?
         鈥淧latform:System.Security.dll鈥濆拰鈥淧latform:System.Security.dll鈥濅箣闂村瓨鍦ㄥ啿绐併€?鏂囦欢鍜岀▼搴忛泦鐗堟湰鐩哥瓑锛屽洜姝ゆ棤娉曠‘瀹氫紭鑳滆€呫€?
         鈥淧latform:System.ServiceProcess.dll鈥濆拰鈥淧latform:System.ServiceProcess.dll鈥濅箣闂村瓨鍦ㄥ啿绐併€?鏂囦欢鍜岀▼搴忛泦鐗堟湰鐩哥瓑锛屽洜姝ゆ棤娉曠‘瀹氫紭鑳滆€呫€?
         鈥淧latform:System.ServiceModel.Web.dll鈥濆拰鈥淧latform:System.ServiceModel.Web.dll鈥濅箣闂村瓨鍦ㄥ啿绐併€?鏂囦欢鍜岀▼搴忛泦鐗堟湰鐩哥瓑锛屽洜姝ゆ棤娉曠‘瀹氫紭鑳滆€呫€?
         鈥淧latform:System.Transactions.dll鈥濆拰鈥淧latform:System.Transactions.dll鈥濅箣闂村瓨鍦ㄥ啿绐併€?鏂囦欢鍜岀▼搴忛泦鐗堟湰鐩哥瓑锛屽洜姝ゆ棤娉曠‘瀹氫紭鑳滆€呫€?
         鈥淧latform:System.Web.dll鈥濆拰鈥淧latform:System.Web.dll鈥濅箣闂村瓨鍦ㄥ啿绐併€?鏂囦欢鍜岀▼搴忛泦鐗堟湰鐩哥瓑锛屽洜姝ゆ棤娉曠‘瀹氫紭鑳滆€呫€?
         鈥淧latform:System.Windows.dll鈥濆拰鈥淧latform:System.Windows.dll鈥濅箣闂村瓨鍦ㄥ啿绐併€?鏂囦欢鍜岀▼搴忛泦鐗堟湰鐩哥瓑锛屽洜姝ゆ棤娉曠‘瀹氫紭鑳滆€呫€?
         鈥淧latform:System.Xml.dll鈥濆拰鈥淧latform:System.Xml.dll鈥濅箣闂村瓨鍦ㄥ啿绐併€?鏂囦欢鍜岀▼搴忛泦鐗堟湰鐩哥瓑锛屽洜姝ゆ棤娉曠‘瀹氫紭鑳滆€呫€?
         鈥淧latform:System.Xml.Serialization.dll鈥濆拰鈥淧latform:System.Xml.Serialization.dll鈥濅箣闂村瓨鍦ㄥ啿绐併€?鏂囦欢鍜岀▼搴忛泦鐗堟湰鐩哥瓑锛屽洜姝ゆ棤娉曠‘瀹氫紭鑳滆€呫€?
         鈥淧latform:System.Xml.Linq.dll鈥濆拰鈥淧latform:System.Xml.Linq.dll鈥濅箣闂村瓨鍦ㄥ啿绐併€?鏂囦欢鍜岀▼搴忛泦鐗堟湰鐩哥瓑锛屽洜姝ゆ棤娉曠‘瀹氫紭鑳滆€呫€?
         鈥淧latform:WindowsBase.dll鈥濆拰鈥淧latform:WindowsBase.dll鈥濅箣闂村瓨鍦ㄥ啿绐併€?鏂囦欢鍜岀▼搴忛泦鐗堟湰鐩哥瓑锛屽洜姝ゆ棤娉曠‘瀹氫紭鑳滆€呫€?
         鈥淧latform:netstandard.dll鈥濆拰鈥淧latform:netstandard.dll鈥濅箣闂村瓨鍦ㄥ啿绐併€?鏂囦欢鍜岀▼搴忛泦鐗堟湰鐩哥瓑锛屽洜姝ゆ棤娉曠‘瀹氫紭鑳滆€呫€?
         鈥淧latform:System.Private.CoreLib.dll鈥濆拰鈥淧latform:System.Private.CoreLib.dll鈥濅箣闂村瓨鍦ㄥ啿绐併€?鏂囦欢鍜岀▼搴忛泦鐗堟湰鐩哥瓑锛屽洜姝ゆ棤娉曠‘瀹氫紭鑳滆€呫€?
         鈥淧latform:System.Private.DataContractSerialization.dll鈥濆拰鈥淧latform:System.Private.DataContractSerialization.dll鈥濅箣闂村瓨鍦ㄥ啿绐併€?鏂囦欢鍜岀▼搴忛泦鐗堟湰鐩哥瓑锛屽洜姝ゆ棤娉曠‘瀹氫紭鑳滆€呫€?
         鈥淧latform:System.Private.Uri.dll鈥濆拰鈥淧latform:System.Private.Uri.dll鈥濅箣闂村瓨鍦ㄥ啿绐併€?鏂囦欢鍜岀▼搴忛泦鐗堟湰鐩哥瓑锛屽洜姝ゆ棤娉曠‘瀹氫紭鑳滆€呫€?
         鈥淧latform:System.Private.Xml.dll鈥濆拰鈥淧latform:System.Private.Xml.dll鈥濅箣闂村瓨鍦ㄥ啿绐併€?鏂囦欢鍜岀▼搴忛泦鐗堟湰鐩哥瓑锛屽洜姝ゆ棤娉曠‘瀹氫紭鑳滆€呫€?
         鈥淧latform:System.Private.Xml.Linq.dll鈥濆拰鈥淧latform:System.Private.Xml.Linq.dll鈥濅箣闂村瓨鍦ㄥ啿绐併€?鏂囦欢鍜岀▼搴忛泦鐗堟湰鐩哥瓑锛屽洜姝ゆ棤娉曠‘瀹氫紭鑳滆€呫€?
         鈥淧latform:mscordaccore_amd64_amd64_8.0.1525.16413.dll鈥濆拰鈥淧latform:mscordaccore_amd64_amd64_8.0.1525.16413.dll鈥濅箣闂村瓨鍦ㄥ啿绐併€?鏂囦欢鍜岀▼搴忛泦鐗堟湰鐩哥瓑锛屽洜姝ゆ棤娉曠‘瀹氫紭鑳滆€呫€?
       宸插畬鎴愭墽琛屼换鍔♀€淩esolvePackageFileConflicts鈥濈殑鎿嶄綔銆?
   2:6>宸插畬鎴愬湪椤圭洰鈥渂ackend.csproj鈥濅腑鐢熸垚鐩爣鈥淿HandlePackageFileConflicts鈥濈殑鎿嶄綔銆?
       宸茶烦杩囩洰鏍団€淩esolveTargetingPackAssets鈥濄€備互鍓嶇殑鐢熸垚宸叉垚鍔熴€?
   2:6>鏉ヨ嚜椤圭洰鈥淓:\C\test3\WHU-STU-CHAT\backend\backend.csproj鈥濈殑鏂囦欢鈥淐:\Program Files\dotnet\sdk\9.0.105\Microsoft.Common.CurrentVersion.targets鈥濅腑鐨勭洰鏍団€淩esolveAssemblyReferences鈥?鐩爣鈥淩esolveReferences鈥濅緷璧栦簬瀹?:
       姝ｅ湪浣跨敤绋嬪簭闆嗏€淢icrosoft.Build.Tasks.Core, Version=15.1.0.0, Culture=neutral, PublicKeyToken=b03f5f7f11d50a3a鈥濅腑鐨勨€淩esolveAssemblyReference鈥濅换鍔°€?
       浠诲姟鈥淩esolveAssemblyReference鈥?
         TargetFrameworkMoniker:
             .NETCoreApp,Version=v8.0
         TargetFrameworkMonikerDisplayName:
             .NET 8.0
         TargetedRuntimeVersion:
             
         Assemblies:
             C:\Users\Lenovo13\.nuget\packages\bouncycastle.cryptography\2.2.1\lib\net6.0\BouncyCastle.Cryptography.dll
                 Private =鈥渇alse鈥?
                 HintPath =鈥淐:\Users\Lenovo13\.nuget\packages\bouncycastle.cryptography\2.2.1\lib\net6.0\BouncyCastle.Cryptography.dll鈥?
             C:\Users\Lenovo13\.nuget\packages\dapper\2.1.66\lib\net8.0\Dapper.dll
                 Private =鈥渇alse鈥?
                 HintPath =鈥淐:\Users\Lenovo13\.nuget\packages\dapper\2.1.66\lib\net8.0\Dapper.dll鈥?
             C:\Users\Lenovo13\.nuget\packages\google.protobuf\3.21.9\lib\net5.0\Google.Protobuf.dll
                 Private =鈥渇alse鈥?
                 HintPath =鈥淐:\Users\Lenovo13\.nuget\packages\google.protobuf\3.21.9\lib\net5.0\Google.Protobuf.dll鈥?
             C:\Users\Lenovo13\.nuget\packages\k4os.compression.lz4\1.3.5\lib\net6.0\K4os.Compression.LZ4.dll
                 Private =鈥渇alse鈥?
                 HintPath =鈥淐:\Users\Lenovo13\.nuget\packages\k4os.compression.lz4\1.3.5\lib\net6.0\K4os.Compression.LZ4.dll鈥?
             C:\Users\Lenovo13\.nuget\packages\k4os.compression.lz4.streams\1.3.5\lib\net6.0\K4os.Compression.LZ4.Streams.dll
                 Private =鈥渇alse鈥?
                 HintPath =鈥淐:\Users\Lenovo13\.nuget\packages\k4os.compression.lz4.streams\1.3.5\lib\net6.0\K4os.Compression.LZ4.Streams.dll鈥?
             C:\Users\Lenovo13\.nuget\packages\k4os.hash.xxhash\1.0.8\lib\net6.0\K4os.Hash.xxHash.dll
                 Private =鈥渇alse鈥?
                 HintPath =鈥淐:\Users\Lenovo13\.nuget\packages\k4os.hash.xxhash\1.0.8\lib\net6.0\K4os.Hash.xxHash.dll鈥?
             C:\Users\Lenovo13\.nuget\packages\microsoft.openapi\1.2.3\lib\netstandard2.0\Microsoft.OpenApi.dll
                 Private =鈥渇alse鈥?
                 HintPath =鈥淐:\Users\Lenovo13\.nuget\packages\microsoft.openapi\1.2.3\lib\netstandard2.0\Microsoft.OpenApi.dll鈥?
             C:\Users\Lenovo13\.nuget\packages\mysql.data\8.2.0\lib\net8.0\MySql.Data.dll
                 Private =鈥渇alse鈥?
                 HintPath =鈥淐:\Users\Lenovo13\.nuget\packages\mysql.data\8.2.0\lib\net8.0\MySql.Data.dll鈥?
             C:\Users\Lenovo13\.nuget\packages\swashbuckle.aspnetcore.swagger\6.5.0\lib\net7.0\Swashbuckle.AspNetCore.Swagger.dll
                 Private =鈥渇alse鈥?
                 HintPath =鈥淐:\Users\Lenovo13\.nuget\packages\swashbuckle.aspnetcore.swagger\6.5.0\lib\net7.0\Swashbuckle.AspNetCore.Swagger.dll鈥?
             C:\Users\Lenovo13\.nuget\packages\swashbuckle.aspnetcore.swaggergen\6.5.0\lib\net7.0\Swashbuckle.AspNetCore.SwaggerGen.dll
                 Private =鈥渇alse鈥?
                 HintPath =鈥淐:\Users\Lenovo13\.nuget\packages\swashbuckle.aspnetcore.swaggergen\6.5.0\lib\net7.0\Swashbuckle.AspNetCore.SwaggerGen.dll鈥?
             C:\Users\Lenovo13\.nuget\packages\swashbuckle.aspnetcore.swaggerui\6.5.0\lib\net7.0\Swashbuckle.AspNetCore.SwaggerUI.dll
                 Private =鈥渇alse鈥?
                 HintPath =鈥淐:\Users\Lenovo13\.nuget\packages\swashbuckle.aspnetcore.swaggerui\6.5.0\lib\net7.0\Swashbuckle.AspNetCore.SwaggerUI.dll鈥?
             C:\Users\Lenovo13\.nuget\packages\system.configuration.configurationmanager\4.4.1\ref\netstandard2.0\System.Configuration.ConfigurationManager.dll
                 Private =鈥渇alse鈥?
                 HintPath =鈥淐:\Users\Lenovo13\.nuget\packages\system.configuration.configurationmanager\4.4.1\ref\netstandard2.0\System.Configuration.ConfigurationManager.dll鈥?
             C:\Users\Lenovo13\.nuget\packages\system.data.sqlclient\4.8.5\ref\netcoreapp2.1\System.Data.SqlClient.dll
                 Private =鈥渇alse鈥?
                 HintPath =鈥淐:\Users\Lenovo13\.nuget\packages\system.data.sqlclient\4.8.5\ref\netcoreapp2.1\System.Data.SqlClient.dll鈥?
             C:\Users\Lenovo13\.nuget\packages\system.security.permissions\4.7.0\ref\netcoreapp3.0\System.Security.Permissions.dll
                 Private =鈥渇alse鈥?
                 HintPath =鈥淐:\Users\Lenovo13\.nuget\packages\system.security.permissions\4.7.0\ref\netcoreapp3.0\System.Security.Permissions.dll鈥?
             C:\Users\Lenovo13\.nuget\packages\system.windows.extensions\4.7.0\ref\netcoreapp3.0\System.Windows.Extensions.dll
                 Private =鈥渇alse鈥?
                 HintPath =鈥淐:\Users\Lenovo13\.nuget\packages\system.windows.extensions\4.7.0\ref\netcoreapp3.0\System.Windows.Extensions.dll鈥?
             C:\Users\Lenovo13\.nuget\packages\zstdsharp.port\0.7.1\lib\net7.0\ZstdSharp.dll
                 Private =鈥渇alse鈥?
                 HintPath =鈥淐:\Users\Lenovo13\.nuget\packages\zstdsharp.port\0.7.1\lib\net7.0\ZstdSharp.dll鈥?
             C:\Program Files\dotnet\packs\Microsoft.NETCore.App.Ref\8.0.15\ref/net8.0/Microsoft.CSharp.dll
                 Private =鈥渇alse鈥?
             C:\Program Files\dotnet\packs\Microsoft.NETCore.App.Ref\8.0.15\ref/net8.0/Microsoft.VisualBasic.Core.dll
                 Private =鈥渇alse鈥?
             C:\Program Files\dotnet\packs\Microsoft.NETCore.App.Ref\8.0.15\ref/net8.0/Microsoft.VisualBasic.dll
                 Private =鈥渇alse鈥?
             C:\Program Files\dotnet\packs\Microsoft.NETCore.App.Ref\8.0.15\ref/net8.0/Microsoft.Win32.Primitives.dll
                 Private =鈥渇alse鈥?
             C:\Program Files\dotnet\packs\Microsoft.NETCore.App.Ref\8.0.15\ref/net8.0/Microsoft.Win32.Registry.dll
                 Private =鈥渇alse鈥?
             C:\Program Files\dotnet\packs\Microsoft.NETCore.App.Ref\8.0.15\ref/net8.0/System.AppContext.dll
                 Private =鈥渇alse鈥?
             C:\Program Files\dotnet\packs\Microsoft.NETCore.App.Ref\8.0.15\ref/net8.0/System.Buffers.dll
                 Private =鈥渇alse鈥?
             C:\Program Files\dotnet\packs\Microsoft.NETCore.App.Ref\8.0.15\ref/net8.0/System.Collections.Concurrent.dll
                 Private =鈥渇alse鈥?
             C:\Program Files\dotnet\packs\Microsoft.NETCore.App.Ref\8.0.15\ref/net8.0/System.Collections.Immutable.dll
                 Private =鈥渇alse鈥?
             C:\Program Files\dotnet\packs\Microsoft.NETCore.App.Ref\8.0.15\ref/net8.0/System.Collections.NonGeneric.dll
                 Private =鈥渇alse鈥?
             C:\Program Files\dotnet\packs\Microsoft.NETCore.App.Ref\8.0.15\ref/net8.0/System.Collections.Specialized.dll
                 Private =鈥渇alse鈥?
             C:\Program Files\dotnet\packs\Microsoft.NETCore.App.Ref\8.0.15\ref/net8.0/System.Collections.dll
                 Private =鈥渇alse鈥?
             C:\Program Files\dotnet\packs\Microsoft.NETCore.App.Ref\8.0.15\ref/net8.0/System.ComponentModel.Annotations.dll
                 Private =鈥渇alse鈥?
             C:\Program Files\dotnet\packs\Microsoft.NETCore.App.Ref\8.0.15\ref/net8.0/System.ComponentModel.DataAnnotations.dll
                 Private =鈥渇alse鈥?
             C:\Program Files\dotnet\packs\Microsoft.NETCore.App.Ref\8.0.15\ref/net8.0/System.ComponentModel.EventBasedAsync.dll
                 Private =鈥渇alse鈥?
             C:\Program Files\dotnet\packs\Microsoft.NETCore.App.Ref\8.0.15\ref/net8.0/System.ComponentModel.Primitives.dll
                 Private =鈥渇alse鈥?
             C:\Program Files\dotnet\packs\Microsoft.NETCore.App.Ref\8.0.15\ref/net8.0/System.ComponentModel.TypeConverter.dll
                 Private =鈥渇alse鈥?
             C:\Program Files\dotnet\packs\Microsoft.NETCore.App.Ref\8.0.15\ref/net8.0/System.ComponentModel.dll
                 Private =鈥渇alse鈥?
             C:\Program Files\dotnet\packs\Microsoft.NETCore.App.Ref\8.0.15\ref/net8.0/System.Configuration.dll
                 Private =鈥渇alse鈥?
             C:\Program Files\dotnet\packs\Microsoft.NETCore.App.Ref\8.0.15\ref/net8.0/System.Console.dll
                 Private =鈥渇alse鈥?
             C:\Program Files\dotnet\packs\Microsoft.NETCore.App.Ref\8.0.15\ref/net8.0/System.Core.dll
                 Private =鈥渇alse鈥?
             C:\Program Files\dotnet\packs\Microsoft.NETCore.App.Ref\8.0.15\ref/net8.0/System.Data.Common.dll
                 Private =鈥渇alse鈥?
             C:\Program Files\dotnet\packs\Microsoft.NETCore.App.Ref\8.0.15\ref/net8.0/System.Data.DataSetExtensions.dll
                 Private =鈥渇alse鈥?
             C:\Program Files\dotnet\packs\Microsoft.NETCore.App.Ref\8.0.15\ref/net8.0/System.Data.dll
                 Private =鈥渇alse鈥?
             C:\Program Files\dotnet\packs\Microsoft.NETCore.App.Ref\8.0.15\ref/net8.0/System.Diagnostics.Contracts.dll
                 Private =鈥渇alse鈥?
             C:\Program Files\dotnet\packs\Microsoft.NETCore.App.Ref\8.0.15\ref/net8.0/System.Diagnostics.Debug.dll
                 Private =鈥渇alse鈥?
             C:\Program Files\dotnet\packs\Microsoft.NETCore.App.Ref\8.0.15\ref/net8.0/System.Diagnostics.DiagnosticSource.dll
                 Private =鈥渇alse鈥?
             C:\Program Files\dotnet\packs\Microsoft.NETCore.App.Ref\8.0.15\ref/net8.0/System.Diagnostics.FileVersionInfo.dll
                 Private =鈥渇alse鈥?
             C:\Program Files\dotnet\packs\Microsoft.NETCore.App.Ref\8.0.15\ref/net8.0/System.Diagnostics.Process.dll
                 Private =鈥渇alse鈥?
             C:\Program Files\dotnet\packs\Microsoft.NETCore.App.Ref\8.0.15\ref/net8.0/System.Diagnostics.StackTrace.dll
                 Private =鈥渇alse鈥?
             C:\Program Files\dotnet\packs\Microsoft.NETCore.App.Ref\8.0.15\ref/net8.0/System.Diagnostics.TextWriterTraceListener.dll
                 Private =鈥渇alse鈥?
             C:\Program Files\dotnet\packs\Microsoft.NETCore.App.Ref\8.0.15\ref/net8.0/System.Diagnostics.Tools.dll
                 Private =鈥渇alse鈥?
             C:\Program Files\dotnet\packs\Microsoft.NETCore.App.Ref\8.0.15\ref/net8.0/System.Diagnostics.TraceSource.dll
                 Private =鈥渇alse鈥?
             C:\Program Files\dotnet\packs\Microsoft.NETCore.App.Ref\8.0.15\ref/net8.0/System.Diagnostics.Tracing.dll
                 Private =鈥渇alse鈥?
             C:\Program Files\dotnet\packs\Microsoft.NETCore.App.Ref\8.0.15\ref/net8.0/System.Drawing.Primitives.dll
                 Private =鈥渇alse鈥?
             C:\Program Files\dotnet\packs\Microsoft.NETCore.App.Ref\8.0.15\ref/net8.0/System.Drawing.dll
                 Private =鈥渇alse鈥?
             C:\Program Files\dotnet\packs\Microsoft.NETCore.App.Ref\8.0.15\ref/net8.0/System.Dynamic.Runtime.dll
                 Private =鈥渇alse鈥?
             C:\Program Files\dotnet\packs\Microsoft.NETCore.App.Ref\8.0.15\ref/net8.0/System.Formats.Asn1.dll
                 Private =鈥渇alse鈥?
             C:\Program Files\dotnet\packs\Microsoft.NETCore.App.Ref\8.0.15\ref/net8.0/System.Formats.Tar.dll
                 Private =鈥渇alse鈥?
             C:\Program Files\dotnet\packs\Microsoft.NETCore.App.Ref\8.0.15\ref/net8.0/System.Globalization.Calendars.dll
                 Private =鈥渇alse鈥?
             C:\Program Files\dotnet\packs\Microsoft.NETCore.App.Ref\8.0.15\ref/net8.0/System.Globalization.Extensions.dll
                 Private =鈥渇alse鈥?
             C:\Program Files\dotnet\packs\Microsoft.NETCore.App.Ref\8.0.15\ref/net8.0/System.Globalization.dll
                 Private =鈥渇alse鈥?
             C:\Program Files\dotnet\packs\Microsoft.NETCore.App.Ref\8.0.15\ref/net8.0/System.IO.Compression.Brotli.dll
                 Private =鈥渇alse鈥?
             C:\Program Files\dotnet\packs\Microsoft.NETCore.App.Ref\8.0.15\ref/net8.0/System.IO.Compression.FileSystem.dll
                 Private =鈥渇alse鈥?
             C:\Program Files\dotnet\packs\Microsoft.NETCore.App.Ref\8.0.15\ref/net8.0/System.IO.Compression.ZipFile.dll
                 Private =鈥渇alse鈥?
             C:\Program Files\dotnet\packs\Microsoft.NETCore.App.Ref\8.0.15\ref/net8.0/System.IO.Compression.dll
                 Private =鈥渇alse鈥?
             C:\Program Files\dotnet\packs\Microsoft.NETCore.App.Ref\8.0.15\ref/net8.0/System.IO.FileSystem.AccessControl.dll
                 Private =鈥渇alse鈥?
             C:\Program Files\dotnet\packs\Microsoft.NETCore.App.Ref\8.0.15\ref/net8.0/System.IO.FileSystem.DriveInfo.dll
                 Private =鈥渇alse鈥?
             C:\Program Files\dotnet\packs\Microsoft.NETCore.App.Ref\8.0.15\ref/net8.0/System.IO.FileSystem.Primitives.dll
                 Private =鈥渇alse鈥?
             C:\Program Files\dotnet\packs\Microsoft.NETCore.App.Ref\8.0.15\ref/net8.0/System.IO.FileSystem.Watcher.dll
                 Private =鈥渇alse鈥?
             C:\Program Files\dotnet\packs\Microsoft.NETCore.App.Ref\8.0.15\ref/net8.0/System.IO.FileSystem.dll
                 Private =鈥渇alse鈥?
             C:\Program Files\dotnet\packs\Microsoft.NETCore.App.Ref\8.0.15\ref/net8.0/System.IO.IsolatedStorage.dll
                 Private =鈥渇alse鈥?
             C:\Program Files\dotnet\packs\Microsoft.NETCore.App.Ref\8.0.15\ref/net8.0/System.IO.MemoryMappedFiles.dll
                 Private =鈥渇alse鈥?
             C:\Program Files\dotnet\packs\Microsoft.NETCore.App.Ref\8.0.15\ref/net8.0/System.IO.Pipes.AccessControl.dll
                 Private =鈥渇alse鈥?
             C:\Program Files\dotnet\packs\Microsoft.NETCore.App.Ref\8.0.15\ref/net8.0/System.IO.Pipes.dll
                 Private =鈥渇alse鈥?
             C:\Program Files\dotnet\packs\Microsoft.NETCore.App.Ref\8.0.15\ref/net8.0/System.IO.UnmanagedMemoryStream.dll
                 Private =鈥渇alse鈥?
             C:\Program Files\dotnet\packs\Microsoft.NETCore.App.Ref\8.0.15\ref/net8.0/System.IO.dll
                 Private =鈥渇alse鈥?
             C:\Program Files\dotnet\packs\Microsoft.NETCore.App.Ref\8.0.15\ref/net8.0/System.Linq.Expressions.dll
                 Private =鈥渇alse鈥?
             C:\Program Files\dotnet\packs\Microsoft.NETCore.App.Ref\8.0.15\ref/net8.0/System.Linq.Parallel.dll
                 Private =鈥渇alse鈥?
             C:\Program Files\dotnet\packs\Microsoft.NETCore.App.Ref\8.0.15\ref/net8.0/System.Linq.Queryable.dll
                 Private =鈥渇alse鈥?
             C:\Program Files\dotnet\packs\Microsoft.NETCore.App.Ref\8.0.15\ref/net8.0/System.Linq.dll
                 Private =鈥渇alse鈥?
             C:\Program Files\dotnet\packs\Microsoft.NETCore.App.Ref\8.0.15\ref/net8.0/System.Memory.dll
                 Private =鈥渇alse鈥?
             C:\Program Files\dotnet\packs\Microsoft.NETCore.App.Ref\8.0.15\ref/net8.0/System.Net.Http.Json.dll
                 Private =鈥渇alse鈥?
             C:\Program Files\dotnet\packs\Microsoft.NETCore.App.Ref\8.0.15\ref/net8.0/System.Net.Http.dll
                 Private =鈥渇alse鈥?
             C:\Program Files\dotnet\packs\Microsoft.NETCore.App.Ref\8.0.15\ref/net8.0/System.Net.HttpListener.dll
                 Private =鈥渇alse鈥?
             C:\Program Files\dotnet\packs\Microsoft.NETCore.App.Ref\8.0.15\ref/net8.0/System.Net.Mail.dll
                 Private =鈥渇alse鈥?
             C:\Program Files\dotnet\packs\Microsoft.NETCore.App.Ref\8.0.15\ref/net8.0/System.Net.NameResolution.dll
                 Private =鈥渇alse鈥?
             C:\Program Files\dotnet\packs\Microsoft.NETCore.App.Ref\8.0.15\ref/net8.0/System.Net.NetworkInformation.dll
                 Private =鈥渇alse鈥?
             C:\Program Files\dotnet\packs\Microsoft.NETCore.App.Ref\8.0.15\ref/net8.0/System.Net.Ping.dll
                 Private =鈥渇alse鈥?
             C:\Program Files\dotnet\packs\Microsoft.NETCore.App.Ref\8.0.15\ref/net8.0/System.Net.Primitives.dll
                 Private =鈥渇alse鈥?
             C:\Program Files\dotnet\packs\Microsoft.NETCore.App.Ref\8.0.15\ref/net8.0/System.Net.Quic.dll
                 Private =鈥渇alse鈥?
             C:\Program Files\dotnet\packs\Microsoft.NETCore.App.Ref\8.0.15\ref/net8.0/System.Net.Requests.dll
                 Private =鈥渇alse鈥?
             C:\Program Files\dotnet\packs\Microsoft.NETCore.App.Ref\8.0.15\ref/net8.0/System.Net.Security.dll
                 Private =鈥渇alse鈥?
             C:\Program Files\dotnet\packs\Microsoft.NETCore.App.Ref\8.0.15\ref/net8.0/System.Net.ServicePoint.dll
                 Private =鈥渇alse鈥?
             C:\Program Files\dotnet\packs\Microsoft.NETCore.App.Ref\8.0.15\ref/net8.0/System.Net.Sockets.dll
                 Private =鈥渇alse鈥?
             C:\Program Files\dotnet\packs\Microsoft.NETCore.App.Ref\8.0.15\ref/net8.0/System.Net.WebClient.dll
                 Private =鈥渇alse鈥?
             C:\Program Files\dotnet\packs\Microsoft.NETCore.App.Ref\8.0.15\ref/net8.0/System.Net.WebHeaderCollection.dll
                 Private =鈥渇alse鈥?
             C:\Program Files\dotnet\packs\Microsoft.NETCore.App.Ref\8.0.15\ref/net8.0/System.Net.WebProxy.dll
                 Private =鈥渇alse鈥?
             C:\Program Files\dotnet\packs\Microsoft.NETCore.App.Ref\8.0.15\ref/net8.0/System.Net.WebSockets.Client.dll
                 Private =鈥渇alse鈥?
             C:\Program Files\dotnet\packs\Microsoft.NETCore.App.Ref\8.0.15\ref/net8.0/System.Net.WebSockets.dll
                 Private =鈥渇alse鈥?
             C:\Program Files\dotnet\packs\Microsoft.NETCore.App.Ref\8.0.15\ref/net8.0/System.Net.dll
                 Private =鈥渇alse鈥?
             C:\Program Files\dotnet\packs\Microsoft.NETCore.App.Ref\8.0.15\ref/net8.0/System.Numerics.Vectors.dll
                 Private =鈥渇alse鈥?
             C:\Program Files\dotnet\packs\Microsoft.NETCore.App.Ref\8.0.15\ref/net8.0/System.Numerics.dll
                 Private =鈥渇alse鈥?
             C:\Program Files\dotnet\packs\Microsoft.NETCore.App.Ref\8.0.15\ref/net8.0/System.ObjectModel.dll
                 Private =鈥渇alse鈥?
             C:\Program Files\dotnet\packs\Microsoft.NETCore.App.Ref\8.0.15\ref/net8.0/System.Reflection.DispatchProxy.dll
                 Private =鈥渇alse鈥?
             C:\Program Files\dotnet\packs\Microsoft.NETCore.App.Ref\8.0.15\ref/net8.0/System.Reflection.Emit.ILGeneration.dll
                 Private =鈥渇alse鈥?
             C:\Program Files\dotnet\packs\Microsoft.NETCore.App.Ref\8.0.15\ref/net8.0/System.Reflection.Emit.Lightweight.dll
                 Private =鈥渇alse鈥?
             C:\Program Files\dotnet\packs\Microsoft.NETCore.App.Ref\8.0.15\ref/net8.0/System.Reflection.Emit.dll
                 Private =鈥渇alse鈥?
             C:\Program Files\dotnet\packs\Microsoft.NETCore.App.Ref\8.0.15\ref/net8.0/System.Reflection.Extensions.dll
                 Private =鈥渇alse鈥?
             C:\Program Files\dotnet\packs\Microsoft.NETCore.App.Ref\8.0.15\ref/net8.0/System.Reflection.Metadata.dll
                 Private =鈥渇alse鈥?
             C:\Program Files\dotnet\packs\Microsoft.NETCore.App.Ref\8.0.15\ref/net8.0/System.Reflection.Primitives.dll
                 Private =鈥渇alse鈥?
             C:\Program Files\dotnet\packs\Microsoft.NETCore.App.Ref\8.0.15\ref/net8.0/System.Reflection.TypeExtensions.dll
                 Private =鈥渇alse鈥?
             C:\Program Files\dotnet\packs\Microsoft.NETCore.App.Ref\8.0.15\ref/net8.0/System.Reflection.dll
                 Private =鈥渇alse鈥?
             C:\Program Files\dotnet\packs\Microsoft.NETCore.App.Ref\8.0.15\ref/net8.0/System.Resources.Reader.dll
                 Private =鈥渇alse鈥?
             C:\Program Files\dotnet\packs\Microsoft.NETCore.App.Ref\8.0.15\ref/net8.0/System.Resources.ResourceManager.dll
                 Private =鈥渇alse鈥?
             C:\Program Files\dotnet\packs\Microsoft.NETCore.App.Ref\8.0.15\ref/net8.0/System.Resources.Writer.dll
                 Private =鈥渇alse鈥?
             C:\Program Files\dotnet\packs\Microsoft.NETCore.App.Ref\8.0.15\ref/net8.0/System.Runtime.CompilerServices.Unsafe.dll
                 Private =鈥渇alse鈥?
             C:\Program Files\dotnet\packs\Microsoft.NETCore.App.Ref\8.0.15\ref/net8.0/System.Runtime.CompilerServices.VisualC.dll
                 Private =鈥渇alse鈥?
             C:\Program Files\dotnet\packs\Microsoft.NETCore.App.Ref\8.0.15\ref/net8.0/System.Runtime.Extensions.dll
                 Private =鈥渇alse鈥?
             C:\Program Files\dotnet\packs\Microsoft.NETCore.App.Ref\8.0.15\ref/net8.0/System.Runtime.Handles.dll
                 Private =鈥渇alse鈥?
             C:\Program Files\dotnet\packs\Microsoft.NETCore.App.Ref\8.0.15\ref/net8.0/System.Runtime.InteropServices.JavaScript.dll
                 Private =鈥渇alse鈥?
             C:\Program Files\dotnet\packs\Microsoft.NETCore.App.Ref\8.0.15\ref/net8.0/System.Runtime.InteropServices.RuntimeInformation.dll
                 Private =鈥渇alse鈥?
             C:\Program Files\dotnet\packs\Microsoft.NETCore.App.Ref\8.0.15\ref/net8.0/System.Runtime.InteropServices.dll
                 Private =鈥渇alse鈥?
             C:\Program Files\dotnet\packs\Microsoft.NETCore.App.Ref\8.0.15\ref/net8.0/System.Runtime.Intrinsics.dll
                 Private =鈥渇alse鈥?
             C:\Program Files\dotnet\packs\Microsoft.NETCore.App.Ref\8.0.15\ref/net8.0/System.Runtime.Loader.dll
                 Private =鈥渇alse鈥?
             C:\Program Files\dotnet\packs\Microsoft.NETCore.App.Ref\8.0.15\ref/net8.0/System.Runtime.Numerics.dll
                 Private =鈥渇alse鈥?
             C:\Program Files\dotnet\packs\Microsoft.NETCore.App.Ref\8.0.15\ref/net8.0/System.Runtime.Serialization.Formatters.dll
                 Private =鈥渇alse鈥?
             C:\Program Files\dotnet\packs\Microsoft.NETCore.App.Ref\8.0.15\ref/net8.0/System.Runtime.Serialization.Json.dll
                 Private =鈥渇alse鈥?
             C:\Program Files\dotnet\packs\Microsoft.NETCore.App.Ref\8.0.15\ref/net8.0/System.Runtime.Serialization.Primitives.dll
                 Private =鈥渇alse鈥?
             C:\Program Files\dotnet\packs\Microsoft.NETCore.App.Ref\8.0.15\ref/net8.0/System.Runtime.Serialization.Xml.dll
                 Private =鈥渇alse鈥?
             C:\Program Files\dotnet\packs\Microsoft.NETCore.App.Ref\8.0.15\ref/net8.0/System.Runtime.Serialization.dll
                 Private =鈥渇alse鈥?
             C:\Program Files\dotnet\packs\Microsoft.NETCore.App.Ref\8.0.15\ref/net8.0/System.Runtime.dll
                 Private =鈥渇alse鈥?
             C:\Program Files\dotnet\packs\Microsoft.NETCore.App.Ref\8.0.15\ref/net8.0/System.Security.AccessControl.dll
                 Private =鈥渇alse鈥?
             C:\Program Files\dotnet\packs\Microsoft.NETCore.App.Ref\8.0.15\ref/net8.0/System.Security.Claims.dll
                 Private =鈥渇alse鈥?
             C:\Program Files\dotnet\packs\Microsoft.NETCore.App.Ref\8.0.15\ref/net8.0/System.Security.Cryptography.Algorithms.dll
                 Private =鈥渇alse鈥?
             C:\Program Files\dotnet\packs\Microsoft.NETCore.App.Ref\8.0.15\ref/net8.0/System.Security.Cryptography.Cng.dll
                 Private =鈥渇alse鈥?
             C:\Program Files\dotnet\packs\Microsoft.NETCore.App.Ref\8.0.15\ref/net8.0/System.Security.Cryptography.Csp.dll
                 Private =鈥渇alse鈥?
             C:\Program Files\dotnet\packs\Microsoft.NETCore.App.Ref\8.0.15\ref/net8.0/System.Security.Cryptography.Encoding.dll
                 Private =鈥渇alse鈥?
             C:\Program Files\dotnet\packs\Microsoft.NETCore.App.Ref\8.0.15\ref/net8.0/System.Security.Cryptography.OpenSsl.dll
                 Private =鈥渇alse鈥?
             C:\Program Files\dotnet\packs\Microsoft.NETCore.App.Ref\8.0.15\ref/net8.0/System.Security.Cryptography.Primitives.dll
                 Private =鈥渇alse鈥?
             C:\Program Files\dotnet\packs\Microsoft.NETCore.App.Ref\8.0.15\ref/net8.0/System.Security.Cryptography.X509Certificates.dll
                 Private =鈥渇alse鈥?
             C:\Program Files\dotnet\packs\Microsoft.NETCore.App.Ref\8.0.15\ref/net8.0/System.Security.Cryptography.dll
                 Private =鈥渇alse鈥?
             C:\Program Files\dotnet\packs\Microsoft.NETCore.App.Ref\8.0.15\ref/net8.0/System.Security.Principal.Windows.dll
                 Private =鈥渇alse鈥?
             C:\Program Files\dotnet\packs\Microsoft.NETCore.App.Ref\8.0.15\ref/net8.0/System.Security.Principal.dll
                 Private =鈥渇alse鈥?
             C:\Program Files\dotnet\packs\Microsoft.NETCore.App.Ref\8.0.15\ref/net8.0/System.Security.SecureString.dll
                 Private =鈥渇alse鈥?
             C:\Program Files\dotnet\packs\Microsoft.NETCore.App.Ref\8.0.15\ref/net8.0/System.Security.dll
                 Private =鈥渇alse鈥?
             C:\Program Files\dotnet\packs\Microsoft.NETCore.App.Ref\8.0.15\ref/net8.0/System.ServiceModel.Web.dll
                 Private =鈥渇alse鈥?
             C:\Program Files\dotnet\packs\Microsoft.NETCore.App.Ref\8.0.15\ref/net8.0/System.ServiceProcess.dll
                 Private =鈥渇alse鈥?
             C:\Program Files\dotnet\packs\Microsoft.NETCore.App.Ref\8.0.15\ref/net8.0/System.Text.Encoding.CodePages.dll
                 Private =鈥渇alse鈥?
             C:\Program Files\dotnet\packs\Microsoft.NETCore.App.Ref\8.0.15\ref/net8.0/System.Text.Encoding.Extensions.dll
                 Private =鈥渇alse鈥?
             C:\Program Files\dotnet\packs\Microsoft.NETCore.App.Ref\8.0.15\ref/net8.0/System.Text.Encoding.dll
                 Private =鈥渇alse鈥?
             C:\Program Files\dotnet\packs\Microsoft.NETCore.App.Ref\8.0.15\ref/net8.0/System.Text.Encodings.Web.dll
                 Private =鈥渇alse鈥?
             C:\Program Files\dotnet\packs\Microsoft.NETCore.App.Ref\8.0.15\ref/net8.0/System.Text.Json.dll
                 Private =鈥渇alse鈥?
             C:\Program Files\dotnet\packs\Microsoft.NETCore.App.Ref\8.0.15\ref/net8.0/System.Text.RegularExpressions.dll
                 Private =鈥渇alse鈥?
             C:\Program Files\dotnet\packs\Microsoft.NETCore.App.Ref\8.0.15\ref/net8.0/System.Threading.Channels.dll
                 Private =鈥渇alse鈥?
             C:\Program Files\dotnet\packs\Microsoft.NETCore.App.Ref\8.0.15\ref/net8.0/System.Threading.Overlapped.dll
                 Private =鈥渇alse鈥?
             C:\Program Files\dotnet\packs\Microsoft.NETCore.App.Ref\8.0.15\ref/net8.0/System.Threading.Tasks.Dataflow.dll
                 Private =鈥渇alse鈥?
             C:\Program Files\dotnet\packs\Microsoft.NETCore.App.Ref\8.0.15\ref/net8.0/System.Threading.Tasks.Extensions.dll
                 Private =鈥渇alse鈥?
             C:\Program Files\dotnet\packs\Microsoft.NETCore.App.Ref\8.0.15\ref/net8.0/System.Threading.Tasks.Parallel.dll
                 Private =鈥渇alse鈥?
             C:\Program Files\dotnet\packs\Microsoft.NETCore.App.Ref\8.0.15\ref/net8.0/System.Threading.Tasks.dll
                 Private =鈥渇alse鈥?
             C:\Program Files\dotnet\packs\Microsoft.NETCore.App.Ref\8.0.15\ref/net8.0/System.Threading.Thread.dll
                 Private =鈥渇alse鈥?
             C:\Program Files\dotnet\packs\Microsoft.NETCore.App.Ref\8.0.15\ref/net8.0/System.Threading.ThreadPool.dll
                 Private =鈥渇alse鈥?
             C:\Program Files\dotnet\packs\Microsoft.NETCore.App.Ref\8.0.15\ref/net8.0/System.Threading.Timer.dll
                 Private =鈥渇alse鈥?
             C:\Program Files\dotnet\packs\Microsoft.NETCore.App.Ref\8.0.15\ref/net8.0/System.Threading.dll
                 Private =鈥渇alse鈥?
             C:\Program Files\dotnet\packs\Microsoft.NETCore.App.Ref\8.0.15\ref/net8.0/System.Transactions.Local.dll
                 Private =鈥渇alse鈥?
             C:\Program Files\dotnet\packs\Microsoft.NETCore.App.Ref\8.0.15\ref/net8.0/System.Transactions.dll
                 Private =鈥渇alse鈥?
             C:\Program Files\dotnet\packs\Microsoft.NETCore.App.Ref\8.0.15\ref/net8.0/System.ValueTuple.dll
                 Private =鈥渇alse鈥?
             C:\Program Files\dotnet\packs\Microsoft.NETCore.App.Ref\8.0.15\ref/net8.0/System.Web.HttpUtility.dll
                 Private =鈥渇alse鈥?
             C:\Program Files\dotnet\packs\Microsoft.NETCore.App.Ref\8.0.15\ref/net8.0/System.Web.dll
                 Private =鈥渇alse鈥?
             C:\Program Files\dotnet\packs\Microsoft.NETCore.App.Ref\8.0.15\ref/net8.0/System.Windows.dll
                 Private =鈥渇alse鈥?
             C:\Program Files\dotnet\packs\Microsoft.NETCore.App.Ref\8.0.15\ref/net8.0/System.Xml.Linq.dll
                 Private =鈥渇alse鈥?
             C:\Program Files\dotnet\packs\Microsoft.NETCore.App.Ref\8.0.15\ref/net8.0/System.Xml.ReaderWriter.dll
                 Private =鈥渇alse鈥?
             C:\Program Files\dotnet\packs\Microsoft.NETCore.App.Ref\8.0.15\ref/net8.0/System.Xml.Serialization.dll
                 Private =鈥渇alse鈥?
             C:\Program Files\dotnet\packs\Microsoft.NETCore.App.Ref\8.0.15\ref/net8.0/System.Xml.XDocument.dll
                 Private =鈥渇alse鈥?
             C:\Program Files\dotnet\packs\Microsoft.NETCore.App.Ref\8.0.15\ref/net8.0/System.Xml.XPath.XDocument.dll
                 Private =鈥渇alse鈥?
             C:\Program Files\dotnet\packs\Microsoft.NETCore.App.Ref\8.0.15\ref/net8.0/System.Xml.XPath.dll
                 Private =鈥渇alse鈥?
             C:\Program Files\dotnet\packs\Microsoft.NETCore.App.Ref\8.0.15\ref/net8.0/System.Xml.XmlDocument.dll
                 Private =鈥渇alse鈥?
             C:\Program Files\dotnet\packs\Microsoft.NETCore.App.Ref\8.0.15\ref/net8.0/System.Xml.XmlSerializer.dll
                 Private =鈥渇alse鈥?
             C:\Program Files\dotnet\packs\Microsoft.NETCore.App.Ref\8.0.15\ref/net8.0/System.Xml.dll
                 Private =鈥渇alse鈥?
             C:\Program Files\dotnet\packs\Microsoft.NETCore.App.Ref\8.0.15\ref/net8.0/System.dll
                 Private =鈥渇alse鈥?
             C:\Program Files\dotnet\packs\Microsoft.NETCore.App.Ref\8.0.15\ref/net8.0/WindowsBase.dll
                 Private =鈥渇alse鈥?
             C:\Program Files\dotnet\packs\Microsoft.NETCore.App.Ref\8.0.15\ref/net8.0/mscorlib.dll
                 Private =鈥渇alse鈥?
             C:\Program Files\dotnet\packs\Microsoft.NETCore.App.Ref\8.0.15\ref/net8.0/netstandard.dll
                 Private =鈥渇alse鈥?
             C:\Program Files\dotnet\packs\Microsoft.AspNetCore.App.Ref\8.0.15\ref\net8.0\Microsoft.AspNetCore.Antiforgery.dll
                 Private =鈥渇alse鈥?
             C:\Program Files\dotnet\packs\Microsoft.AspNetCore.App.Ref\8.0.15\ref\net8.0\Microsoft.AspNetCore.Authentication.Abstractions.dll
                 Private =鈥渇alse鈥?
             C:\Program Files\dotnet\packs\Microsoft.AspNetCore.App.Ref\8.0.15\ref\net8.0\Microsoft.AspNetCore.Authentication.BearerToken.dll
                 Private =鈥渇alse鈥?
             C:\Program Files\dotnet\packs\Microsoft.AspNetCore.App.Ref\8.0.15\ref\net8.0\Microsoft.AspNetCore.Authentication.Cookies.dll
                 Private =鈥渇alse鈥?
             C:\Program Files\dotnet\packs\Microsoft.AspNetCore.App.Ref\8.0.15\ref\net8.0\Microsoft.AspNetCore.Authentication.Core.dll
                 Private =鈥渇alse鈥?
             C:\Program Files\dotnet\packs\Microsoft.AspNetCore.App.Ref\8.0.15\ref\net8.0\Microsoft.AspNetCore.Authentication.OAuth.dll
                 Private =鈥渇alse鈥?
             C:\Program Files\dotnet\packs\Microsoft.AspNetCore.App.Ref\8.0.15\ref\net8.0\Microsoft.AspNetCore.Authentication.dll
                 Private =鈥渇alse鈥?
             C:\Program Files\dotnet\packs\Microsoft.AspNetCore.App.Ref\8.0.15\ref\net8.0\Microsoft.AspNetCore.Authorization.Policy.dll
                 Private =鈥渇alse鈥?
             C:\Program Files\dotnet\packs\Microsoft.AspNetCore.App.Ref\8.0.15\ref\net8.0\Microsoft.AspNetCore.Authorization.dll
                 Private =鈥渇alse鈥?
             C:\Program Files\dotnet\packs\Microsoft.AspNetCore.App.Ref\8.0.15\ref\net8.0\Microsoft.AspNetCore.Components.Authorization.dll
                 Private =鈥渇alse鈥?
             C:\Program Files\dotnet\packs\Microsoft.AspNetCore.App.Ref\8.0.15\ref\net8.0\Microsoft.AspNetCore.Components.Endpoints.dll
                 Private =鈥渇alse鈥?
             C:\Program Files\dotnet\packs\Microsoft.AspNetCore.App.Ref\8.0.15\ref\net8.0\Microsoft.AspNetCore.Components.Forms.dll
                 Private =鈥渇alse鈥?
             C:\Program Files\dotnet\packs\Microsoft.AspNetCore.App.Ref\8.0.15\ref\net8.0\Microsoft.AspNetCore.Components.Server.dll
                 Private =鈥渇alse鈥?
             C:\Program Files\dotnet\packs\Microsoft.AspNetCore.App.Ref\8.0.15\ref\net8.0\Microsoft.AspNetCore.Components.Web.dll
                 Private =鈥渇alse鈥?
             C:\Program Files\dotnet\packs\Microsoft.AspNetCore.App.Ref\8.0.15\ref\net8.0\Microsoft.AspNetCore.Components.dll
                 Private =鈥渇alse鈥?
             C:\Program Files\dotnet\packs\Microsoft.AspNetCore.App.Ref\8.0.15\ref\net8.0\Microsoft.AspNetCore.Connections.Abstractions.dll
                 Private =鈥渇alse鈥?
             C:\Program Files\dotnet\packs\Microsoft.AspNetCore.App.Ref\8.0.15\ref\net8.0\Microsoft.AspNetCore.CookiePolicy.dll
                 Private =鈥渇alse鈥?
             C:\Program Files\dotnet\packs\Microsoft.AspNetCore.App.Ref\8.0.15\ref\net8.0\Microsoft.AspNetCore.Cors.dll
                 Private =鈥渇alse鈥?
             C:\Program Files\dotnet\packs\Microsoft.AspNetCore.App.Ref\8.0.15\ref\net8.0\Microsoft.AspNetCore.Cryptography.Internal.dll
                 Private =鈥渇alse鈥?
             C:\Program Files\dotnet\packs\Microsoft.AspNetCore.App.Ref\8.0.15\ref\net8.0\Microsoft.AspNetCore.Cryptography.KeyDerivation.dll
                 Private =鈥渇alse鈥?
             C:\Program Files\dotnet\packs\Microsoft.AspNetCore.App.Ref\8.0.15\ref\net8.0\Microsoft.AspNetCore.DataProtection.Abstractions.dll
                 Private =鈥渇alse鈥?
             C:\Program Files\dotnet\packs\Microsoft.AspNetCore.App.Ref\8.0.15\ref\net8.0\Microsoft.AspNetCore.DataProtection.Extensions.dll
                 Private =鈥渇alse鈥?
             C:\Program Files\dotnet\packs\Microsoft.AspNetCore.App.Ref\8.0.15\ref\net8.0\Microsoft.AspNetCore.DataProtection.dll
                 Private =鈥渇alse鈥?
             C:\Program Files\dotnet\packs\Microsoft.AspNetCore.App.Ref\8.0.15\ref\net8.0\Microsoft.AspNetCore.Diagnostics.Abstractions.dll
                 Private =鈥渇alse鈥?
             C:\Program Files\dotnet\packs\Microsoft.AspNetCore.App.Ref\8.0.15\ref\net8.0\Microsoft.AspNetCore.Diagnostics.HealthChecks.dll
                 Private =鈥渇alse鈥?
             C:\Program Files\dotnet\packs\Microsoft.AspNetCore.App.Ref\8.0.15\ref\net8.0\Microsoft.AspNetCore.Diagnostics.dll
                 Private =鈥渇alse鈥?
             C:\Program Files\dotnet\packs\Microsoft.AspNetCore.App.Ref\8.0.15\ref\net8.0\Microsoft.AspNetCore.HostFiltering.dll
                 Private =鈥渇alse鈥?
             C:\Program Files\dotnet\packs\Microsoft.AspNetCore.App.Ref\8.0.15\ref\net8.0\Microsoft.AspNetCore.Hosting.Abstractions.dll
                 Private =鈥渇alse鈥?
             C:\Program Files\dotnet\packs\Microsoft.AspNetCore.App.Ref\8.0.15\ref\net8.0\Microsoft.AspNetCore.Hosting.Server.Abstractions.dll
                 Private =鈥渇alse鈥?
             C:\Program Files\dotnet\packs\Microsoft.AspNetCore.App.Ref\8.0.15\ref\net8.0\Microsoft.AspNetCore.Hosting.dll
                 Private =鈥渇alse鈥?
             C:\Program Files\dotnet\packs\Microsoft.AspNetCore.App.Ref\8.0.15\ref\net8.0\Microsoft.AspNetCore.Html.Abstractions.dll
                 Private =鈥渇alse鈥?
             C:\Program Files\dotnet\packs\Microsoft.AspNetCore.App.Ref\8.0.15\ref\net8.0\Microsoft.AspNetCore.Http.Abstractions.dll
                 Private =鈥渇alse鈥?
             C:\Program Files\dotnet\packs\Microsoft.AspNetCore.App.Ref\8.0.15\ref\net8.0\Microsoft.AspNetCore.Http.Connections.Common.dll
                 Private =鈥渇alse鈥?
             C:\Program Files\dotnet\packs\Microsoft.AspNetCore.App.Ref\8.0.15\ref\net8.0\Microsoft.AspNetCore.Http.Connections.dll
                 Private =鈥渇alse鈥?
             C:\Program Files\dotnet\packs\Microsoft.AspNetCore.App.Ref\8.0.15\ref\net8.0\Microsoft.AspNetCore.Http.Extensions.dll
                 Private =鈥渇alse鈥?
             C:\Program Files\dotnet\packs\Microsoft.AspNetCore.App.Ref\8.0.15\ref\net8.0\Microsoft.AspNetCore.Http.Features.dll
                 Private =鈥渇alse鈥?
             C:\Program Files\dotnet\packs\Microsoft.AspNetCore.App.Ref\8.0.15\ref\net8.0\Microsoft.AspNetCore.Http.Results.dll
                 Private =鈥渇alse鈥?
             C:\Program Files\dotnet\packs\Microsoft.AspNetCore.App.Ref\8.0.15\ref\net8.0\Microsoft.AspNetCore.Http.dll
                 Private =鈥渇alse鈥?
             C:\Program Files\dotnet\packs\Microsoft.AspNetCore.App.Ref\8.0.15\ref\net8.0\Microsoft.AspNetCore.HttpLogging.dll
                 Private =鈥渇alse鈥?
             C:\Program Files\dotnet\packs\Microsoft.AspNetCore.App.Ref\8.0.15\ref\net8.0\Microsoft.AspNetCore.HttpOverrides.dll
                 Private =鈥渇alse鈥?
             C:\Program Files\dotnet\packs\Microsoft.AspNetCore.App.Ref\8.0.15\ref\net8.0\Microsoft.AspNetCore.HttpsPolicy.dll
                 Private =鈥渇alse鈥?
             C:\Program Files\dotnet\packs\Microsoft.AspNetCore.App.Ref\8.0.15\ref\net8.0\Microsoft.AspNetCore.Identity.dll
                 Private =鈥渇alse鈥?
             C:\Program Files\dotnet\packs\Microsoft.AspNetCore.App.Ref\8.0.15\ref\net8.0\Microsoft.AspNetCore.Localization.Routing.dll
                 Private =鈥渇alse鈥?
             C:\Program Files\dotnet\packs\Microsoft.AspNetCore.App.Ref\8.0.15\ref\net8.0\Microsoft.AspNetCore.Localization.dll
                 Private =鈥渇alse鈥?
             C:\Program Files\dotnet\packs\Microsoft.AspNetCore.App.Ref\8.0.15\ref\net8.0\Microsoft.AspNetCore.Metadata.dll
                 Private =鈥渇alse鈥?
             C:\Program Files\dotnet\packs\Microsoft.AspNetCore.App.Ref\8.0.15\ref\net8.0\Microsoft.AspNetCore.Mvc.Abstractions.dll
                 Private =鈥渇alse鈥?
             C:\Program Files\dotnet\packs\Microsoft.AspNetCore.App.Ref\8.0.15\ref\net8.0\Microsoft.AspNetCore.Mvc.ApiExplorer.dll
                 Private =鈥渇alse鈥?
             C:\Program Files\dotnet\packs\Microsoft.AspNetCore.App.Ref\8.0.15\ref\net8.0\Microsoft.AspNetCore.Mvc.Core.dll
                 Private =鈥渇alse鈥?
             C:\Program Files\dotnet\packs\Microsoft.AspNetCore.App.Ref\8.0.15\ref\net8.0\Microsoft.AspNetCore.Mvc.Cors.dll
                 Private =鈥渇alse鈥?
             C:\Program Files\dotnet\packs\Microsoft.AspNetCore.App.Ref\8.0.15\ref\net8.0\Microsoft.AspNetCore.Mvc.DataAnnotations.dll
                 Private =鈥渇alse鈥?
             C:\Program Files\dotnet\packs\Microsoft.AspNetCore.App.Ref\8.0.15\ref\net8.0\Microsoft.AspNetCore.Mvc.Formatters.Json.dll
                 Private =鈥渇alse鈥?
             C:\Program Files\dotnet\packs\Microsoft.AspNetCore.App.Ref\8.0.15\ref\net8.0\Microsoft.AspNetCore.Mvc.Formatters.Xml.dll
                 Private =鈥渇alse鈥?
             C:\Program Files\dotnet\packs\Microsoft.AspNetCore.App.Ref\8.0.15\ref\net8.0\Microsoft.AspNetCore.Mvc.Localization.dll
                 Private =鈥渇alse鈥?
             C:\Program Files\dotnet\packs\Microsoft.AspNetCore.App.Ref\8.0.15\ref\net8.0\Microsoft.AspNetCore.Mvc.Razor.dll
                 Private =鈥渇alse鈥?
             C:\Program Files\dotnet\packs\Microsoft.AspNetCore.App.Ref\8.0.15\ref\net8.0\Microsoft.AspNetCore.Mvc.RazorPages.dll
                 Private =鈥渇alse鈥?
             C:\Program Files\dotnet\packs\Microsoft.AspNetCore.App.Ref\8.0.15\ref\net8.0\Microsoft.AspNetCore.Mvc.TagHelpers.dll
                 Private =鈥渇alse鈥?
             C:\Program Files\dotnet\packs\Microsoft.AspNetCore.App.Ref\8.0.15\ref\net8.0\Microsoft.AspNetCore.Mvc.ViewFeatures.dll
                 Private =鈥渇alse鈥?
             C:\Program Files\dotnet\packs\Microsoft.AspNetCore.App.Ref\8.0.15\ref\net8.0\Microsoft.AspNetCore.Mvc.dll
                 Private =鈥渇alse鈥?
             C:\Program Files\dotnet\packs\Microsoft.AspNetCore.App.Ref\8.0.15\ref\net8.0\Microsoft.AspNetCore.OutputCaching.dll
                 Private =鈥渇alse鈥?
             C:\Program Files\dotnet\packs\Microsoft.AspNetCore.App.Ref\8.0.15\ref\net8.0\Microsoft.AspNetCore.RateLimiting.dll
                 Private =鈥渇alse鈥?
             C:\Program Files\dotnet\packs\Microsoft.AspNetCore.App.Ref\8.0.15\ref\net8.0\Microsoft.AspNetCore.Razor.Runtime.dll
                 Private =鈥渇alse鈥?
             C:\Program Files\dotnet\packs\Microsoft.AspNetCore.App.Ref\8.0.15\ref\net8.0\Microsoft.AspNetCore.Razor.dll
                 Private =鈥渇alse鈥?
             C:\Program Files\dotnet\packs\Microsoft.AspNetCore.App.Ref\8.0.15\ref\net8.0\Microsoft.AspNetCore.RequestDecompression.dll
                 Private =鈥渇alse鈥?
             C:\Program Files\dotnet\packs\Microsoft.AspNetCore.App.Ref\8.0.15\ref\net8.0\Microsoft.AspNetCore.ResponseCaching.Abstractions.dll
                 Private =鈥渇alse鈥?
             C:\Program Files\dotnet\packs\Microsoft.AspNetCore.App.Ref\8.0.15\ref\net8.0\Microsoft.AspNetCore.ResponseCaching.dll
                 Private =鈥渇alse鈥?
             C:\Program Files\dotnet\packs\Microsoft.AspNetCore.App.Ref\8.0.15\ref\net8.0\Microsoft.AspNetCore.ResponseCompression.dll
                 Private =鈥渇alse鈥?
             C:\Program Files\dotnet\packs\Microsoft.AspNetCore.App.Ref\8.0.15\ref\net8.0\Microsoft.AspNetCore.Rewrite.dll
                 Private =鈥渇alse鈥?
             C:\Program Files\dotnet\packs\Microsoft.AspNetCore.App.Ref\8.0.15\ref\net8.0\Microsoft.AspNetCore.Routing.Abstractions.dll
                 Private =鈥渇alse鈥?
             C:\Program Files\dotnet\packs\Microsoft.AspNetCore.App.Ref\8.0.15\ref\net8.0\Microsoft.AspNetCore.Routing.dll
                 Private =鈥渇alse鈥?
             C:\Program Files\dotnet\packs\Microsoft.AspNetCore.App.Ref\8.0.15\ref\net8.0\Microsoft.AspNetCore.Server.HttpSys.dll
                 Private =鈥渇alse鈥?
             C:\Program Files\dotnet\packs\Microsoft.AspNetCore.App.Ref\8.0.15\ref\net8.0\Microsoft.AspNetCore.Server.IIS.dll
                 Private =鈥渇alse鈥?
             C:\Program Files\dotnet\packs\Microsoft.AspNetCore.App.Ref\8.0.15\ref\net8.0\Microsoft.AspNetCore.Server.IISIntegration.dll
                 Private =鈥渇alse鈥?
             C:\Program Files\dotnet\packs\Microsoft.AspNetCore.App.Ref\8.0.15\ref\net8.0\Microsoft.AspNetCore.Server.Kestrel.Core.dll
                 Private =鈥渇alse鈥?
             C:\Program Files\dotnet\packs\Microsoft.AspNetCore.App.Ref\8.0.15\ref\net8.0\Microsoft.AspNetCore.Server.Kestrel.Transport.NamedPipes.dll
                 Private =鈥渇alse鈥?
             C:\Program Files\dotnet\packs\Microsoft.AspNetCore.App.Ref\8.0.15\ref\net8.0\Microsoft.AspNetCore.Server.Kestrel.Transport.Quic.dll
                 Private =鈥渇alse鈥?
             C:\Program Files\dotnet\packs\Microsoft.AspNetCore.App.Ref\8.0.15\ref\net8.0\Microsoft.AspNetCore.Server.Kestrel.Transport.Sockets.dll
                 Private =鈥渇alse鈥?
             C:\Program Files\dotnet\packs\Microsoft.AspNetCore.App.Ref\8.0.15\ref\net8.0\Microsoft.AspNetCore.Server.Kestrel.dll
                 Private =鈥渇alse鈥?
             C:\Program Files\dotnet\packs\Microsoft.AspNetCore.App.Ref\8.0.15\ref\net8.0\Microsoft.AspNetCore.Session.dll
                 Private =鈥渇alse鈥?
             C:\Program Files\dotnet\packs\Microsoft.AspNetCore.App.Ref\8.0.15\ref\net8.0\Microsoft.AspNetCore.SignalR.Common.dll
                 Private =鈥渇alse鈥?
             C:\Program Files\dotnet\packs\Microsoft.AspNetCore.App.Ref\8.0.15\ref\net8.0\Microsoft.AspNetCore.SignalR.Core.dll
                 Private =鈥渇alse鈥?
             C:\Program Files\dotnet\packs\Microsoft.AspNetCore.App.Ref\8.0.15\ref\net8.0\Microsoft.AspNetCore.SignalR.Protocols.Json.dll
                 Private =鈥渇alse鈥?
             C:\Program Files\dotnet\packs\Microsoft.AspNetCore.App.Ref\8.0.15\ref\net8.0\Microsoft.AspNetCore.SignalR.dll
                 Private =鈥渇alse鈥?
             C:\Program Files\dotnet\packs\Microsoft.AspNetCore.App.Ref\8.0.15\ref\net8.0\Microsoft.AspNetCore.StaticFiles.dll
                 Private =鈥渇alse鈥?
             C:\Program Files\dotnet\packs\Microsoft.AspNetCore.App.Ref\8.0.15\ref\net8.0\Microsoft.AspNetCore.WebSockets.dll
                 Private =鈥渇alse鈥?
             C:\Program Files\dotnet\packs\Microsoft.AspNetCore.App.Ref\8.0.15\ref\net8.0\Microsoft.AspNetCore.WebUtilities.dll
                 Private =鈥渇alse鈥?
             C:\Program Files\dotnet\packs\Microsoft.AspNetCore.App.Ref\8.0.15\ref\net8.0\Microsoft.AspNetCore.dll
                 Private =鈥渇alse鈥?
             C:\Program Files\dotnet\packs\Microsoft.AspNetCore.App.Ref\8.0.15\ref\net8.0\Microsoft.Extensions.Caching.Abstractions.dll
                 Private =鈥渇alse鈥?
             C:\Program Files\dotnet\packs\Microsoft.AspNetCore.App.Ref\8.0.15\ref\net8.0\Microsoft.Extensions.Caching.Memory.dll
                 Private =鈥渇alse鈥?
             C:\Program Files\dotnet\packs\Microsoft.AspNetCore.App.Ref\8.0.15\ref\net8.0\Microsoft.Extensions.Configuration.Abstractions.dll
                 Private =鈥渇alse鈥?
             C:\Program Files\dotnet\packs\Microsoft.AspNetCore.App.Ref\8.0.15\ref\net8.0\Microsoft.Extensions.Configuration.Binder.dll
                 Private =鈥渇alse鈥?
             C:\Program Files\dotnet\packs\Microsoft.AspNetCore.App.Ref\8.0.15\ref\net8.0\Microsoft.Extensions.Configuration.CommandLine.dll
                 Private =鈥渇alse鈥?
             C:\Program Files\dotnet\packs\Microsoft.AspNetCore.App.Ref\8.0.15\ref\net8.0\Microsoft.Extensions.Configuration.EnvironmentVariables.dll
                 Private =鈥渇alse鈥?
             C:\Program Files\dotnet\packs\Microsoft.AspNetCore.App.Ref\8.0.15\ref\net8.0\Microsoft.Extensions.Configuration.FileExtensions.dll
                 Private =鈥渇alse鈥?
             C:\Program Files\dotnet\packs\Microsoft.AspNetCore.App.Ref\8.0.15\ref\net8.0\Microsoft.Extensions.Configuration.Ini.dll
                 Private =鈥渇alse鈥?
             C:\Program Files\dotnet\packs\Microsoft.AspNetCore.App.Ref\8.0.15\ref\net8.0\Microsoft.Extensions.Configuration.Json.dll
                 Private =鈥渇alse鈥?
             C:\Program Files\dotnet\packs\Microsoft.AspNetCore.App.Ref\8.0.15\ref\net8.0\Microsoft.Extensions.Configuration.KeyPerFile.dll
                 Private =鈥渇alse鈥?
             C:\Program Files\dotnet\packs\Microsoft.AspNetCore.App.Ref\8.0.15\ref\net8.0\Microsoft.Extensions.Configuration.UserSecrets.dll
                 Private =鈥渇alse鈥?
             C:\Program Files\dotnet\packs\Microsoft.AspNetCore.App.Ref\8.0.15\ref\net8.0\Microsoft.Extensions.Configuration.Xml.dll
                 Private =鈥渇alse鈥?
             C:\Program Files\dotnet\packs\Microsoft.AspNetCore.App.Ref\8.0.15\ref\net8.0\Microsoft.Extensions.Configuration.dll
                 Private =鈥渇alse鈥?
             C:\Program Files\dotnet\packs\Microsoft.AspNetCore.App.Ref\8.0.15\ref\net8.0\Microsoft.Extensions.DependencyInjection.Abstractions.dll
                 Private =鈥渇alse鈥?
             C:\Program Files\dotnet\packs\Microsoft.AspNetCore.App.Ref\8.0.15\ref\net8.0\Microsoft.Extensions.DependencyInjection.dll
                 Private =鈥渇alse鈥?
             C:\Program Files\dotnet\packs\Microsoft.AspNetCore.App.Ref\8.0.15\ref\net8.0\Microsoft.Extensions.Diagnostics.Abstractions.dll
                 Private =鈥渇alse鈥?
             C:\Program Files\dotnet\packs\Microsoft.AspNetCore.App.Ref\8.0.15\ref\net8.0\Microsoft.Extensions.Diagnostics.HealthChecks.Abstractions.dll
                 Private =鈥渇alse鈥?
             C:\Program Files\dotnet\packs\Microsoft.AspNetCore.App.Ref\8.0.15\ref\net8.0\Microsoft.Extensions.Diagnostics.HealthChecks.dll
                 Private =鈥渇alse鈥?
             C:\Program Files\dotnet\packs\Microsoft.AspNetCore.App.Ref\8.0.15\ref\net8.0\Microsoft.Extensions.Diagnostics.dll
                 Private =鈥渇alse鈥?
             C:\Program Files\dotnet\packs\Microsoft.AspNetCore.App.Ref\8.0.15\ref\net8.0\Microsoft.Extensions.Features.dll
                 Private =鈥渇alse鈥?
             C:\Program Files\dotnet\packs\Microsoft.AspNetCore.App.Ref\8.0.15\ref\net8.0\Microsoft.Extensions.FileProviders.Abstractions.dll
                 Private =鈥渇alse鈥?
             C:\Program Files\dotnet\packs\Microsoft.AspNetCore.App.Ref\8.0.15\ref\net8.0\Microsoft.Extensions.FileProviders.Composite.dll
                 Private =鈥渇alse鈥?
             C:\Program Files\dotnet\packs\Microsoft.AspNetCore.App.Ref\8.0.15\ref\net8.0\Microsoft.Extensions.FileProviders.Embedded.dll
                 Private =鈥渇alse鈥?
             C:\Program Files\dotnet\packs\Microsoft.AspNetCore.App.Ref\8.0.15\ref\net8.0\Microsoft.Extensions.FileProviders.Physical.dll
                 Private =鈥渇alse鈥?
             C:\Program Files\dotnet\packs\Microsoft.AspNetCore.App.Ref\8.0.15\ref\net8.0\Microsoft.Extensions.FileSystemGlobbing.dll
                 Private =鈥渇alse鈥?
             C:\Program Files\dotnet\packs\Microsoft.AspNetCore.App.Ref\8.0.15\ref\net8.0\Microsoft.Extensions.Hosting.Abstractions.dll
                 Private =鈥渇alse鈥?
             C:\Program Files\dotnet\packs\Microsoft.AspNetCore.App.Ref\8.0.15\ref\net8.0\Microsoft.Extensions.Hosting.dll
                 Private =鈥渇alse鈥?
             C:\Program Files\dotnet\packs\Microsoft.AspNetCore.App.Ref\8.0.15\ref\net8.0\Microsoft.Extensions.Http.dll
                 Private =鈥渇alse鈥?
             C:\Program Files\dotnet\packs\Microsoft.AspNetCore.App.Ref\8.0.15\ref\net8.0\Microsoft.Extensions.Identity.Core.dll
                 Private =鈥渇alse鈥?
             C:\Program Files\dotnet\packs\Microsoft.AspNetCore.App.Ref\8.0.15\ref\net8.0\Microsoft.Extensions.Identity.Stores.dll
                 Private =鈥渇alse鈥?
             C:\Program Files\dotnet\packs\Microsoft.AspNetCore.App.Ref\8.0.15\ref\net8.0\Microsoft.Extensions.Localization.Abstractions.dll
                 Private =鈥渇alse鈥?
             C:\Program Files\dotnet\packs\Microsoft.AspNetCore.App.Ref\8.0.15\ref\net8.0\Microsoft.Extensions.Localization.dll
                 Private =鈥渇alse鈥?
             C:\Program Files\dotnet\packs\Microsoft.AspNetCore.App.Ref\8.0.15\ref\net8.0\Microsoft.Extensions.Logging.Abstractions.dll
                 Private =鈥渇alse鈥?
             C:\Program Files\dotnet\packs\Microsoft.AspNetCore.App.Ref\8.0.15\ref\net8.0\Microsoft.Extensions.Logging.Configuration.dll
                 Private =鈥渇alse鈥?
             C:\Program Files\dotnet\packs\Microsoft.AspNetCore.App.Ref\8.0.15\ref\net8.0\Microsoft.Extensions.Logging.Console.dll
                 Private =鈥渇alse鈥?
             C:\Program Files\dotnet\packs\Microsoft.AspNetCore.App.Ref\8.0.15\ref\net8.0\Microsoft.Extensions.Logging.Debug.dll
                 Private =鈥渇alse鈥?
             C:\Program Files\dotnet\packs\Microsoft.AspNetCore.App.Ref\8.0.15\ref\net8.0\Microsoft.Extensions.Logging.EventLog.dll
                 Private =鈥渇alse鈥?
             C:\Program Files\dotnet\packs\Microsoft.AspNetCore.App.Ref\8.0.15\ref\net8.0\Microsoft.Extensions.Logging.EventSource.dll
                 Private =鈥渇alse鈥?
             C:\Program Files\dotnet\packs\Microsoft.AspNetCore.App.Ref\8.0.15\ref\net8.0\Microsoft.Extensions.Logging.TraceSource.dll
                 Private =鈥渇alse鈥?
             C:\Program Files\dotnet\packs\Microsoft.AspNetCore.App.Ref\8.0.15\ref\net8.0\Microsoft.Extensions.Logging.dll
                 Private =鈥渇alse鈥?
             C:\Program Files\dotnet\packs\Microsoft.AspNetCore.App.Ref\8.0.15\ref\net8.0\Microsoft.Extensions.ObjectPool.dll
                 Private =鈥渇alse鈥?
             C:\Program Files\dotnet\packs\Microsoft.AspNetCore.App.Ref\8.0.15\ref\net8.0\Microsoft.Extensions.Options.ConfigurationExtensions.dll
                 Private =鈥渇alse鈥?
             C:\Program Files\dotnet\packs\Microsoft.AspNetCore.App.Ref\8.0.15\ref\net8.0\Microsoft.Extensions.Options.DataAnnotations.dll
                 Private =鈥渇alse鈥?
             C:\Program Files\dotnet\packs\Microsoft.AspNetCore.App.Ref\8.0.15\ref\net8.0\Microsoft.Extensions.Options.dll
                 Private =鈥渇alse鈥?
             C:\Program Files\dotnet\packs\Microsoft.AspNetCore.App.Ref\8.0.15\ref\net8.0\Microsoft.Extensions.Primitives.dll
                 Private =鈥渇alse鈥?
             C:\Program Files\dotnet\packs\Microsoft.AspNetCore.App.Ref\8.0.15\ref\net8.0\Microsoft.Extensions.WebEncoders.dll
                 Private =鈥渇alse鈥?
             C:\Program Files\dotnet\packs\Microsoft.AspNetCore.App.Ref\8.0.15\ref\net8.0\Microsoft.JSInterop.dll
                 Private =鈥渇alse鈥?
             C:\Program Files\dotnet\packs\Microsoft.AspNetCore.App.Ref\8.0.15\ref\net8.0\Microsoft.Net.Http.Headers.dll
                 Private =鈥渇alse鈥?
             C:\Program Files\dotnet\packs\Microsoft.AspNetCore.App.Ref\8.0.15\ref\net8.0\System.Diagnostics.EventLog.dll
                 Private =鈥渇alse鈥?
             C:\Program Files\dotnet\packs\Microsoft.AspNetCore.App.Ref\8.0.15\ref\net8.0\System.IO.Pipelines.dll
                 Private =鈥渇alse鈥?
             C:\Program Files\dotnet\packs\Microsoft.AspNetCore.App.Ref\8.0.15\ref\net8.0\System.Security.Cryptography.Xml.dll
                 Private =鈥渇alse鈥?
             C:\Program Files\dotnet\packs\Microsoft.AspNetCore.App.Ref\8.0.15\ref\net8.0\System.Threading.RateLimiting.dll
                 Private =鈥渇alse鈥?
         AssemblyFiles:
         CandidateAssemblyFiles:
         TargetFrameworkDirectories:
             
         InstalledAssemblyTables:
         IgnoreInstalledAssemblyTable:
             False
         SearchPaths:
             {CandidateAssemblyFiles}
             {HintPathFromItem}
             {TargetFrameworkDirectory}
             {RawFileName}
         AllowedAssemblyExtensions:
             .winmd
             .dll
             .exe
         AllowedRelatedFileExtensions:
             .pdb
             .xml
             .pri
             .dll.config
             .exe.config
         AppConfigFile:
             
         AutoUnify:
             True
         CopyLocalDependenciesWhenParentReferenceInGac:
             True
         FindDependencies:
             True
         TargetProcessorArchitecture:
             msil
         StateFile:
             obj\Debug\net8.0\backend.csproj.AssemblyReference.cache
         InstalledAssemblySubsetTables:
         IgnoreInstalledAssemblySubsetTable:
             False
         TargetFrameworkSubsets:
         FullTargetFrameworkSubsetNames:
             Full
         ProfileName:
             
         FullFrameworkFolders:
         LatestTargetFrameworkDirectories:
         ProfileTablesLocation:
         涓诲紩鐢ㄢ€淏ouncyCastle.Cryptography, Version=2.0.0.0, Culture=neutral, PublicKeyToken=072edcf4a5328938鈥濄€?
             瑙ｆ瀽鐨勬枃浠惰矾寰勪负鈥淐:\Users\Lenovo13\.nuget\packages\bouncycastle.cryptography\2.2.1\lib\net6.0\BouncyCastle.Cryptography.dll鈥濄€?
             鍦ㄦ悳绱㈣矾寰勪綅缃€渰HintPathFromItem}鈥濇壘鍒板紩鐢ㄣ€?
             姝ゅ紩鐢ㄤ笉鏄€淐opyLocal鈥濓紝鍥犱负鑷冲皯鏈変竴涓簮椤瑰皢鈥淧rivate鈥濊缃负鈥渇alse鈥濓紝鑰屾病鏈夋簮椤瑰皢鈥淧rivate鈥濊缃负鈥渢rue鈥濄€?
         涓诲紩鐢ㄢ€淒apper, Version=2.0.0.0, Culture=neutral, PublicKeyToken=null鈥濄€?
             瑙ｆ瀽鐨勬枃浠惰矾寰勪负鈥淐:\Users\Lenovo13\.nuget\packages\dapper\2.1.66\lib\net8.0\Dapper.dll鈥濄€?
             鍦ㄦ悳绱㈣矾寰勪綅缃€渰HintPathFromItem}鈥濇壘鍒板紩鐢ㄣ€?
             姝ゅ紩鐢ㄤ笉鏄€淐opyLocal鈥濓紝鍥犱负鑷冲皯鏈変竴涓簮椤瑰皢鈥淧rivate鈥濊缃负鈥渇alse鈥濓紝鑰屾病鏈夋簮椤瑰皢鈥淧rivate鈥濊缃负鈥渢rue鈥濄€?
         涓诲紩鐢ㄢ€淕oogle.Protobuf, Version=3.21.9.0, Culture=neutral, PublicKeyToken=a7d26565bac4d604鈥濄€?
             瑙ｆ瀽鐨勬枃浠惰矾寰勪负鈥淐:\Users\Lenovo13\.nuget\packages\google.protobuf\3.21.9\lib\net5.0\Google.Protobuf.dll鈥濄€?
             鍦ㄦ悳绱㈣矾寰勪綅缃€渰HintPathFromItem}鈥濇壘鍒板紩鐢ㄣ€?
             姝ゅ紩鐢ㄤ笉鏄€淐opyLocal鈥濓紝鍥犱负鑷冲皯鏈変竴涓簮椤瑰皢鈥淧rivate鈥濊缃负鈥渇alse鈥濓紝鑰屾病鏈夋簮椤瑰皢鈥淧rivate鈥濊缃负鈥渢rue鈥濄€?
         涓诲紩鐢ㄢ€淜4os.Compression.LZ4, Version=1.3.5.0, Culture=neutral, PublicKeyToken=2186fa9121ef231d鈥濄€?
             瑙ｆ瀽鐨勬枃浠惰矾寰勪负鈥淐:\Users\Lenovo13\.nuget\packages\k4os.compression.lz4\1.3.5\lib\net6.0\K4os.Compression.LZ4.dll鈥濄€?
             鍦ㄦ悳绱㈣矾寰勪綅缃€渰HintPathFromItem}鈥濇壘鍒板紩鐢ㄣ€?
             姝ゅ紩鐢ㄤ笉鏄€淐opyLocal鈥濓紝鍥犱负鑷冲皯鏈変竴涓簮椤瑰皢鈥淧rivate鈥濊缃负鈥渇alse鈥濓紝鑰屾病鏈夋簮椤瑰皢鈥淧rivate鈥濊缃负鈥渢rue鈥濄€?
         涓诲紩鐢ㄢ€淜4os.Compression.LZ4.Streams, Version=1.3.5.0, Culture=neutral, PublicKeyToken=2186fa9121ef231d鈥濄€?
             瑙ｆ瀽鐨勬枃浠惰矾寰勪负鈥淐:\Users\Lenovo13\.nuget\packages\k4os.compression.lz4.streams\1.3.5\lib\net6.0\K4os.Compression.LZ4.Streams.dll鈥濄€?
             鍦ㄦ悳绱㈣矾寰勪綅缃€渰HintPathFromItem}鈥濇壘鍒板紩鐢ㄣ€?
             姝ゅ紩鐢ㄤ笉鏄€淐opyLocal鈥濓紝鍥犱负鑷冲皯鏈変竴涓簮椤瑰皢鈥淧rivate鈥濊缃负鈥渇alse鈥濓紝鑰屾病鏈夋簮椤瑰皢鈥淧rivate鈥濊缃负鈥渢rue鈥濄€?
         涓诲紩鐢ㄢ€淜4os.Hash.xxHash, Version=1.0.8.0, Culture=neutral, PublicKeyToken=32cd54395057cec3鈥濄€?
             瑙ｆ瀽鐨勬枃浠惰矾寰勪负鈥淐:\Users\Lenovo13\.nuget\packages\k4os.hash.xxhash\1.0.8\lib\net6.0\K4os.Hash.xxHash.dll鈥濄€?
             鍦ㄦ悳绱㈣矾寰勪綅缃€渰HintPathFromItem}鈥濇壘鍒板紩鐢ㄣ€?
             姝ゅ紩鐢ㄤ笉鏄€淐opyLocal鈥濓紝鍥犱负鑷冲皯鏈変竴涓簮椤瑰皢鈥淧rivate鈥濊缃负鈥渇alse鈥濓紝鑰屾病鏈夋簮椤瑰皢鈥淧rivate鈥濊缃负鈥渢rue鈥濄€?
         涓诲紩鐢ㄢ€淢icrosoft.OpenApi, Version=1.2.3.0, Culture=neutral, PublicKeyToken=3f5743946376f042鈥濄€?
             瑙ｆ瀽鐨勬枃浠惰矾寰勪负鈥淐:\Users\Lenovo13\.nuget\packages\microsoft.openapi\1.2.3\lib\netstandard2.0\Microsoft.OpenApi.dll鈥濄€?
             鍦ㄦ悳绱㈣矾寰勪綅缃€渰HintPathFromItem}鈥濇壘鍒板紩鐢ㄣ€?
             姝ゅ紩鐢ㄤ笉鏄€淐opyLocal鈥濓紝鍥犱负鑷冲皯鏈変竴涓簮椤瑰皢鈥淧rivate鈥濊缃负鈥渇alse鈥濓紝鑰屾病鏈夋簮椤瑰皢鈥淧rivate鈥濊缃负鈥渢rue鈥濄€?
         涓诲紩鐢ㄢ€淢ySql.Data, Version=8.2.0.0, Culture=neutral, PublicKeyToken=c5687fc88969c44d鈥濄€?
             瑙ｆ瀽鐨勬枃浠惰矾寰勪负鈥淐:\Users\Lenovo13\.nuget\packages\mysql.data\8.2.0\lib\net8.0\MySql.Data.dll鈥濄€?
             鍦ㄦ悳绱㈣矾寰勪綅缃€渰HintPathFromItem}鈥濇壘鍒板紩鐢ㄣ€?
             姝ゅ紩鐢ㄤ笉鏄€淐opyLocal鈥濓紝鍥犱负鑷冲皯鏈変竴涓簮椤瑰皢鈥淧rivate鈥濊缃负鈥渇alse鈥濓紝鑰屾病鏈夋簮椤瑰皢鈥淧rivate鈥濊缃负鈥渢rue鈥濄€?
         涓诲紩鐢ㄢ€淪washbuckle.AspNetCore.Swagger, Version=6.5.0.0, Culture=neutral, PublicKeyToken=62657d7474907593鈥濄€?
             瑙ｆ瀽鐨勬枃浠惰矾寰勪负鈥淐:\Users\Lenovo13\.nuget\packages\swashbuckle.aspnetcore.swagger\6.5.0\lib\net7.0\Swashbuckle.AspNetCore.Swagger.dll鈥濄€?
             鍦ㄦ悳绱㈣矾寰勪綅缃€渰HintPathFromItem}鈥濇壘鍒板紩鐢ㄣ€?
             姝ゅ紩鐢ㄤ笉鏄€淐opyLocal鈥濓紝鍥犱负鑷冲皯鏈変竴涓簮椤瑰皢鈥淧rivate鈥濊缃负鈥渇alse鈥濓紝鑰屾病鏈夋簮椤瑰皢鈥淧rivate鈥濊缃负鈥渢rue鈥濄€?
         涓诲紩鐢ㄢ€淪washbuckle.AspNetCore.SwaggerGen, Version=6.5.0.0, Culture=neutral, PublicKeyToken=d84d99fb0135530a鈥濄€?
             瑙ｆ瀽鐨勬枃浠惰矾寰勪负鈥淐:\Users\Lenovo13\.nuget\packages\swashbuckle.aspnetcore.swaggergen\6.5.0\lib\net7.0\Swashbuckle.AspNetCore.SwaggerGen.dll鈥濄€?
             鍦ㄦ悳绱㈣矾寰勪綅缃€渰HintPathFromItem}鈥濇壘鍒板紩鐢ㄣ€?
             姝ゅ紩鐢ㄤ笉鏄€淐opyLocal鈥濓紝鍥犱负鑷冲皯鏈変竴涓簮椤瑰皢鈥淧rivate鈥濊缃负鈥渇alse鈥濓紝鑰屾病鏈夋簮椤瑰皢鈥淧rivate鈥濊缃负鈥渢rue鈥濄€?
         涓诲紩鐢ㄢ€淪washbuckle.AspNetCore.SwaggerUI, Version=6.5.0.0, Culture=neutral, PublicKeyToken=4232c99127b3c254鈥濄€?
             瑙ｆ瀽鐨勬枃浠惰矾寰勪负鈥淐:\Users\Lenovo13\.nuget\packages\swashbuckle.aspnetcore.swaggerui\6.5.0\lib\net7.0\Swashbuckle.AspNetCore.SwaggerUI.dll鈥濄€?
             鍦ㄦ悳绱㈣矾寰勪綅缃€渰HintPathFromItem}鈥濇壘鍒板紩鐢ㄣ€?
             姝ゅ紩鐢ㄤ笉鏄€淐opyLocal鈥濓紝鍥犱负鑷冲皯鏈変竴涓簮椤瑰皢鈥淧rivate鈥濊缃负鈥渇alse鈥濓紝鑰屾病鏈夋簮椤瑰皢鈥淧rivate鈥濊缃负鈥渢rue鈥濄€?
         涓诲紩鐢ㄢ€淪ystem.Configuration.ConfigurationManager, Version=4.0.0.0, Culture=neutral, PublicKeyToken=cc7b13ffcd2ddd51鈥濄€?
             瑙ｆ瀽鐨勬枃浠惰矾寰勪负鈥淐:\Users\Lenovo13\.nuget\packages\system.configuration.configurationmanager\4.4.1\ref\netstandard2.0\System.Configuration.ConfigurationManager.dll鈥濄€?
             鍦ㄦ悳绱㈣矾寰勪綅缃€渰HintPathFromItem}鈥濇壘鍒板紩鐢ㄣ€?
             姝ゅ紩鐢ㄤ笉鏄€淐opyLocal鈥濓紝鍥犱负鑷冲皯鏈変竴涓簮椤瑰皢鈥淧rivate鈥濊缃负鈥渇alse鈥濓紝鑰屾病鏈夋簮椤瑰皢鈥淧rivate鈥濊缃负鈥渢rue鈥濄€?
         涓诲紩鐢ㄢ€淪ystem.Data.SqlClient, Version=4.6.1.5, Culture=neutral, PublicKeyToken=b03f5f7f11d50a3a鈥濄€?
             瑙ｆ瀽鐨勬枃浠惰矾寰勪负鈥淐:\Users\Lenovo13\.nuget\packages\system.data.sqlclient\4.8.5\ref\netcoreapp2.1\System.Data.SqlClient.dll鈥濄€?
             鍦ㄦ悳绱㈣矾寰勪綅缃€渰HintPathFromItem}鈥濇壘鍒板紩鐢ㄣ€?
             姝ゅ紩鐢ㄤ笉鏄€淐opyLocal鈥濓紝鍥犱负鑷冲皯鏈変竴涓簮椤瑰皢鈥淧rivate鈥濊缃负鈥渇alse鈥濓紝鑰屾病鏈夋簮椤瑰皢鈥淧rivate鈥濊缃负鈥渢rue鈥濄€?
         涓诲紩鐢ㄢ€淪ystem.Security.Permissions, Version=4.0.3.0, Culture=neutral, PublicKeyToken=cc7b13ffcd2ddd51鈥濄€?
             瑙ｆ瀽鐨勬枃浠惰矾寰勪负鈥淐:\Users\Lenovo13\.nuget\packages\system.security.permissions\4.7.0\ref\netcoreapp3.0\System.Security.Permissions.dll鈥濄€?
             鍦ㄦ悳绱㈣矾寰勪綅缃€渰HintPathFromItem}鈥濇壘鍒板紩鐢ㄣ€?
             姝ゅ紩鐢ㄤ笉鏄€淐opyLocal鈥濓紝鍥犱负鑷冲皯鏈変竴涓簮椤瑰皢鈥淧rivate鈥濊缃负鈥渇alse鈥濓紝鑰屾病鏈夋簮椤瑰皢鈥淧rivate鈥濊缃负鈥渢rue鈥濄€?
         涓诲紩鐢ㄢ€淪ystem.Windows.Extensions, Version=4.0.1.0, Culture=neutral, PublicKeyToken=cc7b13ffcd2ddd51鈥濄€?
             瑙ｆ瀽鐨勬枃浠惰矾寰勪负鈥淐:\Users\Lenovo13\.nuget\packages\system.windows.extensions\4.7.0\ref\netcoreapp3.0\System.Windows.Extensions.dll鈥濄€?
             鍦ㄦ悳绱㈣矾寰勪綅缃€渰HintPathFromItem}鈥濇壘鍒板紩鐢ㄣ€?
             姝ゅ紩鐢ㄤ笉鏄€淐opyLocal鈥濓紝鍥犱负鑷冲皯鏈変竴涓簮椤瑰皢鈥淧rivate鈥濊缃负鈥渇alse鈥濓紝鑰屾病鏈夋簮椤瑰皢鈥淧rivate鈥濊缃负鈥渢rue鈥濄€?
         涓诲紩鐢ㄢ€淶stdSharp, Version=0.7.1.0, Culture=neutral, PublicKeyToken=8d151af33a4ad5cf鈥濄€?
             瑙ｆ瀽鐨勬枃浠惰矾寰勪负鈥淐:\Users\Lenovo13\.nuget\packages\zstdsharp.port\0.7.1\lib\net7.0\ZstdSharp.dll鈥濄€?
             鍦ㄦ悳绱㈣矾寰勪綅缃€渰HintPathFromItem}鈥濇壘鍒板紩鐢ㄣ€?
             姝ゅ紩鐢ㄤ笉鏄€淐opyLocal鈥濓紝鍥犱负鑷冲皯鏈変竴涓簮椤瑰皢鈥淧rivate鈥濊缃负鈥渇alse鈥濓紝鑰屾病鏈夋簮椤瑰皢鈥淧rivate鈥濊缃负鈥渢rue鈥濄€?
         涓诲紩鐢ㄢ€淢icrosoft.CSharp, Version=8.0.0.0, Culture=neutral, PublicKeyToken=b03f5f7f11d50a3a鈥濄€?
             瑙ｆ瀽鐨勬枃浠惰矾寰勪负鈥淐:\Program Files\dotnet\packs\Microsoft.NETCore.App.Ref\8.0.15\ref\net8.0\Microsoft.CSharp.dll鈥濄€?
             鍦ㄦ悳绱㈣矾寰勪綅缃€渰RawFileName}鈥濇壘鍒板紩鐢ㄣ€?
             姝ゅ紩鐢ㄤ笉鏄€淐opyLocal鈥濓紝鍥犱负鑷冲皯鏈変竴涓簮椤瑰皢鈥淧rivate鈥濊缃负鈥渇alse鈥濓紝鑰屾病鏈夋簮椤瑰皢鈥淧rivate鈥濊缃负鈥渢rue鈥濄€?
         涓诲紩鐢ㄢ€淢icrosoft.VisualBasic.Core, Version=13.0.0.0, Culture=neutral, PublicKeyToken=b03f5f7f11d50a3a鈥濄€?
             瑙ｆ瀽鐨勬枃浠惰矾寰勪负鈥淐:\Program Files\dotnet\packs\Microsoft.NETCore.App.Ref\8.0.15\ref\net8.0\Microsoft.VisualBasic.Core.dll鈥濄€?
             鍦ㄦ悳绱㈣矾寰勪綅缃€渰RawFileName}鈥濇壘鍒板紩鐢ㄣ€?
             姝ゅ紩鐢ㄤ笉鏄€淐opyLocal鈥濓紝鍥犱负鑷冲皯鏈変竴涓簮椤瑰皢鈥淧rivate鈥濊缃负鈥渇alse鈥濓紝鑰屾病鏈夋簮椤瑰皢鈥淧rivate鈥濊缃负鈥渢rue鈥濄€?
         涓诲紩鐢ㄢ€淢icrosoft.VisualBasic, Version=10.0.0.0, Culture=neutral, PublicKeyToken=b03f5f7f11d50a3a鈥濄€?
             瑙ｆ瀽鐨勬枃浠惰矾寰勪负鈥淐:\Program Files\dotnet\packs\Microsoft.NETCore.App.Ref\8.0.15\ref\net8.0\Microsoft.VisualBasic.dll鈥濄€?
             鍦ㄦ悳绱㈣矾寰勪綅缃€渰RawFileName}鈥濇壘鍒板紩鐢ㄣ€?
             姝ゅ紩鐢ㄤ笉鏄€淐opyLocal鈥濓紝鍥犱负鑷冲皯鏈変竴涓簮椤瑰皢鈥淧rivate鈥濊缃负鈥渇alse鈥濓紝鑰屾病鏈夋簮椤瑰皢鈥淧rivate鈥濊缃负鈥渢rue鈥濄€?
         涓诲紩鐢ㄢ€淢icrosoft.Win32.Primitives, Version=8.0.0.0, Culture=neutral, PublicKeyToken=b03f5f7f11d50a3a鈥濄€?
             瑙ｆ瀽鐨勬枃浠惰矾寰勪负鈥淐:\Program Files\dotnet\packs\Microsoft.NETCore.App.Ref\8.0.15\ref\net8.0\Microsoft.Win32.Primitives.dll鈥濄€?
             鍦ㄦ悳绱㈣矾寰勪綅缃€渰RawFileName}鈥濇壘鍒板紩鐢ㄣ€?
             姝ゅ紩鐢ㄤ笉鏄€淐opyLocal鈥濓紝鍥犱负鑷冲皯鏈変竴涓簮椤瑰皢鈥淧rivate鈥濊缃负鈥渇alse鈥濓紝鑰屾病鏈夋簮椤瑰皢鈥淧rivate鈥濊缃负鈥渢rue鈥濄€?
         涓诲紩鐢ㄢ€淢icrosoft.Win32.Registry, Version=8.0.0.0, Culture=neutral, PublicKeyToken=b03f5f7f11d50a3a鈥濄€?
             瑙ｆ瀽鐨勬枃浠惰矾寰勪负鈥淐:\Program Files\dotnet\packs\Microsoft.NETCore.App.Ref\8.0.15\ref\net8.0\Microsoft.Win32.Registry.dll鈥濄€?
             鍦ㄦ悳绱㈣矾寰勪綅缃€渰RawFileName}鈥濇壘鍒板紩鐢ㄣ€?
             姝ゅ紩鐢ㄤ笉鏄€淐opyLocal鈥濓紝鍥犱负鑷冲皯鏈変竴涓簮椤瑰皢鈥淧rivate鈥濊缃负鈥渇alse鈥濓紝鑰屾病鏈夋簮椤瑰皢鈥淧rivate鈥濊缃负鈥渢rue鈥濄€?
         涓诲紩鐢ㄢ€淪ystem.AppContext, Version=8.0.0.0, Culture=neutral, PublicKeyToken=b03f5f7f11d50a3a鈥濄€?
             瑙ｆ瀽鐨勬枃浠惰矾寰勪负鈥淐:\Program Files\dotnet\packs\Microsoft.NETCore.App.Ref\8.0.15\ref\net8.0\System.AppContext.dll鈥濄€?
             鍦ㄦ悳绱㈣矾寰勪綅缃€渰RawFileName}鈥濇壘鍒板紩鐢ㄣ€?
             姝ゅ紩鐢ㄤ笉鏄€淐opyLocal鈥濓紝鍥犱负鑷冲皯鏈変竴涓簮椤瑰皢鈥淧rivate鈥濊缃负鈥渇alse鈥濓紝鑰屾病鏈夋簮椤瑰皢鈥淧rivate鈥濊缃负鈥渢rue鈥濄€?
         涓诲紩鐢ㄢ€淪ystem.Buffers, Version=8.0.0.0, Culture=neutral, PublicKeyToken=cc7b13ffcd2ddd51鈥濄€?
             瑙ｆ瀽鐨勬枃浠惰矾寰勪负鈥淐:\Program Files\dotnet\packs\Microsoft.NETCore.App.Ref\8.0.15\ref\net8.0\System.Buffers.dll鈥濄€?
             鍦ㄦ悳绱㈣矾寰勪綅缃€渰RawFileName}鈥濇壘鍒板紩鐢ㄣ€?
             姝ゅ紩鐢ㄤ笉鏄€淐opyLocal鈥濓紝鍥犱负鑷冲皯鏈変竴涓簮椤瑰皢鈥淧rivate鈥濊缃负鈥渇alse鈥濓紝鑰屾病鏈夋簮椤瑰皢鈥淧rivate鈥濊缃负鈥渢rue鈥濄€?
         涓诲紩鐢ㄢ€淪ystem.Collections.Concurrent, Version=8.0.0.0, Culture=neutral, PublicKeyToken=b03f5f7f11d50a3a鈥濄€?
             瑙ｆ瀽鐨勬枃浠惰矾寰勪负鈥淐:\Program Files\dotnet\packs\Microsoft.NETCore.App.Ref\8.0.15\ref\net8.0\System.Collections.Concurrent.dll鈥濄€?
             鍦ㄦ悳绱㈣矾寰勪綅缃€渰RawFileName}鈥濇壘鍒板紩鐢ㄣ€?
             姝ゅ紩鐢ㄤ笉鏄€淐opyLocal鈥濓紝鍥犱负鑷冲皯鏈変竴涓簮椤瑰皢鈥淧rivate鈥濊缃负鈥渇alse鈥濓紝鑰屾病鏈夋簮椤瑰皢鈥淧rivate鈥濊缃负鈥渢rue鈥濄€?
         涓诲紩鐢ㄢ€淪ystem.Collections.Immutable, Version=8.0.0.0, Culture=neutral, PublicKeyToken=b03f5f7f11d50a3a鈥濄€?
             瑙ｆ瀽鐨勬枃浠惰矾寰勪负鈥淐:\Program Files\dotnet\packs\Microsoft.NETCore.App.Ref\8.0.15\ref\net8.0\System.Collections.Immutable.dll鈥濄€?
             鍦ㄦ悳绱㈣矾寰勪綅缃€渰RawFileName}鈥濇壘鍒板紩鐢ㄣ€?
             姝ゅ紩鐢ㄤ笉鏄€淐opyLocal鈥濓紝鍥犱负鑷冲皯鏈変竴涓簮椤瑰皢鈥淧rivate鈥濊缃负鈥渇alse鈥濓紝鑰屾病鏈夋簮椤瑰皢鈥淧rivate鈥濊缃负鈥渢rue鈥濄€?
         涓诲紩鐢ㄢ€淪ystem.Collections.NonGeneric, Version=8.0.0.0, Culture=neutral, PublicKeyToken=b03f5f7f11d50a3a鈥濄€?
             瑙ｆ瀽鐨勬枃浠惰矾寰勪负鈥淐:\Program Files\dotnet\packs\Microsoft.NETCore.App.Ref\8.0.15\ref\net8.0\System.Collections.NonGeneric.dll鈥濄€?
             鍦ㄦ悳绱㈣矾寰勪綅缃€渰RawFileName}鈥濇壘鍒板紩鐢ㄣ€?
             姝ゅ紩鐢ㄤ笉鏄€淐opyLocal鈥濓紝鍥犱负鑷冲皯鏈変竴涓簮椤瑰皢鈥淧rivate鈥濊缃负鈥渇alse鈥濓紝鑰屾病鏈夋簮椤瑰皢鈥淧rivate鈥濊缃负鈥渢rue鈥濄€?
         涓诲紩鐢ㄢ€淪ystem.Collections.Specialized, Version=8.0.0.0, Culture=neutral, PublicKeyToken=b03f5f7f11d50a3a鈥濄€?
             瑙ｆ瀽鐨勬枃浠惰矾寰勪负鈥淐:\Program Files\dotnet\packs\Microsoft.NETCore.App.Ref\8.0.15\ref\net8.0\System.Collections.Specialized.dll鈥濄€?
             鍦ㄦ悳绱㈣矾寰勪綅缃€渰RawFileName}鈥濇壘鍒板紩鐢ㄣ€?
             姝ゅ紩鐢ㄤ笉鏄€淐opyLocal鈥濓紝鍥犱负鑷冲皯鏈変竴涓簮椤瑰皢鈥淧rivate鈥濊缃负鈥渇alse鈥濓紝鑰屾病鏈夋簮椤瑰皢鈥淧rivate鈥濊缃负鈥渢rue鈥濄€?
         涓诲紩鐢ㄢ€淪ystem.Collections, Version=8.0.0.0, Culture=neutral, PublicKeyToken=b03f5f7f11d50a3a鈥濄€?
             瑙ｆ瀽鐨勬枃浠惰矾寰勪负鈥淐:\Program Files\dotnet\packs\Microsoft.NETCore.App.Ref\8.0.15\ref\net8.0\System.Collections.dll鈥濄€?
             鍦ㄦ悳绱㈣矾寰勪綅缃€渰RawFileName}鈥濇壘鍒板紩鐢ㄣ€?
             姝ゅ紩鐢ㄤ笉鏄€淐opyLocal鈥濓紝鍥犱负鑷冲皯鏈変竴涓簮椤瑰皢鈥淧rivate鈥濊缃负鈥渇alse鈥濓紝鑰屾病鏈夋簮椤瑰皢鈥淧rivate鈥濊缃负鈥渢rue鈥濄€?
         涓诲紩鐢ㄢ€淪ystem.ComponentModel.Annotations, Version=8.0.0.0, Culture=neutral, PublicKeyToken=b03f5f7f11d50a3a鈥濄€?
             瑙ｆ瀽鐨勬枃浠惰矾寰勪负鈥淐:\Program Files\dotnet\packs\Microsoft.NETCore.App.Ref\8.0.15\ref\net8.0\System.ComponentModel.Annotations.dll鈥濄€?
             鍦ㄦ悳绱㈣矾寰勪綅缃€渰RawFileName}鈥濇壘鍒板紩鐢ㄣ€?
             姝ゅ紩鐢ㄤ笉鏄€淐opyLocal鈥濓紝鍥犱负鑷冲皯鏈変竴涓簮椤瑰皢鈥淧rivate鈥濊缃负鈥渇alse鈥濓紝鑰屾病鏈夋簮椤瑰皢鈥淧rivate鈥濊缃负鈥渢rue鈥濄€?
         涓诲紩鐢ㄢ€淪ystem.ComponentModel.DataAnnotations, Version=4.0.0.0, Culture=neutral, PublicKeyToken=31bf3856ad364e35鈥濄€?
             瑙ｆ瀽鐨勬枃浠惰矾寰勪负鈥淐:\Program Files\dotnet\packs\Microsoft.NETCore.App.Ref\8.0.15\ref\net8.0\System.ComponentModel.DataAnnotations.dll鈥濄€?
             鍦ㄦ悳绱㈣矾寰勪綅缃€渰RawFileName}鈥濇壘鍒板紩鐢ㄣ€?
             姝ゅ紩鐢ㄤ笉鏄€淐opyLocal鈥濓紝鍥犱负鑷冲皯鏈変竴涓簮椤瑰皢鈥淧rivate鈥濊缃负鈥渇alse鈥濓紝鑰屾病鏈夋簮椤瑰皢鈥淧rivate鈥濊缃负鈥渢rue鈥濄€?
         涓诲紩鐢ㄢ€淪ystem.ComponentModel.EventBasedAsync, Version=8.0.0.0, Culture=neutral, PublicKeyToken=b03f5f7f11d50a3a鈥濄€?
             瑙ｆ瀽鐨勬枃浠惰矾寰勪负鈥淐:\Program Files\dotnet\packs\Microsoft.NETCore.App.Ref\8.0.15\ref\net8.0\System.ComponentModel.EventBasedAsync.dll鈥濄€?
             鍦ㄦ悳绱㈣矾寰勪綅缃€渰RawFileName}鈥濇壘鍒板紩鐢ㄣ€?
             姝ゅ紩鐢ㄤ笉鏄€淐opyLocal鈥濓紝鍥犱负鑷冲皯鏈変竴涓簮椤瑰皢鈥淧rivate鈥濊缃负鈥渇alse鈥濓紝鑰屾病鏈夋簮椤瑰皢鈥淧rivate鈥濊缃负鈥渢rue鈥濄€?
         涓诲紩鐢ㄢ€淪ystem.ComponentModel.Primitives, Version=8.0.0.0, Culture=neutral, PublicKeyToken=b03f5f7f11d50a3a鈥濄€?
             瑙ｆ瀽鐨勬枃浠惰矾寰勪负鈥淐:\Program Files\dotnet\packs\Microsoft.NETCore.App.Ref\8.0.15\ref\net8.0\System.ComponentModel.Primitives.dll鈥濄€?
             鍦ㄦ悳绱㈣矾寰勪綅缃€渰RawFileName}鈥濇壘鍒板紩鐢ㄣ€?
             姝ゅ紩鐢ㄤ笉鏄€淐opyLocal鈥濓紝鍥犱负鑷冲皯鏈変竴涓簮椤瑰皢鈥淧rivate鈥濊缃负鈥渇alse鈥濓紝鑰屾病鏈夋簮椤瑰皢鈥淧rivate鈥濊缃负鈥渢rue鈥濄€?
         涓诲紩鐢ㄢ€淪ystem.ComponentModel.TypeConverter, Version=8.0.0.0, Culture=neutral, PublicKeyToken=b03f5f7f11d50a3a鈥濄€?
             瑙ｆ瀽鐨勬枃浠惰矾寰勪负鈥淐:\Program Files\dotnet\packs\Microsoft.NETCore.App.Ref\8.0.15\ref\net8.0\System.ComponentModel.TypeConverter.dll鈥濄€?
             鍦ㄦ悳绱㈣矾寰勪綅缃€渰RawFileName}鈥濇壘鍒板紩鐢ㄣ€?
             姝ゅ紩鐢ㄤ笉鏄€淐opyLocal鈥濓紝鍥犱负鑷冲皯鏈変竴涓簮椤瑰皢鈥淧rivate鈥濊缃负鈥渇alse鈥濓紝鑰屾病鏈夋簮椤瑰皢鈥淧rivate鈥濊缃负鈥渢rue鈥濄€?
         涓诲紩鐢ㄢ€淪ystem.ComponentModel, Version=8.0.0.0, Culture=neutral, PublicKeyToken=b03f5f7f11d50a3a鈥濄€?
             瑙ｆ瀽鐨勬枃浠惰矾寰勪负鈥淐:\Program Files\dotnet\packs\Microsoft.NETCore.App.Ref\8.0.15\ref\net8.0\System.ComponentModel.dll鈥濄€?
             鍦ㄦ悳绱㈣矾寰勪綅缃€渰RawFileName}鈥濇壘鍒板紩鐢ㄣ€?
             姝ゅ紩鐢ㄤ笉鏄€淐opyLocal鈥濓紝鍥犱负鑷冲皯鏈変竴涓簮椤瑰皢鈥淧rivate鈥濊缃负鈥渇alse鈥濓紝鑰屾病鏈夋簮椤瑰皢鈥淧rivate鈥濊缃负鈥渢rue鈥濄€?
         涓诲紩鐢ㄢ€淪ystem.Configuration, Version=4.0.0.0, Culture=neutral, PublicKeyToken=b03f5f7f11d50a3a鈥濄€?
             瑙ｆ瀽鐨勬枃浠惰矾寰勪负鈥淐:\Program Files\dotnet\packs\Microsoft.NETCore.App.Ref\8.0.15\ref\net8.0\System.Configuration.dll鈥濄€?
             鍦ㄦ悳绱㈣矾寰勪綅缃€渰RawFileName}鈥濇壘鍒板紩鐢ㄣ€?
             姝ゅ紩鐢ㄤ笉鏄€淐opyLocal鈥濓紝鍥犱负鑷冲皯鏈変竴涓簮椤瑰皢鈥淧rivate鈥濊缃负鈥渇alse鈥濓紝鑰屾病鏈夋簮椤瑰皢鈥淧rivate鈥濊缃负鈥渢rue鈥濄€?
         涓诲紩鐢ㄢ€淪ystem.Console, Version=8.0.0.0, Culture=neutral, PublicKeyToken=b03f5f7f11d50a3a鈥濄€?
             瑙ｆ瀽鐨勬枃浠惰矾寰勪负鈥淐:\Program Files\dotnet\packs\Microsoft.NETCore.App.Ref\8.0.15\ref\net8.0\System.Console.dll鈥濄€?
             鍦ㄦ悳绱㈣矾寰勪綅缃€渰RawFileName}鈥濇壘鍒板紩鐢ㄣ€?
             姝ゅ紩鐢ㄤ笉鏄€淐opyLocal鈥濓紝鍥犱负鑷冲皯鏈変竴涓簮椤瑰皢鈥淧rivate鈥濊缃负鈥渇alse鈥濓紝鑰屾病鏈夋簮椤瑰皢鈥淧rivate鈥濊缃负鈥渢rue鈥濄€?
         涓诲紩鐢ㄢ€淪ystem.Core, Version=4.0.0.0, Culture=neutral, PublicKeyToken=b77a5c561934e089鈥濄€?
             瑙ｆ瀽鐨勬枃浠惰矾寰勪负鈥淐:\Program Files\dotnet\packs\Microsoft.NETCore.App.Ref\8.0.15\ref\net8.0\System.Core.dll鈥濄€?
             鍦ㄦ悳绱㈣矾寰勪綅缃€渰RawFileName}鈥濇壘鍒板紩鐢ㄣ€?
             姝ゅ紩鐢ㄤ笉鏄€淐opyLocal鈥濓紝鍥犱负鑷冲皯鏈変竴涓簮椤瑰皢鈥淧rivate鈥濊缃负鈥渇alse鈥濓紝鑰屾病鏈夋簮椤瑰皢鈥淧rivate鈥濊缃负鈥渢rue鈥濄€?
         涓诲紩鐢ㄢ€淪ystem.Data.Common, Version=8.0.0.0, Culture=neutral, PublicKeyToken=b03f5f7f11d50a3a鈥濄€?
             瑙ｆ瀽鐨勬枃浠惰矾寰勪负鈥淐:\Program Files\dotnet\packs\Microsoft.NETCore.App.Ref\8.0.15\ref\net8.0\System.Data.Common.dll鈥濄€?
             鍦ㄦ悳绱㈣矾寰勪綅缃€渰RawFileName}鈥濇壘鍒板紩鐢ㄣ€?
             姝ゅ紩鐢ㄤ笉鏄€淐opyLocal鈥濓紝鍥犱负鑷冲皯鏈変竴涓簮椤瑰皢鈥淧rivate鈥濊缃负鈥渇alse鈥濓紝鑰屾病鏈夋簮椤瑰皢鈥淧rivate鈥濊缃负鈥渢rue鈥濄€?
         涓诲紩鐢ㄢ€淪ystem.Data.DataSetExtensions, Version=8.0.0.0, Culture=neutral, PublicKeyToken=b77a5c561934e089鈥濄€?
             瑙ｆ瀽鐨勬枃浠惰矾寰勪负鈥淐:\Program Files\dotnet\packs\Microsoft.NETCore.App.Ref\8.0.15\ref\net8.0\System.Data.DataSetExtensions.dll鈥濄€?
             鍦ㄦ悳绱㈣矾寰勪綅缃€渰RawFileName}鈥濇壘鍒板紩鐢ㄣ€?
             姝ゅ紩鐢ㄤ笉鏄€淐opyLocal鈥濓紝鍥犱负鑷冲皯鏈変竴涓簮椤瑰皢鈥淧rivate鈥濊缃负鈥渇alse鈥濓紝鑰屾病鏈夋簮椤瑰皢鈥淧rivate鈥濊缃负鈥渢rue鈥濄€?
         涓诲紩鐢ㄢ€淪ystem.Data, Version=4.0.0.0, Culture=neutral, PublicKeyToken=b77a5c561934e089鈥濄€?
             瑙ｆ瀽鐨勬枃浠惰矾寰勪负鈥淐:\Program Files\dotnet\packs\Microsoft.NETCore.App.Ref\8.0.15\ref\net8.0\System.Data.dll鈥濄€?
             鍦ㄦ悳绱㈣矾寰勪綅缃€渰RawFileName}鈥濇壘鍒板紩鐢ㄣ€?
             姝ゅ紩鐢ㄤ笉鏄€淐opyLocal鈥濓紝鍥犱负鑷冲皯鏈変竴涓簮椤瑰皢鈥淧rivate鈥濊缃负鈥渇alse鈥濓紝鑰屾病鏈夋簮椤瑰皢鈥淧rivate鈥濊缃负鈥渢rue鈥濄€?
         涓诲紩鐢ㄢ€淪ystem.Diagnostics.Contracts, Version=8.0.0.0, Culture=neutral, PublicKeyToken=b03f5f7f11d50a3a鈥濄€?
             瑙ｆ瀽鐨勬枃浠惰矾寰勪负鈥淐:\Program Files\dotnet\packs\Microsoft.NETCore.App.Ref\8.0.15\ref\net8.0\System.Diagnostics.Contracts.dll鈥濄€?
             鍦ㄦ悳绱㈣矾寰勪綅缃€渰RawFileName}鈥濇壘鍒板紩鐢ㄣ€?
             姝ゅ紩鐢ㄤ笉鏄€淐opyLocal鈥濓紝鍥犱负鑷冲皯鏈変竴涓簮椤瑰皢鈥淧rivate鈥濊缃负鈥渇alse鈥濓紝鑰屾病鏈夋簮椤瑰皢鈥淧rivate鈥濊缃负鈥渢rue鈥濄€?
         涓诲紩鐢ㄢ€淪ystem.Diagnostics.Debug, Version=8.0.0.0, Culture=neutral, PublicKeyToken=b03f5f7f11d50a3a鈥濄€?
             瑙ｆ瀽鐨勬枃浠惰矾寰勪负鈥淐:\Program Files\dotnet\packs\Microsoft.NETCore.App.Ref\8.0.15\ref\net8.0\System.Diagnostics.Debug.dll鈥濄€?
             鍦ㄦ悳绱㈣矾寰勪綅缃€渰RawFileName}鈥濇壘鍒板紩鐢ㄣ€?
             姝ゅ紩鐢ㄤ笉鏄€淐opyLocal鈥濓紝鍥犱负鑷冲皯鏈変竴涓簮椤瑰皢鈥淧rivate鈥濊缃负鈥渇alse鈥濓紝鑰屾病鏈夋簮椤瑰皢鈥淧rivate鈥濊缃负鈥渢rue鈥濄€?
         涓诲紩鐢ㄢ€淪ystem.Diagnostics.DiagnosticSource, Version=8.0.0.0, Culture=neutral, PublicKeyToken=cc7b13ffcd2ddd51鈥濄€?
             瑙ｆ瀽鐨勬枃浠惰矾寰勪负鈥淐:\Program Files\dotnet\packs\Microsoft.NETCore.App.Ref\8.0.15\ref\net8.0\System.Diagnostics.DiagnosticSource.dll鈥濄€?
             鍦ㄦ悳绱㈣矾寰勪綅缃€渰RawFileName}鈥濇壘鍒板紩鐢ㄣ€?
             姝ゅ紩鐢ㄤ笉鏄€淐opyLocal鈥濓紝鍥犱负鑷冲皯鏈変竴涓簮椤瑰皢鈥淧rivate鈥濊缃负鈥渇alse鈥濓紝鑰屾病鏈夋簮椤瑰皢鈥淧rivate鈥濊缃负鈥渢rue鈥濄€?
         涓诲紩鐢ㄢ€淪ystem.Diagnostics.FileVersionInfo, Version=8.0.0.0, Culture=neutral, PublicKeyToken=b03f5f7f11d50a3a鈥濄€?
             瑙ｆ瀽鐨勬枃浠惰矾寰勪负鈥淐:\Program Files\dotnet\packs\Microsoft.NETCore.App.Ref\8.0.15\ref\net8.0\System.Diagnostics.FileVersionInfo.dll鈥濄€?
             鍦ㄦ悳绱㈣矾寰勪綅缃€渰RawFileName}鈥濇壘鍒板紩鐢ㄣ€?
             姝ゅ紩鐢ㄤ笉鏄€淐opyLocal鈥濓紝鍥犱负鑷冲皯鏈変竴涓簮椤瑰皢鈥淧rivate鈥濊缃负鈥渇alse鈥濓紝鑰屾病鏈夋簮椤瑰皢鈥淧rivate鈥濊缃负鈥渢rue鈥濄€?
         涓诲紩鐢ㄢ€淪ystem.Diagnostics.Process, Version=8.0.0.0, Culture=neutral, PublicKeyToken=b03f5f7f11d50a3a鈥濄€?
             瑙ｆ瀽鐨勬枃浠惰矾寰勪负鈥淐:\Program Files\dotnet\packs\Microsoft.NETCore.App.Ref\8.0.15\ref\net8.0\System.Diagnostics.Process.dll鈥濄€?
             鍦ㄦ悳绱㈣矾寰勪綅缃€渰RawFileName}鈥濇壘鍒板紩鐢ㄣ€?
             姝ゅ紩鐢ㄤ笉鏄€淐opyLocal鈥濓紝鍥犱负鑷冲皯鏈変竴涓簮椤瑰皢鈥淧rivate鈥濊缃负鈥渇alse鈥濓紝鑰屾病鏈夋簮椤瑰皢鈥淧rivate鈥濊缃负鈥渢rue鈥濄€?
         涓诲紩鐢ㄢ€淪ystem.Diagnostics.StackTrace, Version=8.0.0.0, Culture=neutral, PublicKeyToken=b03f5f7f11d50a3a鈥濄€?
             瑙ｆ瀽鐨勬枃浠惰矾寰勪负鈥淐:\Program Files\dotnet\packs\Microsoft.NETCore.App.Ref\8.0.15\ref\net8.0\System.Diagnostics.StackTrace.dll鈥濄€?
             鍦ㄦ悳绱㈣矾寰勪綅缃€渰RawFileName}鈥濇壘鍒板紩鐢ㄣ€?
             姝ゅ紩鐢ㄤ笉鏄€淐opyLocal鈥濓紝鍥犱负鑷冲皯鏈変竴涓簮椤瑰皢鈥淧rivate鈥濊缃负鈥渇alse鈥濓紝鑰屾病鏈夋簮椤瑰皢鈥淧rivate鈥濊缃负鈥渢rue鈥濄€?
         涓诲紩鐢ㄢ€淪ystem.Diagnostics.TextWriterTraceListener, Version=8.0.0.0, Culture=neutral, PublicKeyToken=b03f5f7f11d50a3a鈥濄€?
             瑙ｆ瀽鐨勬枃浠惰矾寰勪负鈥淐:\Program Files\dotnet\packs\Microsoft.NETCore.App.Ref\8.0.15\ref\net8.0\System.Diagnostics.TextWriterTraceListener.dll鈥濄€?
             鍦ㄦ悳绱㈣矾寰勪綅缃€渰RawFileName}鈥濇壘鍒板紩鐢ㄣ€?
             姝ゅ紩鐢ㄤ笉鏄€淐opyLocal鈥濓紝鍥犱负鑷冲皯鏈変竴涓簮椤瑰皢鈥淧rivate鈥濊缃负鈥渇alse鈥濓紝鑰屾病鏈夋簮椤瑰皢鈥淧rivate鈥濊缃负鈥渢rue鈥濄€?
         涓诲紩鐢ㄢ€淪ystem.Diagnostics.Tools, Version=8.0.0.0, Culture=neutral, PublicKeyToken=b03f5f7f11d50a3a鈥濄€?
             瑙ｆ瀽鐨勬枃浠惰矾寰勪负鈥淐:\Program Files\dotnet\packs\Microsoft.NETCore.App.Ref\8.0.15\ref\net8.0\System.Diagnostics.Tools.dll鈥濄€?
             鍦ㄦ悳绱㈣矾寰勪綅缃€渰RawFileName}鈥濇壘鍒板紩鐢ㄣ€?
             姝ゅ紩鐢ㄤ笉鏄€淐opyLocal鈥濓紝鍥犱负鑷冲皯鏈変竴涓簮椤瑰皢鈥淧rivate鈥濊缃负鈥渇alse鈥濓紝鑰屾病鏈夋簮椤瑰皢鈥淧rivate鈥濊缃负鈥渢rue鈥濄€?
         涓诲紩鐢ㄢ€淪ystem.Diagnostics.TraceSource, Version=8.0.0.0, Culture=neutral, PublicKeyToken=b03f5f7f11d50a3a鈥濄€?
             瑙ｆ瀽鐨勬枃浠惰矾寰勪负鈥淐:\Program Files\dotnet\packs\Microsoft.NETCore.App.Ref\8.0.15\ref\net8.0\System.Diagnostics.TraceSource.dll鈥濄€?
             鍦ㄦ悳绱㈣矾寰勪綅缃€渰RawFileName}鈥濇壘鍒板紩鐢ㄣ€?
             姝ゅ紩鐢ㄤ笉鏄€淐opyLocal鈥濓紝鍥犱负鑷冲皯鏈変竴涓簮椤瑰皢鈥淧rivate鈥濊缃负鈥渇alse鈥濓紝鑰屾病鏈夋簮椤瑰皢鈥淧rivate鈥濊缃负鈥渢rue鈥濄€?
         涓诲紩鐢ㄢ€淪ystem.Diagnostics.Tracing, Version=8.0.0.0, Culture=neutral, PublicKeyToken=b03f5f7f11d50a3a鈥濄€?
             瑙ｆ瀽鐨勬枃浠惰矾寰勪负鈥淐:\Program Files\dotnet\packs\Microsoft.NETCore.App.Ref\8.0.15\ref\net8.0\System.Diagnostics.Tracing.dll鈥濄€?
             鍦ㄦ悳绱㈣矾寰勪綅缃€渰RawFileName}鈥濇壘鍒板紩鐢ㄣ€?
             姝ゅ紩鐢ㄤ笉鏄€淐opyLocal鈥濓紝鍥犱负鑷冲皯鏈変竴涓簮椤瑰皢鈥淧rivate鈥濊缃负鈥渇alse鈥濓紝鑰屾病鏈夋簮椤瑰皢鈥淧rivate鈥濊缃负鈥渢rue鈥濄€?
         涓诲紩鐢ㄢ€淪ystem.Drawing.Primitives, Version=8.0.0.0, Culture=neutral, PublicKeyToken=b03f5f7f11d50a3a鈥濄€?
             瑙ｆ瀽鐨勬枃浠惰矾寰勪负鈥淐:\Program Files\dotnet\packs\Microsoft.NETCore.App.Ref\8.0.15\ref\net8.0\System.Drawing.Primitives.dll鈥濄€?
             鍦ㄦ悳绱㈣矾寰勪綅缃€渰RawFileName}鈥濇壘鍒板紩鐢ㄣ€?
             姝ゅ紩鐢ㄤ笉鏄€淐opyLocal鈥濓紝鍥犱负鑷冲皯鏈変竴涓簮椤瑰皢鈥淧rivate鈥濊缃负鈥渇alse鈥濓紝鑰屾病鏈夋簮椤瑰皢鈥淧rivate鈥濊缃负鈥渢rue鈥濄€?
         涓诲紩鐢ㄢ€淪ystem.Drawing, Version=4.0.0.0, Culture=neutral, PublicKeyToken=b03f5f7f11d50a3a鈥濄€?
             瑙ｆ瀽鐨勬枃浠惰矾寰勪负鈥淐:\Program Files\dotnet\packs\Microsoft.NETCore.App.Ref\8.0.15\ref\net8.0\System.Drawing.dll鈥濄€?
             鍦ㄦ悳绱㈣矾寰勪綅缃€渰RawFileName}鈥濇壘鍒板紩鐢ㄣ€?
             姝ゅ紩鐢ㄤ笉鏄€淐opyLocal鈥濓紝鍥犱负鑷冲皯鏈変竴涓簮椤瑰皢鈥淧rivate鈥濊缃负鈥渇alse鈥濓紝鑰屾病鏈夋簮椤瑰皢鈥淧rivate鈥濊缃负鈥渢rue鈥濄€?
         涓诲紩鐢ㄢ€淪ystem.Dynamic.Runtime, Version=8.0.0.0, Culture=neutral, PublicKeyToken=b03f5f7f11d50a3a鈥濄€?
             瑙ｆ瀽鐨勬枃浠惰矾寰勪负鈥淐:\Program Files\dotnet\packs\Microsoft.NETCore.App.Ref\8.0.15\ref\net8.0\System.Dynamic.Runtime.dll鈥濄€?
             鍦ㄦ悳绱㈣矾寰勪綅缃€渰RawFileName}鈥濇壘鍒板紩鐢ㄣ€?
             姝ゅ紩鐢ㄤ笉鏄€淐opyLocal鈥濓紝鍥犱负鑷冲皯鏈変竴涓簮椤瑰皢鈥淧rivate鈥濊缃负鈥渇alse鈥濓紝鑰屾病鏈夋簮椤瑰皢鈥淧rivate鈥濊缃负鈥渢rue鈥濄€?
         涓诲紩鐢ㄢ€淪ystem.Formats.Asn1, Version=8.0.0.0, Culture=neutral, PublicKeyToken=cc7b13ffcd2ddd51鈥濄€?
             瑙ｆ瀽鐨勬枃浠惰矾寰勪负鈥淐:\Program Files\dotnet\packs\Microsoft.NETCore.App.Ref\8.0.15\ref\net8.0\System.Formats.Asn1.dll鈥濄€?
             鍦ㄦ悳绱㈣矾寰勪綅缃€渰RawFileName}鈥濇壘鍒板紩鐢ㄣ€?
             姝ゅ紩鐢ㄤ笉鏄€淐opyLocal鈥濓紝鍥犱负鑷冲皯鏈変竴涓簮椤瑰皢鈥淧rivate鈥濊缃负鈥渇alse鈥濓紝鑰屾病鏈夋簮椤瑰皢鈥淧rivate鈥濊缃负鈥渢rue鈥濄€?
         涓诲紩鐢ㄢ€淪ystem.Formats.Tar, Version=8.0.0.0, Culture=neutral, PublicKeyToken=cc7b13ffcd2ddd51鈥濄€?
             瑙ｆ瀽鐨勬枃浠惰矾寰勪负鈥淐:\Program Files\dotnet\packs\Microsoft.NETCore.App.Ref\8.0.15\ref\net8.0\System.Formats.Tar.dll鈥濄€?
             鍦ㄦ悳绱㈣矾寰勪綅缃€渰RawFileName}鈥濇壘鍒板紩鐢ㄣ€?
             姝ゅ紩鐢ㄤ笉鏄€淐opyLocal鈥濓紝鍥犱负鑷冲皯鏈変竴涓簮椤瑰皢鈥淧rivate鈥濊缃负鈥渇alse鈥濓紝鑰屾病鏈夋簮椤瑰皢鈥淧rivate鈥濊缃负鈥渢rue鈥濄€?
         涓诲紩鐢ㄢ€淪ystem.Globalization.Calendars, Version=8.0.0.0, Culture=neutral, PublicKeyToken=b03f5f7f11d50a3a鈥濄€?
             瑙ｆ瀽鐨勬枃浠惰矾寰勪负鈥淐:\Program Files\dotnet\packs\Microsoft.NETCore.App.Ref\8.0.15\ref\net8.0\System.Globalization.Calendars.dll鈥濄€?
             鍦ㄦ悳绱㈣矾寰勪綅缃€渰RawFileName}鈥濇壘鍒板紩鐢ㄣ€?
             姝ゅ紩鐢ㄤ笉鏄€淐opyLocal鈥濓紝鍥犱负鑷冲皯鏈変竴涓簮椤瑰皢鈥淧rivate鈥濊缃负鈥渇alse鈥濓紝鑰屾病鏈夋簮椤瑰皢鈥淧rivate鈥濊缃负鈥渢rue鈥濄€?
         涓诲紩鐢ㄢ€淪ystem.Globalization.Extensions, Version=8.0.0.0, Culture=neutral, PublicKeyToken=b03f5f7f11d50a3a鈥濄€?
             瑙ｆ瀽鐨勬枃浠惰矾寰勪负鈥淐:\Program Files\dotnet\packs\Microsoft.NETCore.App.Ref\8.0.15\ref\net8.0\System.Globalization.Extensions.dll鈥濄€?
             鍦ㄦ悳绱㈣矾寰勪綅缃€渰RawFileName}鈥濇壘鍒板紩鐢ㄣ€?
             姝ゅ紩鐢ㄤ笉鏄€淐opyLocal鈥濓紝鍥犱负鑷冲皯鏈変竴涓簮椤瑰皢鈥淧rivate鈥濊缃负鈥渇alse鈥濓紝鑰屾病鏈夋簮椤瑰皢鈥淧rivate鈥濊缃负鈥渢rue鈥濄€?
         涓诲紩鐢ㄢ€淪ystem.Globalization, Version=8.0.0.0, Culture=neutral, PublicKeyToken=b03f5f7f11d50a3a鈥濄€?
             瑙ｆ瀽鐨勬枃浠惰矾寰勪负鈥淐:\Program Files\dotnet\packs\Microsoft.NETCore.App.Ref\8.0.15\ref\net8.0\System.Globalization.dll鈥濄€?
             鍦ㄦ悳绱㈣矾寰勪綅缃€渰RawFileName}鈥濇壘鍒板紩鐢ㄣ€?
             姝ゅ紩鐢ㄤ笉鏄€淐opyLocal鈥濓紝鍥犱负鑷冲皯鏈変竴涓簮椤瑰皢鈥淧rivate鈥濊缃负鈥渇alse鈥濓紝鑰屾病鏈夋簮椤瑰皢鈥淧rivate鈥濊缃负鈥渢rue鈥濄€?
         涓诲紩鐢ㄢ€淪ystem.IO.Compression.Brotli, Version=8.0.0.0, Culture=neutral, PublicKeyToken=b77a5c561934e089鈥濄€?
             瑙ｆ瀽鐨勬枃浠惰矾寰勪负鈥淐:\Program Files\dotnet\packs\Microsoft.NETCore.App.Ref\8.0.15\ref\net8.0\System.IO.Compression.Brotli.dll鈥濄€?
             鍦ㄦ悳绱㈣矾寰勪綅缃€渰RawFileName}鈥濇壘鍒板紩鐢ㄣ€?
             姝ゅ紩鐢ㄤ笉鏄€淐opyLocal鈥濓紝鍥犱负鑷冲皯鏈変竴涓簮椤瑰皢鈥淧rivate鈥濊缃负鈥渇alse鈥濓紝鑰屾病鏈夋簮椤瑰皢鈥淧rivate鈥濊缃负鈥渢rue鈥濄€?
         涓诲紩鐢ㄢ€淪ystem.IO.Compression.FileSystem, Version=4.0.0.0, Culture=neutral, PublicKeyToken=b77a5c561934e089鈥濄€?
             瑙ｆ瀽鐨勬枃浠惰矾寰勪负鈥淐:\Program Files\dotnet\packs\Microsoft.NETCore.App.Ref\8.0.15\ref\net8.0\System.IO.Compression.FileSystem.dll鈥濄€?
             鍦ㄦ悳绱㈣矾寰勪綅缃€渰RawFileName}鈥濇壘鍒板紩鐢ㄣ€?
             姝ゅ紩鐢ㄤ笉鏄€淐opyLocal鈥濓紝鍥犱负鑷冲皯鏈変竴涓簮椤瑰皢鈥淧rivate鈥濊缃负鈥渇alse鈥濓紝鑰屾病鏈夋簮椤瑰皢鈥淧rivate鈥濊缃负鈥渢rue鈥濄€?
         涓诲紩鐢ㄢ€淪ystem.IO.Compression.ZipFile, Version=8.0.0.0, Culture=neutral, PublicKeyToken=b77a5c561934e089鈥濄€?
             瑙ｆ瀽鐨勬枃浠惰矾寰勪负鈥淐:\Program Files\dotnet\packs\Microsoft.NETCore.App.Ref\8.0.15\ref\net8.0\System.IO.Compression.ZipFile.dll鈥濄€?
             鍦ㄦ悳绱㈣矾寰勪綅缃€渰RawFileName}鈥濇壘鍒板紩鐢ㄣ€?
             姝ゅ紩鐢ㄤ笉鏄€淐opyLocal鈥濓紝鍥犱负鑷冲皯鏈変竴涓簮椤瑰皢鈥淧rivate鈥濊缃负鈥渇alse鈥濓紝鑰屾病鏈夋簮椤瑰皢鈥淧rivate鈥濊缃负鈥渢rue鈥濄€?
         涓诲紩鐢ㄢ€淪ystem.IO.Compression, Version=8.0.0.0, Culture=neutral, PublicKeyToken=b77a5c561934e089鈥濄€?
             瑙ｆ瀽鐨勬枃浠惰矾寰勪负鈥淐:\Program Files\dotnet\packs\Microsoft.NETCore.App.Ref\8.0.15\ref\net8.0\System.IO.Compression.dll鈥濄€?
             鍦ㄦ悳绱㈣矾寰勪綅缃€渰RawFileName}鈥濇壘鍒板紩鐢ㄣ€?
             姝ゅ紩鐢ㄤ笉鏄€淐opyLocal鈥濓紝鍥犱负鑷冲皯鏈変竴涓簮椤瑰皢鈥淧rivate鈥濊缃负鈥渇alse鈥濓紝鑰屾病鏈夋簮椤瑰皢鈥淧rivate鈥濊缃负鈥渢rue鈥濄€?
         涓诲紩鐢ㄢ€淪ystem.IO.FileSystem.AccessControl, Version=8.0.0.0, Culture=neutral, PublicKeyToken=b03f5f7f11d50a3a鈥濄€?
             瑙ｆ瀽鐨勬枃浠惰矾寰勪负鈥淐:\Program Files\dotnet\packs\Microsoft.NETCore.App.Ref\8.0.15\ref\net8.0\System.IO.FileSystem.AccessControl.dll鈥濄€?
             鍦ㄦ悳绱㈣矾寰勪綅缃€渰RawFileName}鈥濇壘鍒板紩鐢ㄣ€?
             姝ゅ紩鐢ㄤ笉鏄€淐opyLocal鈥濓紝鍥犱负鑷冲皯鏈変竴涓簮椤瑰皢鈥淧rivate鈥濊缃负鈥渇alse鈥濓紝鑰屾病鏈夋簮椤瑰皢鈥淧rivate鈥濊缃负鈥渢rue鈥濄€?
         涓诲紩鐢ㄢ€淪ystem.IO.FileSystem.DriveInfo, Version=8.0.0.0, Culture=neutral, PublicKeyToken=b03f5f7f11d50a3a鈥濄€?
             瑙ｆ瀽鐨勬枃浠惰矾寰勪负鈥淐:\Program Files\dotnet\packs\Microsoft.NETCore.App.Ref\8.0.15\ref\net8.0\System.IO.FileSystem.DriveInfo.dll鈥濄€?
             鍦ㄦ悳绱㈣矾寰勪綅缃€渰RawFileName}鈥濇壘鍒板紩鐢ㄣ€?
             姝ゅ紩鐢ㄤ笉鏄€淐opyLocal鈥濓紝鍥犱负鑷冲皯鏈変竴涓簮椤瑰皢鈥淧rivate鈥濊缃负鈥渇alse鈥濓紝鑰屾病鏈夋簮椤瑰皢鈥淧rivate鈥濊缃负鈥渢rue鈥濄€?
         涓诲紩鐢ㄢ€淪ystem.IO.FileSystem.Primitives, Version=8.0.0.0, Culture=neutral, PublicKeyToken=b03f5f7f11d50a3a鈥濄€?
             瑙ｆ瀽鐨勬枃浠惰矾寰勪负鈥淐:\Program Files\dotnet\packs\Microsoft.NETCore.App.Ref\8.0.15\ref\net8.0\System.IO.FileSystem.Primitives.dll鈥濄€?
             鍦ㄦ悳绱㈣矾寰勪綅缃€渰RawFileName}鈥濇壘鍒板紩鐢ㄣ€?
             姝ゅ紩鐢ㄤ笉鏄€淐opyLocal鈥濓紝鍥犱负鑷冲皯鏈変竴涓簮椤瑰皢鈥淧rivate鈥濊缃负鈥渇alse鈥濓紝鑰屾病鏈夋簮椤瑰皢鈥淧rivate鈥濊缃负鈥渢rue鈥濄€?
         涓诲紩鐢ㄢ€淪ystem.IO.FileSystem.Watcher, Version=8.0.0.0, Culture=neutral, PublicKeyToken=b03f5f7f11d50a3a鈥濄€?
             瑙ｆ瀽鐨勬枃浠惰矾寰勪负鈥淐:\Program Files\dotnet\packs\Microsoft.NETCore.App.Ref\8.0.15\ref\net8.0\System.IO.FileSystem.Watcher.dll鈥濄€?
             鍦ㄦ悳绱㈣矾寰勪綅缃€渰RawFileName}鈥濇壘鍒板紩鐢ㄣ€?
             姝ゅ紩鐢ㄤ笉鏄€淐opyLocal鈥濓紝鍥犱负鑷冲皯鏈変竴涓簮椤瑰皢鈥淧rivate鈥濊缃负鈥渇alse鈥濓紝鑰屾病鏈夋簮椤瑰皢鈥淧rivate鈥濊缃负鈥渢rue鈥濄€?
         涓诲紩鐢ㄢ€淪ystem.IO.FileSystem, Version=8.0.0.0, Culture=neutral, PublicKeyToken=b03f5f7f11d50a3a鈥濄€?
             瑙ｆ瀽鐨勬枃浠惰矾寰勪负鈥淐:\Program Files\dotnet\packs\Microsoft.NETCore.App.Ref\8.0.15\ref\net8.0\System.IO.FileSystem.dll鈥濄€?
             鍦ㄦ悳绱㈣矾寰勪綅缃€渰RawFileName}鈥濇壘鍒板紩鐢ㄣ€?
             姝ゅ紩鐢ㄤ笉鏄€淐opyLocal鈥濓紝鍥犱负鑷冲皯鏈変竴涓簮椤瑰皢鈥淧rivate鈥濊缃负鈥渇alse鈥濓紝鑰屾病鏈夋簮椤瑰皢鈥淧rivate鈥濊缃负鈥渢rue鈥濄€?
         涓诲紩鐢ㄢ€淪ystem.IO.IsolatedStorage, Version=8.0.0.0, Culture=neutral, PublicKeyToken=b03f5f7f11d50a3a鈥濄€?
             瑙ｆ瀽鐨勬枃浠惰矾寰勪负鈥淐:\Program Files\dotnet\packs\Microsoft.NETCore.App.Ref\8.0.15\ref\net8.0\System.IO.IsolatedStorage.dll鈥濄€?
             鍦ㄦ悳绱㈣矾寰勪綅缃€渰RawFileName}鈥濇壘鍒板紩鐢ㄣ€?
             姝ゅ紩鐢ㄤ笉鏄€淐opyLocal鈥濓紝鍥犱负鑷冲皯鏈変竴涓簮椤瑰皢鈥淧rivate鈥濊缃负鈥渇alse鈥濓紝鑰屾病鏈夋簮椤瑰皢鈥淧rivate鈥濊缃负鈥渢rue鈥濄€?
         涓诲紩鐢ㄢ€淪ystem.IO.MemoryMappedFiles, Version=8.0.0.0, Culture=neutral, PublicKeyToken=b03f5f7f11d50a3a鈥濄€?
             瑙ｆ瀽鐨勬枃浠惰矾寰勪负鈥淐:\Program Files\dotnet\packs\Microsoft.NETCore.App.Ref\8.0.15\ref\net8.0\System.IO.MemoryMappedFiles.dll鈥濄€?
             鍦ㄦ悳绱㈣矾寰勪綅缃€渰RawFileName}鈥濇壘鍒板紩鐢ㄣ€?
             姝ゅ紩鐢ㄤ笉鏄€淐opyLocal鈥濓紝鍥犱负鑷冲皯鏈変竴涓簮椤瑰皢鈥淧rivate鈥濊缃负鈥渇alse鈥濓紝鑰屾病鏈夋簮椤瑰皢鈥淧rivate鈥濊缃负鈥渢rue鈥濄€?
         涓诲紩鐢ㄢ€淪ystem.IO.Pipes.AccessControl, Version=8.0.0.0, Culture=neutral, PublicKeyToken=b03f5f7f11d50a3a鈥濄€?
             瑙ｆ瀽鐨勬枃浠惰矾寰勪负鈥淐:\Program Files\dotnet\packs\Microsoft.NETCore.App.Ref\8.0.15\ref\net8.0\System.IO.Pipes.AccessControl.dll鈥濄€?
             鍦ㄦ悳绱㈣矾寰勪綅缃€渰RawFileName}鈥濇壘鍒板紩鐢ㄣ€?
             姝ゅ紩鐢ㄤ笉鏄€淐opyLocal鈥濓紝鍥犱负鑷冲皯鏈変竴涓簮椤瑰皢鈥淧rivate鈥濊缃负鈥渇alse鈥濓紝鑰屾病鏈夋簮椤瑰皢鈥淧rivate鈥濊缃负鈥渢rue鈥濄€?
         涓诲紩鐢ㄢ€淪ystem.IO.Pipes, Version=8.0.0.0, Culture=neutral, PublicKeyToken=b03f5f7f11d50a3a鈥濄€?
             瑙ｆ瀽鐨勬枃浠惰矾寰勪负鈥淐:\Program Files\dotnet\packs\Microsoft.NETCore.App.Ref\8.0.15\ref\net8.0\System.IO.Pipes.dll鈥濄€?
             鍦ㄦ悳绱㈣矾寰勪綅缃€渰RawFileName}鈥濇壘鍒板紩鐢ㄣ€?
             姝ゅ紩鐢ㄤ笉鏄€淐opyLocal鈥濓紝鍥犱负鑷冲皯鏈変竴涓簮椤瑰皢鈥淧rivate鈥濊缃负鈥渇alse鈥濓紝鑰屾病鏈夋簮椤瑰皢鈥淧rivate鈥濊缃负鈥渢rue鈥濄€?
         涓诲紩鐢ㄢ€淪ystem.IO.UnmanagedMemoryStream, Version=8.0.0.0, Culture=neutral, PublicKeyToken=b03f5f7f11d50a3a鈥濄€?
             瑙ｆ瀽鐨勬枃浠惰矾寰勪负鈥淐:\Program Files\dotnet\packs\Microsoft.NETCore.App.Ref\8.0.15\ref\net8.0\System.IO.UnmanagedMemoryStream.dll鈥濄€?
             鍦ㄦ悳绱㈣矾寰勪綅缃€渰RawFileName}鈥濇壘鍒板紩鐢ㄣ€?
             姝ゅ紩鐢ㄤ笉鏄€淐opyLocal鈥濓紝鍥犱负鑷冲皯鏈変竴涓簮椤瑰皢鈥淧rivate鈥濊缃负鈥渇alse鈥濓紝鑰屾病鏈夋簮椤瑰皢鈥淧rivate鈥濊缃负鈥渢rue鈥濄€?
         涓诲紩鐢ㄢ€淪ystem.IO, Version=8.0.0.0, Culture=neutral, PublicKeyToken=b03f5f7f11d50a3a鈥濄€?
             瑙ｆ瀽鐨勬枃浠惰矾寰勪负鈥淐:\Program Files\dotnet\packs\Microsoft.NETCore.App.Ref\8.0.15\ref\net8.0\System.IO.dll鈥濄€?
             鍦ㄦ悳绱㈣矾寰勪綅缃€渰RawFileName}鈥濇壘鍒板紩鐢ㄣ€?
             姝ゅ紩鐢ㄤ笉鏄€淐opyLocal鈥濓紝鍥犱负鑷冲皯鏈変竴涓簮椤瑰皢鈥淧rivate鈥濊缃负鈥渇alse鈥濓紝鑰屾病鏈夋簮椤瑰皢鈥淧rivate鈥濊缃负鈥渢rue鈥濄€?
         涓诲紩鐢ㄢ€淪ystem.Linq.Expressions, Version=8.0.0.0, Culture=neutral, PublicKeyToken=b03f5f7f11d50a3a鈥濄€?
             瑙ｆ瀽鐨勬枃浠惰矾寰勪负鈥淐:\Program Files\dotnet\packs\Microsoft.NETCore.App.Ref\8.0.15\ref\net8.0\System.Linq.Expressions.dll鈥濄€?
             鍦ㄦ悳绱㈣矾寰勪綅缃€渰RawFileName}鈥濇壘鍒板紩鐢ㄣ€?
             姝ゅ紩鐢ㄤ笉鏄€淐opyLocal鈥濓紝鍥犱负鑷冲皯鏈変竴涓簮椤瑰皢鈥淧rivate鈥濊缃负鈥渇alse鈥濓紝鑰屾病鏈夋簮椤瑰皢鈥淧rivate鈥濊缃负鈥渢rue鈥濄€?
         涓诲紩鐢ㄢ€淪ystem.Linq.Parallel, Version=8.0.0.0, Culture=neutral, PublicKeyToken=b03f5f7f11d50a3a鈥濄€?
             瑙ｆ瀽鐨勬枃浠惰矾寰勪负鈥淐:\Program Files\dotnet\packs\Microsoft.NETCore.App.Ref\8.0.15\ref\net8.0\System.Linq.Parallel.dll鈥濄€?
             鍦ㄦ悳绱㈣矾寰勪綅缃€渰RawFileName}鈥濇壘鍒板紩鐢ㄣ€?
             姝ゅ紩鐢ㄤ笉鏄€淐opyLocal鈥濓紝鍥犱负鑷冲皯鏈変竴涓簮椤瑰皢鈥淧rivate鈥濊缃负鈥渇alse鈥濓紝鑰屾病鏈夋簮椤瑰皢鈥淧rivate鈥濊缃负鈥渢rue鈥濄€?
         涓诲紩鐢ㄢ€淪ystem.Linq.Queryable, Version=8.0.0.0, Culture=neutral, PublicKeyToken=b03f5f7f11d50a3a鈥濄€?
             瑙ｆ瀽鐨勬枃浠惰矾寰勪负鈥淐:\Program Files\dotnet\packs\Microsoft.NETCore.App.Ref\8.0.15\ref\net8.0\System.Linq.Queryable.dll鈥濄€?
             鍦ㄦ悳绱㈣矾寰勪綅缃€渰RawFileName}鈥濇壘鍒板紩鐢ㄣ€?
             姝ゅ紩鐢ㄤ笉鏄€淐opyLocal鈥濓紝鍥犱负鑷冲皯鏈変竴涓簮椤瑰皢鈥淧rivate鈥濊缃负鈥渇alse鈥濓紝鑰屾病鏈夋簮椤瑰皢鈥淧rivate鈥濊缃负鈥渢rue鈥濄€?
         涓诲紩鐢ㄢ€淪ystem.Linq, Version=8.0.0.0, Culture=neutral, PublicKeyToken=b03f5f7f11d50a3a鈥濄€?
             瑙ｆ瀽鐨勬枃浠惰矾寰勪负鈥淐:\Program Files\dotnet\packs\Microsoft.NETCore.App.Ref\8.0.15\ref\net8.0\System.Linq.dll鈥濄€?
             鍦ㄦ悳绱㈣矾寰勪綅缃€渰RawFileName}鈥濇壘鍒板紩鐢ㄣ€?
             姝ゅ紩鐢ㄤ笉鏄€淐opyLocal鈥濓紝鍥犱负鑷冲皯鏈変竴涓簮椤瑰皢鈥淧rivate鈥濊缃负鈥渇alse鈥濓紝鑰屾病鏈夋簮椤瑰皢鈥淧rivate鈥濊缃负鈥渢rue鈥濄€?
         涓诲紩鐢ㄢ€淪ystem.Memory, Version=8.0.0.0, Culture=neutral, PublicKeyToken=cc7b13ffcd2ddd51鈥濄€?
             瑙ｆ瀽鐨勬枃浠惰矾寰勪负鈥淐:\Program Files\dotnet\packs\Microsoft.NETCore.App.Ref\8.0.15\ref\net8.0\System.Memory.dll鈥濄€?
             鍦ㄦ悳绱㈣矾寰勪綅缃€渰RawFileName}鈥濇壘鍒板紩鐢ㄣ€?
             姝ゅ紩鐢ㄤ笉鏄€淐opyLocal鈥濓紝鍥犱负鑷冲皯鏈変竴涓簮椤瑰皢鈥淧rivate鈥濊缃负鈥渇alse鈥濓紝鑰屾病鏈夋簮椤瑰皢鈥淧rivate鈥濊缃负鈥渢rue鈥濄€?
         涓诲紩鐢ㄢ€淪ystem.Net.Http.Json, Version=8.0.0.0, Culture=neutral, PublicKeyToken=cc7b13ffcd2ddd51鈥濄€?
             瑙ｆ瀽鐨勬枃浠惰矾寰勪负鈥淐:\Program Files\dotnet\packs\Microsoft.NETCore.App.Ref\8.0.15\ref\net8.0\System.Net.Http.Json.dll鈥濄€?
             鍦ㄦ悳绱㈣矾寰勪綅缃€渰RawFileName}鈥濇壘鍒板紩鐢ㄣ€?
             姝ゅ紩鐢ㄤ笉鏄€淐opyLocal鈥濓紝鍥犱负鑷冲皯鏈変竴涓簮椤瑰皢鈥淧rivate鈥濊缃负鈥渇alse鈥濓紝鑰屾病鏈夋簮椤瑰皢鈥淧rivate鈥濊缃负鈥渢rue鈥濄€?
         涓诲紩鐢ㄢ€淪ystem.Net.Http, Version=8.0.0.0, Culture=neutral, PublicKeyToken=b03f5f7f11d50a3a鈥濄€?
             瑙ｆ瀽鐨勬枃浠惰矾寰勪负鈥淐:\Program Files\dotnet\packs\Microsoft.NETCore.App.Ref\8.0.15\ref\net8.0\System.Net.Http.dll鈥濄€?
             鍦ㄦ悳绱㈣矾寰勪綅缃€渰RawFileName}鈥濇壘鍒板紩鐢ㄣ€?
             姝ゅ紩鐢ㄤ笉鏄€淐opyLocal鈥濓紝鍥犱负鑷冲皯鏈変竴涓簮椤瑰皢鈥淧rivate鈥濊缃负鈥渇alse鈥濓紝鑰屾病鏈夋簮椤瑰皢鈥淧rivate鈥濊缃负鈥渢rue鈥濄€?
         涓诲紩鐢ㄢ€淪ystem.Net.HttpListener, Version=8.0.0.0, Culture=neutral, PublicKeyToken=cc7b13ffcd2ddd51鈥濄€?
             瑙ｆ瀽鐨勬枃浠惰矾寰勪负鈥淐:\Program Files\dotnet\packs\Microsoft.NETCore.App.Ref\8.0.15\ref\net8.0\System.Net.HttpListener.dll鈥濄€?
             鍦ㄦ悳绱㈣矾寰勪綅缃€渰RawFileName}鈥濇壘鍒板紩鐢ㄣ€?
             姝ゅ紩鐢ㄤ笉鏄€淐opyLocal鈥濓紝鍥犱负鑷冲皯鏈変竴涓簮椤瑰皢鈥淧rivate鈥濊缃负鈥渇alse鈥濓紝鑰屾病鏈夋簮椤瑰皢鈥淧rivate鈥濊缃负鈥渢rue鈥濄€?
         涓诲紩鐢ㄢ€淪ystem.Net.Mail, Version=8.0.0.0, Culture=neutral, PublicKeyToken=cc7b13ffcd2ddd51鈥濄€?
             瑙ｆ瀽鐨勬枃浠惰矾寰勪负鈥淐:\Program Files\dotnet\packs\Microsoft.NETCore.App.Ref\8.0.15\ref\net8.0\System.Net.Mail.dll鈥濄€?
             鍦ㄦ悳绱㈣矾寰勪綅缃€渰RawFileName}鈥濇壘鍒板紩鐢ㄣ€?
             姝ゅ紩鐢ㄤ笉鏄€淐opyLocal鈥濓紝鍥犱负鑷冲皯鏈変竴涓簮椤瑰皢鈥淧rivate鈥濊缃负鈥渇alse鈥濓紝鑰屾病鏈夋簮椤瑰皢鈥淧rivate鈥濊缃负鈥渢rue鈥濄€?
         涓诲紩鐢ㄢ€淪ystem.Net.NameResolution, Version=8.0.0.0, Culture=neutral, PublicKeyToken=b03f5f7f11d50a3a鈥濄€?
             瑙ｆ瀽鐨勬枃浠惰矾寰勪负鈥淐:\Program Files\dotnet\packs\Microsoft.NETCore.App.Ref\8.0.15\ref\net8.0\System.Net.NameResolution.dll鈥濄€?
             鍦ㄦ悳绱㈣矾寰勪綅缃€渰RawFileName}鈥濇壘鍒板紩鐢ㄣ€?
             姝ゅ紩鐢ㄤ笉鏄€淐opyLocal鈥濓紝鍥犱负鑷冲皯鏈変竴涓簮椤瑰皢鈥淧rivate鈥濊缃负鈥渇alse鈥濓紝鑰屾病鏈夋簮椤瑰皢鈥淧rivate鈥濊缃负鈥渢rue鈥濄€?
         涓诲紩鐢ㄢ€淪ystem.Net.NetworkInformation, Version=8.0.0.0, Culture=neutral, PublicKeyToken=b03f5f7f11d50a3a鈥濄€?
             瑙ｆ瀽鐨勬枃浠惰矾寰勪负鈥淐:\Program Files\dotnet\packs\Microsoft.NETCore.App.Ref\8.0.15\ref\net8.0\System.Net.NetworkInformation.dll鈥濄€?
             鍦ㄦ悳绱㈣矾寰勪綅缃€渰RawFileName}鈥濇壘鍒板紩鐢ㄣ€?
             姝ゅ紩鐢ㄤ笉鏄€淐opyLocal鈥濓紝鍥犱负鑷冲皯鏈変竴涓簮椤瑰皢鈥淧rivate鈥濊缃负鈥渇alse鈥濓紝鑰屾病鏈夋簮椤瑰皢鈥淧rivate鈥濊缃负鈥渢rue鈥濄€?
         涓诲紩鐢ㄢ€淪ystem.Net.Ping, Version=8.0.0.0, Culture=neutral, PublicKeyToken=b03f5f7f11d50a3a鈥濄€?
             瑙ｆ瀽鐨勬枃浠惰矾寰勪负鈥淐:\Program Files\dotnet\packs\Microsoft.NETCore.App.Ref\8.0.15\ref\net8.0\System.Net.Ping.dll鈥濄€?
             鍦ㄦ悳绱㈣矾寰勪綅缃€渰RawFileName}鈥濇壘鍒板紩鐢ㄣ€?
             姝ゅ紩鐢ㄤ笉鏄€淐opyLocal鈥濓紝鍥犱负鑷冲皯鏈変竴涓簮椤瑰皢鈥淧rivate鈥濊缃负鈥渇alse鈥濓紝鑰屾病鏈夋簮椤瑰皢鈥淧rivate鈥濊缃负鈥渢rue鈥濄€?
         涓诲紩鐢ㄢ€淪ystem.Net.Primitives, Version=8.0.0.0, Culture=neutral, PublicKeyToken=b03f5f7f11d50a3a鈥濄€?
             瑙ｆ瀽鐨勬枃浠惰矾寰勪负鈥淐:\Program Files\dotnet\packs\Microsoft.NETCore.App.Ref\8.0.15\ref\net8.0\System.Net.Primitives.dll鈥濄€?
             鍦ㄦ悳绱㈣矾寰勪綅缃€渰RawFileName}鈥濇壘鍒板紩鐢ㄣ€?
             姝ゅ紩鐢ㄤ笉鏄€淐opyLocal鈥濓紝鍥犱负鑷冲皯鏈変竴涓簮椤瑰皢鈥淧rivate鈥濊缃负鈥渇alse鈥濓紝鑰屾病鏈夋簮椤瑰皢鈥淧rivate鈥濊缃负鈥渢rue鈥濄€?
         涓诲紩鐢ㄢ€淪ystem.Net.Quic, Version=8.0.0.0, Culture=neutral, PublicKeyToken=b03f5f7f11d50a3a鈥濄€?
             瑙ｆ瀽鐨勬枃浠惰矾寰勪负鈥淐:\Program Files\dotnet\packs\Microsoft.NETCore.App.Ref\8.0.15\ref\net8.0\System.Net.Quic.dll鈥濄€?
             鍦ㄦ悳绱㈣矾寰勪綅缃€渰RawFileName}鈥濇壘鍒板紩鐢ㄣ€?
             姝ゅ紩鐢ㄤ笉鏄€淐opyLocal鈥濓紝鍥犱负鑷冲皯鏈変竴涓簮椤瑰皢鈥淧rivate鈥濊缃负鈥渇alse鈥濓紝鑰屾病鏈夋簮椤瑰皢鈥淧rivate鈥濊缃负鈥渢rue鈥濄€?
         涓诲紩鐢ㄢ€淪ystem.Net.Requests, Version=8.0.0.0, Culture=neutral, PublicKeyToken=b03f5f7f11d50a3a鈥濄€?
             瑙ｆ瀽鐨勬枃浠惰矾寰勪负鈥淐:\Program Files\dotnet\packs\Microsoft.NETCore.App.Ref\8.0.15\ref\net8.0\System.Net.Requests.dll鈥濄€?
             鍦ㄦ悳绱㈣矾寰勪綅缃€渰RawFileName}鈥濇壘鍒板紩鐢ㄣ€?
             姝ゅ紩鐢ㄤ笉鏄€淐opyLocal鈥濓紝鍥犱负鑷冲皯鏈変竴涓簮椤瑰皢鈥淧rivate鈥濊缃负鈥渇alse鈥濓紝鑰屾病鏈夋簮椤瑰皢鈥淧rivate鈥濊缃负鈥渢rue鈥濄€?
         涓诲紩鐢ㄢ€淪ystem.Net.Security, Version=8.0.0.0, Culture=neutral, PublicKeyToken=b03f5f7f11d50a3a鈥濄€?
             瑙ｆ瀽鐨勬枃浠惰矾寰勪负鈥淐:\Program Files\dotnet\packs\Microsoft.NETCore.App.Ref\8.0.15\ref\net8.0\System.Net.Security.dll鈥濄€?
             鍦ㄦ悳绱㈣矾寰勪綅缃€渰RawFileName}鈥濇壘鍒板紩鐢ㄣ€?
             姝ゅ紩鐢ㄤ笉鏄€淐opyLocal鈥濓紝鍥犱负鑷冲皯鏈変竴涓簮椤瑰皢鈥淧rivate鈥濊缃负鈥渇alse鈥濓紝鑰屾病鏈夋簮椤瑰皢鈥淧rivate鈥濊缃负鈥渢rue鈥濄€?
         涓诲紩鐢ㄢ€淪ystem.Net.ServicePoint, Version=8.0.0.0, Culture=neutral, PublicKeyToken=cc7b13ffcd2ddd51鈥濄€?
             瑙ｆ瀽鐨勬枃浠惰矾寰勪负鈥淐:\Program Files\dotnet\packs\Microsoft.NETCore.App.Ref\8.0.15\ref\net8.0\System.Net.ServicePoint.dll鈥濄€?
             鍦ㄦ悳绱㈣矾寰勪綅缃€渰RawFileName}鈥濇壘鍒板紩鐢ㄣ€?
             姝ゅ紩鐢ㄤ笉鏄€淐opyLocal鈥濓紝鍥犱负鑷冲皯鏈変竴涓簮椤瑰皢鈥淧rivate鈥濊缃负鈥渇alse鈥濓紝鑰屾病鏈夋簮椤瑰皢鈥淧rivate鈥濊缃负鈥渢rue鈥濄€?
         涓诲紩鐢ㄢ€淪ystem.Net.Sockets, Version=8.0.0.0, Culture=neutral, PublicKeyToken=b03f5f7f11d50a3a鈥濄€?
             瑙ｆ瀽鐨勬枃浠惰矾寰勪负鈥淐:\Program Files\dotnet\packs\Microsoft.NETCore.App.Ref\8.0.15\ref\net8.0\System.Net.Sockets.dll鈥濄€?
             鍦ㄦ悳绱㈣矾寰勪綅缃€渰RawFileName}鈥濇壘鍒板紩鐢ㄣ€?
             姝ゅ紩鐢ㄤ笉鏄€淐opyLocal鈥濓紝鍥犱负鑷冲皯鏈変竴涓簮椤瑰皢鈥淧rivate鈥濊缃负鈥渇alse鈥濓紝鑰屾病鏈夋簮椤瑰皢鈥淧rivate鈥濊缃负鈥渢rue鈥濄€?
         涓诲紩鐢ㄢ€淪ystem.Net.WebClient, Version=8.0.0.0, Culture=neutral, PublicKeyToken=cc7b13ffcd2ddd51鈥濄€?
             瑙ｆ瀽鐨勬枃浠惰矾寰勪负鈥淐:\Program Files\dotnet\packs\Microsoft.NETCore.App.Ref\8.0.15\ref\net8.0\System.Net.WebClient.dll鈥濄€?
             鍦ㄦ悳绱㈣矾寰勪綅缃€渰RawFileName}鈥濇壘鍒板紩鐢ㄣ€?
             姝ゅ紩鐢ㄤ笉鏄€淐opyLocal鈥濓紝鍥犱负鑷冲皯鏈変竴涓簮椤瑰皢鈥淧rivate鈥濊缃负鈥渇alse鈥濓紝鑰屾病鏈夋簮椤瑰皢鈥淧rivate鈥濊缃负鈥渢rue鈥濄€?
         涓诲紩鐢ㄢ€淪ystem.Net.WebHeaderCollection, Version=8.0.0.0, Culture=neutral, PublicKeyToken=b03f5f7f11d50a3a鈥濄€?
             瑙ｆ瀽鐨勬枃浠惰矾寰勪负鈥淐:\Program Files\dotnet\packs\Microsoft.NETCore.App.Ref\8.0.15\ref\net8.0\System.Net.WebHeaderCollection.dll鈥濄€?
             鍦ㄦ悳绱㈣矾寰勪綅缃€渰RawFileName}鈥濇壘鍒板紩鐢ㄣ€?
             姝ゅ紩鐢ㄤ笉鏄€淐opyLocal鈥濓紝鍥犱负鑷冲皯鏈変竴涓簮椤瑰皢鈥淧rivate鈥濊缃负鈥渇alse鈥濓紝鑰屾病鏈夋簮椤瑰皢鈥淧rivate鈥濊缃负鈥渢rue鈥濄€?
         涓诲紩鐢ㄢ€淪ystem.Net.WebProxy, Version=8.0.0.0, Culture=neutral, PublicKeyToken=cc7b13ffcd2ddd51鈥濄€?
             瑙ｆ瀽鐨勬枃浠惰矾寰勪负鈥淐:\Program Files\dotnet\packs\Microsoft.NETCore.App.Ref\8.0.15\ref\net8.0\System.Net.WebProxy.dll鈥濄€?
             鍦ㄦ悳绱㈣矾寰勪綅缃€渰RawFileName}鈥濇壘鍒板紩鐢ㄣ€?
             姝ゅ紩鐢ㄤ笉鏄€淐opyLocal鈥濓紝鍥犱负鑷冲皯鏈変竴涓簮椤瑰皢鈥淧rivate鈥濊缃负鈥渇alse鈥濓紝鑰屾病鏈夋簮椤瑰皢鈥淧rivate鈥濊缃负鈥渢rue鈥濄€?
         涓诲紩鐢ㄢ€淪ystem.Net.WebSockets.Client, Version=8.0.0.0, Culture=neutral, PublicKeyToken=b03f5f7f11d50a3a鈥濄€?
             瑙ｆ瀽鐨勬枃浠惰矾寰勪负鈥淐:\Program Files\dotnet\packs\Microsoft.NETCore.App.Ref\8.0.15\ref\net8.0\System.Net.WebSockets.Client.dll鈥濄€?
             鍦ㄦ悳绱㈣矾寰勪綅缃€渰RawFileName}鈥濇壘鍒板紩鐢ㄣ€?
             姝ゅ紩鐢ㄤ笉鏄€淐opyLocal鈥濓紝鍥犱负鑷冲皯鏈変竴涓簮椤瑰皢鈥淧rivate鈥濊缃负鈥渇alse鈥濓紝鑰屾病鏈夋簮椤瑰皢鈥淧rivate鈥濊缃负鈥渢rue鈥濄€?
         涓诲紩鐢ㄢ€淪ystem.Net.WebSockets, Version=8.0.0.0, Culture=neutral, PublicKeyToken=b03f5f7f11d50a3a鈥濄€?
             瑙ｆ瀽鐨勬枃浠惰矾寰勪负鈥淐:\Program Files\dotnet\packs\Microsoft.NETCore.App.Ref\8.0.15\ref\net8.0\System.Net.WebSockets.dll鈥濄€?
             鍦ㄦ悳绱㈣矾寰勪綅缃€渰RawFileName}鈥濇壘鍒板紩鐢ㄣ€?
             姝ゅ紩鐢ㄤ笉鏄€淐opyLocal鈥濓紝鍥犱负鑷冲皯鏈変竴涓簮椤瑰皢鈥淧rivate鈥濊缃负鈥渇alse鈥濓紝鑰屾病鏈夋簮椤瑰皢鈥淧rivate鈥濊缃负鈥渢rue鈥濄€?
         涓诲紩鐢ㄢ€淪ystem.Net, Version=4.0.0.0, Culture=neutral, PublicKeyToken=b03f5f7f11d50a3a鈥濄€?
             瑙ｆ瀽鐨勬枃浠惰矾寰勪负鈥淐:\Program Files\dotnet\packs\Microsoft.NETCore.App.Ref\8.0.15\ref\net8.0\System.Net.dll鈥濄€?
             鍦ㄦ悳绱㈣矾寰勪綅缃€渰RawFileName}鈥濇壘鍒板紩鐢ㄣ€?
             姝ゅ紩鐢ㄤ笉鏄€淐opyLocal鈥濓紝鍥犱负鑷冲皯鏈変竴涓簮椤瑰皢鈥淧rivate鈥濊缃负鈥渇alse鈥濓紝鑰屾病鏈夋簮椤瑰皢鈥淧rivate鈥濊缃负鈥渢rue鈥濄€?
         涓诲紩鐢ㄢ€淪ystem.Numerics.Vectors, Version=8.0.0.0, Culture=neutral, PublicKeyToken=b03f5f7f11d50a3a鈥濄€?
             瑙ｆ瀽鐨勬枃浠惰矾寰勪负鈥淐:\Program Files\dotnet\packs\Microsoft.NETCore.App.Ref\8.0.15\ref\net8.0\System.Numerics.Vectors.dll鈥濄€?
             鍦ㄦ悳绱㈣矾寰勪綅缃€渰RawFileName}鈥濇壘鍒板紩鐢ㄣ€?
             姝ゅ紩鐢ㄤ笉鏄€淐opyLocal鈥濓紝鍥犱负鑷冲皯鏈変竴涓簮椤瑰皢鈥淧rivate鈥濊缃负鈥渇alse鈥濓紝鑰屾病鏈夋簮椤瑰皢鈥淧rivate鈥濊缃负鈥渢rue鈥濄€?
         涓诲紩鐢ㄢ€淪ystem.Numerics, Version=4.0.0.0, Culture=neutral, PublicKeyToken=b77a5c561934e089鈥濄€?
             瑙ｆ瀽鐨勬枃浠惰矾寰勪负鈥淐:\Program Files\dotnet\packs\Microsoft.NETCore.App.Ref\8.0.15\ref\net8.0\System.Numerics.dll鈥濄€?
             鍦ㄦ悳绱㈣矾寰勪綅缃€渰RawFileName}鈥濇壘鍒板紩鐢ㄣ€?
             姝ゅ紩鐢ㄤ笉鏄€淐opyLocal鈥濓紝鍥犱负鑷冲皯鏈変竴涓簮椤瑰皢鈥淧rivate鈥濊缃负鈥渇alse鈥濓紝鑰屾病鏈夋簮椤瑰皢鈥淧rivate鈥濊缃负鈥渢rue鈥濄€?
         涓诲紩鐢ㄢ€淪ystem.ObjectModel, Version=8.0.0.0, Culture=neutral, PublicKeyToken=b03f5f7f11d50a3a鈥濄€?
             瑙ｆ瀽鐨勬枃浠惰矾寰勪负鈥淐:\Program Files\dotnet\packs\Microsoft.NETCore.App.Ref\8.0.15\ref\net8.0\System.ObjectModel.dll鈥濄€?
             鍦ㄦ悳绱㈣矾寰勪綅缃€渰RawFileName}鈥濇壘鍒板紩鐢ㄣ€?
             姝ゅ紩鐢ㄤ笉鏄€淐opyLocal鈥濓紝鍥犱负鑷冲皯鏈変竴涓簮椤瑰皢鈥淧rivate鈥濊缃负鈥渇alse鈥濓紝鑰屾病鏈夋簮椤瑰皢鈥淧rivate鈥濊缃负鈥渢rue鈥濄€?
         涓诲紩鐢ㄢ€淪ystem.Reflection.DispatchProxy, Version=8.0.0.0, Culture=neutral, PublicKeyToken=b03f5f7f11d50a3a鈥濄€?
             瑙ｆ瀽鐨勬枃浠惰矾寰勪负鈥淐:\Program Files\dotnet\packs\Microsoft.NETCore.App.Ref\8.0.15\ref\net8.0\System.Reflection.DispatchProxy.dll鈥濄€?
             鍦ㄦ悳绱㈣矾寰勪綅缃€渰RawFileName}鈥濇壘鍒板紩鐢ㄣ€?
             姝ゅ紩鐢ㄤ笉鏄€淐opyLocal鈥濓紝鍥犱负鑷冲皯鏈変竴涓簮椤瑰皢鈥淧rivate鈥濊缃负鈥渇alse鈥濓紝鑰屾病鏈夋簮椤瑰皢鈥淧rivate鈥濊缃负鈥渢rue鈥濄€?
         涓诲紩鐢ㄢ€淪ystem.Reflection.Emit.ILGeneration, Version=8.0.0.0, Culture=neutral, PublicKeyToken=b03f5f7f11d50a3a鈥濄€?
             瑙ｆ瀽鐨勬枃浠惰矾寰勪负鈥淐:\Program Files\dotnet\packs\Microsoft.NETCore.App.Ref\8.0.15\ref\net8.0\System.Reflection.Emit.ILGeneration.dll鈥濄€?
             鍦ㄦ悳绱㈣矾寰勪綅缃€渰RawFileName}鈥濇壘鍒板紩鐢ㄣ€?
             姝ゅ紩鐢ㄤ笉鏄€淐opyLocal鈥濓紝鍥犱负鑷冲皯鏈変竴涓簮椤瑰皢鈥淧rivate鈥濊缃负鈥渇alse鈥濓紝鑰屾病鏈夋簮椤瑰皢鈥淧rivate鈥濊缃负鈥渢rue鈥濄€?
         涓诲紩鐢ㄢ€淪ystem.Reflection.Emit.Lightweight, Version=8.0.0.0, Culture=neutral, PublicKeyToken=b03f5f7f11d50a3a鈥濄€?
             瑙ｆ瀽鐨勬枃浠惰矾寰勪负鈥淐:\Program Files\dotnet\packs\Microsoft.NETCore.App.Ref\8.0.15\ref\net8.0\System.Reflection.Emit.Lightweight.dll鈥濄€?
             鍦ㄦ悳绱㈣矾寰勪綅缃€渰RawFileName}鈥濇壘鍒板紩鐢ㄣ€?
             姝ゅ紩鐢ㄤ笉鏄€淐opyLocal鈥濓紝鍥犱负鑷冲皯鏈変竴涓簮椤瑰皢鈥淧rivate鈥濊缃负鈥渇alse鈥濓紝鑰屾病鏈夋簮椤瑰皢鈥淧rivate鈥濊缃负鈥渢rue鈥濄€?
         涓诲紩鐢ㄢ€淪ystem.Reflection.Emit, Version=8.0.0.0, Culture=neutral, PublicKeyToken=b03f5f7f11d50a3a鈥濄€?
             瑙ｆ瀽鐨勬枃浠惰矾寰勪负鈥淐:\Program Files\dotnet\packs\Microsoft.NETCore.App.Ref\8.0.15\ref\net8.0\System.Reflection.Emit.dll鈥濄€?
             鍦ㄦ悳绱㈣矾寰勪綅缃€渰RawFileName}鈥濇壘鍒板紩鐢ㄣ€?
             姝ゅ紩鐢ㄤ笉鏄€淐opyLocal鈥濓紝鍥犱负鑷冲皯鏈変竴涓簮椤瑰皢鈥淧rivate鈥濊缃负鈥渇alse鈥濓紝鑰屾病鏈夋簮椤瑰皢鈥淧rivate鈥濊缃负鈥渢rue鈥濄€?
         涓诲紩鐢ㄢ€淪ystem.Reflection.Extensions, Version=8.0.0.0, Culture=neutral, PublicKeyToken=b03f5f7f11d50a3a鈥濄€?
             瑙ｆ瀽鐨勬枃浠惰矾寰勪负鈥淐:\Program Files\dotnet\packs\Microsoft.NETCore.App.Ref\8.0.15\ref\net8.0\System.Reflection.Extensions.dll鈥濄€?
             鍦ㄦ悳绱㈣矾寰勪綅缃€渰RawFileName}鈥濇壘鍒板紩鐢ㄣ€?
             姝ゅ紩鐢ㄤ笉鏄€淐opyLocal鈥濓紝鍥犱负鑷冲皯鏈変竴涓簮椤瑰皢鈥淧rivate鈥濊缃负鈥渇alse鈥濓紝鑰屾病鏈夋簮椤瑰皢鈥淧rivate鈥濊缃负鈥渢rue鈥濄€?
         涓诲紩鐢ㄢ€淪ystem.Reflection.Metadata, Version=8.0.0.0, Culture=neutral, PublicKeyToken=b03f5f7f11d50a3a鈥濄€?
             瑙ｆ瀽鐨勬枃浠惰矾寰勪负鈥淐:\Program Files\dotnet\packs\Microsoft.NETCore.App.Ref\8.0.15\ref\net8.0\System.Reflection.Metadata.dll鈥濄€?
             鍦ㄦ悳绱㈣矾寰勪綅缃€渰RawFileName}鈥濇壘鍒板紩鐢ㄣ€?
             姝ゅ紩鐢ㄤ笉鏄€淐opyLocal鈥濓紝鍥犱负鑷冲皯鏈変竴涓簮椤瑰皢鈥淧rivate鈥濊缃负鈥渇alse鈥濓紝鑰屾病鏈夋簮椤瑰皢鈥淧rivate鈥濊缃负鈥渢rue鈥濄€?
         涓诲紩鐢ㄢ€淪ystem.Reflection.Primitives, Version=8.0.0.0, Culture=neutral, PublicKeyToken=b03f5f7f11d50a3a鈥濄€?
             瑙ｆ瀽鐨勬枃浠惰矾寰勪负鈥淐:\Program Files\dotnet\packs\Microsoft.NETCore.App.Ref\8.0.15\ref\net8.0\System.Reflection.Primitives.dll鈥濄€?
             鍦ㄦ悳绱㈣矾寰勪綅缃€渰RawFileName}鈥濇壘鍒板紩鐢ㄣ€?
             姝ゅ紩鐢ㄤ笉鏄€淐opyLocal鈥濓紝鍥犱负鑷冲皯鏈変竴涓簮椤瑰皢鈥淧rivate鈥濊缃负鈥渇alse鈥濓紝鑰屾病鏈夋簮椤瑰皢鈥淧rivate鈥濊缃负鈥渢rue鈥濄€?
         涓诲紩鐢ㄢ€淪ystem.Reflection.TypeExtensions, Version=8.0.0.0, Culture=neutral, PublicKeyToken=b03f5f7f11d50a3a鈥濄€?
             瑙ｆ瀽鐨勬枃浠惰矾寰勪负鈥淐:\Program Files\dotnet\packs\Microsoft.NETCore.App.Ref\8.0.15\ref\net8.0\System.Reflection.TypeExtensions.dll鈥濄€?
             鍦ㄦ悳绱㈣矾寰勪綅缃€渰RawFileName}鈥濇壘鍒板紩鐢ㄣ€?
             姝ゅ紩鐢ㄤ笉鏄€淐opyLocal鈥濓紝鍥犱负鑷冲皯鏈変竴涓簮椤瑰皢鈥淧rivate鈥濊缃负鈥渇alse鈥濓紝鑰屾病鏈夋簮椤瑰皢鈥淧rivate鈥濊缃负鈥渢rue鈥濄€?
         涓诲紩鐢ㄢ€淪ystem.Reflection, Version=8.0.0.0, Culture=neutral, PublicKeyToken=b03f5f7f11d50a3a鈥濄€?
             瑙ｆ瀽鐨勬枃浠惰矾寰勪负鈥淐:\Program Files\dotnet\packs\Microsoft.NETCore.App.Ref\8.0.15\ref\net8.0\System.Reflection.dll鈥濄€?
             鍦ㄦ悳绱㈣矾寰勪綅缃€渰RawFileName}鈥濇壘鍒板紩鐢ㄣ€?
             姝ゅ紩鐢ㄤ笉鏄€淐opyLocal鈥濓紝鍥犱负鑷冲皯鏈変竴涓簮椤瑰皢鈥淧rivate鈥濊缃负鈥渇alse鈥濓紝鑰屾病鏈夋簮椤瑰皢鈥淧rivate鈥濊缃负鈥渢rue鈥濄€?
         涓诲紩鐢ㄢ€淪ystem.Resources.Reader, Version=8.0.0.0, Culture=neutral, PublicKeyToken=b03f5f7f11d50a3a鈥濄€?
             瑙ｆ瀽鐨勬枃浠惰矾寰勪负鈥淐:\Program Files\dotnet\packs\Microsoft.NETCore.App.Ref\8.0.15\ref\net8.0\System.Resources.Reader.dll鈥濄€?
             鍦ㄦ悳绱㈣矾寰勪綅缃€渰RawFileName}鈥濇壘鍒板紩鐢ㄣ€?
             姝ゅ紩鐢ㄤ笉鏄€淐opyLocal鈥濓紝鍥犱负鑷冲皯鏈変竴涓簮椤瑰皢鈥淧rivate鈥濊缃负鈥渇alse鈥濓紝鑰屾病鏈夋簮椤瑰皢鈥淧rivate鈥濊缃负鈥渢rue鈥濄€?
         涓诲紩鐢ㄢ€淪ystem.Resources.ResourceManager, Version=8.0.0.0, Culture=neutral, PublicKeyToken=b03f5f7f11d50a3a鈥濄€?
             瑙ｆ瀽鐨勬枃浠惰矾寰勪负鈥淐:\Program Files\dotnet\packs\Microsoft.NETCore.App.Ref\8.0.15\ref\net8.0\System.Resources.ResourceManager.dll鈥濄€?
             鍦ㄦ悳绱㈣矾寰勪綅缃€渰RawFileName}鈥濇壘鍒板紩鐢ㄣ€?
             姝ゅ紩鐢ㄤ笉鏄€淐opyLocal鈥濓紝鍥犱负鑷冲皯鏈変竴涓簮椤瑰皢鈥淧rivate鈥濊缃负鈥渇alse鈥濓紝鑰屾病鏈夋簮椤瑰皢鈥淧rivate鈥濊缃负鈥渢rue鈥濄€?
         涓诲紩鐢ㄢ€淪ystem.Resources.Writer, Version=8.0.0.0, Culture=neutral, PublicKeyToken=b03f5f7f11d50a3a鈥濄€?
             瑙ｆ瀽鐨勬枃浠惰矾寰勪负鈥淐:\Program Files\dotnet\packs\Microsoft.NETCore.App.Ref\8.0.15\ref\net8.0\System.Resources.Writer.dll鈥濄€?
             鍦ㄦ悳绱㈣矾寰勪綅缃€渰RawFileName}鈥濇壘鍒板紩鐢ㄣ€?
             姝ゅ紩鐢ㄤ笉鏄€淐opyLocal鈥濓紝鍥犱负鑷冲皯鏈変竴涓簮椤瑰皢鈥淧rivate鈥濊缃负鈥渇alse鈥濓紝鑰屾病鏈夋簮椤瑰皢鈥淧rivate鈥濊缃负鈥渢rue鈥濄€?
         涓诲紩鐢ㄢ€淪ystem.Runtime.CompilerServices.Unsafe, Version=8.0.0.0, Culture=neutral, PublicKeyToken=b03f5f7f11d50a3a鈥濄€?
             瑙ｆ瀽鐨勬枃浠惰矾寰勪负鈥淐:\Program Files\dotnet\packs\Microsoft.NETCore.App.Ref\8.0.15\ref\net8.0\System.Runtime.CompilerServices.Unsafe.dll鈥濄€?
             鍦ㄦ悳绱㈣矾寰勪綅缃€渰RawFileName}鈥濇壘鍒板紩鐢ㄣ€?
             姝ゅ紩鐢ㄤ笉鏄€淐opyLocal鈥濓紝鍥犱负鑷冲皯鏈変竴涓簮椤瑰皢鈥淧rivate鈥濊缃负鈥渇alse鈥濓紝鑰屾病鏈夋簮椤瑰皢鈥淧rivate鈥濊缃负鈥渢rue鈥濄€?
         涓诲紩鐢ㄢ€淪ystem.Runtime.CompilerServices.VisualC, Version=8.0.0.0, Culture=neutral, PublicKeyToken=b03f5f7f11d50a3a鈥濄€?
             瑙ｆ瀽鐨勬枃浠惰矾寰勪负鈥淐:\Program Files\dotnet\packs\Microsoft.NETCore.App.Ref\8.0.15\ref\net8.0\System.Runtime.CompilerServices.VisualC.dll鈥濄€?
             鍦ㄦ悳绱㈣矾寰勪綅缃€渰RawFileName}鈥濇壘鍒板紩鐢ㄣ€?
             姝ゅ紩鐢ㄤ笉鏄€淐opyLocal鈥濓紝鍥犱负鑷冲皯鏈変竴涓簮椤瑰皢鈥淧rivate鈥濊缃负鈥渇alse鈥濓紝鑰屾病鏈夋簮椤瑰皢鈥淧rivate鈥濊缃负鈥渢rue鈥濄€?
         涓诲紩鐢ㄢ€淪ystem.Runtime.Extensions, Version=8.0.0.0, Culture=neutral, PublicKeyToken=b03f5f7f11d50a3a鈥濄€?
             瑙ｆ瀽鐨勬枃浠惰矾寰勪负鈥淐:\Program Files\dotnet\packs\Microsoft.NETCore.App.Ref\8.0.15\ref\net8.0\System.Runtime.Extensions.dll鈥濄€?
             鍦ㄦ悳绱㈣矾寰勪綅缃€渰RawFileName}鈥濇壘鍒板紩鐢ㄣ€?
             姝ゅ紩鐢ㄤ笉鏄€淐opyLocal鈥濓紝鍥犱负鑷冲皯鏈変竴涓簮椤瑰皢鈥淧rivate鈥濊缃负鈥渇alse鈥濓紝鑰屾病鏈夋簮椤瑰皢鈥淧rivate鈥濊缃负鈥渢rue鈥濄€?
         涓诲紩鐢ㄢ€淪ystem.Runtime.Handles, Version=8.0.0.0, Culture=neutral, PublicKeyToken=b03f5f7f11d50a3a鈥濄€?
             瑙ｆ瀽鐨勬枃浠惰矾寰勪负鈥淐:\Program Files\dotnet\packs\Microsoft.NETCore.App.Ref\8.0.15\ref\net8.0\System.Runtime.Handles.dll鈥濄€?
             鍦ㄦ悳绱㈣矾寰勪綅缃€渰RawFileName}鈥濇壘鍒板紩鐢ㄣ€?
             姝ゅ紩鐢ㄤ笉鏄€淐opyLocal鈥濓紝鍥犱负鑷冲皯鏈変竴涓簮椤瑰皢鈥淧rivate鈥濊缃负鈥渇alse鈥濓紝鑰屾病鏈夋簮椤瑰皢鈥淧rivate鈥濊缃负鈥渢rue鈥濄€?
         涓诲紩鐢ㄢ€淪ystem.Runtime.InteropServices.JavaScript, Version=8.0.0.0, Culture=neutral, PublicKeyToken=b03f5f7f11d50a3a鈥濄€?
             瑙ｆ瀽鐨勬枃浠惰矾寰勪负鈥淐:\Program Files\dotnet\packs\Microsoft.NETCore.App.Ref\8.0.15\ref\net8.0\System.Runtime.InteropServices.JavaScript.dll鈥濄€?
             鍦ㄦ悳绱㈣矾寰勪綅缃€渰RawFileName}鈥濇壘鍒板紩鐢ㄣ€?
             姝ゅ紩鐢ㄤ笉鏄€淐opyLocal鈥濓紝鍥犱负鑷冲皯鏈変竴涓簮椤瑰皢鈥淧rivate鈥濊缃负鈥渇alse鈥濓紝鑰屾病鏈夋簮椤瑰皢鈥淧rivate鈥濊缃负鈥渢rue鈥濄€?
         涓诲紩鐢ㄢ€淪ystem.Runtime.InteropServices.RuntimeInformation, Version=8.0.0.0, Culture=neutral, PublicKeyToken=b03f5f7f11d50a3a鈥濄€?
             瑙ｆ瀽鐨勬枃浠惰矾寰勪负鈥淐:\Program Files\dotnet\packs\Microsoft.NETCore.App.Ref\8.0.15\ref\net8.0\System.Runtime.InteropServices.RuntimeInformation.dll鈥濄€?
             鍦ㄦ悳绱㈣矾寰勪綅缃€渰RawFileName}鈥濇壘鍒板紩鐢ㄣ€?
             姝ゅ紩鐢ㄤ笉鏄€淐opyLocal鈥濓紝鍥犱负鑷冲皯鏈変竴涓簮椤瑰皢鈥淧rivate鈥濊缃负鈥渇alse鈥濓紝鑰屾病鏈夋簮椤瑰皢鈥淧rivate鈥濊缃负鈥渢rue鈥濄€?
         涓诲紩鐢ㄢ€淪ystem.Runtime.InteropServices, Version=8.0.0.0, Culture=neutral, PublicKeyToken=b03f5f7f11d50a3a鈥濄€?
             瑙ｆ瀽鐨勬枃浠惰矾寰勪负鈥淐:\Program Files\dotnet\packs\Microsoft.NETCore.App.Ref\8.0.15\ref\net8.0\System.Runtime.InteropServices.dll鈥濄€?
             鍦ㄦ悳绱㈣矾寰勪綅缃€渰RawFileName}鈥濇壘鍒板紩鐢ㄣ€?
             姝ゅ紩鐢ㄤ笉鏄€淐opyLocal鈥濓紝鍥犱负鑷冲皯鏈変竴涓簮椤瑰皢鈥淧rivate鈥濊缃负鈥渇alse鈥濓紝鑰屾病鏈夋簮椤瑰皢鈥淧rivate鈥濊缃负鈥渢rue鈥濄€?
         涓诲紩鐢ㄢ€淪ystem.Runtime.Intrinsics, Version=8.0.0.0, Culture=neutral, PublicKeyToken=cc7b13ffcd2ddd51鈥濄€?
             瑙ｆ瀽鐨勬枃浠惰矾寰勪负鈥淐:\Program Files\dotnet\packs\Microsoft.NETCore.App.Ref\8.0.15\ref\net8.0\System.Runtime.Intrinsics.dll鈥濄€?
             鍦ㄦ悳绱㈣矾寰勪綅缃€渰RawFileName}鈥濇壘鍒板紩鐢ㄣ€?
             姝ゅ紩鐢ㄤ笉鏄€淐opyLocal鈥濓紝鍥犱负鑷冲皯鏈変竴涓簮椤瑰皢鈥淧rivate鈥濊缃负鈥渇alse鈥濓紝鑰屾病鏈夋簮椤瑰皢鈥淧rivate鈥濊缃负鈥渢rue鈥濄€?
         涓诲紩鐢ㄢ€淪ystem.Runtime.Loader, Version=8.0.0.0, Culture=neutral, PublicKeyToken=b03f5f7f11d50a3a鈥濄€?
             瑙ｆ瀽鐨勬枃浠惰矾寰勪负鈥淐:\Program Files\dotnet\packs\Microsoft.NETCore.App.Ref\8.0.15\ref\net8.0\System.Runtime.Loader.dll鈥濄€?
             鍦ㄦ悳绱㈣矾寰勪綅缃€渰RawFileName}鈥濇壘鍒板紩鐢ㄣ€?
             姝ゅ紩鐢ㄤ笉鏄€淐opyLocal鈥濓紝鍥犱负鑷冲皯鏈変竴涓簮椤瑰皢鈥淧rivate鈥濊缃负鈥渇alse鈥濓紝鑰屾病鏈夋簮椤瑰皢鈥淧rivate鈥濊缃负鈥渢rue鈥濄€?
         涓诲紩鐢ㄢ€淪ystem.Runtime.Numerics, Version=8.0.0.0, Culture=neutral, PublicKeyToken=b03f5f7f11d50a3a鈥濄€?
             瑙ｆ瀽鐨勬枃浠惰矾寰勪负鈥淐:\Program Files\dotnet\packs\Microsoft.NETCore.App.Ref\8.0.15\ref\net8.0\System.Runtime.Numerics.dll鈥濄€?
             鍦ㄦ悳绱㈣矾寰勪綅缃€渰RawFileName}鈥濇壘鍒板紩鐢ㄣ€?
             姝ゅ紩鐢ㄤ笉鏄€淐opyLocal鈥濓紝鍥犱负鑷冲皯鏈変竴涓簮椤瑰皢鈥淧rivate鈥濊缃负鈥渇alse鈥濓紝鑰屾病鏈夋簮椤瑰皢鈥淧rivate鈥濊缃负鈥渢rue鈥濄€?
         涓诲紩鐢ㄢ€淪ystem.Runtime.Serialization.Formatters, Version=8.0.0.0, Culture=neutral, PublicKeyToken=b03f5f7f11d50a3a鈥濄€?
             瑙ｆ瀽鐨勬枃浠惰矾寰勪负鈥淐:\Program Files\dotnet\packs\Microsoft.NETCore.App.Ref\8.0.15\ref\net8.0\System.Runtime.Serialization.Formatters.dll鈥濄€?
             鍦ㄦ悳绱㈣矾寰勪綅缃€渰RawFileName}鈥濇壘鍒板紩鐢ㄣ€?
             姝ゅ紩鐢ㄤ笉鏄€淐opyLocal鈥濓紝鍥犱负鑷冲皯鏈変竴涓簮椤瑰皢鈥淧rivate鈥濊缃负鈥渇alse鈥濓紝鑰屾病鏈夋簮椤瑰皢鈥淧rivate鈥濊缃负鈥渢rue鈥濄€?
         涓诲紩鐢ㄢ€淪ystem.Runtime.Serialization.Json, Version=8.0.0.0, Culture=neutral, PublicKeyToken=b03f5f7f11d50a3a鈥濄€?
             瑙ｆ瀽鐨勬枃浠惰矾寰勪负鈥淐:\Program Files\dotnet\packs\Microsoft.NETCore.App.Ref\8.0.15\ref\net8.0\System.Runtime.Serialization.Json.dll鈥濄€?
             鍦ㄦ悳绱㈣矾寰勪綅缃€渰RawFileName}鈥濇壘鍒板紩鐢ㄣ€?
             姝ゅ紩鐢ㄤ笉鏄€淐opyLocal鈥濓紝鍥犱负鑷冲皯鏈変竴涓簮椤瑰皢鈥淧rivate鈥濊缃负鈥渇alse鈥濓紝鑰屾病鏈夋簮椤瑰皢鈥淧rivate鈥濊缃负鈥渢rue鈥濄€?
         涓诲紩鐢ㄢ€淪ystem.Runtime.Serialization.Primitives, Version=8.0.0.0, Culture=neutral, PublicKeyToken=b03f5f7f11d50a3a鈥濄€?
             瑙ｆ瀽鐨勬枃浠惰矾寰勪负鈥淐:\Program Files\dotnet\packs\Microsoft.NETCore.App.Ref\8.0.15\ref\net8.0\System.Runtime.Serialization.Primitives.dll鈥濄€?
             鍦ㄦ悳绱㈣矾寰勪綅缃€渰RawFileName}鈥濇壘鍒板紩鐢ㄣ€?
             姝ゅ紩鐢ㄤ笉鏄€淐opyLocal鈥濓紝鍥犱负鑷冲皯鏈変竴涓簮椤瑰皢鈥淧rivate鈥濊缃负鈥渇alse鈥濓紝鑰屾病鏈夋簮椤瑰皢鈥淧rivate鈥濊缃负鈥渢rue鈥濄€?
         涓诲紩鐢ㄢ€淪ystem.Runtime.Serialization.Xml, Version=8.0.0.0, Culture=neutral, PublicKeyToken=b03f5f7f11d50a3a鈥濄€?
             瑙ｆ瀽鐨勬枃浠惰矾寰勪负鈥淐:\Program Files\dotnet\packs\Microsoft.NETCore.App.Ref\8.0.15\ref\net8.0\System.Runtime.Serialization.Xml.dll鈥濄€?
             鍦ㄦ悳绱㈣矾寰勪綅缃€渰RawFileName}鈥濇壘鍒板紩鐢ㄣ€?
             姝ゅ紩鐢ㄤ笉鏄€淐opyLocal鈥濓紝鍥犱负鑷冲皯鏈変竴涓簮椤瑰皢鈥淧rivate鈥濊缃负鈥渇alse鈥濓紝鑰屾病鏈夋簮椤瑰皢鈥淧rivate鈥濊缃负鈥渢rue鈥濄€?
         涓诲紩鐢ㄢ€淪ystem.Runtime.Serialization, Version=4.0.0.0, Culture=neutral, PublicKeyToken=b77a5c561934e089鈥濄€?
             瑙ｆ瀽鐨勬枃浠惰矾寰勪负鈥淐:\Program Files\dotnet\packs\Microsoft.NETCore.App.Ref\8.0.15\ref\net8.0\System.Runtime.Serialization.dll鈥濄€?
             鍦ㄦ悳绱㈣矾寰勪綅缃€渰RawFileName}鈥濇壘鍒板紩鐢ㄣ€?
             姝ゅ紩鐢ㄤ笉鏄€淐opyLocal鈥濓紝鍥犱负鑷冲皯鏈変竴涓簮椤瑰皢鈥淧rivate鈥濊缃负鈥渇alse鈥濓紝鑰屾病鏈夋簮椤瑰皢鈥淧rivate鈥濊缃负鈥渢rue鈥濄€?
         涓诲紩鐢ㄢ€淪ystem.Runtime, Version=8.0.0.0, Culture=neutral, PublicKeyToken=b03f5f7f11d50a3a鈥濄€?
             瑙ｆ瀽鐨勬枃浠惰矾寰勪负鈥淐:\Program Files\dotnet\packs\Microsoft.NETCore.App.Ref\8.0.15\ref\net8.0\System.Runtime.dll鈥濄€?
             鍦ㄦ悳绱㈣矾寰勪綅缃€渰RawFileName}鈥濇壘鍒板紩鐢ㄣ€?
             姝ゅ紩鐢ㄤ笉鏄€淐opyLocal鈥濓紝鍥犱负鑷冲皯鏈変竴涓簮椤瑰皢鈥淧rivate鈥濊缃负鈥渇alse鈥濓紝鑰屾病鏈夋簮椤瑰皢鈥淧rivate鈥濊缃负鈥渢rue鈥濄€?
         涓诲紩鐢ㄢ€淪ystem.Security.AccessControl, Version=8.0.0.0, Culture=neutral, PublicKeyToken=b03f5f7f11d50a3a鈥濄€?
             瑙ｆ瀽鐨勬枃浠惰矾寰勪负鈥淐:\Program Files\dotnet\packs\Microsoft.NETCore.App.Ref\8.0.15\ref\net8.0\System.Security.AccessControl.dll鈥濄€?
             鍦ㄦ悳绱㈣矾寰勪綅缃€渰RawFileName}鈥濇壘鍒板紩鐢ㄣ€?
             姝ゅ紩鐢ㄤ笉鏄€淐opyLocal鈥濓紝鍥犱负鑷冲皯鏈変竴涓簮椤瑰皢鈥淧rivate鈥濊缃负鈥渇alse鈥濓紝鑰屾病鏈夋簮椤瑰皢鈥淧rivate鈥濊缃负鈥渢rue鈥濄€?
         涓诲紩鐢ㄢ€淪ystem.Security.Claims, Version=8.0.0.0, Culture=neutral, PublicKeyToken=b03f5f7f11d50a3a鈥濄€?
             瑙ｆ瀽鐨勬枃浠惰矾寰勪负鈥淐:\Program Files\dotnet\packs\Microsoft.NETCore.App.Ref\8.0.15\ref\net8.0\System.Security.Claims.dll鈥濄€?
             鍦ㄦ悳绱㈣矾寰勪綅缃€渰RawFileName}鈥濇壘鍒板紩鐢ㄣ€?
             姝ゅ紩鐢ㄤ笉鏄€淐opyLocal鈥濓紝鍥犱负鑷冲皯鏈変竴涓簮椤瑰皢鈥淧rivate鈥濊缃负鈥渇alse鈥濓紝鑰屾病鏈夋簮椤瑰皢鈥淧rivate鈥濊缃负鈥渢rue鈥濄€?
         涓诲紩鐢ㄢ€淪ystem.Security.Cryptography.Algorithms, Version=8.0.0.0, Culture=neutral, PublicKeyToken=b03f5f7f11d50a3a鈥濄€?
             瑙ｆ瀽鐨勬枃浠惰矾寰勪负鈥淐:\Program Files\dotnet\packs\Microsoft.NETCore.App.Ref\8.0.15\ref\net8.0\System.Security.Cryptography.Algorithms.dll鈥濄€?
             鍦ㄦ悳绱㈣矾寰勪綅缃€渰RawFileName}鈥濇壘鍒板紩鐢ㄣ€?
             姝ゅ紩鐢ㄤ笉鏄€淐opyLocal鈥濓紝鍥犱负鑷冲皯鏈変竴涓簮椤瑰皢鈥淧rivate鈥濊缃负鈥渇alse鈥濓紝鑰屾病鏈夋簮椤瑰皢鈥淧rivate鈥濊缃负鈥渢rue鈥濄€?
         涓诲紩鐢ㄢ€淪ystem.Security.Cryptography.Cng, Version=8.0.0.0, Culture=neutral, PublicKeyToken=b03f5f7f11d50a3a鈥濄€?
             瑙ｆ瀽鐨勬枃浠惰矾寰勪负鈥淐:\Program Files\dotnet\packs\Microsoft.NETCore.App.Ref\8.0.15\ref\net8.0\System.Security.Cryptography.Cng.dll鈥濄€?
             鍦ㄦ悳绱㈣矾寰勪綅缃€渰RawFileName}鈥濇壘鍒板紩鐢ㄣ€?
             姝ゅ紩鐢ㄤ笉鏄€淐opyLocal鈥濓紝鍥犱负鑷冲皯鏈変竴涓簮椤瑰皢鈥淧rivate鈥濊缃负鈥渇alse鈥濓紝鑰屾病鏈夋簮椤瑰皢鈥淧rivate鈥濊缃负鈥渢rue鈥濄€?
         涓诲紩鐢ㄢ€淪ystem.Security.Cryptography.Csp, Version=8.0.0.0, Culture=neutral, PublicKeyToken=b03f5f7f11d50a3a鈥濄€?
             瑙ｆ瀽鐨勬枃浠惰矾寰勪负鈥淐:\Program Files\dotnet\packs\Microsoft.NETCore.App.Ref\8.0.15\ref\net8.0\System.Security.Cryptography.Csp.dll鈥濄€?
             鍦ㄦ悳绱㈣矾寰勪綅缃€渰RawFileName}鈥濇壘鍒板紩鐢ㄣ€?
             姝ゅ紩鐢ㄤ笉鏄€淐opyLocal鈥濓紝鍥犱负鑷冲皯鏈変竴涓簮椤瑰皢鈥淧rivate鈥濊缃负鈥渇alse鈥濓紝鑰屾病鏈夋簮椤瑰皢鈥淧rivate鈥濊缃负鈥渢rue鈥濄€?
         涓诲紩鐢ㄢ€淪ystem.Security.Cryptography.Encoding, Version=8.0.0.0, Culture=neutral, PublicKeyToken=b03f5f7f11d50a3a鈥濄€?
             瑙ｆ瀽鐨勬枃浠惰矾寰勪负鈥淐:\Program Files\dotnet\packs\Microsoft.NETCore.App.Ref\8.0.15\ref\net8.0\System.Security.Cryptography.Encoding.dll鈥濄€?
             鍦ㄦ悳绱㈣矾寰勪綅缃€渰RawFileName}鈥濇壘鍒板紩鐢ㄣ€?
             姝ゅ紩鐢ㄤ笉鏄€淐opyLocal鈥濓紝鍥犱负鑷冲皯鏈変竴涓簮椤瑰皢鈥淧rivate鈥濊缃负鈥渇alse鈥濓紝鑰屾病鏈夋簮椤瑰皢鈥淧rivate鈥濊缃负鈥渢rue鈥濄€?
         涓诲紩鐢ㄢ€淪ystem.Security.Cryptography.OpenSsl, Version=8.0.0.0, Culture=neutral, PublicKeyToken=b03f5f7f11d50a3a鈥濄€?
             瑙ｆ瀽鐨勬枃浠惰矾寰勪负鈥淐:\Program Files\dotnet\packs\Microsoft.NETCore.App.Ref\8.0.15\ref\net8.0\System.Security.Cryptography.OpenSsl.dll鈥濄€?
             鍦ㄦ悳绱㈣矾寰勪綅缃€渰RawFileName}鈥濇壘鍒板紩鐢ㄣ€?
             姝ゅ紩鐢ㄤ笉鏄€淐opyLocal鈥濓紝鍥犱负鑷冲皯鏈変竴涓簮椤瑰皢鈥淧rivate鈥濊缃负鈥渇alse鈥濓紝鑰屾病鏈夋簮椤瑰皢鈥淧rivate鈥濊缃负鈥渢rue鈥濄€?
         涓诲紩鐢ㄢ€淪ystem.Security.Cryptography.Primitives, Version=8.0.0.0, Culture=neutral, PublicKeyToken=b03f5f7f11d50a3a鈥濄€?
             瑙ｆ瀽鐨勬枃浠惰矾寰勪负鈥淐:\Program Files\dotnet\packs\Microsoft.NETCore.App.Ref\8.0.15\ref\net8.0\System.Security.Cryptography.Primitives.dll鈥濄€?
             鍦ㄦ悳绱㈣矾寰勪綅缃€渰RawFileName}鈥濇壘鍒板紩鐢ㄣ€?
             姝ゅ紩鐢ㄤ笉鏄€淐opyLocal鈥濓紝鍥犱负鑷冲皯鏈変竴涓簮椤瑰皢鈥淧rivate鈥濊缃负鈥渇alse鈥濓紝鑰屾病鏈夋簮椤瑰皢鈥淧rivate鈥濊缃负鈥渢rue鈥濄€?
         涓诲紩鐢ㄢ€淪ystem.Security.Cryptography.X509Certificates, Version=8.0.0.0, Culture=neutral, PublicKeyToken=b03f5f7f11d50a3a鈥濄€?
             瑙ｆ瀽鐨勬枃浠惰矾寰勪负鈥淐:\Program Files\dotnet\packs\Microsoft.NETCore.App.Ref\8.0.15\ref\net8.0\System.Security.Cryptography.X509Certificates.dll鈥濄€?
             鍦ㄦ悳绱㈣矾寰勪綅缃€渰RawFileName}鈥濇壘鍒板紩鐢ㄣ€?
             姝ゅ紩鐢ㄤ笉鏄€淐opyLocal鈥濓紝鍥犱负鑷冲皯鏈変竴涓簮椤瑰皢鈥淧rivate鈥濊缃负鈥渇alse鈥濓紝鑰屾病鏈夋簮椤瑰皢鈥淧rivate鈥濊缃负鈥渢rue鈥濄€?
         涓诲紩鐢ㄢ€淪ystem.Security.Cryptography, Version=8.0.0.0, Culture=neutral, PublicKeyToken=b03f5f7f11d50a3a鈥濄€?
             瑙ｆ瀽鐨勬枃浠惰矾寰勪负鈥淐:\Program Files\dotnet\packs\Microsoft.NETCore.App.Ref\8.0.15\ref\net8.0\System.Security.Cryptography.dll鈥濄€?
             鍦ㄦ悳绱㈣矾寰勪綅缃€渰RawFileName}鈥濇壘鍒板紩鐢ㄣ€?
             姝ゅ紩鐢ㄤ笉鏄€淐opyLocal鈥濓紝鍥犱负鑷冲皯鏈変竴涓簮椤瑰皢鈥淧rivate鈥濊缃负鈥渇alse鈥濓紝鑰屾病鏈夋簮椤瑰皢鈥淧rivate鈥濊缃负鈥渢rue鈥濄€?
         涓诲紩鐢ㄢ€淪ystem.Security.Principal.Windows, Version=8.0.0.0, Culture=neutral, PublicKeyToken=b03f5f7f11d50a3a鈥濄€?
             瑙ｆ瀽鐨勬枃浠惰矾寰勪负鈥淐:\Program Files\dotnet\packs\Microsoft.NETCore.App.Ref\8.0.15\ref\net8.0\System.Security.Principal.Windows.dll鈥濄€?
             鍦ㄦ悳绱㈣矾寰勪綅缃€渰RawFileName}鈥濇壘鍒板紩鐢ㄣ€?
             姝ゅ紩鐢ㄤ笉鏄€淐opyLocal鈥濓紝鍥犱负鑷冲皯鏈変竴涓簮椤瑰皢鈥淧rivate鈥濊缃负鈥渇alse鈥濓紝鑰屾病鏈夋簮椤瑰皢鈥淧rivate鈥濊缃负鈥渢rue鈥濄€?
         涓诲紩鐢ㄢ€淪ystem.Security.Principal, Version=8.0.0.0, Culture=neutral, PublicKeyToken=b03f5f7f11d50a3a鈥濄€?
             瑙ｆ瀽鐨勬枃浠惰矾寰勪负鈥淐:\Program Files\dotnet\packs\Microsoft.NETCore.App.Ref\8.0.15\ref\net8.0\System.Security.Principal.dll鈥濄€?
             鍦ㄦ悳绱㈣矾寰勪綅缃€渰RawFileName}鈥濇壘鍒板紩鐢ㄣ€?
             姝ゅ紩鐢ㄤ笉鏄€淐opyLocal鈥濓紝鍥犱负鑷冲皯鏈変竴涓簮椤瑰皢鈥淧rivate鈥濊缃负鈥渇alse鈥濓紝鑰屾病鏈夋簮椤瑰皢鈥淧rivate鈥濊缃负鈥渢rue鈥濄€?
         涓诲紩鐢ㄢ€淪ystem.Security.SecureString, Version=8.0.0.0, Culture=neutral, PublicKeyToken=b03f5f7f11d50a3a鈥濄€?
             瑙ｆ瀽鐨勬枃浠惰矾寰勪负鈥淐:\Program Files\dotnet\packs\Microsoft.NETCore.App.Ref\8.0.15\ref\net8.0\System.Security.SecureString.dll鈥濄€?
             鍦ㄦ悳绱㈣矾寰勪綅缃€渰RawFileName}鈥濇壘鍒板紩鐢ㄣ€?
             姝ゅ紩鐢ㄤ笉鏄€淐opyLocal鈥濓紝鍥犱负鑷冲皯鏈変竴涓簮椤瑰皢鈥淧rivate鈥濊缃负鈥渇alse鈥濓紝鑰屾病鏈夋簮椤瑰皢鈥淧rivate鈥濊缃负鈥渢rue鈥濄€?
         涓诲紩鐢ㄢ€淪ystem.Security, Version=4.0.0.0, Culture=neutral, PublicKeyToken=b03f5f7f11d50a3a鈥濄€?
             瑙ｆ瀽鐨勬枃浠惰矾寰勪负鈥淐:\Program Files\dotnet\packs\Microsoft.NETCore.App.Ref\8.0.15\ref\net8.0\System.Security.dll鈥濄€?
             鍦ㄦ悳绱㈣矾寰勪綅缃€渰RawFileName}鈥濇壘鍒板紩鐢ㄣ€?
             姝ゅ紩鐢ㄤ笉鏄€淐opyLocal鈥濓紝鍥犱负鑷冲皯鏈変竴涓簮椤瑰皢鈥淧rivate鈥濊缃负鈥渇alse鈥濓紝鑰屾病鏈夋簮椤瑰皢鈥淧rivate鈥濊缃负鈥渢rue鈥濄€?
         涓诲紩鐢ㄢ€淪ystem.ServiceModel.Web, Version=4.0.0.0, Culture=neutral, PublicKeyToken=31bf3856ad364e35鈥濄€?
             瑙ｆ瀽鐨勬枃浠惰矾寰勪负鈥淐:\Program Files\dotnet\packs\Microsoft.NETCore.App.Ref\8.0.15\ref\net8.0\System.ServiceModel.Web.dll鈥濄€?
             鍦ㄦ悳绱㈣矾寰勪綅缃€渰RawFileName}鈥濇壘鍒板紩鐢ㄣ€?
             姝ゅ紩鐢ㄤ笉鏄€淐opyLocal鈥濓紝鍥犱负鑷冲皯鏈変竴涓簮椤瑰皢鈥淧rivate鈥濊缃负鈥渇alse鈥濓紝鑰屾病鏈夋簮椤瑰皢鈥淧rivate鈥濊缃负鈥渢rue鈥濄€?
         涓诲紩鐢ㄢ€淪ystem.ServiceProcess, Version=4.0.0.0, Culture=neutral, PublicKeyToken=b03f5f7f11d50a3a鈥濄€?
             瑙ｆ瀽鐨勬枃浠惰矾寰勪负鈥淐:\Program Files\dotnet\packs\Microsoft.NETCore.App.Ref\8.0.15\ref\net8.0\System.ServiceProcess.dll鈥濄€?
             鍦ㄦ悳绱㈣矾寰勪綅缃€渰RawFileName}鈥濇壘鍒板紩鐢ㄣ€?
             姝ゅ紩鐢ㄤ笉鏄€淐opyLocal鈥濓紝鍥犱负鑷冲皯鏈変竴涓簮椤瑰皢鈥淧rivate鈥濊缃负鈥渇alse鈥濓紝鑰屾病鏈夋簮椤瑰皢鈥淧rivate鈥濊缃负鈥渢rue鈥濄€?
         涓诲紩鐢ㄢ€淪ystem.Text.Encoding.CodePages, Version=8.0.0.0, Culture=neutral, PublicKeyToken=b03f5f7f11d50a3a鈥濄€?
             瑙ｆ瀽鐨勬枃浠惰矾寰勪负鈥淐:\Program Files\dotnet\packs\Microsoft.NETCore.App.Ref\8.0.15\ref\net8.0\System.Text.Encoding.CodePages.dll鈥濄€?
             鍦ㄦ悳绱㈣矾寰勪綅缃€渰RawFileName}鈥濇壘鍒板紩鐢ㄣ€?
             姝ゅ紩鐢ㄤ笉鏄€淐opyLocal鈥濓紝鍥犱负鑷冲皯鏈変竴涓簮椤瑰皢鈥淧rivate鈥濊缃负鈥渇alse鈥濓紝鑰屾病鏈夋簮椤瑰皢鈥淧rivate鈥濊缃负鈥渢rue鈥濄€?
         涓诲紩鐢ㄢ€淪ystem.Text.Encoding.Extensions, Version=8.0.0.0, Culture=neutral, PublicKeyToken=b03f5f7f11d50a3a鈥濄€?
             瑙ｆ瀽鐨勬枃浠惰矾寰勪负鈥淐:\Program Files\dotnet\packs\Microsoft.NETCore.App.Ref\8.0.15\ref\net8.0\System.Text.Encoding.Extensions.dll鈥濄€?
             鍦ㄦ悳绱㈣矾寰勪綅缃€渰RawFileName}鈥濇壘鍒板紩鐢ㄣ€?
             姝ゅ紩鐢ㄤ笉鏄€淐opyLocal鈥濓紝鍥犱负鑷冲皯鏈変竴涓簮椤瑰皢鈥淧rivate鈥濊缃负鈥渇alse鈥濓紝鑰屾病鏈夋簮椤瑰皢鈥淧rivate鈥濊缃负鈥渢rue鈥濄€?
         涓诲紩鐢ㄢ€淪ystem.Text.Encoding, Version=8.0.0.0, Culture=neutral, PublicKeyToken=b03f5f7f11d50a3a鈥濄€?
             瑙ｆ瀽鐨勬枃浠惰矾寰勪负鈥淐:\Program Files\dotnet\packs\Microsoft.NETCore.App.Ref\8.0.15\ref\net8.0\System.Text.Encoding.dll鈥濄€?
             鍦ㄦ悳绱㈣矾寰勪綅缃€渰RawFileName}鈥濇壘鍒板紩鐢ㄣ€?
             姝ゅ紩鐢ㄤ笉鏄€淐opyLocal鈥濓紝鍥犱负鑷冲皯鏈変竴涓簮椤瑰皢鈥淧rivate鈥濊缃负鈥渇alse鈥濓紝鑰屾病鏈夋簮椤瑰皢鈥淧rivate鈥濊缃负鈥渢rue鈥濄€?
         涓诲紩鐢ㄢ€淪ystem.Text.Encodings.Web, Version=8.0.0.0, Culture=neutral, PublicKeyToken=cc7b13ffcd2ddd51鈥濄€?
             瑙ｆ瀽鐨勬枃浠惰矾寰勪负鈥淐:\Program Files\dotnet\packs\Microsoft.NETCore.App.Ref\8.0.15\ref\net8.0\System.Text.Encodings.Web.dll鈥濄€?
             鍦ㄦ悳绱㈣矾寰勪綅缃€渰RawFileName}鈥濇壘鍒板紩鐢ㄣ€?
             姝ゅ紩鐢ㄤ笉鏄€淐opyLocal鈥濓紝鍥犱负鑷冲皯鏈変竴涓簮椤瑰皢鈥淧rivate鈥濊缃负鈥渇alse鈥濓紝鑰屾病鏈夋簮椤瑰皢鈥淧rivate鈥濊缃负鈥渢rue鈥濄€?
         涓诲紩鐢ㄢ€淪ystem.Text.Json, Version=8.0.0.0, Culture=neutral, PublicKeyToken=cc7b13ffcd2ddd51鈥濄€?
             瑙ｆ瀽鐨勬枃浠惰矾寰勪负鈥淐:\Program Files\dotnet\packs\Microsoft.NETCore.App.Ref\8.0.15\ref\net8.0\System.Text.Json.dll鈥濄€?
             鍦ㄦ悳绱㈣矾寰勪綅缃€渰RawFileName}鈥濇壘鍒板紩鐢ㄣ€?
             姝ゅ紩鐢ㄤ笉鏄€淐opyLocal鈥濓紝鍥犱负鑷冲皯鏈変竴涓簮椤瑰皢鈥淧rivate鈥濊缃负鈥渇alse鈥濓紝鑰屾病鏈夋簮椤瑰皢鈥淧rivate鈥濊缃负鈥渢rue鈥濄€?
         涓诲紩鐢ㄢ€淪ystem.Text.RegularExpressions, Version=8.0.0.0, Culture=neutral, PublicKeyToken=b03f5f7f11d50a3a鈥濄€?
             瑙ｆ瀽鐨勬枃浠惰矾寰勪负鈥淐:\Program Files\dotnet\packs\Microsoft.NETCore.App.Ref\8.0.15\ref\net8.0\System.Text.RegularExpressions.dll鈥濄€?
             鍦ㄦ悳绱㈣矾寰勪綅缃€渰RawFileName}鈥濇壘鍒板紩鐢ㄣ€?
             姝ゅ紩鐢ㄤ笉鏄€淐opyLocal鈥濓紝鍥犱负鑷冲皯鏈変竴涓簮椤瑰皢鈥淧rivate鈥濊缃负鈥渇alse鈥濓紝鑰屾病鏈夋簮椤瑰皢鈥淧rivate鈥濊缃负鈥渢rue鈥濄€?
         涓诲紩鐢ㄢ€淪ystem.Threading.Channels, Version=8.0.0.0, Culture=neutral, PublicKeyToken=cc7b13ffcd2ddd51鈥濄€?
             瑙ｆ瀽鐨勬枃浠惰矾寰勪负鈥淐:\Program Files\dotnet\packs\Microsoft.NETCore.App.Ref\8.0.15\ref\net8.0\System.Threading.Channels.dll鈥濄€?
             鍦ㄦ悳绱㈣矾寰勪綅缃€渰RawFileName}鈥濇壘鍒板紩鐢ㄣ€?
             姝ゅ紩鐢ㄤ笉鏄€淐opyLocal鈥濓紝鍥犱负鑷冲皯鏈変竴涓簮椤瑰皢鈥淧rivate鈥濊缃负鈥渇alse鈥濓紝鑰屾病鏈夋簮椤瑰皢鈥淧rivate鈥濊缃负鈥渢rue鈥濄€?
         涓诲紩鐢ㄢ€淪ystem.Threading.Overlapped, Version=8.0.0.0, Culture=neutral, PublicKeyToken=b03f5f7f11d50a3a鈥濄€?
             瑙ｆ瀽鐨勬枃浠惰矾寰勪负鈥淐:\Program Files\dotnet\packs\Microsoft.NETCore.App.Ref\8.0.15\ref\net8.0\System.Threading.Overlapped.dll鈥濄€?
             鍦ㄦ悳绱㈣矾寰勪綅缃€渰RawFileName}鈥濇壘鍒板紩鐢ㄣ€?
             姝ゅ紩鐢ㄤ笉鏄€淐opyLocal鈥濓紝鍥犱负鑷冲皯鏈変竴涓簮椤瑰皢鈥淧rivate鈥濊缃负鈥渇alse鈥濓紝鑰屾病鏈夋簮椤瑰皢鈥淧rivate鈥濊缃负鈥渢rue鈥濄€?
         涓诲紩鐢ㄢ€淪ystem.Threading.Tasks.Dataflow, Version=8.0.0.0, Culture=neutral, PublicKeyToken=b03f5f7f11d50a3a鈥濄€?
             瑙ｆ瀽鐨勬枃浠惰矾寰勪负鈥淐:\Program Files\dotnet\packs\Microsoft.NETCore.App.Ref\8.0.15\ref\net8.0\System.Threading.Tasks.Dataflow.dll鈥濄€?
             鍦ㄦ悳绱㈣矾寰勪綅缃€渰RawFileName}鈥濇壘鍒板紩鐢ㄣ€?
             姝ゅ紩鐢ㄤ笉鏄€淐opyLocal鈥濓紝鍥犱负鑷冲皯鏈変竴涓簮椤瑰皢鈥淧rivate鈥濊缃负鈥渇alse鈥濓紝鑰屾病鏈夋簮椤瑰皢鈥淧rivate鈥濊缃负鈥渢rue鈥濄€?
         涓诲紩鐢ㄢ€淪ystem.Threading.Tasks.Extensions, Version=8.0.0.0, Culture=neutral, PublicKeyToken=cc7b13ffcd2ddd51鈥濄€?
             瑙ｆ瀽鐨勬枃浠惰矾寰勪负鈥淐:\Program Files\dotnet\packs\Microsoft.NETCore.App.Ref\8.0.15\ref\net8.0\System.Threading.Tasks.Extensions.dll鈥濄€?
             鍦ㄦ悳绱㈣矾寰勪綅缃€渰RawFileName}鈥濇壘鍒板紩鐢ㄣ€?
             姝ゅ紩鐢ㄤ笉鏄€淐opyLocal鈥濓紝鍥犱负鑷冲皯鏈変竴涓簮椤瑰皢鈥淧rivate鈥濊缃负鈥渇alse鈥濓紝鑰屾病鏈夋簮椤瑰皢鈥淧rivate鈥濊缃负鈥渢rue鈥濄€?
         涓诲紩鐢ㄢ€淪ystem.Threading.Tasks.Parallel, Version=8.0.0.0, Culture=neutral, PublicKeyToken=b03f5f7f11d50a3a鈥濄€?
             瑙ｆ瀽鐨勬枃浠惰矾寰勪负鈥淐:\Program Files\dotnet\packs\Microsoft.NETCore.App.Ref\8.0.15\ref\net8.0\System.Threading.Tasks.Parallel.dll鈥濄€?
             鍦ㄦ悳绱㈣矾寰勪綅缃€渰RawFileName}鈥濇壘鍒板紩鐢ㄣ€?
             姝ゅ紩鐢ㄤ笉鏄€淐opyLocal鈥濓紝鍥犱负鑷冲皯鏈変竴涓簮椤瑰皢鈥淧rivate鈥濊缃负鈥渇alse鈥濓紝鑰屾病鏈夋簮椤瑰皢鈥淧rivate鈥濊缃负鈥渢rue鈥濄€?
         涓诲紩鐢ㄢ€淪ystem.Threading.Tasks, Version=8.0.0.0, Culture=neutral, PublicKeyToken=b03f5f7f11d50a3a鈥濄€?
             瑙ｆ瀽鐨勬枃浠惰矾寰勪负鈥淐:\Program Files\dotnet\packs\Microsoft.NETCore.App.Ref\8.0.15\ref\net8.0\System.Threading.Tasks.dll鈥濄€?
             鍦ㄦ悳绱㈣矾寰勪綅缃€渰RawFileName}鈥濇壘鍒板紩鐢ㄣ€?
             姝ゅ紩鐢ㄤ笉鏄€淐opyLocal鈥濓紝鍥犱负鑷冲皯鏈変竴涓簮椤瑰皢鈥淧rivate鈥濊缃负鈥渇alse鈥濓紝鑰屾病鏈夋簮椤瑰皢鈥淧rivate鈥濊缃负鈥渢rue鈥濄€?
         涓诲紩鐢ㄢ€淪ystem.Threading.Thread, Version=8.0.0.0, Culture=neutral, PublicKeyToken=b03f5f7f11d50a3a鈥濄€?
             瑙ｆ瀽鐨勬枃浠惰矾寰勪负鈥淐:\Program Files\dotnet\packs\Microsoft.NETCore.App.Ref\8.0.15\ref\net8.0\System.Threading.Thread.dll鈥濄€?
             鍦ㄦ悳绱㈣矾寰勪綅缃€渰RawFileName}鈥濇壘鍒板紩鐢ㄣ€?
             姝ゅ紩鐢ㄤ笉鏄€淐opyLocal鈥濓紝鍥犱负鑷冲皯鏈変竴涓簮椤瑰皢鈥淧rivate鈥濊缃负鈥渇alse鈥濓紝鑰屾病鏈夋簮椤瑰皢鈥淧rivate鈥濊缃负鈥渢rue鈥濄€?
         涓诲紩鐢ㄢ€淪ystem.Threading.ThreadPool, Version=8.0.0.0, Culture=neutral, PublicKeyToken=b03f5f7f11d50a3a鈥濄€?
             瑙ｆ瀽鐨勬枃浠惰矾寰勪负鈥淐:\Program Files\dotnet\packs\Microsoft.NETCore.App.Ref\8.0.15\ref\net8.0\System.Threading.ThreadPool.dll鈥濄€?
             鍦ㄦ悳绱㈣矾寰勪綅缃€渰RawFileName}鈥濇壘鍒板紩鐢ㄣ€?
             姝ゅ紩鐢ㄤ笉鏄€淐opyLocal鈥濓紝鍥犱负鑷冲皯鏈変竴涓簮椤瑰皢鈥淧rivate鈥濊缃负鈥渇alse鈥濓紝鑰屾病鏈夋簮椤瑰皢鈥淧rivate鈥濊缃负鈥渢rue鈥濄€?
         涓诲紩鐢ㄢ€淪ystem.Threading.Timer, Version=8.0.0.0, Culture=neutral, PublicKeyToken=b03f5f7f11d50a3a鈥濄€?
             瑙ｆ瀽鐨勬枃浠惰矾寰勪负鈥淐:\Program Files\dotnet\packs\Microsoft.NETCore.App.Ref\8.0.15\ref\net8.0\System.Threading.Timer.dll鈥濄€?
             鍦ㄦ悳绱㈣矾寰勪綅缃€渰RawFileName}鈥濇壘鍒板紩鐢ㄣ€?
             姝ゅ紩鐢ㄤ笉鏄€淐opyLocal鈥濓紝鍥犱负鑷冲皯鏈変竴涓簮椤瑰皢鈥淧rivate鈥濊缃负鈥渇alse鈥濓紝鑰屾病鏈夋簮椤瑰皢鈥淧rivate鈥濊缃负鈥渢rue鈥濄€?
         涓诲紩鐢ㄢ€淪ystem.Threading, Version=8.0.0.0, Culture=neutral, PublicKeyToken=b03f5f7f11d50a3a鈥濄€?
             瑙ｆ瀽鐨勬枃浠惰矾寰勪负鈥淐:\Program Files\dotnet\packs\Microsoft.NETCore.App.Ref\8.0.15\ref\net8.0\System.Threading.dll鈥濄€?
             鍦ㄦ悳绱㈣矾寰勪綅缃€渰RawFileName}鈥濇壘鍒板紩鐢ㄣ€?
             姝ゅ紩鐢ㄤ笉鏄€淐opyLocal鈥濓紝鍥犱负鑷冲皯鏈変竴涓簮椤瑰皢鈥淧rivate鈥濊缃负鈥渇alse鈥濓紝鑰屾病鏈夋簮椤瑰皢鈥淧rivate鈥濊缃负鈥渢rue鈥濄€?
         涓诲紩鐢ㄢ€淪ystem.Transactions.Local, Version=8.0.0.0, Culture=neutral, PublicKeyToken=cc7b13ffcd2ddd51鈥濄€?
             瑙ｆ瀽鐨勬枃浠惰矾寰勪负鈥淐:\Program Files\dotnet\packs\Microsoft.NETCore.App.Ref\8.0.15\ref\net8.0\System.Transactions.Local.dll鈥濄€?
             鍦ㄦ悳绱㈣矾寰勪綅缃€渰RawFileName}鈥濇壘鍒板紩鐢ㄣ€?
             姝ゅ紩鐢ㄤ笉鏄€淐opyLocal鈥濓紝鍥犱负鑷冲皯鏈変竴涓簮椤瑰皢鈥淧rivate鈥濊缃负鈥渇alse鈥濓紝鑰屾病鏈夋簮椤瑰皢鈥淧rivate鈥濊缃负鈥渢rue鈥濄€?
         涓诲紩鐢ㄢ€淪ystem.Transactions, Version=4.0.0.0, Culture=neutral, PublicKeyToken=b77a5c561934e089鈥濄€?
             瑙ｆ瀽鐨勬枃浠惰矾寰勪负鈥淐:\Program Files\dotnet\packs\Microsoft.NETCore.App.Ref\8.0.15\ref\net8.0\System.Transactions.dll鈥濄€?
             鍦ㄦ悳绱㈣矾寰勪綅缃€渰RawFileName}鈥濇壘鍒板紩鐢ㄣ€?
             姝ゅ紩鐢ㄤ笉鏄€淐opyLocal鈥濓紝鍥犱负鑷冲皯鏈変竴涓簮椤瑰皢鈥淧rivate鈥濊缃负鈥渇alse鈥濓紝鑰屾病鏈夋簮椤瑰皢鈥淧rivate鈥濊缃负鈥渢rue鈥濄€?
         涓诲紩鐢ㄢ€淪ystem.ValueTuple, Version=8.0.0.0, Culture=neutral, PublicKeyToken=cc7b13ffcd2ddd51鈥濄€?
             瑙ｆ瀽鐨勬枃浠惰矾寰勪负鈥淐:\Program Files\dotnet\packs\Microsoft.NETCore.App.Ref\8.0.15\ref\net8.0\System.ValueTuple.dll鈥濄€?
             鍦ㄦ悳绱㈣矾寰勪綅缃€渰RawFileName}鈥濇壘鍒板紩鐢ㄣ€?
             姝ゅ紩鐢ㄤ笉鏄€淐opyLocal鈥濓紝鍥犱负鑷冲皯鏈変竴涓簮椤瑰皢鈥淧rivate鈥濊缃负鈥渇alse鈥濓紝鑰屾病鏈夋簮椤瑰皢鈥淧rivate鈥濊缃负鈥渢rue鈥濄€?
         涓诲紩鐢ㄢ€淪ystem.Web.HttpUtility, Version=8.0.0.0, Culture=neutral, PublicKeyToken=cc7b13ffcd2ddd51鈥濄€?
             瑙ｆ瀽鐨勬枃浠惰矾寰勪负鈥淐:\Program Files\dotnet\packs\Microsoft.NETCore.App.Ref\8.0.15\ref\net8.0\System.Web.HttpUtility.dll鈥濄€?
             鍦ㄦ悳绱㈣矾寰勪綅缃€渰RawFileName}鈥濇壘鍒板紩鐢ㄣ€?
             姝ゅ紩鐢ㄤ笉鏄€淐opyLocal鈥濓紝鍥犱负鑷冲皯鏈変竴涓簮椤瑰皢鈥淧rivate鈥濊缃负鈥渇alse鈥濓紝鑰屾病鏈夋簮椤瑰皢鈥淧rivate鈥濊缃负鈥渢rue鈥濄€?
         涓诲紩鐢ㄢ€淪ystem.Web, Version=4.0.0.0, Culture=neutral, PublicKeyToken=b03f5f7f11d50a3a鈥濄€?
             瑙ｆ瀽鐨勬枃浠惰矾寰勪负鈥淐:\Program Files\dotnet\packs\Microsoft.NETCore.App.Ref\8.0.15\ref\net8.0\System.Web.dll鈥濄€?
             鍦ㄦ悳绱㈣矾寰勪綅缃€渰RawFileName}鈥濇壘鍒板紩鐢ㄣ€?
             姝ゅ紩鐢ㄤ笉鏄€淐opyLocal鈥濓紝鍥犱负鑷冲皯鏈変竴涓簮椤瑰皢鈥淧rivate鈥濊缃负鈥渇alse鈥濓紝鑰屾病鏈夋簮椤瑰皢鈥淧rivate鈥濊缃负鈥渢rue鈥濄€?
         涓诲紩鐢ㄢ€淪ystem.Windows, Version=4.0.0.0, Culture=neutral, PublicKeyToken=b03f5f7f11d50a3a鈥濄€?
             瑙ｆ瀽鐨勬枃浠惰矾寰勪负鈥淐:\Program Files\dotnet\packs\Microsoft.NETCore.App.Ref\8.0.15\ref\net8.0\System.Windows.dll鈥濄€?
             鍦ㄦ悳绱㈣矾寰勪綅缃€渰RawFileName}鈥濇壘鍒板紩鐢ㄣ€?
             姝ゅ紩鐢ㄤ笉鏄€淐opyLocal鈥濓紝鍥犱负鑷冲皯鏈変竴涓簮椤瑰皢鈥淧rivate鈥濊缃负鈥渇alse鈥濓紝鑰屾病鏈夋簮椤瑰皢鈥淧rivate鈥濊缃负鈥渢rue鈥濄€?
         涓诲紩鐢ㄢ€淪ystem.Xml.Linq, Version=4.0.0.0, Culture=neutral, PublicKeyToken=b77a5c561934e089鈥濄€?
             瑙ｆ瀽鐨勬枃浠惰矾寰勪负鈥淐:\Program Files\dotnet\packs\Microsoft.NETCore.App.Ref\8.0.15\ref\net8.0\System.Xml.Linq.dll鈥濄€?
             鍦ㄦ悳绱㈣矾寰勪綅缃€渰RawFileName}鈥濇壘鍒板紩鐢ㄣ€?
             姝ゅ紩鐢ㄤ笉鏄€淐opyLocal鈥濓紝鍥犱负鑷冲皯鏈変竴涓簮椤瑰皢鈥淧rivate鈥濊缃负鈥渇alse鈥濓紝鑰屾病鏈夋簮椤瑰皢鈥淧rivate鈥濊缃负鈥渢rue鈥濄€?
         涓诲紩鐢ㄢ€淪ystem.Xml.ReaderWriter, Version=8.0.0.0, Culture=neutral, PublicKeyToken=b03f5f7f11d50a3a鈥濄€?
             瑙ｆ瀽鐨勬枃浠惰矾寰勪负鈥淐:\Program Files\dotnet\packs\Microsoft.NETCore.App.Ref\8.0.15\ref\net8.0\System.Xml.ReaderWriter.dll鈥濄€?
             鍦ㄦ悳绱㈣矾寰勪綅缃€渰RawFileName}鈥濇壘鍒板紩鐢ㄣ€?
             姝ゅ紩鐢ㄤ笉鏄€淐opyLocal鈥濓紝鍥犱负鑷冲皯鏈変竴涓簮椤瑰皢鈥淧rivate鈥濊缃负鈥渇alse鈥濓紝鑰屾病鏈夋簮椤瑰皢鈥淧rivate鈥濊缃负鈥渢rue鈥濄€?
         涓诲紩鐢ㄢ€淪ystem.Xml.Serialization, Version=4.0.0.0, Culture=neutral, PublicKeyToken=b77a5c561934e089鈥濄€?
             瑙ｆ瀽鐨勬枃浠惰矾寰勪负鈥淐:\Program Files\dotnet\packs\Microsoft.NETCore.App.Ref\8.0.15\ref\net8.0\System.Xml.Serialization.dll鈥濄€?
             鍦ㄦ悳绱㈣矾寰勪綅缃€渰RawFileName}鈥濇壘鍒板紩鐢ㄣ€?
             姝ゅ紩鐢ㄤ笉鏄€淐opyLocal鈥濓紝鍥犱负鑷冲皯鏈変竴涓簮椤瑰皢鈥淧rivate鈥濊缃负鈥渇alse鈥濓紝鑰屾病鏈夋簮椤瑰皢鈥淧rivate鈥濊缃负鈥渢rue鈥濄€?
         涓诲紩鐢ㄢ€淪ystem.Xml.XDocument, Version=8.0.0.0, Culture=neutral, PublicKeyToken=b03f5f7f11d50a3a鈥濄€?
             瑙ｆ瀽鐨勬枃浠惰矾寰勪负鈥淐:\Program Files\dotnet\packs\Microsoft.NETCore.App.Ref\8.0.15\ref\net8.0\System.Xml.XDocument.dll鈥濄€?
             鍦ㄦ悳绱㈣矾寰勪綅缃€渰RawFileName}鈥濇壘鍒板紩鐢ㄣ€?
             姝ゅ紩鐢ㄤ笉鏄€淐opyLocal鈥濓紝鍥犱负鑷冲皯鏈変竴涓簮椤瑰皢鈥淧rivate鈥濊缃负鈥渇alse鈥濓紝鑰屾病鏈夋簮椤瑰皢鈥淧rivate鈥濊缃负鈥渢rue鈥濄€?
         涓诲紩鐢ㄢ€淪ystem.Xml.XPath.XDocument, Version=8.0.0.0, Culture=neutral, PublicKeyToken=b03f5f7f11d50a3a鈥濄€?
             瑙ｆ瀽鐨勬枃浠惰矾寰勪负鈥淐:\Program Files\dotnet\packs\Microsoft.NETCore.App.Ref\8.0.15\ref\net8.0\System.Xml.XPath.XDocument.dll鈥濄€?
             鍦ㄦ悳绱㈣矾寰勪綅缃€渰RawFileName}鈥濇壘鍒板紩鐢ㄣ€?
             姝ゅ紩鐢ㄤ笉鏄€淐opyLocal鈥濓紝鍥犱负鑷冲皯鏈変竴涓簮椤瑰皢鈥淧rivate鈥濊缃负鈥渇alse鈥濓紝鑰屾病鏈夋簮椤瑰皢鈥淧rivate鈥濊缃负鈥渢rue鈥濄€?
         涓诲紩鐢ㄢ€淪ystem.Xml.XPath, Version=8.0.0.0, Culture=neutral, PublicKeyToken=b03f5f7f11d50a3a鈥濄€?
             瑙ｆ瀽鐨勬枃浠惰矾寰勪负鈥淐:\Program Files\dotnet\packs\Microsoft.NETCore.App.Ref\8.0.15\ref\net8.0\System.Xml.XPath.dll鈥濄€?
             鍦ㄦ悳绱㈣矾寰勪綅缃€渰RawFileName}鈥濇壘鍒板紩鐢ㄣ€?
             姝ゅ紩鐢ㄤ笉鏄€淐opyLocal鈥濓紝鍥犱负鑷冲皯鏈変竴涓簮椤瑰皢鈥淧rivate鈥濊缃负鈥渇alse鈥濓紝鑰屾病鏈夋簮椤瑰皢鈥淧rivate鈥濊缃负鈥渢rue鈥濄€?
         涓诲紩鐢ㄢ€淪ystem.Xml.XmlDocument, Version=8.0.0.0, Culture=neutral, PublicKeyToken=b03f5f7f11d50a3a鈥濄€?
             瑙ｆ瀽鐨勬枃浠惰矾寰勪负鈥淐:\Program Files\dotnet\packs\Microsoft.NETCore.App.Ref\8.0.15\ref\net8.0\System.Xml.XmlDocument.dll鈥濄€?
             鍦ㄦ悳绱㈣矾寰勪綅缃€渰RawFileName}鈥濇壘鍒板紩鐢ㄣ€?
             姝ゅ紩鐢ㄤ笉鏄€淐opyLocal鈥濓紝鍥犱负鑷冲皯鏈変竴涓簮椤瑰皢鈥淧rivate鈥濊缃负鈥渇alse鈥濓紝鑰屾病鏈夋簮椤瑰皢鈥淧rivate鈥濊缃负鈥渢rue鈥濄€?
         涓诲紩鐢ㄢ€淪ystem.Xml.XmlSerializer, Version=8.0.0.0, Culture=neutral, PublicKeyToken=b03f5f7f11d50a3a鈥濄€?
             瑙ｆ瀽鐨勬枃浠惰矾寰勪负鈥淐:\Program Files\dotnet\packs\Microsoft.NETCore.App.Ref\8.0.15\ref\net8.0\System.Xml.XmlSerializer.dll鈥濄€?
             鍦ㄦ悳绱㈣矾寰勪綅缃€渰RawFileName}鈥濇壘鍒板紩鐢ㄣ€?
             姝ゅ紩鐢ㄤ笉鏄€淐opyLocal鈥濓紝鍥犱负鑷冲皯鏈変竴涓簮椤瑰皢鈥淧rivate鈥濊缃负鈥渇alse鈥濓紝鑰屾病鏈夋簮椤瑰皢鈥淧rivate鈥濊缃负鈥渢rue鈥濄€?
         涓诲紩鐢ㄢ€淪ystem.Xml, Version=4.0.0.0, Culture=neutral, PublicKeyToken=b77a5c561934e089鈥濄€?
             瑙ｆ瀽鐨勬枃浠惰矾寰勪负鈥淐:\Program Files\dotnet\packs\Microsoft.NETCore.App.Ref\8.0.15\ref\net8.0\System.Xml.dll鈥濄€?
             鍦ㄦ悳绱㈣矾寰勪綅缃€渰RawFileName}鈥濇壘鍒板紩鐢ㄣ€?
             姝ゅ紩鐢ㄤ笉鏄€淐opyLocal鈥濓紝鍥犱负鑷冲皯鏈変竴涓簮椤瑰皢鈥淧rivate鈥濊缃负鈥渇alse鈥濓紝鑰屾病鏈夋簮椤瑰皢鈥淧rivate鈥濊缃负鈥渢rue鈥濄€?
         涓诲紩鐢ㄢ€淪ystem, Version=4.0.0.0, Culture=neutral, PublicKeyToken=b77a5c561934e089鈥濄€?
             瑙ｆ瀽鐨勬枃浠惰矾寰勪负鈥淐:\Program Files\dotnet\packs\Microsoft.NETCore.App.Ref\8.0.15\ref\net8.0\System.dll鈥濄€?
             鍦ㄦ悳绱㈣矾寰勪綅缃€渰RawFileName}鈥濇壘鍒板紩鐢ㄣ€?
             姝ゅ紩鐢ㄤ笉鏄€淐opyLocal鈥濓紝鍥犱负鑷冲皯鏈変竴涓簮椤瑰皢鈥淧rivate鈥濊缃负鈥渇alse鈥濓紝鑰屾病鏈夋簮椤瑰皢鈥淧rivate鈥濊缃负鈥渢rue鈥濄€?
         涓诲紩鐢ㄢ€淲indowsBase, Version=4.0.0.0, Culture=neutral, PublicKeyToken=31bf3856ad364e35鈥濄€?
             瑙ｆ瀽鐨勬枃浠惰矾寰勪负鈥淐:\Program Files\dotnet\packs\Microsoft.NETCore.App.Ref\8.0.15\ref\net8.0\WindowsBase.dll鈥濄€?
             鍦ㄦ悳绱㈣矾寰勪綅缃€渰RawFileName}鈥濇壘鍒板紩鐢ㄣ€?
             姝ゅ紩鐢ㄤ笉鏄€淐opyLocal鈥濓紝鍥犱负鑷冲皯鏈変竴涓簮椤瑰皢鈥淧rivate鈥濊缃负鈥渇alse鈥濓紝鑰屾病鏈夋簮椤瑰皢鈥淧rivate鈥濊缃负鈥渢rue鈥濄€?
         涓诲紩鐢ㄢ€渕scorlib, Version=4.0.0.0, Culture=neutral, PublicKeyToken=b77a5c561934e089鈥濄€?
             瑙ｆ瀽鐨勬枃浠惰矾寰勪负鈥淐:\Program Files\dotnet\packs\Microsoft.NETCore.App.Ref\8.0.15\ref\net8.0\mscorlib.dll鈥濄€?
             鍦ㄦ悳绱㈣矾寰勪綅缃€渰RawFileName}鈥濇壘鍒板紩鐢ㄣ€?
             姝ゅ紩鐢ㄤ笉鏄€淐opyLocal鈥濓紝鍥犱负鑷冲皯鏈変竴涓簮椤瑰皢鈥淧rivate鈥濊缃负鈥渇alse鈥濓紝鑰屾病鏈夋簮椤瑰皢鈥淧rivate鈥濊缃负鈥渢rue鈥濄€?
         涓诲紩鐢ㄢ€渘etstandard, Version=2.1.0.0, Culture=neutral, PublicKeyToken=cc7b13ffcd2ddd51鈥濄€?
             瑙ｆ瀽鐨勬枃浠惰矾寰勪负鈥淐:\Program Files\dotnet\packs\Microsoft.NETCore.App.Ref\8.0.15\ref\net8.0\netstandard.dll鈥濄€?
             鍦ㄦ悳绱㈣矾寰勪綅缃€渰RawFileName}鈥濇壘鍒板紩鐢ㄣ€?
             姝ゅ紩鐢ㄤ笉鏄€淐opyLocal鈥濓紝鍥犱负鑷冲皯鏈変竴涓簮椤瑰皢鈥淧rivate鈥濊缃负鈥渇alse鈥濓紝鑰屾病鏈夋簮椤瑰皢鈥淧rivate鈥濊缃负鈥渢rue鈥濄€?
         涓诲紩鐢ㄢ€淢icrosoft.AspNetCore.Antiforgery, Version=8.0.0.0, Culture=neutral, PublicKeyToken=adb9793829ddae60鈥濄€?
             瑙ｆ瀽鐨勬枃浠惰矾寰勪负鈥淐:\Program Files\dotnet\packs\Microsoft.AspNetCore.App.Ref\8.0.15\ref\net8.0\Microsoft.AspNetCore.Antiforgery.dll鈥濄€?
             鍦ㄦ悳绱㈣矾寰勪綅缃€渰RawFileName}鈥濇壘鍒板紩鐢ㄣ€?
             姝ゅ紩鐢ㄤ笉鏄€淐opyLocal鈥濓紝鍥犱负鑷冲皯鏈変竴涓簮椤瑰皢鈥淧rivate鈥濊缃负鈥渇alse鈥濓紝鑰屾病鏈夋簮椤瑰皢鈥淧rivate鈥濊缃负鈥渢rue鈥濄€?
         涓诲紩鐢ㄢ€淢icrosoft.AspNetCore.Authentication.Abstractions, Version=8.0.0.0, Culture=neutral, PublicKeyToken=adb9793829ddae60鈥濄€?
             瑙ｆ瀽鐨勬枃浠惰矾寰勪负鈥淐:\Program Files\dotnet\packs\Microsoft.AspNetCore.App.Ref\8.0.15\ref\net8.0\Microsoft.AspNetCore.Authentication.Abstractions.dll鈥濄€?
             鍦ㄦ悳绱㈣矾寰勪綅缃€渰RawFileName}鈥濇壘鍒板紩鐢ㄣ€?
             姝ゅ紩鐢ㄤ笉鏄€淐opyLocal鈥濓紝鍥犱负鑷冲皯鏈変竴涓簮椤瑰皢鈥淧rivate鈥濊缃负鈥渇alse鈥濓紝鑰屾病鏈夋簮椤瑰皢鈥淧rivate鈥濊缃负鈥渢rue鈥濄€?
         涓诲紩鐢ㄢ€淢icrosoft.AspNetCore.Authentication.BearerToken, Version=8.0.0.0, Culture=neutral, PublicKeyToken=adb9793829ddae60鈥濄€?
             瑙ｆ瀽鐨勬枃浠惰矾寰勪负鈥淐:\Program Files\dotnet\packs\Microsoft.AspNetCore.App.Ref\8.0.15\ref\net8.0\Microsoft.AspNetCore.Authentication.BearerToken.dll鈥濄€?
             鍦ㄦ悳绱㈣矾寰勪綅缃€渰RawFileName}鈥濇壘鍒板紩鐢ㄣ€?
             姝ゅ紩鐢ㄤ笉鏄€淐opyLocal鈥濓紝鍥犱负鑷冲皯鏈変竴涓簮椤瑰皢鈥淧rivate鈥濊缃负鈥渇alse鈥濓紝鑰屾病鏈夋簮椤瑰皢鈥淧rivate鈥濊缃负鈥渢rue鈥濄€?
         涓诲紩鐢ㄢ€淢icrosoft.AspNetCore.Authentication.Cookies, Version=8.0.0.0, Culture=neutral, PublicKeyToken=adb9793829ddae60鈥濄€?
             瑙ｆ瀽鐨勬枃浠惰矾寰勪负鈥淐:\Program Files\dotnet\packs\Microsoft.AspNetCore.App.Ref\8.0.15\ref\net8.0\Microsoft.AspNetCore.Authentication.Cookies.dll鈥濄€?
             鍦ㄦ悳绱㈣矾寰勪綅缃€渰RawFileName}鈥濇壘鍒板紩鐢ㄣ€?
             姝ゅ紩鐢ㄤ笉鏄€淐opyLocal鈥濓紝鍥犱负鑷冲皯鏈変竴涓簮椤瑰皢鈥淧rivate鈥濊缃负鈥渇alse鈥濓紝鑰屾病鏈夋簮椤瑰皢鈥淧rivate鈥濊缃负鈥渢rue鈥濄€?
         涓诲紩鐢ㄢ€淢icrosoft.AspNetCore.Authentication.Core, Version=8.0.0.0, Culture=neutral, PublicKeyToken=adb9793829ddae60鈥濄€?
             瑙ｆ瀽鐨勬枃浠惰矾寰勪负鈥淐:\Program Files\dotnet\packs\Microsoft.AspNetCore.App.Ref\8.0.15\ref\net8.0\Microsoft.AspNetCore.Authentication.Core.dll鈥濄€?
             鍦ㄦ悳绱㈣矾寰勪綅缃€渰RawFileName}鈥濇壘鍒板紩鐢ㄣ€?
             姝ゅ紩鐢ㄤ笉鏄€淐opyLocal鈥濓紝鍥犱负鑷冲皯鏈変竴涓簮椤瑰皢鈥淧rivate鈥濊缃负鈥渇alse鈥濓紝鑰屾病鏈夋簮椤瑰皢鈥淧rivate鈥濊缃负鈥渢rue鈥濄€?
         涓诲紩鐢ㄢ€淢icrosoft.AspNetCore.Authentication.OAuth, Version=8.0.0.0, Culture=neutral, PublicKeyToken=adb9793829ddae60鈥濄€?
             瑙ｆ瀽鐨勬枃浠惰矾寰勪负鈥淐:\Program Files\dotnet\packs\Microsoft.AspNetCore.App.Ref\8.0.15\ref\net8.0\Microsoft.AspNetCore.Authentication.OAuth.dll鈥濄€?
             鍦ㄦ悳绱㈣矾寰勪綅缃€渰RawFileName}鈥濇壘鍒板紩鐢ㄣ€?
             姝ゅ紩鐢ㄤ笉鏄€淐opyLocal鈥濓紝鍥犱负鑷冲皯鏈変竴涓簮椤瑰皢鈥淧rivate鈥濊缃负鈥渇alse鈥濓紝鑰屾病鏈夋簮椤瑰皢鈥淧rivate鈥濊缃负鈥渢rue鈥濄€?
         涓诲紩鐢ㄢ€淢icrosoft.AspNetCore.Authentication, Version=8.0.0.0, Culture=neutral, PublicKeyToken=adb9793829ddae60鈥濄€?
             瑙ｆ瀽鐨勬枃浠惰矾寰勪负鈥淐:\Program Files\dotnet\packs\Microsoft.AspNetCore.App.Ref\8.0.15\ref\net8.0\Microsoft.AspNetCore.Authentication.dll鈥濄€?
             鍦ㄦ悳绱㈣矾寰勪綅缃€渰RawFileName}鈥濇壘鍒板紩鐢ㄣ€?
             姝ゅ紩鐢ㄤ笉鏄€淐opyLocal鈥濓紝鍥犱负鑷冲皯鏈変竴涓簮椤瑰皢鈥淧rivate鈥濊缃负鈥渇alse鈥濓紝鑰屾病鏈夋簮椤瑰皢鈥淧rivate鈥濊缃负鈥渢rue鈥濄€?
         涓诲紩鐢ㄢ€淢icrosoft.AspNetCore.Authorization.Policy, Version=8.0.0.0, Culture=neutral, PublicKeyToken=adb9793829ddae60鈥濄€?
             瑙ｆ瀽鐨勬枃浠惰矾寰勪负鈥淐:\Program Files\dotnet\packs\Microsoft.AspNetCore.App.Ref\8.0.15\ref\net8.0\Microsoft.AspNetCore.Authorization.Policy.dll鈥濄€?
             鍦ㄦ悳绱㈣矾寰勪綅缃€渰RawFileName}鈥濇壘鍒板紩鐢ㄣ€?
             姝ゅ紩鐢ㄤ笉鏄€淐opyLocal鈥濓紝鍥犱负鑷冲皯鏈変竴涓簮椤瑰皢鈥淧rivate鈥濊缃负鈥渇alse鈥濓紝鑰屾病鏈夋簮椤瑰皢鈥淧rivate鈥濊缃负鈥渢rue鈥濄€?
         涓诲紩鐢ㄢ€淢icrosoft.AspNetCore.Authorization, Version=8.0.0.0, Culture=neutral, PublicKeyToken=adb9793829ddae60鈥濄€?
             瑙ｆ瀽鐨勬枃浠惰矾寰勪负鈥淐:\Program Files\dotnet\packs\Microsoft.AspNetCore.App.Ref\8.0.15\ref\net8.0\Microsoft.AspNetCore.Authorization.dll鈥濄€?
             鍦ㄦ悳绱㈣矾寰勪綅缃€渰RawFileName}鈥濇壘鍒板紩鐢ㄣ€?
             姝ゅ紩鐢ㄤ笉鏄€淐opyLocal鈥濓紝鍥犱负鑷冲皯鏈変竴涓簮椤瑰皢鈥淧rivate鈥濊缃负鈥渇alse鈥濓紝鑰屾病鏈夋簮椤瑰皢鈥淧rivate鈥濊缃负鈥渢rue鈥濄€?
         涓诲紩鐢ㄢ€淢icrosoft.AspNetCore.Components.Authorization, Version=8.0.0.0, Culture=neutral, PublicKeyToken=adb9793829ddae60鈥濄€?
             瑙ｆ瀽鐨勬枃浠惰矾寰勪负鈥淐:\Program Files\dotnet\packs\Microsoft.AspNetCore.App.Ref\8.0.15\ref\net8.0\Microsoft.AspNetCore.Components.Authorization.dll鈥濄€?
             鍦ㄦ悳绱㈣矾寰勪綅缃€渰RawFileName}鈥濇壘鍒板紩鐢ㄣ€?
             姝ゅ紩鐢ㄤ笉鏄€淐opyLocal鈥濓紝鍥犱负鑷冲皯鏈変竴涓簮椤瑰皢鈥淧rivate鈥濊缃负鈥渇alse鈥濓紝鑰屾病鏈夋簮椤瑰皢鈥淧rivate鈥濊缃负鈥渢rue鈥濄€?
         涓诲紩鐢ㄢ€淢icrosoft.AspNetCore.Components.Endpoints, Version=8.0.0.0, Culture=neutral, PublicKeyToken=adb9793829ddae60鈥濄€?
             瑙ｆ瀽鐨勬枃浠惰矾寰勪负鈥淐:\Program Files\dotnet\packs\Microsoft.AspNetCore.App.Ref\8.0.15\ref\net8.0\Microsoft.AspNetCore.Components.Endpoints.dll鈥濄€?
             鍦ㄦ悳绱㈣矾寰勪綅缃€渰RawFileName}鈥濇壘鍒板紩鐢ㄣ€?
             姝ゅ紩鐢ㄤ笉鏄€淐opyLocal鈥濓紝鍥犱负鑷冲皯鏈変竴涓簮椤瑰皢鈥淧rivate鈥濊缃负鈥渇alse鈥濓紝鑰屾病鏈夋簮椤瑰皢鈥淧rivate鈥濊缃负鈥渢rue鈥濄€?
         涓诲紩鐢ㄢ€淢icrosoft.AspNetCore.Components.Forms, Version=8.0.0.0, Culture=neutral, PublicKeyToken=adb9793829ddae60鈥濄€?
             瑙ｆ瀽鐨勬枃浠惰矾寰勪负鈥淐:\Program Files\dotnet\packs\Microsoft.AspNetCore.App.Ref\8.0.15\ref\net8.0\Microsoft.AspNetCore.Components.Forms.dll鈥濄€?
             鍦ㄦ悳绱㈣矾寰勪綅缃€渰RawFileName}鈥濇壘鍒板紩鐢ㄣ€?
             姝ゅ紩鐢ㄤ笉鏄€淐opyLocal鈥濓紝鍥犱负鑷冲皯鏈変竴涓簮椤瑰皢鈥淧rivate鈥濊缃负鈥渇alse鈥濓紝鑰屾病鏈夋簮椤瑰皢鈥淧rivate鈥濊缃负鈥渢rue鈥濄€?
         涓诲紩鐢ㄢ€淢icrosoft.AspNetCore.Components.Server, Version=8.0.0.0, Culture=neutral, PublicKeyToken=adb9793829ddae60鈥濄€?
             瑙ｆ瀽鐨勬枃浠惰矾寰勪负鈥淐:\Program Files\dotnet\packs\Microsoft.AspNetCore.App.Ref\8.0.15\ref\net8.0\Microsoft.AspNetCore.Components.Server.dll鈥濄€?
             鍦ㄦ悳绱㈣矾寰勪綅缃€渰RawFileName}鈥濇壘鍒板紩鐢ㄣ€?
             姝ゅ紩鐢ㄤ笉鏄€淐opyLocal鈥濓紝鍥犱负鑷冲皯鏈変竴涓簮椤瑰皢鈥淧rivate鈥濊缃负鈥渇alse鈥濓紝鑰屾病鏈夋簮椤瑰皢鈥淧rivate鈥濊缃负鈥渢rue鈥濄€?
         涓诲紩鐢ㄢ€淢icrosoft.AspNetCore.Components.Web, Version=8.0.0.0, Culture=neutral, PublicKeyToken=adb9793829ddae60鈥濄€?
             瑙ｆ瀽鐨勬枃浠惰矾寰勪负鈥淐:\Program Files\dotnet\packs\Microsoft.AspNetCore.App.Ref\8.0.15\ref\net8.0\Microsoft.AspNetCore.Components.Web.dll鈥濄€?
             鍦ㄦ悳绱㈣矾寰勪綅缃€渰RawFileName}鈥濇壘鍒板紩鐢ㄣ€?
             姝ゅ紩鐢ㄤ笉鏄€淐opyLocal鈥濓紝鍥犱负鑷冲皯鏈変竴涓簮椤瑰皢鈥淧rivate鈥濊缃负鈥渇alse鈥濓紝鑰屾病鏈夋簮椤瑰皢鈥淧rivate鈥濊缃负鈥渢rue鈥濄€?
         涓诲紩鐢ㄢ€淢icrosoft.AspNetCore.Components, Version=8.0.0.0, Culture=neutral, PublicKeyToken=adb9793829ddae60鈥濄€?
             瑙ｆ瀽鐨勬枃浠惰矾寰勪负鈥淐:\Program Files\dotnet\packs\Microsoft.AspNetCore.App.Ref\8.0.15\ref\net8.0\Microsoft.AspNetCore.Components.dll鈥濄€?
             鍦ㄦ悳绱㈣矾寰勪綅缃€渰RawFileName}鈥濇壘鍒板紩鐢ㄣ€?
             姝ゅ紩鐢ㄤ笉鏄€淐opyLocal鈥濓紝鍥犱负鑷冲皯鏈変竴涓簮椤瑰皢鈥淧rivate鈥濊缃负鈥渇alse鈥濓紝鑰屾病鏈夋簮椤瑰皢鈥淧rivate鈥濊缃负鈥渢rue鈥濄€?
         涓诲紩鐢ㄢ€淢icrosoft.AspNetCore.Connections.Abstractions, Version=8.0.0.0, Culture=neutral, PublicKeyToken=adb9793829ddae60鈥濄€?
             瑙ｆ瀽鐨勬枃浠惰矾寰勪负鈥淐:\Program Files\dotnet\packs\Microsoft.AspNetCore.App.Ref\8.0.15\ref\net8.0\Microsoft.AspNetCore.Connections.Abstractions.dll鈥濄€?
             鍦ㄦ悳绱㈣矾寰勪綅缃€渰RawFileName}鈥濇壘鍒板紩鐢ㄣ€?
             姝ゅ紩鐢ㄤ笉鏄€淐opyLocal鈥濓紝鍥犱负鑷冲皯鏈変竴涓簮椤瑰皢鈥淧rivate鈥濊缃负鈥渇alse鈥濓紝鑰屾病鏈夋簮椤瑰皢鈥淧rivate鈥濊缃负鈥渢rue鈥濄€?
         涓诲紩鐢ㄢ€淢icrosoft.AspNetCore.CookiePolicy, Version=8.0.0.0, Culture=neutral, PublicKeyToken=adb9793829ddae60鈥濄€?
             瑙ｆ瀽鐨勬枃浠惰矾寰勪负鈥淐:\Program Files\dotnet\packs\Microsoft.AspNetCore.App.Ref\8.0.15\ref\net8.0\Microsoft.AspNetCore.CookiePolicy.dll鈥濄€?
             鍦ㄦ悳绱㈣矾寰勪綅缃€渰RawFileName}鈥濇壘鍒板紩鐢ㄣ€?
             姝ゅ紩鐢ㄤ笉鏄€淐opyLocal鈥濓紝鍥犱负鑷冲皯鏈変竴涓簮椤瑰皢鈥淧rivate鈥濊缃负鈥渇alse鈥濓紝鑰屾病鏈夋簮椤瑰皢鈥淧rivate鈥濊缃负鈥渢rue鈥濄€?
         涓诲紩鐢ㄢ€淢icrosoft.AspNetCore.Cors, Version=8.0.0.0, Culture=neutral, PublicKeyToken=adb9793829ddae60鈥濄€?
             瑙ｆ瀽鐨勬枃浠惰矾寰勪负鈥淐:\Program Files\dotnet\packs\Microsoft.AspNetCore.App.Ref\8.0.15\ref\net8.0\Microsoft.AspNetCore.Cors.dll鈥濄€?
             鍦ㄦ悳绱㈣矾寰勪綅缃€渰RawFileName}鈥濇壘鍒板紩鐢ㄣ€?
             姝ゅ紩鐢ㄤ笉鏄€淐opyLocal鈥濓紝鍥犱负鑷冲皯鏈変竴涓簮椤瑰皢鈥淧rivate鈥濊缃负鈥渇alse鈥濓紝鑰屾病鏈夋簮椤瑰皢鈥淧rivate鈥濊缃负鈥渢rue鈥濄€?
         涓诲紩鐢ㄢ€淢icrosoft.AspNetCore.Cryptography.Internal, Version=8.0.0.0, Culture=neutral, PublicKeyToken=adb9793829ddae60鈥濄€?
             瑙ｆ瀽鐨勬枃浠惰矾寰勪负鈥淐:\Program Files\dotnet\packs\Microsoft.AspNetCore.App.Ref\8.0.15\ref\net8.0\Microsoft.AspNetCore.Cryptography.Internal.dll鈥濄€?
             鍦ㄦ悳绱㈣矾寰勪綅缃€渰RawFileName}鈥濇壘鍒板紩鐢ㄣ€?
             姝ゅ紩鐢ㄤ笉鏄€淐opyLocal鈥濓紝鍥犱负鑷冲皯鏈変竴涓簮椤瑰皢鈥淧rivate鈥濊缃负鈥渇alse鈥濓紝鑰屾病鏈夋簮椤瑰皢鈥淧rivate鈥濊缃负鈥渢rue鈥濄€?
         涓诲紩鐢ㄢ€淢icrosoft.AspNetCore.Cryptography.KeyDerivation, Version=8.0.0.0, Culture=neutral, PublicKeyToken=adb9793829ddae60鈥濄€?
             瑙ｆ瀽鐨勬枃浠惰矾寰勪负鈥淐:\Program Files\dotnet\packs\Microsoft.AspNetCore.App.Ref\8.0.15\ref\net8.0\Microsoft.AspNetCore.Cryptography.KeyDerivation.dll鈥濄€?
             鍦ㄦ悳绱㈣矾寰勪綅缃€渰RawFileName}鈥濇壘鍒板紩鐢ㄣ€?
             姝ゅ紩鐢ㄤ笉鏄€淐opyLocal鈥濓紝鍥犱负鑷冲皯鏈変竴涓簮椤瑰皢鈥淧rivate鈥濊缃负鈥渇alse鈥濓紝鑰屾病鏈夋簮椤瑰皢鈥淧rivate鈥濊缃负鈥渢rue鈥濄€?
         涓诲紩鐢ㄢ€淢icrosoft.AspNetCore.DataProtection.Abstractions, Version=8.0.0.0, Culture=neutral, PublicKeyToken=adb9793829ddae60鈥濄€?
             瑙ｆ瀽鐨勬枃浠惰矾寰勪负鈥淐:\Program Files\dotnet\packs\Microsoft.AspNetCore.App.Ref\8.0.15\ref\net8.0\Microsoft.AspNetCore.DataProtection.Abstractions.dll鈥濄€?
             鍦ㄦ悳绱㈣矾寰勪綅缃€渰RawFileName}鈥濇壘鍒板紩鐢ㄣ€?
             姝ゅ紩鐢ㄤ笉鏄€淐opyLocal鈥濓紝鍥犱负鑷冲皯鏈変竴涓簮椤瑰皢鈥淧rivate鈥濊缃负鈥渇alse鈥濓紝鑰屾病鏈夋簮椤瑰皢鈥淧rivate鈥濊缃负鈥渢rue鈥濄€?
         涓诲紩鐢ㄢ€淢icrosoft.AspNetCore.DataProtection.Extensions, Version=8.0.0.0, Culture=neutral, PublicKeyToken=adb9793829ddae60鈥濄€?
             瑙ｆ瀽鐨勬枃浠惰矾寰勪负鈥淐:\Program Files\dotnet\packs\Microsoft.AspNetCore.App.Ref\8.0.15\ref\net8.0\Microsoft.AspNetCore.DataProtection.Extensions.dll鈥濄€?
             鍦ㄦ悳绱㈣矾寰勪綅缃€渰RawFileName}鈥濇壘鍒板紩鐢ㄣ€?
             姝ゅ紩鐢ㄤ笉鏄€淐opyLocal鈥濓紝鍥犱负鑷冲皯鏈変竴涓簮椤瑰皢鈥淧rivate鈥濊缃负鈥渇alse鈥濓紝鑰屾病鏈夋簮椤瑰皢鈥淧rivate鈥濊缃负鈥渢rue鈥濄€?
         涓诲紩鐢ㄢ€淢icrosoft.AspNetCore.DataProtection, Version=8.0.0.0, Culture=neutral, PublicKeyToken=adb9793829ddae60鈥濄€?
             瑙ｆ瀽鐨勬枃浠惰矾寰勪负鈥淐:\Program Files\dotnet\packs\Microsoft.AspNetCore.App.Ref\8.0.15\ref\net8.0\Microsoft.AspNetCore.DataProtection.dll鈥濄€?
             鍦ㄦ悳绱㈣矾寰勪綅缃€渰RawFileName}鈥濇壘鍒板紩鐢ㄣ€?
             姝ゅ紩鐢ㄤ笉鏄€淐opyLocal鈥濓紝鍥犱负鑷冲皯鏈変竴涓簮椤瑰皢鈥淧rivate鈥濊缃负鈥渇alse鈥濓紝鑰屾病鏈夋簮椤瑰皢鈥淧rivate鈥濊缃负鈥渢rue鈥濄€?
         涓诲紩鐢ㄢ€淢icrosoft.AspNetCore.Diagnostics.Abstractions, Version=8.0.0.0, Culture=neutral, PublicKeyToken=adb9793829ddae60鈥濄€?
             瑙ｆ瀽鐨勬枃浠惰矾寰勪负鈥淐:\Program Files\dotnet\packs\Microsoft.AspNetCore.App.Ref\8.0.15\ref\net8.0\Microsoft.AspNetCore.Diagnostics.Abstractions.dll鈥濄€?
             鍦ㄦ悳绱㈣矾寰勪綅缃€渰RawFileName}鈥濇壘鍒板紩鐢ㄣ€?
             姝ゅ紩鐢ㄤ笉鏄€淐opyLocal鈥濓紝鍥犱负鑷冲皯鏈変竴涓簮椤瑰皢鈥淧rivate鈥濊缃负鈥渇alse鈥濓紝鑰屾病鏈夋簮椤瑰皢鈥淧rivate鈥濊缃负鈥渢rue鈥濄€?
         涓诲紩鐢ㄢ€淢icrosoft.AspNetCore.Diagnostics.HealthChecks, Version=8.0.0.0, Culture=neutral, PublicKeyToken=adb9793829ddae60鈥濄€?
             瑙ｆ瀽鐨勬枃浠惰矾寰勪负鈥淐:\Program Files\dotnet\packs\Microsoft.AspNetCore.App.Ref\8.0.15\ref\net8.0\Microsoft.AspNetCore.Diagnostics.HealthChecks.dll鈥濄€?
             鍦ㄦ悳绱㈣矾寰勪綅缃€渰RawFileName}鈥濇壘鍒板紩鐢ㄣ€?
             姝ゅ紩鐢ㄤ笉鏄€淐opyLocal鈥濓紝鍥犱负鑷冲皯鏈変竴涓簮椤瑰皢鈥淧rivate鈥濊缃负鈥渇alse鈥濓紝鑰屾病鏈夋簮椤瑰皢鈥淧rivate鈥濊缃负鈥渢rue鈥濄€?
         涓诲紩鐢ㄢ€淢icrosoft.AspNetCore.Diagnostics, Version=8.0.0.0, Culture=neutral, PublicKeyToken=adb9793829ddae60鈥濄€?
             瑙ｆ瀽鐨勬枃浠惰矾寰勪负鈥淐:\Program Files\dotnet\packs\Microsoft.AspNetCore.App.Ref\8.0.15\ref\net8.0\Microsoft.AspNetCore.Diagnostics.dll鈥濄€?
             鍦ㄦ悳绱㈣矾寰勪綅缃€渰RawFileName}鈥濇壘鍒板紩鐢ㄣ€?
             姝ゅ紩鐢ㄤ笉鏄€淐opyLocal鈥濓紝鍥犱负鑷冲皯鏈変竴涓簮椤瑰皢鈥淧rivate鈥濊缃负鈥渇alse鈥濓紝鑰屾病鏈夋簮椤瑰皢鈥淧rivate鈥濊缃负鈥渢rue鈥濄€?
         涓诲紩鐢ㄢ€淢icrosoft.AspNetCore.HostFiltering, Version=8.0.0.0, Culture=neutral, PublicKeyToken=adb9793829ddae60鈥濄€?
             瑙ｆ瀽鐨勬枃浠惰矾寰勪负鈥淐:\Program Files\dotnet\packs\Microsoft.AspNetCore.App.Ref\8.0.15\ref\net8.0\Microsoft.AspNetCore.HostFiltering.dll鈥濄€?
             鍦ㄦ悳绱㈣矾寰勪綅缃€渰RawFileName}鈥濇壘鍒板紩鐢ㄣ€?
             姝ゅ紩鐢ㄤ笉鏄€淐opyLocal鈥濓紝鍥犱负鑷冲皯鏈変竴涓簮椤瑰皢鈥淧rivate鈥濊缃负鈥渇alse鈥濓紝鑰屾病鏈夋簮椤瑰皢鈥淧rivate鈥濊缃负鈥渢rue鈥濄€?
         涓诲紩鐢ㄢ€淢icrosoft.AspNetCore.Hosting.Abstractions, Version=8.0.0.0, Culture=neutral, PublicKeyToken=adb9793829ddae60鈥濄€?
             瑙ｆ瀽鐨勬枃浠惰矾寰勪负鈥淐:\Program Files\dotnet\packs\Microsoft.AspNetCore.App.Ref\8.0.15\ref\net8.0\Microsoft.AspNetCore.Hosting.Abstractions.dll鈥濄€?
             鍦ㄦ悳绱㈣矾寰勪綅缃€渰RawFileName}鈥濇壘鍒板紩鐢ㄣ€?
             姝ゅ紩鐢ㄤ笉鏄€淐opyLocal鈥濓紝鍥犱负鑷冲皯鏈変竴涓簮椤瑰皢鈥淧rivate鈥濊缃负鈥渇alse鈥濓紝鑰屾病鏈夋簮椤瑰皢鈥淧rivate鈥濊缃负鈥渢rue鈥濄€?
         涓诲紩鐢ㄢ€淢icrosoft.AspNetCore.Hosting.Server.Abstractions, Version=8.0.0.0, Culture=neutral, PublicKeyToken=adb9793829ddae60鈥濄€?
             瑙ｆ瀽鐨勬枃浠惰矾寰勪负鈥淐:\Program Files\dotnet\packs\Microsoft.AspNetCore.App.Ref\8.0.15\ref\net8.0\Microsoft.AspNetCore.Hosting.Server.Abstractions.dll鈥濄€?
             鍦ㄦ悳绱㈣矾寰勪綅缃€渰RawFileName}鈥濇壘鍒板紩鐢ㄣ€?
             姝ゅ紩鐢ㄤ笉鏄€淐opyLocal鈥濓紝鍥犱负鑷冲皯鏈変竴涓簮椤瑰皢鈥淧rivate鈥濊缃负鈥渇alse鈥濓紝鑰屾病鏈夋簮椤瑰皢鈥淧rivate鈥濊缃负鈥渢rue鈥濄€?
         涓诲紩鐢ㄢ€淢icrosoft.AspNetCore.Hosting, Version=8.0.0.0, Culture=neutral, PublicKeyToken=adb9793829ddae60鈥濄€?
             瑙ｆ瀽鐨勬枃浠惰矾寰勪负鈥淐:\Program Files\dotnet\packs\Microsoft.AspNetCore.App.Ref\8.0.15\ref\net8.0\Microsoft.AspNetCore.Hosting.dll鈥濄€?
             鍦ㄦ悳绱㈣矾寰勪綅缃€渰RawFileName}鈥濇壘鍒板紩鐢ㄣ€?
             姝ゅ紩鐢ㄤ笉鏄€淐opyLocal鈥濓紝鍥犱负鑷冲皯鏈変竴涓簮椤瑰皢鈥淧rivate鈥濊缃负鈥渇alse鈥濓紝鑰屾病鏈夋簮椤瑰皢鈥淧rivate鈥濊缃负鈥渢rue鈥濄€?
         涓诲紩鐢ㄢ€淢icrosoft.AspNetCore.Html.Abstractions, Version=8.0.0.0, Culture=neutral, PublicKeyToken=adb9793829ddae60鈥濄€?
             瑙ｆ瀽鐨勬枃浠惰矾寰勪负鈥淐:\Program Files\dotnet\packs\Microsoft.AspNetCore.App.Ref\8.0.15\ref\net8.0\Microsoft.AspNetCore.Html.Abstractions.dll鈥濄€?
             鍦ㄦ悳绱㈣矾寰勪綅缃€渰RawFileName}鈥濇壘鍒板紩鐢ㄣ€?
             姝ゅ紩鐢ㄤ笉鏄€淐opyLocal鈥濓紝鍥犱负鑷冲皯鏈変竴涓簮椤瑰皢鈥淧rivate鈥濊缃负鈥渇alse鈥濓紝鑰屾病鏈夋簮椤瑰皢鈥淧rivate鈥濊缃负鈥渢rue鈥濄€?
         涓诲紩鐢ㄢ€淢icrosoft.AspNetCore.Http.Abstractions, Version=8.0.0.0, Culture=neutral, PublicKeyToken=adb9793829ddae60鈥濄€?
             瑙ｆ瀽鐨勬枃浠惰矾寰勪负鈥淐:\Program Files\dotnet\packs\Microsoft.AspNetCore.App.Ref\8.0.15\ref\net8.0\Microsoft.AspNetCore.Http.Abstractions.dll鈥濄€?
             鍦ㄦ悳绱㈣矾寰勪綅缃€渰RawFileName}鈥濇壘鍒板紩鐢ㄣ€?
             姝ゅ紩鐢ㄤ笉鏄€淐opyLocal鈥濓紝鍥犱负鑷冲皯鏈変竴涓簮椤瑰皢鈥淧rivate鈥濊缃负鈥渇alse鈥濓紝鑰屾病鏈夋簮椤瑰皢鈥淧rivate鈥濊缃负鈥渢rue鈥濄€?
         涓诲紩鐢ㄢ€淢icrosoft.AspNetCore.Http.Connections.Common, Version=8.0.0.0, Culture=neutral, PublicKeyToken=adb9793829ddae60鈥濄€?
             瑙ｆ瀽鐨勬枃浠惰矾寰勪负鈥淐:\Program Files\dotnet\packs\Microsoft.AspNetCore.App.Ref\8.0.15\ref\net8.0\Microsoft.AspNetCore.Http.Connections.Common.dll鈥濄€?
             鍦ㄦ悳绱㈣矾寰勪綅缃€渰RawFileName}鈥濇壘鍒板紩鐢ㄣ€?
             姝ゅ紩鐢ㄤ笉鏄€淐opyLocal鈥濓紝鍥犱负鑷冲皯鏈変竴涓簮椤瑰皢鈥淧rivate鈥濊缃负鈥渇alse鈥濓紝鑰屾病鏈夋簮椤瑰皢鈥淧rivate鈥濊缃负鈥渢rue鈥濄€?
         涓诲紩鐢ㄢ€淢icrosoft.AspNetCore.Http.Connections, Version=8.0.0.0, Culture=neutral, PublicKeyToken=adb9793829ddae60鈥濄€?
             瑙ｆ瀽鐨勬枃浠惰矾寰勪负鈥淐:\Program Files\dotnet\packs\Microsoft.AspNetCore.App.Ref\8.0.15\ref\net8.0\Microsoft.AspNetCore.Http.Connections.dll鈥濄€?
             鍦ㄦ悳绱㈣矾寰勪綅缃€渰RawFileName}鈥濇壘鍒板紩鐢ㄣ€?
             姝ゅ紩鐢ㄤ笉鏄€淐opyLocal鈥濓紝鍥犱负鑷冲皯鏈変竴涓簮椤瑰皢鈥淧rivate鈥濊缃负鈥渇alse鈥濓紝鑰屾病鏈夋簮椤瑰皢鈥淧rivate鈥濊缃负鈥渢rue鈥濄€?
         涓诲紩鐢ㄢ€淢icrosoft.AspNetCore.Http.Extensions, Version=8.0.0.0, Culture=neutral, PublicKeyToken=adb9793829ddae60鈥濄€?
             瑙ｆ瀽鐨勬枃浠惰矾寰勪负鈥淐:\Program Files\dotnet\packs\Microsoft.AspNetCore.App.Ref\8.0.15\ref\net8.0\Microsoft.AspNetCore.Http.Extensions.dll鈥濄€?
             鍦ㄦ悳绱㈣矾寰勪綅缃€渰RawFileName}鈥濇壘鍒板紩鐢ㄣ€?
             姝ゅ紩鐢ㄤ笉鏄€淐opyLocal鈥濓紝鍥犱负鑷冲皯鏈変竴涓簮椤瑰皢鈥淧rivate鈥濊缃负鈥渇alse鈥濓紝鑰屾病鏈夋簮椤瑰皢鈥淧rivate鈥濊缃负鈥渢rue鈥濄€?
         涓诲紩鐢ㄢ€淢icrosoft.AspNetCore.Http.Features, Version=8.0.0.0, Culture=neutral, PublicKeyToken=adb9793829ddae60鈥濄€?
             瑙ｆ瀽鐨勬枃浠惰矾寰勪负鈥淐:\Program Files\dotnet\packs\Microsoft.AspNetCore.App.Ref\8.0.15\ref\net8.0\Microsoft.AspNetCore.Http.Features.dll鈥濄€?
             鍦ㄦ悳绱㈣矾寰勪綅缃€渰RawFileName}鈥濇壘鍒板紩鐢ㄣ€?
             姝ゅ紩鐢ㄤ笉鏄€淐opyLocal鈥濓紝鍥犱负鑷冲皯鏈変竴涓簮椤瑰皢鈥淧rivate鈥濊缃负鈥渇alse鈥濓紝鑰屾病鏈夋簮椤瑰皢鈥淧rivate鈥濊缃负鈥渢rue鈥濄€?
         涓诲紩鐢ㄢ€淢icrosoft.AspNetCore.Http.Results, Version=8.0.0.0, Culture=neutral, PublicKeyToken=adb9793829ddae60鈥濄€?
             瑙ｆ瀽鐨勬枃浠惰矾寰勪负鈥淐:\Program Files\dotnet\packs\Microsoft.AspNetCore.App.Ref\8.0.15\ref\net8.0\Microsoft.AspNetCore.Http.Results.dll鈥濄€?
             鍦ㄦ悳绱㈣矾寰勪綅缃€渰RawFileName}鈥濇壘鍒板紩鐢ㄣ€?
             姝ゅ紩鐢ㄤ笉鏄€淐opyLocal鈥濓紝鍥犱负鑷冲皯鏈変竴涓簮椤瑰皢鈥淧rivate鈥濊缃负鈥渇alse鈥濓紝鑰屾病鏈夋簮椤瑰皢鈥淧rivate鈥濊缃负鈥渢rue鈥濄€?
         涓诲紩鐢ㄢ€淢icrosoft.AspNetCore.Http, Version=8.0.0.0, Culture=neutral, PublicKeyToken=adb9793829ddae60鈥濄€?
             瑙ｆ瀽鐨勬枃浠惰矾寰勪负鈥淐:\Program Files\dotnet\packs\Microsoft.AspNetCore.App.Ref\8.0.15\ref\net8.0\Microsoft.AspNetCore.Http.dll鈥濄€?
             鍦ㄦ悳绱㈣矾寰勪綅缃€渰RawFileName}鈥濇壘鍒板紩鐢ㄣ€?
             姝ゅ紩鐢ㄤ笉鏄€淐opyLocal鈥濓紝鍥犱负鑷冲皯鏈変竴涓簮椤瑰皢鈥淧rivate鈥濊缃负鈥渇alse鈥濓紝鑰屾病鏈夋簮椤瑰皢鈥淧rivate鈥濊缃负鈥渢rue鈥濄€?
         涓诲紩鐢ㄢ€淢icrosoft.AspNetCore.HttpLogging, Version=8.0.0.0, Culture=neutral, PublicKeyToken=adb9793829ddae60鈥濄€?
             瑙ｆ瀽鐨勬枃浠惰矾寰勪负鈥淐:\Program Files\dotnet\packs\Microsoft.AspNetCore.App.Ref\8.0.15\ref\net8.0\Microsoft.AspNetCore.HttpLogging.dll鈥濄€?
             鍦ㄦ悳绱㈣矾寰勪綅缃€渰RawFileName}鈥濇壘鍒板紩鐢ㄣ€?
             姝ゅ紩鐢ㄤ笉鏄€淐opyLocal鈥濓紝鍥犱负鑷冲皯鏈変竴涓簮椤瑰皢鈥淧rivate鈥濊缃负鈥渇alse鈥濓紝鑰屾病鏈夋簮椤瑰皢鈥淧rivate鈥濊缃负鈥渢rue鈥濄€?
         涓诲紩鐢ㄢ€淢icrosoft.AspNetCore.HttpOverrides, Version=8.0.0.0, Culture=neutral, PublicKeyToken=adb9793829ddae60鈥濄€?
             瑙ｆ瀽鐨勬枃浠惰矾寰勪负鈥淐:\Program Files\dotnet\packs\Microsoft.AspNetCore.App.Ref\8.0.15\ref\net8.0\Microsoft.AspNetCore.HttpOverrides.dll鈥濄€?
             鍦ㄦ悳绱㈣矾寰勪綅缃€渰RawFileName}鈥濇壘鍒板紩鐢ㄣ€?
             姝ゅ紩鐢ㄤ笉鏄€淐opyLocal鈥濓紝鍥犱负鑷冲皯鏈変竴涓簮椤瑰皢鈥淧rivate鈥濊缃负鈥渇alse鈥濓紝鑰屾病鏈夋簮椤瑰皢鈥淧rivate鈥濊缃负鈥渢rue鈥濄€?
         涓诲紩鐢ㄢ€淢icrosoft.AspNetCore.HttpsPolicy, Version=8.0.0.0, Culture=neutral, PublicKeyToken=adb9793829ddae60鈥濄€?
             瑙ｆ瀽鐨勬枃浠惰矾寰勪负鈥淐:\Program Files\dotnet\packs\Microsoft.AspNetCore.App.Ref\8.0.15\ref\net8.0\Microsoft.AspNetCore.HttpsPolicy.dll鈥濄€?
             鍦ㄦ悳绱㈣矾寰勪綅缃€渰RawFileName}鈥濇壘鍒板紩鐢ㄣ€?
             姝ゅ紩鐢ㄤ笉鏄€淐opyLocal鈥濓紝鍥犱负鑷冲皯鏈変竴涓簮椤瑰皢鈥淧rivate鈥濊缃负鈥渇alse鈥濓紝鑰屾病鏈夋簮椤瑰皢鈥淧rivate鈥濊缃负鈥渢rue鈥濄€?
         涓诲紩鐢ㄢ€淢icrosoft.AspNetCore.Identity, Version=8.0.0.0, Culture=neutral, PublicKeyToken=adb9793829ddae60鈥濄€?
             瑙ｆ瀽鐨勬枃浠惰矾寰勪负鈥淐:\Program Files\dotnet\packs\Microsoft.AspNetCore.App.Ref\8.0.15\ref\net8.0\Microsoft.AspNetCore.Identity.dll鈥濄€?
             鍦ㄦ悳绱㈣矾寰勪綅缃€渰RawFileName}鈥濇壘鍒板紩鐢ㄣ€?
             姝ゅ紩鐢ㄤ笉鏄€淐opyLocal鈥濓紝鍥犱负鑷冲皯鏈変竴涓簮椤瑰皢鈥淧rivate鈥濊缃负鈥渇alse鈥濓紝鑰屾病鏈夋簮椤瑰皢鈥淧rivate鈥濊缃负鈥渢rue鈥濄€?
         涓诲紩鐢ㄢ€淢icrosoft.AspNetCore.Localization.Routing, Version=8.0.0.0, Culture=neutral, PublicKeyToken=adb9793829ddae60鈥濄€?
             瑙ｆ瀽鐨勬枃浠惰矾寰勪负鈥淐:\Program Files\dotnet\packs\Microsoft.AspNetCore.App.Ref\8.0.15\ref\net8.0\Microsoft.AspNetCore.Localization.Routing.dll鈥濄€?
             鍦ㄦ悳绱㈣矾寰勪綅缃€渰RawFileName}鈥濇壘鍒板紩鐢ㄣ€?
             姝ゅ紩鐢ㄤ笉鏄€淐opyLocal鈥濓紝鍥犱负鑷冲皯鏈変竴涓簮椤瑰皢鈥淧rivate鈥濊缃负鈥渇alse鈥濓紝鑰屾病鏈夋簮椤瑰皢鈥淧rivate鈥濊缃负鈥渢rue鈥濄€?
         涓诲紩鐢ㄢ€淢icrosoft.AspNetCore.Localization, Version=8.0.0.0, Culture=neutral, PublicKeyToken=adb9793829ddae60鈥濄€?
             瑙ｆ瀽鐨勬枃浠惰矾寰勪负鈥淐:\Program Files\dotnet\packs\Microsoft.AspNetCore.App.Ref\8.0.15\ref\net8.0\Microsoft.AspNetCore.Localization.dll鈥濄€?
             鍦ㄦ悳绱㈣矾寰勪綅缃€渰RawFileName}鈥濇壘鍒板紩鐢ㄣ€?
             姝ゅ紩鐢ㄤ笉鏄€淐opyLocal鈥濓紝鍥犱负鑷冲皯鏈変竴涓簮椤瑰皢鈥淧rivate鈥濊缃负鈥渇alse鈥濓紝鑰屾病鏈夋簮椤瑰皢鈥淧rivate鈥濊缃负鈥渢rue鈥濄€?
         涓诲紩鐢ㄢ€淢icrosoft.AspNetCore.Metadata, Version=8.0.0.0, Culture=neutral, PublicKeyToken=adb9793829ddae60鈥濄€?
             瑙ｆ瀽鐨勬枃浠惰矾寰勪负鈥淐:\Program Files\dotnet\packs\Microsoft.AspNetCore.App.Ref\8.0.15\ref\net8.0\Microsoft.AspNetCore.Metadata.dll鈥濄€?
             鍦ㄦ悳绱㈣矾寰勪綅缃€渰RawFileName}鈥濇壘鍒板紩鐢ㄣ€?
             姝ゅ紩鐢ㄤ笉鏄€淐opyLocal鈥濓紝鍥犱负鑷冲皯鏈変竴涓簮椤瑰皢鈥淧rivate鈥濊缃负鈥渇alse鈥濓紝鑰屾病鏈夋簮椤瑰皢鈥淧rivate鈥濊缃负鈥渢rue鈥濄€?
         涓诲紩鐢ㄢ€淢icrosoft.AspNetCore.Mvc.Abstractions, Version=8.0.0.0, Culture=neutral, PublicKeyToken=adb9793829ddae60鈥濄€?
             瑙ｆ瀽鐨勬枃浠惰矾寰勪负鈥淐:\Program Files\dotnet\packs\Microsoft.AspNetCore.App.Ref\8.0.15\ref\net8.0\Microsoft.AspNetCore.Mvc.Abstractions.dll鈥濄€?
             鍦ㄦ悳绱㈣矾寰勪綅缃€渰RawFileName}鈥濇壘鍒板紩鐢ㄣ€?
             姝ゅ紩鐢ㄤ笉鏄€淐opyLocal鈥濓紝鍥犱负鑷冲皯鏈変竴涓簮椤瑰皢鈥淧rivate鈥濊缃负鈥渇alse鈥濓紝鑰屾病鏈夋簮椤瑰皢鈥淧rivate鈥濊缃负鈥渢rue鈥濄€?
         涓诲紩鐢ㄢ€淢icrosoft.AspNetCore.Mvc.ApiExplorer, Version=8.0.0.0, Culture=neutral, PublicKeyToken=adb9793829ddae60鈥濄€?
             瑙ｆ瀽鐨勬枃浠惰矾寰勪负鈥淐:\Program Files\dotnet\packs\Microsoft.AspNetCore.App.Ref\8.0.15\ref\net8.0\Microsoft.AspNetCore.Mvc.ApiExplorer.dll鈥濄€?
             鍦ㄦ悳绱㈣矾寰勪綅缃€渰RawFileName}鈥濇壘鍒板紩鐢ㄣ€?
             姝ゅ紩鐢ㄤ笉鏄€淐opyLocal鈥濓紝鍥犱负鑷冲皯鏈変竴涓簮椤瑰皢鈥淧rivate鈥濊缃负鈥渇alse鈥濓紝鑰屾病鏈夋簮椤瑰皢鈥淧rivate鈥濊缃负鈥渢rue鈥濄€?
         涓诲紩鐢ㄢ€淢icrosoft.AspNetCore.Mvc.Core, Version=8.0.0.0, Culture=neutral, PublicKeyToken=adb9793829ddae60鈥濄€?
             瑙ｆ瀽鐨勬枃浠惰矾寰勪负鈥淐:\Program Files\dotnet\packs\Microsoft.AspNetCore.App.Ref\8.0.15\ref\net8.0\Microsoft.AspNetCore.Mvc.Core.dll鈥濄€?
             鍦ㄦ悳绱㈣矾寰勪綅缃€渰RawFileName}鈥濇壘鍒板紩鐢ㄣ€?
             姝ゅ紩鐢ㄤ笉鏄€淐opyLocal鈥濓紝鍥犱负鑷冲皯鏈変竴涓簮椤瑰皢鈥淧rivate鈥濊缃负鈥渇alse鈥濓紝鑰屾病鏈夋簮椤瑰皢鈥淧rivate鈥濊缃负鈥渢rue鈥濄€?
         涓诲紩鐢ㄢ€淢icrosoft.AspNetCore.Mvc.Cors, Version=8.0.0.0, Culture=neutral, PublicKeyToken=adb9793829ddae60鈥濄€?
             瑙ｆ瀽鐨勬枃浠惰矾寰勪负鈥淐:\Program Files\dotnet\packs\Microsoft.AspNetCore.App.Ref\8.0.15\ref\net8.0\Microsoft.AspNetCore.Mvc.Cors.dll鈥濄€?
             鍦ㄦ悳绱㈣矾寰勪綅缃€渰RawFileName}鈥濇壘鍒板紩鐢ㄣ€?
             姝ゅ紩鐢ㄤ笉鏄€淐opyLocal鈥濓紝鍥犱负鑷冲皯鏈変竴涓簮椤瑰皢鈥淧rivate鈥濊缃负鈥渇alse鈥濓紝鑰屾病鏈夋簮椤瑰皢鈥淧rivate鈥濊缃负鈥渢rue鈥濄€?
         涓诲紩鐢ㄢ€淢icrosoft.AspNetCore.Mvc.DataAnnotations, Version=8.0.0.0, Culture=neutral, PublicKeyToken=adb9793829ddae60鈥濄€?
             瑙ｆ瀽鐨勬枃浠惰矾寰勪负鈥淐:\Program Files\dotnet\packs\Microsoft.AspNetCore.App.Ref\8.0.15\ref\net8.0\Microsoft.AspNetCore.Mvc.DataAnnotations.dll鈥濄€?
             鍦ㄦ悳绱㈣矾寰勪綅缃€渰RawFileName}鈥濇壘鍒板紩鐢ㄣ€?
             姝ゅ紩鐢ㄤ笉鏄€淐opyLocal鈥濓紝鍥犱负鑷冲皯鏈変竴涓簮椤瑰皢鈥淧rivate鈥濊缃负鈥渇alse鈥濓紝鑰屾病鏈夋簮椤瑰皢鈥淧rivate鈥濊缃负鈥渢rue鈥濄€?
         涓诲紩鐢ㄢ€淢icrosoft.AspNetCore.Mvc.Formatters.Json, Version=8.0.0.0, Culture=neutral, PublicKeyToken=adb9793829ddae60鈥濄€?
             瑙ｆ瀽鐨勬枃浠惰矾寰勪负鈥淐:\Program Files\dotnet\packs\Microsoft.AspNetCore.App.Ref\8.0.15\ref\net8.0\Microsoft.AspNetCore.Mvc.Formatters.Json.dll鈥濄€?
             鍦ㄦ悳绱㈣矾寰勪綅缃€渰RawFileName}鈥濇壘鍒板紩鐢ㄣ€?
             姝ゅ紩鐢ㄤ笉鏄€淐opyLocal鈥濓紝鍥犱负鑷冲皯鏈変竴涓簮椤瑰皢鈥淧rivate鈥濊缃负鈥渇alse鈥濓紝鑰屾病鏈夋簮椤瑰皢鈥淧rivate鈥濊缃负鈥渢rue鈥濄€?
         涓诲紩鐢ㄢ€淢icrosoft.AspNetCore.Mvc.Formatters.Xml, Version=8.0.0.0, Culture=neutral, PublicKeyToken=adb9793829ddae60鈥濄€?
             瑙ｆ瀽鐨勬枃浠惰矾寰勪负鈥淐:\Program Files\dotnet\packs\Microsoft.AspNetCore.App.Ref\8.0.15\ref\net8.0\Microsoft.AspNetCore.Mvc.Formatters.Xml.dll鈥濄€?
             鍦ㄦ悳绱㈣矾寰勪綅缃€渰RawFileName}鈥濇壘鍒板紩鐢ㄣ€?
             姝ゅ紩鐢ㄤ笉鏄€淐opyLocal鈥濓紝鍥犱负鑷冲皯鏈変竴涓簮椤瑰皢鈥淧rivate鈥濊缃负鈥渇alse鈥濓紝鑰屾病鏈夋簮椤瑰皢鈥淧rivate鈥濊缃负鈥渢rue鈥濄€?
         涓诲紩鐢ㄢ€淢icrosoft.AspNetCore.Mvc.Localization, Version=8.0.0.0, Culture=neutral, PublicKeyToken=adb9793829ddae60鈥濄€?
             瑙ｆ瀽鐨勬枃浠惰矾寰勪负鈥淐:\Program Files\dotnet\packs\Microsoft.AspNetCore.App.Ref\8.0.15\ref\net8.0\Microsoft.AspNetCore.Mvc.Localization.dll鈥濄€?
             鍦ㄦ悳绱㈣矾寰勪綅缃€渰RawFileName}鈥濇壘鍒板紩鐢ㄣ€?
             姝ゅ紩鐢ㄤ笉鏄€淐opyLocal鈥濓紝鍥犱负鑷冲皯鏈変竴涓簮椤瑰皢鈥淧rivate鈥濊缃负鈥渇alse鈥濓紝鑰屾病鏈夋簮椤瑰皢鈥淧rivate鈥濊缃负鈥渢rue鈥濄€?
         涓诲紩鐢ㄢ€淢icrosoft.AspNetCore.Mvc.Razor, Version=8.0.0.0, Culture=neutral, PublicKeyToken=adb9793829ddae60鈥濄€?
             瑙ｆ瀽鐨勬枃浠惰矾寰勪负鈥淐:\Program Files\dotnet\packs\Microsoft.AspNetCore.App.Ref\8.0.15\ref\net8.0\Microsoft.AspNetCore.Mvc.Razor.dll鈥濄€?
             鍦ㄦ悳绱㈣矾寰勪綅缃€渰RawFileName}鈥濇壘鍒板紩鐢ㄣ€?
             姝ゅ紩鐢ㄤ笉鏄€淐opyLocal鈥濓紝鍥犱负鑷冲皯鏈変竴涓簮椤瑰皢鈥淧rivate鈥濊缃负鈥渇alse鈥濓紝鑰屾病鏈夋簮椤瑰皢鈥淧rivate鈥濊缃负鈥渢rue鈥濄€?
         涓诲紩鐢ㄢ€淢icrosoft.AspNetCore.Mvc.RazorPages, Version=8.0.0.0, Culture=neutral, PublicKeyToken=adb9793829ddae60鈥濄€?
             瑙ｆ瀽鐨勬枃浠惰矾寰勪负鈥淐:\Program Files\dotnet\packs\Microsoft.AspNetCore.App.Ref\8.0.15\ref\net8.0\Microsoft.AspNetCore.Mvc.RazorPages.dll鈥濄€?
             鍦ㄦ悳绱㈣矾寰勪綅缃€渰RawFileName}鈥濇壘鍒板紩鐢ㄣ€?
             姝ゅ紩鐢ㄤ笉鏄€淐opyLocal鈥濓紝鍥犱负鑷冲皯鏈変竴涓簮椤瑰皢鈥淧rivate鈥濊缃负鈥渇alse鈥濓紝鑰屾病鏈夋簮椤瑰皢鈥淧rivate鈥濊缃负鈥渢rue鈥濄€?
         涓诲紩鐢ㄢ€淢icrosoft.AspNetCore.Mvc.TagHelpers, Version=8.0.0.0, Culture=neutral, PublicKeyToken=adb9793829ddae60鈥濄€?
             瑙ｆ瀽鐨勬枃浠惰矾寰勪负鈥淐:\Program Files\dotnet\packs\Microsoft.AspNetCore.App.Ref\8.0.15\ref\net8.0\Microsoft.AspNetCore.Mvc.TagHelpers.dll鈥濄€?
             鍦ㄦ悳绱㈣矾寰勪綅缃€渰RawFileName}鈥濇壘鍒板紩鐢ㄣ€?
             姝ゅ紩鐢ㄤ笉鏄€淐opyLocal鈥濓紝鍥犱负鑷冲皯鏈変竴涓簮椤瑰皢鈥淧rivate鈥濊缃负鈥渇alse鈥濓紝鑰屾病鏈夋簮椤瑰皢鈥淧rivate鈥濊缃负鈥渢rue鈥濄€?
         涓诲紩鐢ㄢ€淢icrosoft.AspNetCore.Mvc.ViewFeatures, Version=8.0.0.0, Culture=neutral, PublicKeyToken=adb9793829ddae60鈥濄€?
             瑙ｆ瀽鐨勬枃浠惰矾寰勪负鈥淐:\Program Files\dotnet\packs\Microsoft.AspNetCore.App.Ref\8.0.15\ref\net8.0\Microsoft.AspNetCore.Mvc.ViewFeatures.dll鈥濄€?
             鍦ㄦ悳绱㈣矾寰勪綅缃€渰RawFileName}鈥濇壘鍒板紩鐢ㄣ€?
             姝ゅ紩鐢ㄤ笉鏄€淐opyLocal鈥濓紝鍥犱负鑷冲皯鏈変竴涓簮椤瑰皢鈥淧rivate鈥濊缃负鈥渇alse鈥濓紝鑰屾病鏈夋簮椤瑰皢鈥淧rivate鈥濊缃负鈥渢rue鈥濄€?
         涓诲紩鐢ㄢ€淢icrosoft.AspNetCore.Mvc, Version=8.0.0.0, Culture=neutral, PublicKeyToken=adb9793829ddae60鈥濄€?
             瑙ｆ瀽鐨勬枃浠惰矾寰勪负鈥淐:\Program Files\dotnet\packs\Microsoft.AspNetCore.App.Ref\8.0.15\ref\net8.0\Microsoft.AspNetCore.Mvc.dll鈥濄€?
             鍦ㄦ悳绱㈣矾寰勪綅缃€渰RawFileName}鈥濇壘鍒板紩鐢ㄣ€?
             姝ゅ紩鐢ㄤ笉鏄€淐opyLocal鈥濓紝鍥犱负鑷冲皯鏈変竴涓簮椤瑰皢鈥淧rivate鈥濊缃负鈥渇alse鈥濓紝鑰屾病鏈夋簮椤瑰皢鈥淧rivate鈥濊缃负鈥渢rue鈥濄€?
         涓诲紩鐢ㄢ€淢icrosoft.AspNetCore.OutputCaching, Version=8.0.0.0, Culture=neutral, PublicKeyToken=adb9793829ddae60鈥濄€?
             瑙ｆ瀽鐨勬枃浠惰矾寰勪负鈥淐:\Program Files\dotnet\packs\Microsoft.AspNetCore.App.Ref\8.0.15\ref\net8.0\Microsoft.AspNetCore.OutputCaching.dll鈥濄€?
             鍦ㄦ悳绱㈣矾寰勪綅缃€渰RawFileName}鈥濇壘鍒板紩鐢ㄣ€?
             姝ゅ紩鐢ㄤ笉鏄€淐opyLocal鈥濓紝鍥犱负鑷冲皯鏈変竴涓簮椤瑰皢鈥淧rivate鈥濊缃负鈥渇alse鈥濓紝鑰屾病鏈夋簮椤瑰皢鈥淧rivate鈥濊缃负鈥渢rue鈥濄€?
         涓诲紩鐢ㄢ€淢icrosoft.AspNetCore.RateLimiting, Version=8.0.0.0, Culture=neutral, PublicKeyToken=adb9793829ddae60鈥濄€?
             瑙ｆ瀽鐨勬枃浠惰矾寰勪负鈥淐:\Program Files\dotnet\packs\Microsoft.AspNetCore.App.Ref\8.0.15\ref\net8.0\Microsoft.AspNetCore.RateLimiting.dll鈥濄€?
             鍦ㄦ悳绱㈣矾寰勪綅缃€渰RawFileName}鈥濇壘鍒板紩鐢ㄣ€?
             姝ゅ紩鐢ㄤ笉鏄€淐opyLocal鈥濓紝鍥犱负鑷冲皯鏈変竴涓簮椤瑰皢鈥淧rivate鈥濊缃负鈥渇alse鈥濓紝鑰屾病鏈夋簮椤瑰皢鈥淧rivate鈥濊缃负鈥渢rue鈥濄€?
         涓诲紩鐢ㄢ€淢icrosoft.AspNetCore.Razor.Runtime, Version=8.0.0.0, Culture=neutral, PublicKeyToken=adb9793829ddae60鈥濄€?
             瑙ｆ瀽鐨勬枃浠惰矾寰勪负鈥淐:\Program Files\dotnet\packs\Microsoft.AspNetCore.App.Ref\8.0.15\ref\net8.0\Microsoft.AspNetCore.Razor.Runtime.dll鈥濄€?
             鍦ㄦ悳绱㈣矾寰勪綅缃€渰RawFileName}鈥濇壘鍒板紩鐢ㄣ€?
             姝ゅ紩鐢ㄤ笉鏄€淐opyLocal鈥濓紝鍥犱负鑷冲皯鏈変竴涓簮椤瑰皢鈥淧rivate鈥濊缃负鈥渇alse鈥濓紝鑰屾病鏈夋簮椤瑰皢鈥淧rivate鈥濊缃负鈥渢rue鈥濄€?
         涓诲紩鐢ㄢ€淢icrosoft.AspNetCore.Razor, Version=8.0.0.0, Culture=neutral, PublicKeyToken=adb9793829ddae60鈥濄€?
             瑙ｆ瀽鐨勬枃浠惰矾寰勪负鈥淐:\Program Files\dotnet\packs\Microsoft.AspNetCore.App.Ref\8.0.15\ref\net8.0\Microsoft.AspNetCore.Razor.dll鈥濄€?
             鍦ㄦ悳绱㈣矾寰勪綅缃€渰RawFileName}鈥濇壘鍒板紩鐢ㄣ€?
             姝ゅ紩鐢ㄤ笉鏄€淐opyLocal鈥濓紝鍥犱负鑷冲皯鏈変竴涓簮椤瑰皢鈥淧rivate鈥濊缃负鈥渇alse鈥濓紝鑰屾病鏈夋簮椤瑰皢鈥淧rivate鈥濊缃负鈥渢rue鈥濄€?
         涓诲紩鐢ㄢ€淢icrosoft.AspNetCore.RequestDecompression, Version=8.0.0.0, Culture=neutral, PublicKeyToken=adb9793829ddae60鈥濄€?
             瑙ｆ瀽鐨勬枃浠惰矾寰勪负鈥淐:\Program Files\dotnet\packs\Microsoft.AspNetCore.App.Ref\8.0.15\ref\net8.0\Microsoft.AspNetCore.RequestDecompression.dll鈥濄€?
             鍦ㄦ悳绱㈣矾寰勪綅缃€渰RawFileName}鈥濇壘鍒板紩鐢ㄣ€?
             姝ゅ紩鐢ㄤ笉鏄€淐opyLocal鈥濓紝鍥犱负鑷冲皯鏈変竴涓簮椤瑰皢鈥淧rivate鈥濊缃负鈥渇alse鈥濓紝鑰屾病鏈夋簮椤瑰皢鈥淧rivate鈥濊缃负鈥渢rue鈥濄€?
         涓诲紩鐢ㄢ€淢icrosoft.AspNetCore.ResponseCaching.Abstractions, Version=8.0.0.0, Culture=neutral, PublicKeyToken=adb9793829ddae60鈥濄€?
             瑙ｆ瀽鐨勬枃浠惰矾寰勪负鈥淐:\Program Files\dotnet\packs\Microsoft.AspNetCore.App.Ref\8.0.15\ref\net8.0\Microsoft.AspNetCore.ResponseCaching.Abstractions.dll鈥濄€?
             鍦ㄦ悳绱㈣矾寰勪綅缃€渰RawFileName}鈥濇壘鍒板紩鐢ㄣ€?
             姝ゅ紩鐢ㄤ笉鏄€淐opyLocal鈥濓紝鍥犱负鑷冲皯鏈変竴涓簮椤瑰皢鈥淧rivate鈥濊缃负鈥渇alse鈥濓紝鑰屾病鏈夋簮椤瑰皢鈥淧rivate鈥濊缃负鈥渢rue鈥濄€?
         涓诲紩鐢ㄢ€淢icrosoft.AspNetCore.ResponseCaching, Version=8.0.0.0, Culture=neutral, PublicKeyToken=adb9793829ddae60鈥濄€?
             瑙ｆ瀽鐨勬枃浠惰矾寰勪负鈥淐:\Program Files\dotnet\packs\Microsoft.AspNetCore.App.Ref\8.0.15\ref\net8.0\Microsoft.AspNetCore.ResponseCaching.dll鈥濄€?
             鍦ㄦ悳绱㈣矾寰勪綅缃€渰RawFileName}鈥濇壘鍒板紩鐢ㄣ€?
             姝ゅ紩鐢ㄤ笉鏄€淐opyLocal鈥濓紝鍥犱负鑷冲皯鏈変竴涓簮椤瑰皢鈥淧rivate鈥濊缃负鈥渇alse鈥濓紝鑰屾病鏈夋簮椤瑰皢鈥淧rivate鈥濊缃负鈥渢rue鈥濄€?
         涓诲紩鐢ㄢ€淢icrosoft.AspNetCore.ResponseCompression, Version=8.0.0.0, Culture=neutral, PublicKeyToken=adb9793829ddae60鈥濄€?
             瑙ｆ瀽鐨勬枃浠惰矾寰勪负鈥淐:\Program Files\dotnet\packs\Microsoft.AspNetCore.App.Ref\8.0.15\ref\net8.0\Microsoft.AspNetCore.ResponseCompression.dll鈥濄€?
             鍦ㄦ悳绱㈣矾寰勪綅缃€渰RawFileName}鈥濇壘鍒板紩鐢ㄣ€?
             姝ゅ紩鐢ㄤ笉鏄€淐opyLocal鈥濓紝鍥犱负鑷冲皯鏈変竴涓簮椤瑰皢鈥淧rivate鈥濊缃负鈥渇alse鈥濓紝鑰屾病鏈夋簮椤瑰皢鈥淧rivate鈥濊缃负鈥渢rue鈥濄€?
         涓诲紩鐢ㄢ€淢icrosoft.AspNetCore.Rewrite, Version=8.0.0.0, Culture=neutral, PublicKeyToken=adb9793829ddae60鈥濄€?
             瑙ｆ瀽鐨勬枃浠惰矾寰勪负鈥淐:\Program Files\dotnet\packs\Microsoft.AspNetCore.App.Ref\8.0.15\ref\net8.0\Microsoft.AspNetCore.Rewrite.dll鈥濄€?
             鍦ㄦ悳绱㈣矾寰勪綅缃€渰RawFileName}鈥濇壘鍒板紩鐢ㄣ€?
             姝ゅ紩鐢ㄤ笉鏄€淐opyLocal鈥濓紝鍥犱负鑷冲皯鏈変竴涓簮椤瑰皢鈥淧rivate鈥濊缃负鈥渇alse鈥濓紝鑰屾病鏈夋簮椤瑰皢鈥淧rivate鈥濊缃负鈥渢rue鈥濄€?
         涓诲紩鐢ㄢ€淢icrosoft.AspNetCore.Routing.Abstractions, Version=8.0.0.0, Culture=neutral, PublicKeyToken=adb9793829ddae60鈥濄€?
             瑙ｆ瀽鐨勬枃浠惰矾寰勪负鈥淐:\Program Files\dotnet\packs\Microsoft.AspNetCore.App.Ref\8.0.15\ref\net8.0\Microsoft.AspNetCore.Routing.Abstractions.dll鈥濄€?
             鍦ㄦ悳绱㈣矾寰勪綅缃€渰RawFileName}鈥濇壘鍒板紩鐢ㄣ€?
             姝ゅ紩鐢ㄤ笉鏄€淐opyLocal鈥濓紝鍥犱负鑷冲皯鏈変竴涓簮椤瑰皢鈥淧rivate鈥濊缃负鈥渇alse鈥濓紝鑰屾病鏈夋簮椤瑰皢鈥淧rivate鈥濊缃负鈥渢rue鈥濄€?
         涓诲紩鐢ㄢ€淢icrosoft.AspNetCore.Routing, Version=8.0.0.0, Culture=neutral, PublicKeyToken=adb9793829ddae60鈥濄€?
             瑙ｆ瀽鐨勬枃浠惰矾寰勪负鈥淐:\Program Files\dotnet\packs\Microsoft.AspNetCore.App.Ref\8.0.15\ref\net8.0\Microsoft.AspNetCore.Routing.dll鈥濄€?
             鍦ㄦ悳绱㈣矾寰勪綅缃€渰RawFileName}鈥濇壘鍒板紩鐢ㄣ€?
             姝ゅ紩鐢ㄤ笉鏄€淐opyLocal鈥濓紝鍥犱负鑷冲皯鏈変竴涓簮椤瑰皢鈥淧rivate鈥濊缃负鈥渇alse鈥濓紝鑰屾病鏈夋簮椤瑰皢鈥淧rivate鈥濊缃负鈥渢rue鈥濄€?
         涓诲紩鐢ㄢ€淢icrosoft.AspNetCore.Server.HttpSys, Version=8.0.0.0, Culture=neutral, PublicKeyToken=adb9793829ddae60鈥濄€?
             瑙ｆ瀽鐨勬枃浠惰矾寰勪负鈥淐:\Program Files\dotnet\packs\Microsoft.AspNetCore.App.Ref\8.0.15\ref\net8.0\Microsoft.AspNetCore.Server.HttpSys.dll鈥濄€?
             鍦ㄦ悳绱㈣矾寰勪綅缃€渰RawFileName}鈥濇壘鍒板紩鐢ㄣ€?
             姝ゅ紩鐢ㄤ笉鏄€淐opyLocal鈥濓紝鍥犱负鑷冲皯鏈変竴涓簮椤瑰皢鈥淧rivate鈥濊缃负鈥渇alse鈥濓紝鑰屾病鏈夋簮椤瑰皢鈥淧rivate鈥濊缃负鈥渢rue鈥濄€?
         涓诲紩鐢ㄢ€淢icrosoft.AspNetCore.Server.IIS, Version=8.0.0.0, Culture=neutral, PublicKeyToken=adb9793829ddae60鈥濄€?
             瑙ｆ瀽鐨勬枃浠惰矾寰勪负鈥淐:\Program Files\dotnet\packs\Microsoft.AspNetCore.App.Ref\8.0.15\ref\net8.0\Microsoft.AspNetCore.Server.IIS.dll鈥濄€?
             鍦ㄦ悳绱㈣矾寰勪綅缃€渰RawFileName}鈥濇壘鍒板紩鐢ㄣ€?
             姝ゅ紩鐢ㄤ笉鏄€淐opyLocal鈥濓紝鍥犱负鑷冲皯鏈変竴涓簮椤瑰皢鈥淧rivate鈥濊缃负鈥渇alse鈥濓紝鑰屾病鏈夋簮椤瑰皢鈥淧rivate鈥濊缃负鈥渢rue鈥濄€?
         涓诲紩鐢ㄢ€淢icrosoft.AspNetCore.Server.IISIntegration, Version=8.0.0.0, Culture=neutral, PublicKeyToken=adb9793829ddae60鈥濄€?
             瑙ｆ瀽鐨勬枃浠惰矾寰勪负鈥淐:\Program Files\dotnet\packs\Microsoft.AspNetCore.App.Ref\8.0.15\ref\net8.0\Microsoft.AspNetCore.Server.IISIntegration.dll鈥濄€?
             鍦ㄦ悳绱㈣矾寰勪綅缃€渰RawFileName}鈥濇壘鍒板紩鐢ㄣ€?
             姝ゅ紩鐢ㄤ笉鏄€淐opyLocal鈥濓紝鍥犱负鑷冲皯鏈変竴涓簮椤瑰皢鈥淧rivate鈥濊缃负鈥渇alse鈥濓紝鑰屾病鏈夋簮椤瑰皢鈥淧rivate鈥濊缃负鈥渢rue鈥濄€?
         涓诲紩鐢ㄢ€淢icrosoft.AspNetCore.Server.Kestrel.Core, Version=8.0.0.0, Culture=neutral, PublicKeyToken=adb9793829ddae60鈥濄€?
             瑙ｆ瀽鐨勬枃浠惰矾寰勪负鈥淐:\Program Files\dotnet\packs\Microsoft.AspNetCore.App.Ref\8.0.15\ref\net8.0\Microsoft.AspNetCore.Server.Kestrel.Core.dll鈥濄€?
             鍦ㄦ悳绱㈣矾寰勪綅缃€渰RawFileName}鈥濇壘鍒板紩鐢ㄣ€?
             姝ゅ紩鐢ㄤ笉鏄€淐opyLocal鈥濓紝鍥犱负鑷冲皯鏈変竴涓簮椤瑰皢鈥淧rivate鈥濊缃负鈥渇alse鈥濓紝鑰屾病鏈夋簮椤瑰皢鈥淧rivate鈥濊缃负鈥渢rue鈥濄€?
         涓诲紩鐢ㄢ€淢icrosoft.AspNetCore.Server.Kestrel.Transport.NamedPipes, Version=8.0.0.0, Culture=neutral, PublicKeyToken=adb9793829ddae60鈥濄€?
             瑙ｆ瀽鐨勬枃浠惰矾寰勪负鈥淐:\Program Files\dotnet\packs\Microsoft.AspNetCore.App.Ref\8.0.15\ref\net8.0\Microsoft.AspNetCore.Server.Kestrel.Transport.NamedPipes.dll鈥濄€?
             鍦ㄦ悳绱㈣矾寰勪綅缃€渰RawFileName}鈥濇壘鍒板紩鐢ㄣ€?
             姝ゅ紩鐢ㄤ笉鏄€淐opyLocal鈥濓紝鍥犱负鑷冲皯鏈変竴涓簮椤瑰皢鈥淧rivate鈥濊缃负鈥渇alse鈥濓紝鑰屾病鏈夋簮椤瑰皢鈥淧rivate鈥濊缃负鈥渢rue鈥濄€?
         涓诲紩鐢ㄢ€淢icrosoft.AspNetCore.Server.Kestrel.Transport.Quic, Version=8.0.0.0, Culture=neutral, PublicKeyToken=adb9793829ddae60鈥濄€?
             瑙ｆ瀽鐨勬枃浠惰矾寰勪负鈥淐:\Program Files\dotnet\packs\Microsoft.AspNetCore.App.Ref\8.0.15\ref\net8.0\Microsoft.AspNetCore.Server.Kestrel.Transport.Quic.dll鈥濄€?
             鍦ㄦ悳绱㈣矾寰勪綅缃€渰RawFileName}鈥濇壘鍒板紩鐢ㄣ€?
             姝ゅ紩鐢ㄤ笉鏄€淐opyLocal鈥濓紝鍥犱负鑷冲皯鏈変竴涓簮椤瑰皢鈥淧rivate鈥濊缃负鈥渇alse鈥濓紝鑰屾病鏈夋簮椤瑰皢鈥淧rivate鈥濊缃负鈥渢rue鈥濄€?
         涓诲紩鐢ㄢ€淢icrosoft.AspNetCore.Server.Kestrel.Transport.Sockets, Version=8.0.0.0, Culture=neutral, PublicKeyToken=adb9793829ddae60鈥濄€?
             瑙ｆ瀽鐨勬枃浠惰矾寰勪负鈥淐:\Program Files\dotnet\packs\Microsoft.AspNetCore.App.Ref\8.0.15\ref\net8.0\Microsoft.AspNetCore.Server.Kestrel.Transport.Sockets.dll鈥濄€?
             鍦ㄦ悳绱㈣矾寰勪綅缃€渰RawFileName}鈥濇壘鍒板紩鐢ㄣ€?
             姝ゅ紩鐢ㄤ笉鏄€淐opyLocal鈥濓紝鍥犱负鑷冲皯鏈変竴涓簮椤瑰皢鈥淧rivate鈥濊缃负鈥渇alse鈥濓紝鑰屾病鏈夋簮椤瑰皢鈥淧rivate鈥濊缃负鈥渢rue鈥濄€?
         涓诲紩鐢ㄢ€淢icrosoft.AspNetCore.Server.Kestrel, Version=8.0.0.0, Culture=neutral, PublicKeyToken=adb9793829ddae60鈥濄€?
             瑙ｆ瀽鐨勬枃浠惰矾寰勪负鈥淐:\Program Files\dotnet\packs\Microsoft.AspNetCore.App.Ref\8.0.15\ref\net8.0\Microsoft.AspNetCore.Server.Kestrel.dll鈥濄€?
             鍦ㄦ悳绱㈣矾寰勪綅缃€渰RawFileName}鈥濇壘鍒板紩鐢ㄣ€?
             姝ゅ紩鐢ㄤ笉鏄€淐opyLocal鈥濓紝鍥犱负鑷冲皯鏈変竴涓簮椤瑰皢鈥淧rivate鈥濊缃负鈥渇alse鈥濓紝鑰屾病鏈夋簮椤瑰皢鈥淧rivate鈥濊缃负鈥渢rue鈥濄€?
         涓诲紩鐢ㄢ€淢icrosoft.AspNetCore.Session, Version=8.0.0.0, Culture=neutral, PublicKeyToken=adb9793829ddae60鈥濄€?
             瑙ｆ瀽鐨勬枃浠惰矾寰勪负鈥淐:\Program Files\dotnet\packs\Microsoft.AspNetCore.App.Ref\8.0.15\ref\net8.0\Microsoft.AspNetCore.Session.dll鈥濄€?
             鍦ㄦ悳绱㈣矾寰勪綅缃€渰RawFileName}鈥濇壘鍒板紩鐢ㄣ€?
             姝ゅ紩鐢ㄤ笉鏄€淐opyLocal鈥濓紝鍥犱负鑷冲皯鏈変竴涓簮椤瑰皢鈥淧rivate鈥濊缃负鈥渇alse鈥濓紝鑰屾病鏈夋簮椤瑰皢鈥淧rivate鈥濊缃负鈥渢rue鈥濄€?
         涓诲紩鐢ㄢ€淢icrosoft.AspNetCore.SignalR.Common, Version=8.0.0.0, Culture=neutral, PublicKeyToken=adb9793829ddae60鈥濄€?
             瑙ｆ瀽鐨勬枃浠惰矾寰勪负鈥淐:\Program Files\dotnet\packs\Microsoft.AspNetCore.App.Ref\8.0.15\ref\net8.0\Microsoft.AspNetCore.SignalR.Common.dll鈥濄€?
             鍦ㄦ悳绱㈣矾寰勪綅缃€渰RawFileName}鈥濇壘鍒板紩鐢ㄣ€?
             姝ゅ紩鐢ㄤ笉鏄€淐opyLocal鈥濓紝鍥犱负鑷冲皯鏈変竴涓簮椤瑰皢鈥淧rivate鈥濊缃负鈥渇alse鈥濓紝鑰屾病鏈夋簮椤瑰皢鈥淧rivate鈥濊缃负鈥渢rue鈥濄€?
         涓诲紩鐢ㄢ€淢icrosoft.AspNetCore.SignalR.Core, Version=8.0.0.0, Culture=neutral, PublicKeyToken=adb9793829ddae60鈥濄€?
             瑙ｆ瀽鐨勬枃浠惰矾寰勪负鈥淐:\Program Files\dotnet\packs\Microsoft.AspNetCore.App.Ref\8.0.15\ref\net8.0\Microsoft.AspNetCore.SignalR.Core.dll鈥濄€?
             鍦ㄦ悳绱㈣矾寰勪綅缃€渰RawFileName}鈥濇壘鍒板紩鐢ㄣ€?
             姝ゅ紩鐢ㄤ笉鏄€淐opyLocal鈥濓紝鍥犱负鑷冲皯鏈変竴涓簮椤瑰皢鈥淧rivate鈥濊缃负鈥渇alse鈥濓紝鑰屾病鏈夋簮椤瑰皢鈥淧rivate鈥濊缃负鈥渢rue鈥濄€?
         涓诲紩鐢ㄢ€淢icrosoft.AspNetCore.SignalR.Protocols.Json, Version=8.0.0.0, Culture=neutral, PublicKeyToken=adb9793829ddae60鈥濄€?
             瑙ｆ瀽鐨勬枃浠惰矾寰勪负鈥淐:\Program Files\dotnet\packs\Microsoft.AspNetCore.App.Ref\8.0.15\ref\net8.0\Microsoft.AspNetCore.SignalR.Protocols.Json.dll鈥濄€?
             鍦ㄦ悳绱㈣矾寰勪綅缃€渰RawFileName}鈥濇壘鍒板紩鐢ㄣ€?
             姝ゅ紩鐢ㄤ笉鏄€淐opyLocal鈥濓紝鍥犱负鑷冲皯鏈変竴涓簮椤瑰皢鈥淧rivate鈥濊缃负鈥渇alse鈥濓紝鑰屾病鏈夋簮椤瑰皢鈥淧rivate鈥濊缃负鈥渢rue鈥濄€?
         涓诲紩鐢ㄢ€淢icrosoft.AspNetCore.SignalR, Version=8.0.0.0, Culture=neutral, PublicKeyToken=adb9793829ddae60鈥濄€?
             瑙ｆ瀽鐨勬枃浠惰矾寰勪负鈥淐:\Program Files\dotnet\packs\Microsoft.AspNetCore.App.Ref\8.0.15\ref\net8.0\Microsoft.AspNetCore.SignalR.dll鈥濄€?
             鍦ㄦ悳绱㈣矾寰勪綅缃€渰RawFileName}鈥濇壘鍒板紩鐢ㄣ€?
             姝ゅ紩鐢ㄤ笉鏄€淐opyLocal鈥濓紝鍥犱负鑷冲皯鏈変竴涓簮椤瑰皢鈥淧rivate鈥濊缃负鈥渇alse鈥濓紝鑰屾病鏈夋簮椤瑰皢鈥淧rivate鈥濊缃负鈥渢rue鈥濄€?
         涓诲紩鐢ㄢ€淢icrosoft.AspNetCore.StaticFiles, Version=8.0.0.0, Culture=neutral, PublicKeyToken=adb9793829ddae60鈥濄€?
             瑙ｆ瀽鐨勬枃浠惰矾寰勪负鈥淐:\Program Files\dotnet\packs\Microsoft.AspNetCore.App.Ref\8.0.15\ref\net8.0\Microsoft.AspNetCore.StaticFiles.dll鈥濄€?
             鍦ㄦ悳绱㈣矾寰勪綅缃€渰RawFileName}鈥濇壘鍒板紩鐢ㄣ€?
             姝ゅ紩鐢ㄤ笉鏄€淐opyLocal鈥濓紝鍥犱负鑷冲皯鏈変竴涓簮椤瑰皢鈥淧rivate鈥濊缃负鈥渇alse鈥濓紝鑰屾病鏈夋簮椤瑰皢鈥淧rivate鈥濊缃负鈥渢rue鈥濄€?
         涓诲紩鐢ㄢ€淢icrosoft.AspNetCore.WebSockets, Version=8.0.0.0, Culture=neutral, PublicKeyToken=adb9793829ddae60鈥濄€?
             瑙ｆ瀽鐨勬枃浠惰矾寰勪负鈥淐:\Program Files\dotnet\packs\Microsoft.AspNetCore.App.Ref\8.0.15\ref\net8.0\Microsoft.AspNetCore.WebSockets.dll鈥濄€?
             鍦ㄦ悳绱㈣矾寰勪綅缃€渰RawFileName}鈥濇壘鍒板紩鐢ㄣ€?
             姝ゅ紩鐢ㄤ笉鏄€淐opyLocal鈥濓紝鍥犱负鑷冲皯鏈変竴涓簮椤瑰皢鈥淧rivate鈥濊缃负鈥渇alse鈥濓紝鑰屾病鏈夋簮椤瑰皢鈥淧rivate鈥濊缃负鈥渢rue鈥濄€?
         涓诲紩鐢ㄢ€淢icrosoft.AspNetCore.WebUtilities, Version=8.0.0.0, Culture=neutral, PublicKeyToken=adb9793829ddae60鈥濄€?
             瑙ｆ瀽鐨勬枃浠惰矾寰勪负鈥淐:\Program Files\dotnet\packs\Microsoft.AspNetCore.App.Ref\8.0.15\ref\net8.0\Microsoft.AspNetCore.WebUtilities.dll鈥濄€?
             鍦ㄦ悳绱㈣矾寰勪綅缃€渰RawFileName}鈥濇壘鍒板紩鐢ㄣ€?
             姝ゅ紩鐢ㄤ笉鏄€淐opyLocal鈥濓紝鍥犱负鑷冲皯鏈変竴涓簮椤瑰皢鈥淧rivate鈥濊缃负鈥渇alse鈥濓紝鑰屾病鏈夋簮椤瑰皢鈥淧rivate鈥濊缃负鈥渢rue鈥濄€?
         涓诲紩鐢ㄢ€淢icrosoft.AspNetCore, Version=8.0.0.0, Culture=neutral, PublicKeyToken=adb9793829ddae60鈥濄€?
             瑙ｆ瀽鐨勬枃浠惰矾寰勪负鈥淐:\Program Files\dotnet\packs\Microsoft.AspNetCore.App.Ref\8.0.15\ref\net8.0\Microsoft.AspNetCore.dll鈥濄€?
             鍦ㄦ悳绱㈣矾寰勪綅缃€渰RawFileName}鈥濇壘鍒板紩鐢ㄣ€?
             姝ゅ紩鐢ㄤ笉鏄€淐opyLocal鈥濓紝鍥犱负鑷冲皯鏈変竴涓簮椤瑰皢鈥淧rivate鈥濊缃负鈥渇alse鈥濓紝鑰屾病鏈夋簮椤瑰皢鈥淧rivate鈥濊缃负鈥渢rue鈥濄€?
         涓诲紩鐢ㄢ€淢icrosoft.Extensions.Caching.Abstractions, Version=8.0.0.0, Culture=neutral, PublicKeyToken=adb9793829ddae60鈥濄€?
             瑙ｆ瀽鐨勬枃浠惰矾寰勪负鈥淐:\Program Files\dotnet\packs\Microsoft.AspNetCore.App.Ref\8.0.15\ref\net8.0\Microsoft.Extensions.Caching.Abstractions.dll鈥濄€?
             鍦ㄦ悳绱㈣矾寰勪綅缃€渰RawFileName}鈥濇壘鍒板紩鐢ㄣ€?
             姝ゅ紩鐢ㄤ笉鏄€淐opyLocal鈥濓紝鍥犱负鑷冲皯鏈変竴涓簮椤瑰皢鈥淧rivate鈥濊缃负鈥渇alse鈥濓紝鑰屾病鏈夋簮椤瑰皢鈥淧rivate鈥濊缃负鈥渢rue鈥濄€?
         涓诲紩鐢ㄢ€淢icrosoft.Extensions.Caching.Memory, Version=8.0.0.0, Culture=neutral, PublicKeyToken=adb9793829ddae60鈥濄€?
             瑙ｆ瀽鐨勬枃浠惰矾寰勪负鈥淐:\Program Files\dotnet\packs\Microsoft.AspNetCore.App.Ref\8.0.15\ref\net8.0\Microsoft.Extensions.Caching.Memory.dll鈥濄€?
             鍦ㄦ悳绱㈣矾寰勪綅缃€渰RawFileName}鈥濇壘鍒板紩鐢ㄣ€?
             姝ゅ紩鐢ㄤ笉鏄€淐opyLocal鈥濓紝鍥犱负鑷冲皯鏈変竴涓簮椤瑰皢鈥淧rivate鈥濊缃负鈥渇alse鈥濓紝鑰屾病鏈夋簮椤瑰皢鈥淧rivate鈥濊缃负鈥渢rue鈥濄€?
         涓诲紩鐢ㄢ€淢icrosoft.Extensions.Configuration.Abstractions, Version=8.0.0.0, Culture=neutral, PublicKeyToken=adb9793829ddae60鈥濄€?
             瑙ｆ瀽鐨勬枃浠惰矾寰勪负鈥淐:\Program Files\dotnet\packs\Microsoft.AspNetCore.App.Ref\8.0.15\ref\net8.0\Microsoft.Extensions.Configuration.Abstractions.dll鈥濄€?
             鍦ㄦ悳绱㈣矾寰勪綅缃€渰RawFileName}鈥濇壘鍒板紩鐢ㄣ€?
             姝ゅ紩鐢ㄤ笉鏄€淐opyLocal鈥濓紝鍥犱负鑷冲皯鏈変竴涓簮椤瑰皢鈥淧rivate鈥濊缃负鈥渇alse鈥濓紝鑰屾病鏈夋簮椤瑰皢鈥淧rivate鈥濊缃负鈥渢rue鈥濄€?
         涓诲紩鐢ㄢ€淢icrosoft.Extensions.Configuration.Binder, Version=8.0.0.0, Culture=neutral, PublicKeyToken=adb9793829ddae60鈥濄€?
             瑙ｆ瀽鐨勬枃浠惰矾寰勪负鈥淐:\Program Files\dotnet\packs\Microsoft.AspNetCore.App.Ref\8.0.15\ref\net8.0\Microsoft.Extensions.Configuration.Binder.dll鈥濄€?
             鍦ㄦ悳绱㈣矾寰勪綅缃€渰RawFileName}鈥濇壘鍒板紩鐢ㄣ€?
             姝ゅ紩鐢ㄤ笉鏄€淐opyLocal鈥濓紝鍥犱负鑷冲皯鏈変竴涓簮椤瑰皢鈥淧rivate鈥濊缃负鈥渇alse鈥濓紝鑰屾病鏈夋簮椤瑰皢鈥淧rivate鈥濊缃负鈥渢rue鈥濄€?
         涓诲紩鐢ㄢ€淢icrosoft.Extensions.Configuration.CommandLine, Version=8.0.0.0, Culture=neutral, PublicKeyToken=adb9793829ddae60鈥濄€?
             瑙ｆ瀽鐨勬枃浠惰矾寰勪负鈥淐:\Program Files\dotnet\packs\Microsoft.AspNetCore.App.Ref\8.0.15\ref\net8.0\Microsoft.Extensions.Configuration.CommandLine.dll鈥濄€?
             鍦ㄦ悳绱㈣矾寰勪綅缃€渰RawFileName}鈥濇壘鍒板紩鐢ㄣ€?
             姝ゅ紩鐢ㄤ笉鏄€淐opyLocal鈥濓紝鍥犱负鑷冲皯鏈変竴涓簮椤瑰皢鈥淧rivate鈥濊缃负鈥渇alse鈥濓紝鑰屾病鏈夋簮椤瑰皢鈥淧rivate鈥濊缃负鈥渢rue鈥濄€?
         涓诲紩鐢ㄢ€淢icrosoft.Extensions.Configuration.EnvironmentVariables, Version=8.0.0.0, Culture=neutral, PublicKeyToken=adb9793829ddae60鈥濄€?
             瑙ｆ瀽鐨勬枃浠惰矾寰勪负鈥淐:\Program Files\dotnet\packs\Microsoft.AspNetCore.App.Ref\8.0.15\ref\net8.0\Microsoft.Extensions.Configuration.EnvironmentVariables.dll鈥濄€?
             鍦ㄦ悳绱㈣矾寰勪綅缃€渰RawFileName}鈥濇壘鍒板紩鐢ㄣ€?
             姝ゅ紩鐢ㄤ笉鏄€淐opyLocal鈥濓紝鍥犱负鑷冲皯鏈変竴涓簮椤瑰皢鈥淧rivate鈥濊缃负鈥渇alse鈥濓紝鑰屾病鏈夋簮椤瑰皢鈥淧rivate鈥濊缃负鈥渢rue鈥濄€?
         涓诲紩鐢ㄢ€淢icrosoft.Extensions.Configuration.FileExtensions, Version=8.0.0.0, Culture=neutral, PublicKeyToken=adb9793829ddae60鈥濄€?
             瑙ｆ瀽鐨勬枃浠惰矾寰勪负鈥淐:\Program Files\dotnet\packs\Microsoft.AspNetCore.App.Ref\8.0.15\ref\net8.0\Microsoft.Extensions.Configuration.FileExtensions.dll鈥濄€?
             鍦ㄦ悳绱㈣矾寰勪綅缃€渰RawFileName}鈥濇壘鍒板紩鐢ㄣ€?
             姝ゅ紩鐢ㄤ笉鏄€淐opyLocal鈥濓紝鍥犱负鑷冲皯鏈変竴涓簮椤瑰皢鈥淧rivate鈥濊缃负鈥渇alse鈥濓紝鑰屾病鏈夋簮椤瑰皢鈥淧rivate鈥濊缃负鈥渢rue鈥濄€?
         涓诲紩鐢ㄢ€淢icrosoft.Extensions.Configuration.Ini, Version=8.0.0.0, Culture=neutral, PublicKeyToken=adb9793829ddae60鈥濄€?
             瑙ｆ瀽鐨勬枃浠惰矾寰勪负鈥淐:\Program Files\dotnet\packs\Microsoft.AspNetCore.App.Ref\8.0.15\ref\net8.0\Microsoft.Extensions.Configuration.Ini.dll鈥濄€?
             鍦ㄦ悳绱㈣矾寰勪綅缃€渰RawFileName}鈥濇壘鍒板紩鐢ㄣ€?
             姝ゅ紩鐢ㄤ笉鏄€淐opyLocal鈥濓紝鍥犱负鑷冲皯鏈変竴涓簮椤瑰皢鈥淧rivate鈥濊缃负鈥渇alse鈥濓紝鑰屾病鏈夋簮椤瑰皢鈥淧rivate鈥濊缃负鈥渢rue鈥濄€?
         涓诲紩鐢ㄢ€淢icrosoft.Extensions.Configuration.Json, Version=8.0.0.0, Culture=neutral, PublicKeyToken=adb9793829ddae60鈥濄€?
             瑙ｆ瀽鐨勬枃浠惰矾寰勪负鈥淐:\Program Files\dotnet\packs\Microsoft.AspNetCore.App.Ref\8.0.15\ref\net8.0\Microsoft.Extensions.Configuration.Json.dll鈥濄€?
             鍦ㄦ悳绱㈣矾寰勪綅缃€渰RawFileName}鈥濇壘鍒板紩鐢ㄣ€?
             姝ゅ紩鐢ㄤ笉鏄€淐opyLocal鈥濓紝鍥犱负鑷冲皯鏈変竴涓簮椤瑰皢鈥淧rivate鈥濊缃负鈥渇alse鈥濓紝鑰屾病鏈夋簮椤瑰皢鈥淧rivate鈥濊缃负鈥渢rue鈥濄€?
         涓诲紩鐢ㄢ€淢icrosoft.Extensions.Configuration.KeyPerFile, Version=8.0.0.0, Culture=neutral, PublicKeyToken=adb9793829ddae60鈥濄€?
             瑙ｆ瀽鐨勬枃浠惰矾寰勪负鈥淐:\Program Files\dotnet\packs\Microsoft.AspNetCore.App.Ref\8.0.15\ref\net8.0\Microsoft.Extensions.Configuration.KeyPerFile.dll鈥濄€?
             鍦ㄦ悳绱㈣矾寰勪綅缃€渰RawFileName}鈥濇壘鍒板紩鐢ㄣ€?
             姝ゅ紩鐢ㄤ笉鏄€淐opyLocal鈥濓紝鍥犱负鑷冲皯鏈変竴涓簮椤瑰皢鈥淧rivate鈥濊缃负鈥渇alse鈥濓紝鑰屾病鏈夋簮椤瑰皢鈥淧rivate鈥濊缃负鈥渢rue鈥濄€?
         涓诲紩鐢ㄢ€淢icrosoft.Extensions.Configuration.UserSecrets, Version=8.0.0.0, Culture=neutral, PublicKeyToken=adb9793829ddae60鈥濄€?
             瑙ｆ瀽鐨勬枃浠惰矾寰勪负鈥淐:\Program Files\dotnet\packs\Microsoft.AspNetCore.App.Ref\8.0.15\ref\net8.0\Microsoft.Extensions.Configuration.UserSecrets.dll鈥濄€?
             鍦ㄦ悳绱㈣矾寰勪綅缃€渰RawFileName}鈥濇壘鍒板紩鐢ㄣ€?
             姝ゅ紩鐢ㄤ笉鏄€淐opyLocal鈥濓紝鍥犱负鑷冲皯鏈変竴涓簮椤瑰皢鈥淧rivate鈥濊缃负鈥渇alse鈥濓紝鑰屾病鏈夋簮椤瑰皢鈥淧rivate鈥濊缃负鈥渢rue鈥濄€?
         涓诲紩鐢ㄢ€淢icrosoft.Extensions.Configuration.Xml, Version=8.0.0.0, Culture=neutral, PublicKeyToken=adb9793829ddae60鈥濄€?
             瑙ｆ瀽鐨勬枃浠惰矾寰勪负鈥淐:\Program Files\dotnet\packs\Microsoft.AspNetCore.App.Ref\8.0.15\ref\net8.0\Microsoft.Extensions.Configuration.Xml.dll鈥濄€?
             鍦ㄦ悳绱㈣矾寰勪綅缃€渰RawFileName}鈥濇壘鍒板紩鐢ㄣ€?
             姝ゅ紩鐢ㄤ笉鏄€淐opyLocal鈥濓紝鍥犱负鑷冲皯鏈変竴涓簮椤瑰皢鈥淧rivate鈥濊缃负鈥渇alse鈥濓紝鑰屾病鏈夋簮椤瑰皢鈥淧rivate鈥濊缃负鈥渢rue鈥濄€?
         涓诲紩鐢ㄢ€淢icrosoft.Extensions.Configuration, Version=8.0.0.0, Culture=neutral, PublicKeyToken=adb9793829ddae60鈥濄€?
             瑙ｆ瀽鐨勬枃浠惰矾寰勪负鈥淐:\Program Files\dotnet\packs\Microsoft.AspNetCore.App.Ref\8.0.15\ref\net8.0\Microsoft.Extensions.Configuration.dll鈥濄€?
             鍦ㄦ悳绱㈣矾寰勪綅缃€渰RawFileName}鈥濇壘鍒板紩鐢ㄣ€?
             姝ゅ紩鐢ㄤ笉鏄€淐opyLocal鈥濓紝鍥犱负鑷冲皯鏈変竴涓簮椤瑰皢鈥淧rivate鈥濊缃负鈥渇alse鈥濓紝鑰屾病鏈夋簮椤瑰皢鈥淧rivate鈥濊缃负鈥渢rue鈥濄€?
         涓诲紩鐢ㄢ€淢icrosoft.Extensions.DependencyInjection.Abstractions, Version=8.0.0.0, Culture=neutral, PublicKeyToken=adb9793829ddae60鈥濄€?
             瑙ｆ瀽鐨勬枃浠惰矾寰勪负鈥淐:\Program Files\dotnet\packs\Microsoft.AspNetCore.App.Ref\8.0.15\ref\net8.0\Microsoft.Extensions.DependencyInjection.Abstractions.dll鈥濄€?
             鍦ㄦ悳绱㈣矾寰勪綅缃€渰RawFileName}鈥濇壘鍒板紩鐢ㄣ€?
             姝ゅ紩鐢ㄤ笉鏄€淐opyLocal鈥濓紝鍥犱负鑷冲皯鏈変竴涓簮椤瑰皢鈥淧rivate鈥濊缃负鈥渇alse鈥濓紝鑰屾病鏈夋簮椤瑰皢鈥淧rivate鈥濊缃负鈥渢rue鈥濄€?
         涓诲紩鐢ㄢ€淢icrosoft.Extensions.DependencyInjection, Version=8.0.0.0, Culture=neutral, PublicKeyToken=adb9793829ddae60鈥濄€?
             瑙ｆ瀽鐨勬枃浠惰矾寰勪负鈥淐:\Program Files\dotnet\packs\Microsoft.AspNetCore.App.Ref\8.0.15\ref\net8.0\Microsoft.Extensions.DependencyInjection.dll鈥濄€?
             鍦ㄦ悳绱㈣矾寰勪綅缃€渰RawFileName}鈥濇壘鍒板紩鐢ㄣ€?
             姝ゅ紩鐢ㄤ笉鏄€淐opyLocal鈥濓紝鍥犱负鑷冲皯鏈変竴涓簮椤瑰皢鈥淧rivate鈥濊缃负鈥渇alse鈥濓紝鑰屾病鏈夋簮椤瑰皢鈥淧rivate鈥濊缃负鈥渢rue鈥濄€?
         涓诲紩鐢ㄢ€淢icrosoft.Extensions.Diagnostics.Abstractions, Version=8.0.0.0, Culture=neutral, PublicKeyToken=adb9793829ddae60鈥濄€?
             瑙ｆ瀽鐨勬枃浠惰矾寰勪负鈥淐:\Program Files\dotnet\packs\Microsoft.AspNetCore.App.Ref\8.0.15\ref\net8.0\Microsoft.Extensions.Diagnostics.Abstractions.dll鈥濄€?
             鍦ㄦ悳绱㈣矾寰勪綅缃€渰RawFileName}鈥濇壘鍒板紩鐢ㄣ€?
             姝ゅ紩鐢ㄤ笉鏄€淐opyLocal鈥濓紝鍥犱负鑷冲皯鏈変竴涓簮椤瑰皢鈥淧rivate鈥濊缃负鈥渇alse鈥濓紝鑰屾病鏈夋簮椤瑰皢鈥淧rivate鈥濊缃负鈥渢rue鈥濄€?
         涓诲紩鐢ㄢ€淢icrosoft.Extensions.Diagnostics.HealthChecks.Abstractions, Version=8.0.0.0, Culture=neutral, PublicKeyToken=adb9793829ddae60鈥濄€?
             瑙ｆ瀽鐨勬枃浠惰矾寰勪负鈥淐:\Program Files\dotnet\packs\Microsoft.AspNetCore.App.Ref\8.0.15\ref\net8.0\Microsoft.Extensions.Diagnostics.HealthChecks.Abstractions.dll鈥濄€?
             鍦ㄦ悳绱㈣矾寰勪綅缃€渰RawFileName}鈥濇壘鍒板紩鐢ㄣ€?
             姝ゅ紩鐢ㄤ笉鏄€淐opyLocal鈥濓紝鍥犱负鑷冲皯鏈変竴涓簮椤瑰皢鈥淧rivate鈥濊缃负鈥渇alse鈥濓紝鑰屾病鏈夋簮椤瑰皢鈥淧rivate鈥濊缃负鈥渢rue鈥濄€?
         涓诲紩鐢ㄢ€淢icrosoft.Extensions.Diagnostics.HealthChecks, Version=8.0.0.0, Culture=neutral, PublicKeyToken=adb9793829ddae60鈥濄€?
             瑙ｆ瀽鐨勬枃浠惰矾寰勪负鈥淐:\Program Files\dotnet\packs\Microsoft.AspNetCore.App.Ref\8.0.15\ref\net8.0\Microsoft.Extensions.Diagnostics.HealthChecks.dll鈥濄€?
             鍦ㄦ悳绱㈣矾寰勪綅缃€渰RawFileName}鈥濇壘鍒板紩鐢ㄣ€?
             姝ゅ紩鐢ㄤ笉鏄€淐opyLocal鈥濓紝鍥犱负鑷冲皯鏈変竴涓簮椤瑰皢鈥淧rivate鈥濊缃负鈥渇alse鈥濓紝鑰屾病鏈夋簮椤瑰皢鈥淧rivate鈥濊缃负鈥渢rue鈥濄€?
         涓诲紩鐢ㄢ€淢icrosoft.Extensions.Diagnostics, Version=8.0.0.0, Culture=neutral, PublicKeyToken=adb9793829ddae60鈥濄€?
             瑙ｆ瀽鐨勬枃浠惰矾寰勪负鈥淐:\Program Files\dotnet\packs\Microsoft.AspNetCore.App.Ref\8.0.15\ref\net8.0\Microsoft.Extensions.Diagnostics.dll鈥濄€?
             鍦ㄦ悳绱㈣矾寰勪綅缃€渰RawFileName}鈥濇壘鍒板紩鐢ㄣ€?
             姝ゅ紩鐢ㄤ笉鏄€淐opyLocal鈥濓紝鍥犱负鑷冲皯鏈変竴涓簮椤瑰皢鈥淧rivate鈥濊缃负鈥渇alse鈥濓紝鑰屾病鏈夋簮椤瑰皢鈥淧rivate鈥濊缃负鈥渢rue鈥濄€?
         涓诲紩鐢ㄢ€淢icrosoft.Extensions.Features, Version=8.0.0.0, Culture=neutral, PublicKeyToken=adb9793829ddae60鈥濄€?
             瑙ｆ瀽鐨勬枃浠惰矾寰勪负鈥淐:\Program Files\dotnet\packs\Microsoft.AspNetCore.App.Ref\8.0.15\ref\net8.0\Microsoft.Extensions.Features.dll鈥濄€?
             鍦ㄦ悳绱㈣矾寰勪綅缃€渰RawFileName}鈥濇壘鍒板紩鐢ㄣ€?
             姝ゅ紩鐢ㄤ笉鏄€淐opyLocal鈥濓紝鍥犱负鑷冲皯鏈変竴涓簮椤瑰皢鈥淧rivate鈥濊缃负鈥渇alse鈥濓紝鑰屾病鏈夋簮椤瑰皢鈥淧rivate鈥濊缃负鈥渢rue鈥濄€?
         涓诲紩鐢ㄢ€淢icrosoft.Extensions.FileProviders.Abstractions, Version=8.0.0.0, Culture=neutral, PublicKeyToken=adb9793829ddae60鈥濄€?
             瑙ｆ瀽鐨勬枃浠惰矾寰勪负鈥淐:\Program Files\dotnet\packs\Microsoft.AspNetCore.App.Ref\8.0.15\ref\net8.0\Microsoft.Extensions.FileProviders.Abstractions.dll鈥濄€?
             鍦ㄦ悳绱㈣矾寰勪綅缃€渰RawFileName}鈥濇壘鍒板紩鐢ㄣ€?
             姝ゅ紩鐢ㄤ笉鏄€淐opyLocal鈥濓紝鍥犱负鑷冲皯鏈変竴涓簮椤瑰皢鈥淧rivate鈥濊缃负鈥渇alse鈥濓紝鑰屾病鏈夋簮椤瑰皢鈥淧rivate鈥濊缃负鈥渢rue鈥濄€?
         涓诲紩鐢ㄢ€淢icrosoft.Extensions.FileProviders.Composite, Version=8.0.0.0, Culture=neutral, PublicKeyToken=adb9793829ddae60鈥濄€?
             瑙ｆ瀽鐨勬枃浠惰矾寰勪负鈥淐:\Program Files\dotnet\packs\Microsoft.AspNetCore.App.Ref\8.0.15\ref\net8.0\Microsoft.Extensions.FileProviders.Composite.dll鈥濄€?
             鍦ㄦ悳绱㈣矾寰勪綅缃€渰RawFileName}鈥濇壘鍒板紩鐢ㄣ€?
             姝ゅ紩鐢ㄤ笉鏄€淐opyLocal鈥濓紝鍥犱负鑷冲皯鏈変竴涓簮椤瑰皢鈥淧rivate鈥濊缃负鈥渇alse鈥濓紝鑰屾病鏈夋簮椤瑰皢鈥淧rivate鈥濊缃负鈥渢rue鈥濄€?
         涓诲紩鐢ㄢ€淢icrosoft.Extensions.FileProviders.Embedded, Version=8.0.0.0, Culture=neutral, PublicKeyToken=adb9793829ddae60鈥濄€?
             瑙ｆ瀽鐨勬枃浠惰矾寰勪负鈥淐:\Program Files\dotnet\packs\Microsoft.AspNetCore.App.Ref\8.0.15\ref\net8.0\Microsoft.Extensions.FileProviders.Embedded.dll鈥濄€?
             鍦ㄦ悳绱㈣矾寰勪綅缃€渰RawFileName}鈥濇壘鍒板紩鐢ㄣ€?
             姝ゅ紩鐢ㄤ笉鏄€淐opyLocal鈥濓紝鍥犱负鑷冲皯鏈変竴涓簮椤瑰皢鈥淧rivate鈥濊缃负鈥渇alse鈥濓紝鑰屾病鏈夋簮椤瑰皢鈥淧rivate鈥濊缃负鈥渢rue鈥濄€?
         涓诲紩鐢ㄢ€淢icrosoft.Extensions.FileProviders.Physical, Version=8.0.0.0, Culture=neutral, PublicKeyToken=adb9793829ddae60鈥濄€?
             瑙ｆ瀽鐨勬枃浠惰矾寰勪负鈥淐:\Program Files\dotnet\packs\Microsoft.AspNetCore.App.Ref\8.0.15\ref\net8.0\Microsoft.Extensions.FileProviders.Physical.dll鈥濄€?
             鍦ㄦ悳绱㈣矾寰勪綅缃€渰RawFileName}鈥濇壘鍒板紩鐢ㄣ€?
             姝ゅ紩鐢ㄤ笉鏄€淐opyLocal鈥濓紝鍥犱负鑷冲皯鏈変竴涓簮椤瑰皢鈥淧rivate鈥濊缃负鈥渇alse鈥濓紝鑰屾病鏈夋簮椤瑰皢鈥淧rivate鈥濊缃负鈥渢rue鈥濄€?
         涓诲紩鐢ㄢ€淢icrosoft.Extensions.FileSystemGlobbing, Version=8.0.0.0, Culture=neutral, PublicKeyToken=adb9793829ddae60鈥濄€?
             瑙ｆ瀽鐨勬枃浠惰矾寰勪负鈥淐:\Program Files\dotnet\packs\Microsoft.AspNetCore.App.Ref\8.0.15\ref\net8.0\Microsoft.Extensions.FileSystemGlobbing.dll鈥濄€?
             鍦ㄦ悳绱㈣矾寰勪綅缃€渰RawFileName}鈥濇壘鍒板紩鐢ㄣ€?
             姝ゅ紩鐢ㄤ笉鏄€淐opyLocal鈥濓紝鍥犱负鑷冲皯鏈変竴涓簮椤瑰皢鈥淧rivate鈥濊缃负鈥渇alse鈥濓紝鑰屾病鏈夋簮椤瑰皢鈥淧rivate鈥濊缃负鈥渢rue鈥濄€?
         涓诲紩鐢ㄢ€淢icrosoft.Extensions.Hosting.Abstractions, Version=8.0.0.0, Culture=neutral, PublicKeyToken=adb9793829ddae60鈥濄€?
             瑙ｆ瀽鐨勬枃浠惰矾寰勪负鈥淐:\Program Files\dotnet\packs\Microsoft.AspNetCore.App.Ref\8.0.15\ref\net8.0\Microsoft.Extensions.Hosting.Abstractions.dll鈥濄€?
             鍦ㄦ悳绱㈣矾寰勪綅缃€渰RawFileName}鈥濇壘鍒板紩鐢ㄣ€?
             姝ゅ紩鐢ㄤ笉鏄€淐opyLocal鈥濓紝鍥犱负鑷冲皯鏈変竴涓簮椤瑰皢鈥淧rivate鈥濊缃负鈥渇alse鈥濓紝鑰屾病鏈夋簮椤瑰皢鈥淧rivate鈥濊缃负鈥渢rue鈥濄€?
         涓诲紩鐢ㄢ€淢icrosoft.Extensions.Hosting, Version=8.0.0.0, Culture=neutral, PublicKeyToken=adb9793829ddae60鈥濄€?
             瑙ｆ瀽鐨勬枃浠惰矾寰勪负鈥淐:\Program Files\dotnet\packs\Microsoft.AspNetCore.App.Ref\8.0.15\ref\net8.0\Microsoft.Extensions.Hosting.dll鈥濄€?
             鍦ㄦ悳绱㈣矾寰勪綅缃€渰RawFileName}鈥濇壘鍒板紩鐢ㄣ€?
             姝ゅ紩鐢ㄤ笉鏄€淐opyLocal鈥濓紝鍥犱负鑷冲皯鏈変竴涓簮椤瑰皢鈥淧rivate鈥濊缃负鈥渇alse鈥濓紝鑰屾病鏈夋簮椤瑰皢鈥淧rivate鈥濊缃负鈥渢rue鈥濄€?
         涓诲紩鐢ㄢ€淢icrosoft.Extensions.Http, Version=8.0.0.0, Culture=neutral, PublicKeyToken=adb9793829ddae60鈥濄€?
             瑙ｆ瀽鐨勬枃浠惰矾寰勪负鈥淐:\Program Files\dotnet\packs\Microsoft.AspNetCore.App.Ref\8.0.15\ref\net8.0\Microsoft.Extensions.Http.dll鈥濄€?
             鍦ㄦ悳绱㈣矾寰勪綅缃€渰RawFileName}鈥濇壘鍒板紩鐢ㄣ€?
             姝ゅ紩鐢ㄤ笉鏄€淐opyLocal鈥濓紝鍥犱负鑷冲皯鏈変竴涓簮椤瑰皢鈥淧rivate鈥濊缃负鈥渇alse鈥濓紝鑰屾病鏈夋簮椤瑰皢鈥淧rivate鈥濊缃负鈥渢rue鈥濄€?
         涓诲紩鐢ㄢ€淢icrosoft.Extensions.Identity.Core, Version=8.0.0.0, Culture=neutral, PublicKeyToken=adb9793829ddae60鈥濄€?
             瑙ｆ瀽鐨勬枃浠惰矾寰勪负鈥淐:\Program Files\dotnet\packs\Microsoft.AspNetCore.App.Ref\8.0.15\ref\net8.0\Microsoft.Extensions.Identity.Core.dll鈥濄€?
             鍦ㄦ悳绱㈣矾寰勪綅缃€渰RawFileName}鈥濇壘鍒板紩鐢ㄣ€?
             姝ゅ紩鐢ㄤ笉鏄€淐opyLocal鈥濓紝鍥犱负鑷冲皯鏈変竴涓簮椤瑰皢鈥淧rivate鈥濊缃负鈥渇alse鈥濓紝鑰屾病鏈夋簮椤瑰皢鈥淧rivate鈥濊缃负鈥渢rue鈥濄€?
         涓诲紩鐢ㄢ€淢icrosoft.Extensions.Identity.Stores, Version=8.0.0.0, Culture=neutral, PublicKeyToken=adb9793829ddae60鈥濄€?
             瑙ｆ瀽鐨勬枃浠惰矾寰勪负鈥淐:\Program Files\dotnet\packs\Microsoft.AspNetCore.App.Ref\8.0.15\ref\net8.0\Microsoft.Extensions.Identity.Stores.dll鈥濄€?
             鍦ㄦ悳绱㈣矾寰勪綅缃€渰RawFileName}鈥濇壘鍒板紩鐢ㄣ€?
             姝ゅ紩鐢ㄤ笉鏄€淐opyLocal鈥濓紝鍥犱负鑷冲皯鏈変竴涓簮椤瑰皢鈥淧rivate鈥濊缃负鈥渇alse鈥濓紝鑰屾病鏈夋簮椤瑰皢鈥淧rivate鈥濊缃负鈥渢rue鈥濄€?
         涓诲紩鐢ㄢ€淢icrosoft.Extensions.Localization.Abstractions, Version=8.0.0.0, Culture=neutral, PublicKeyToken=adb9793829ddae60鈥濄€?
             瑙ｆ瀽鐨勬枃浠惰矾寰勪负鈥淐:\Program Files\dotnet\packs\Microsoft.AspNetCore.App.Ref\8.0.15\ref\net8.0\Microsoft.Extensions.Localization.Abstractions.dll鈥濄€?
             鍦ㄦ悳绱㈣矾寰勪綅缃€渰RawFileName}鈥濇壘鍒板紩鐢ㄣ€?
             姝ゅ紩鐢ㄤ笉鏄€淐opyLocal鈥濓紝鍥犱负鑷冲皯鏈変竴涓簮椤瑰皢鈥淧rivate鈥濊缃负鈥渇alse鈥濓紝鑰屾病鏈夋簮椤瑰皢鈥淧rivate鈥濊缃负鈥渢rue鈥濄€?
         涓诲紩鐢ㄢ€淢icrosoft.Extensions.Localization, Version=8.0.0.0, Culture=neutral, PublicKeyToken=adb9793829ddae60鈥濄€?
             瑙ｆ瀽鐨勬枃浠惰矾寰勪负鈥淐:\Program Files\dotnet\packs\Microsoft.AspNetCore.App.Ref\8.0.15\ref\net8.0\Microsoft.Extensions.Localization.dll鈥濄€?
             鍦ㄦ悳绱㈣矾寰勪綅缃€渰RawFileName}鈥濇壘鍒板紩鐢ㄣ€?
             姝ゅ紩鐢ㄤ笉鏄€淐opyLocal鈥濓紝鍥犱负鑷冲皯鏈変竴涓簮椤瑰皢鈥淧rivate鈥濊缃负鈥渇alse鈥濓紝鑰屾病鏈夋簮椤瑰皢鈥淧rivate鈥濊缃负鈥渢rue鈥濄€?
         涓诲紩鐢ㄢ€淢icrosoft.Extensions.Logging.Abstractions, Version=8.0.0.0, Culture=neutral, PublicKeyToken=adb9793829ddae60鈥濄€?
             瑙ｆ瀽鐨勬枃浠惰矾寰勪负鈥淐:\Program Files\dotnet\packs\Microsoft.AspNetCore.App.Ref\8.0.15\ref\net8.0\Microsoft.Extensions.Logging.Abstractions.dll鈥濄€?
             鍦ㄦ悳绱㈣矾寰勪綅缃€渰RawFileName}鈥濇壘鍒板紩鐢ㄣ€?
             姝ゅ紩鐢ㄤ笉鏄€淐opyLocal鈥濓紝鍥犱负鑷冲皯鏈変竴涓簮椤瑰皢鈥淧rivate鈥濊缃负鈥渇alse鈥濓紝鑰屾病鏈夋簮椤瑰皢鈥淧rivate鈥濊缃负鈥渢rue鈥濄€?
         涓诲紩鐢ㄢ€淢icrosoft.Extensions.Logging.Configuration, Version=8.0.0.0, Culture=neutral, PublicKeyToken=adb9793829ddae60鈥濄€?
             瑙ｆ瀽鐨勬枃浠惰矾寰勪负鈥淐:\Program Files\dotnet\packs\Microsoft.AspNetCore.App.Ref\8.0.15\ref\net8.0\Microsoft.Extensions.Logging.Configuration.dll鈥濄€?
             鍦ㄦ悳绱㈣矾寰勪綅缃€渰RawFileName}鈥濇壘鍒板紩鐢ㄣ€?
             姝ゅ紩鐢ㄤ笉鏄€淐opyLocal鈥濓紝鍥犱负鑷冲皯鏈変竴涓簮椤瑰皢鈥淧rivate鈥濊缃负鈥渇alse鈥濓紝鑰屾病鏈夋簮椤瑰皢鈥淧rivate鈥濊缃负鈥渢rue鈥濄€?
         涓诲紩鐢ㄢ€淢icrosoft.Extensions.Logging.Console, Version=8.0.0.0, Culture=neutral, PublicKeyToken=adb9793829ddae60鈥濄€?
             瑙ｆ瀽鐨勬枃浠惰矾寰勪负鈥淐:\Program Files\dotnet\packs\Microsoft.AspNetCore.App.Ref\8.0.15\ref\net8.0\Microsoft.Extensions.Logging.Console.dll鈥濄€?
             鍦ㄦ悳绱㈣矾寰勪綅缃€渰RawFileName}鈥濇壘鍒板紩鐢ㄣ€?
             姝ゅ紩鐢ㄤ笉鏄€淐opyLocal鈥濓紝鍥犱负鑷冲皯鏈変竴涓簮椤瑰皢鈥淧rivate鈥濊缃负鈥渇alse鈥濓紝鑰屾病鏈夋簮椤瑰皢鈥淧rivate鈥濊缃负鈥渢rue鈥濄€?
         涓诲紩鐢ㄢ€淢icrosoft.Extensions.Logging.Debug, Version=8.0.0.0, Culture=neutral, PublicKeyToken=adb9793829ddae60鈥濄€?
             瑙ｆ瀽鐨勬枃浠惰矾寰勪负鈥淐:\Program Files\dotnet\packs\Microsoft.AspNetCore.App.Ref\8.0.15\ref\net8.0\Microsoft.Extensions.Logging.Debug.dll鈥濄€?
             鍦ㄦ悳绱㈣矾寰勪綅缃€渰RawFileName}鈥濇壘鍒板紩鐢ㄣ€?
             姝ゅ紩鐢ㄤ笉鏄€淐opyLocal鈥濓紝鍥犱负鑷冲皯鏈変竴涓簮椤瑰皢鈥淧rivate鈥濊缃负鈥渇alse鈥濓紝鑰屾病鏈夋簮椤瑰皢鈥淧rivate鈥濊缃负鈥渢rue鈥濄€?
         涓诲紩鐢ㄢ€淢icrosoft.Extensions.Logging.EventLog, Version=8.0.0.0, Culture=neutral, PublicKeyToken=adb9793829ddae60鈥濄€?
             瑙ｆ瀽鐨勬枃浠惰矾寰勪负鈥淐:\Program Files\dotnet\packs\Microsoft.AspNetCore.App.Ref\8.0.15\ref\net8.0\Microsoft.Extensions.Logging.EventLog.dll鈥濄€?
             鍦ㄦ悳绱㈣矾寰勪綅缃€渰RawFileName}鈥濇壘鍒板紩鐢ㄣ€?
             姝ゅ紩鐢ㄤ笉鏄€淐opyLocal鈥濓紝鍥犱负鑷冲皯鏈変竴涓簮椤瑰皢鈥淧rivate鈥濊缃负鈥渇alse鈥濓紝鑰屾病鏈夋簮椤瑰皢鈥淧rivate鈥濊缃负鈥渢rue鈥濄€?
         涓诲紩鐢ㄢ€淢icrosoft.Extensions.Logging.EventSource, Version=8.0.0.0, Culture=neutral, PublicKeyToken=adb9793829ddae60鈥濄€?
             瑙ｆ瀽鐨勬枃浠惰矾寰勪负鈥淐:\Program Files\dotnet\packs\Microsoft.AspNetCore.App.Ref\8.0.15\ref\net8.0\Microsoft.Extensions.Logging.EventSource.dll鈥濄€?
             鍦ㄦ悳绱㈣矾寰勪綅缃€渰RawFileName}鈥濇壘鍒板紩鐢ㄣ€?
             姝ゅ紩鐢ㄤ笉鏄€淐opyLocal鈥濓紝鍥犱负鑷冲皯鏈変竴涓簮椤瑰皢鈥淧rivate鈥濊缃负鈥渇alse鈥濓紝鑰屾病鏈夋簮椤瑰皢鈥淧rivate鈥濊缃负鈥渢rue鈥濄€?
         涓诲紩鐢ㄢ€淢icrosoft.Extensions.Logging.TraceSource, Version=8.0.0.0, Culture=neutral, PublicKeyToken=adb9793829ddae60鈥濄€?
             瑙ｆ瀽鐨勬枃浠惰矾寰勪负鈥淐:\Program Files\dotnet\packs\Microsoft.AspNetCore.App.Ref\8.0.15\ref\net8.0\Microsoft.Extensions.Logging.TraceSource.dll鈥濄€?
             鍦ㄦ悳绱㈣矾寰勪綅缃€渰RawFileName}鈥濇壘鍒板紩鐢ㄣ€?
             姝ゅ紩鐢ㄤ笉鏄€淐opyLocal鈥濓紝鍥犱负鑷冲皯鏈変竴涓簮椤瑰皢鈥淧rivate鈥濊缃负鈥渇alse鈥濓紝鑰屾病鏈夋簮椤瑰皢鈥淧rivate鈥濊缃负鈥渢rue鈥濄€?
         涓诲紩鐢ㄢ€淢icrosoft.Extensions.Logging, Version=8.0.0.0, Culture=neutral, PublicKeyToken=adb9793829ddae60鈥濄€?
             瑙ｆ瀽鐨勬枃浠惰矾寰勪负鈥淐:\Program Files\dotnet\packs\Microsoft.AspNetCore.App.Ref\8.0.15\ref\net8.0\Microsoft.Extensions.Logging.dll鈥濄€?
             鍦ㄦ悳绱㈣矾寰勪綅缃€渰RawFileName}鈥濇壘鍒板紩鐢ㄣ€?
             姝ゅ紩鐢ㄤ笉鏄€淐opyLocal鈥濓紝鍥犱负鑷冲皯鏈変竴涓簮椤瑰皢鈥淧rivate鈥濊缃负鈥渇alse鈥濓紝鑰屾病鏈夋簮椤瑰皢鈥淧rivate鈥濊缃负鈥渢rue鈥濄€?
         涓诲紩鐢ㄢ€淢icrosoft.Extensions.ObjectPool, Version=8.0.0.0, Culture=neutral, PublicKeyToken=adb9793829ddae60鈥濄€?
             瑙ｆ瀽鐨勬枃浠惰矾寰勪负鈥淐:\Program Files\dotnet\packs\Microsoft.AspNetCore.App.Ref\8.0.15\ref\net8.0\Microsoft.Extensions.ObjectPool.dll鈥濄€?
             鍦ㄦ悳绱㈣矾寰勪綅缃€渰RawFileName}鈥濇壘鍒板紩鐢ㄣ€?
             姝ゅ紩鐢ㄤ笉鏄€淐opyLocal鈥濓紝鍥犱负鑷冲皯鏈変竴涓簮椤瑰皢鈥淧rivate鈥濊缃负鈥渇alse鈥濓紝鑰屾病鏈夋簮椤瑰皢鈥淧rivate鈥濊缃负鈥渢rue鈥濄€?
         涓诲紩鐢ㄢ€淢icrosoft.Extensions.Options.ConfigurationExtensions, Version=8.0.0.0, Culture=neutral, PublicKeyToken=adb9793829ddae60鈥濄€?
             瑙ｆ瀽鐨勬枃浠惰矾寰勪负鈥淐:\Program Files\dotnet\packs\Microsoft.AspNetCore.App.Ref\8.0.15\ref\net8.0\Microsoft.Extensions.Options.ConfigurationExtensions.dll鈥濄€?
             鍦ㄦ悳绱㈣矾寰勪綅缃€渰RawFileName}鈥濇壘鍒板紩鐢ㄣ€?
             姝ゅ紩鐢ㄤ笉鏄€淐opyLocal鈥濓紝鍥犱负鑷冲皯鏈変竴涓簮椤瑰皢鈥淧rivate鈥濊缃负鈥渇alse鈥濓紝鑰屾病鏈夋簮椤瑰皢鈥淧rivate鈥濊缃负鈥渢rue鈥濄€?
         涓诲紩鐢ㄢ€淢icrosoft.Extensions.Options.DataAnnotations, Version=8.0.0.0, Culture=neutral, PublicKeyToken=adb9793829ddae60鈥濄€?
             瑙ｆ瀽鐨勬枃浠惰矾寰勪负鈥淐:\Program Files\dotnet\packs\Microsoft.AspNetCore.App.Ref\8.0.15\ref\net8.0\Microsoft.Extensions.Options.DataAnnotations.dll鈥濄€?
             鍦ㄦ悳绱㈣矾寰勪綅缃€渰RawFileName}鈥濇壘鍒板紩鐢ㄣ€?
             姝ゅ紩鐢ㄤ笉鏄€淐opyLocal鈥濓紝鍥犱负鑷冲皯鏈変竴涓簮椤瑰皢鈥淧rivate鈥濊缃负鈥渇alse鈥濓紝鑰屾病鏈夋簮椤瑰皢鈥淧rivate鈥濊缃负鈥渢rue鈥濄€?
         涓诲紩鐢ㄢ€淢icrosoft.Extensions.Options, Version=8.0.0.0, Culture=neutral, PublicKeyToken=adb9793829ddae60鈥濄€?
             瑙ｆ瀽鐨勬枃浠惰矾寰勪负鈥淐:\Program Files\dotnet\packs\Microsoft.AspNetCore.App.Ref\8.0.15\ref\net8.0\Microsoft.Extensions.Options.dll鈥濄€?
             鍦ㄦ悳绱㈣矾寰勪綅缃€渰RawFileName}鈥濇壘鍒板紩鐢ㄣ€?
             姝ゅ紩鐢ㄤ笉鏄€淐opyLocal鈥濓紝鍥犱负鑷冲皯鏈変竴涓簮椤瑰皢鈥淧rivate鈥濊缃负鈥渇alse鈥濓紝鑰屾病鏈夋簮椤瑰皢鈥淧rivate鈥濊缃负鈥渢rue鈥濄€?
         涓诲紩鐢ㄢ€淢icrosoft.Extensions.Primitives, Version=8.0.0.0, Culture=neutral, PublicKeyToken=adb9793829ddae60鈥濄€?
             瑙ｆ瀽鐨勬枃浠惰矾寰勪负鈥淐:\Program Files\dotnet\packs\Microsoft.AspNetCore.App.Ref\8.0.15\ref\net8.0\Microsoft.Extensions.Primitives.dll鈥濄€?
             鍦ㄦ悳绱㈣矾寰勪綅缃€渰RawFileName}鈥濇壘鍒板紩鐢ㄣ€?
             姝ゅ紩鐢ㄤ笉鏄€淐opyLocal鈥濓紝鍥犱负鑷冲皯鏈変竴涓簮椤瑰皢鈥淧rivate鈥濊缃负鈥渇alse鈥濓紝鑰屾病鏈夋簮椤瑰皢鈥淧rivate鈥濊缃负鈥渢rue鈥濄€?
         涓诲紩鐢ㄢ€淢icrosoft.Extensions.WebEncoders, Version=8.0.0.0, Culture=neutral, PublicKeyToken=adb9793829ddae60鈥濄€?
             瑙ｆ瀽鐨勬枃浠惰矾寰勪负鈥淐:\Program Files\dotnet\packs\Microsoft.AspNetCore.App.Ref\8.0.15\ref\net8.0\Microsoft.Extensions.WebEncoders.dll鈥濄€?
             鍦ㄦ悳绱㈣矾寰勪綅缃€渰RawFileName}鈥濇壘鍒板紩鐢ㄣ€?
             姝ゅ紩鐢ㄤ笉鏄€淐opyLocal鈥濓紝鍥犱负鑷冲皯鏈変竴涓簮椤瑰皢鈥淧rivate鈥濊缃负鈥渇alse鈥濓紝鑰屾病鏈夋簮椤瑰皢鈥淧rivate鈥濊缃负鈥渢rue鈥濄€?
         涓诲紩鐢ㄢ€淢icrosoft.JSInterop, Version=8.0.0.0, Culture=neutral, PublicKeyToken=adb9793829ddae60鈥濄€?
             瑙ｆ瀽鐨勬枃浠惰矾寰勪负鈥淐:\Program Files\dotnet\packs\Microsoft.AspNetCore.App.Ref\8.0.15\ref\net8.0\Microsoft.JSInterop.dll鈥濄€?
             鍦ㄦ悳绱㈣矾寰勪綅缃€渰RawFileName}鈥濇壘鍒板紩鐢ㄣ€?
             姝ゅ紩鐢ㄤ笉鏄€淐opyLocal鈥濓紝鍥犱负鑷冲皯鏈変竴涓簮椤瑰皢鈥淧rivate鈥濊缃负鈥渇alse鈥濓紝鑰屾病鏈夋簮椤瑰皢鈥淧rivate鈥濊缃负鈥渢rue鈥濄€?
         涓诲紩鐢ㄢ€淢icrosoft.Net.Http.Headers, Version=8.0.0.0, Culture=neutral, PublicKeyToken=adb9793829ddae60鈥濄€?
             瑙ｆ瀽鐨勬枃浠惰矾寰勪负鈥淐:\Program Files\dotnet\packs\Microsoft.AspNetCore.App.Ref\8.0.15\ref\net8.0\Microsoft.Net.Http.Headers.dll鈥濄€?
             鍦ㄦ悳绱㈣矾寰勪綅缃€渰RawFileName}鈥濇壘鍒板紩鐢ㄣ€?
             姝ゅ紩鐢ㄤ笉鏄€淐opyLocal鈥濓紝鍥犱负鑷冲皯鏈変竴涓簮椤瑰皢鈥淧rivate鈥濊缃负鈥渇alse鈥濓紝鑰屾病鏈夋簮椤瑰皢鈥淧rivate鈥濊缃负鈥渢rue鈥濄€?
         涓诲紩鐢ㄢ€淪ystem.Diagnostics.EventLog, Version=8.0.0.0, Culture=neutral, PublicKeyToken=cc7b13ffcd2ddd51鈥濄€?
             瑙ｆ瀽鐨勬枃浠惰矾寰勪负鈥淐:\Program Files\dotnet\packs\Microsoft.AspNetCore.App.Ref\8.0.15\ref\net8.0\System.Diagnostics.EventLog.dll鈥濄€?
             鍦ㄦ悳绱㈣矾寰勪綅缃€渰RawFileName}鈥濇壘鍒板紩鐢ㄣ€?
             姝ゅ紩鐢ㄤ笉鏄€淐opyLocal鈥濓紝鍥犱负鑷冲皯鏈変竴涓簮椤瑰皢鈥淧rivate鈥濊缃负鈥渇alse鈥濓紝鑰屾病鏈夋簮椤瑰皢鈥淧rivate鈥濊缃负鈥渢rue鈥濄€?
         涓诲紩鐢ㄢ€淪ystem.IO.Pipelines, Version=8.0.0.0, Culture=neutral, PublicKeyToken=cc7b13ffcd2ddd51鈥濄€?
             瑙ｆ瀽鐨勬枃浠惰矾寰勪负鈥淐:\Program Files\dotnet\packs\Microsoft.AspNetCore.App.Ref\8.0.15\ref\net8.0\System.IO.Pipelines.dll鈥濄€?
             鍦ㄦ悳绱㈣矾寰勪綅缃€渰RawFileName}鈥濇壘鍒板紩鐢ㄣ€?
             姝ゅ紩鐢ㄤ笉鏄€淐opyLocal鈥濓紝鍥犱负鑷冲皯鏈変竴涓簮椤瑰皢鈥淧rivate鈥濊缃负鈥渇alse鈥濓紝鑰屾病鏈夋簮椤瑰皢鈥淧rivate鈥濊缃负鈥渢rue鈥濄€?
         涓诲紩鐢ㄢ€淪ystem.Security.Cryptography.Xml, Version=8.0.0.0, Culture=neutral, PublicKeyToken=cc7b13ffcd2ddd51鈥濄€?
             瑙ｆ瀽鐨勬枃浠惰矾寰勪负鈥淐:\Program Files\dotnet\packs\Microsoft.AspNetCore.App.Ref\8.0.15\ref\net8.0\System.Security.Cryptography.Xml.dll鈥濄€?
             鍦ㄦ悳绱㈣矾寰勪綅缃€渰RawFileName}鈥濇壘鍒板紩鐢ㄣ€?
             姝ゅ紩鐢ㄤ笉鏄€淐opyLocal鈥濓紝鍥犱负鑷冲皯鏈変竴涓簮椤瑰皢鈥淧rivate鈥濊缃负鈥渇alse鈥濓紝鑰屾病鏈夋簮椤瑰皢鈥淧rivate鈥濊缃负鈥渢rue鈥濄€?
         涓诲紩鐢ㄢ€淪ystem.Threading.RateLimiting, Version=8.0.0.0, Culture=neutral, PublicKeyToken=cc7b13ffcd2ddd51鈥濄€?
             瑙ｆ瀽鐨勬枃浠惰矾寰勪负鈥淐:\Program Files\dotnet\packs\Microsoft.AspNetCore.App.Ref\8.0.15\ref\net8.0\System.Threading.RateLimiting.dll鈥濄€?
             鍦ㄦ悳绱㈣矾寰勪綅缃€渰RawFileName}鈥濇壘鍒板紩鐢ㄣ€?
             姝ゅ紩鐢ㄤ笉鏄€淐opyLocal鈥濓紝鍥犱负鑷冲皯鏈変竴涓簮椤瑰皢鈥淧rivate鈥濊缃负鈥渇alse鈥濓紝鑰屾病鏈夋簮椤瑰皢鈥淧rivate鈥濊缃负鈥渢rue鈥濄€?
       宸插畬鎴愭墽琛屼换鍔♀€淩esolveAssemblyReference鈥濈殑鎿嶄綔銆?
   2:6>宸插畬鎴愬湪椤圭洰鈥渂ackend.csproj鈥濅腑鐢熸垚鐩爣鈥淩esolveAssemblyReferences鈥濈殑鎿嶄綔銆?
       鐢变簬鏉′欢鐨勮绠楃粨鏋滀负 false锛屽凡璺宠繃鐩爣鈥淕enerateBindingRedirects鈥濓紱('$(AutoGenerateBindingRedirects)' == 'true' and '$(GenerateBindingRedirectsOutputType)' == 'true' and '@(SuggestedBindingRedirects)' != '' and '$(DesignTimeBuild)' != 'true' and '$(BuildingProject)' == 'true')鐨勮绠楃粨鏋滀负('' == 'true' and 'true' == 'true' and '' != '' and '' != 'true' and 'true' == 'true')銆?
       鐢变簬鏉′欢鐨勮绠楃粨鏋滀负 false锛屽凡璺宠繃鐩爣鈥淕enerateSupportedRuntime鈥濓紱('$(GenerateSupportedRuntime)' != 'false' and '$(TargetFrameworkIdentifier)' == '.NETFramework' and '$(HasRuntimeOutput)' == 'true')鐨勮绠楃粨鏋滀负('' != 'false' and '.NETCoreApp' == '.NETFramework' and 'true' == 'true')銆?
       鐢变簬鏉′欢鐨勮绠楃粨鏋滀负 false锛屽凡璺宠繃鐩爣鈥淕enerateBindingRedirectsUpdateAppConfig鈥濓紱('$(AutoGenerateBindingRedirects)' == 'true' and '$(GenerateBindingRedirectsOutputType)' == 'true')鐨勮绠楃粨鏋滀负('' == 'true' and 'true' == 'true')銆?
       鐢变簬鏉′欢鐨勮绠楃粨鏋滀负 false锛屽凡璺宠繃鐩爣鈥淩esolveComReferences鈥濓紱('@(COMReference)'!='' or '@(COMFileReference)'!='')鐨勮绠楃粨鏋滀负(''!='' or ''!='')銆?
   2:6>鏉ヨ嚜椤圭洰鈥淓:\C\test3\WHU-STU-CHAT\backend\backend.csproj鈥濈殑鏂囦欢鈥淐:\Program Files\dotnet\sdk\9.0.105\Microsoft.Common.CurrentVersion.targets鈥濅腑鐨勭洰鏍団€淎fterResolveReferences鈥?鐩爣鈥淩esolveReferences鈥濅緷璧栦簬瀹?:
   2:6>宸插畬鎴愬湪椤圭洰鈥渂ackend.csproj鈥濅腑鐢熸垚鐩爣鈥淎fterResolveReferences鈥濈殑鎿嶄綔銆?
   2:6>鏉ヨ嚜椤圭洰鈥淓:\C\test3\WHU-STU-CHAT\backend\backend.csproj鈥濈殑鏂囦欢鈥淐:\Program Files\dotnet\sdk\9.0.105\Microsoft.Common.CurrentVersion.targets鈥濅腑鐨勭洰鏍団€淩esolveReferences鈥?鐩爣鈥淿BlockWinMDsOnUnsupportedTFMs鈥濅緷璧栦簬瀹?:
   2:6>宸插畬鎴愬湪椤圭洰鈥渂ackend.csproj鈥濅腑鐢熸垚鐩爣鈥淩esolveReferences鈥濈殑鎿嶄綔銆?
   2:6>鏉ヨ嚜椤圭洰鈥淓:\C\test3\WHU-STU-CHAT\backend\backend.csproj鈥濈殑鏂囦欢鈥淐:\Program Files\dotnet\sdk\9.0.105\Sdks\Microsoft.NET.Sdk\targets\Microsoft.NET.Sdk.targets鈥濅腑鐨勭洰鏍団€淿BlockWinMDsOnUnsupportedTFMs鈥?鐩爣鈥淐oreBuild鈥濅緷璧栦簬瀹?:
       姝ｅ湪浣跨敤绋嬪簭闆嗏€淐:\Program Files\dotnet\sdk\9.0.105\Sdks\Microsoft.NET.Sdk\targets\..\tools\net9.0\Microsoft.NET.Build.Tasks.dll鈥濅腑鐨勨€淐heckForUnsupportedWinMDReferences鈥濅换鍔°€?
       浠诲姟鈥淐heckForUnsupportedWinMDReferences鈥?
       宸插畬鎴愭墽琛屼换鍔♀€淐heckForUnsupportedWinMDReferences鈥濈殑鎿嶄綔銆?
       鐢变簬 false 鏉′欢锛屽凡璺宠繃浠诲姟鈥淣ETSdkError鈥濓紱('$(OutputType)' == 'winmdobj')璁＄畻涓?'Exe' == 'winmdobj')銆?
   2:6>宸插畬鎴愬湪椤圭洰鈥渂ackend.csproj鈥濅腑鐢熸垚鐩爣鈥淿BlockWinMDsOnUnsupportedTFMs鈥濈殑鎿嶄綔銆?
       宸茶烦杩囩洰鏍団€淩esolveReferences鈥濄€備互鍓嶇殑鐢熸垚宸叉垚鍔熴€?
       宸茶烦杩囩洰鏍団€淩esolvePackageDependenciesForBuild鈥濄€備互鍓嶇殑鐢熸垚宸叉垚鍔熴€?
       宸茶烦杩囩洰鏍団€淿HandlePackageFileConflicts鈥濄€備互鍓嶇殑鐢熸垚宸叉垚鍔熴€?
   2:6>鏉ヨ嚜椤圭洰鈥淓:\C\test3\WHU-STU-CHAT\backend\backend.csproj鈥濈殑鏂囦欢鈥淐:\Program Files\dotnet\sdk\9.0.105\Roslyn\Microsoft.Managed.Core.targets鈥濅腑鐨勭洰鏍団€淐opyAdditionalFiles鈥?鐩爣鈥淎ssignTargetPaths鈥濅緷璧栦簬瀹?:
   2:6>宸插畬鎴愬湪椤圭洰鈥渂ackend.csproj鈥濅腑鐢熸垚鐩爣鈥淐opyAdditionalFiles鈥濈殑鎿嶄綔銆?
       宸茶烦杩囩洰鏍団€淩esolvePackageAssets鈥濄€備互鍓嶇殑鐢熸垚宸叉垚鍔熴€?
       宸茶烦杩囩洰鏍団€淩esolveFrameworkReferences鈥濄€備互鍓嶇殑鐢熸垚宸叉垚鍔熴€?
   2:6>鏉ヨ嚜椤圭洰鈥淓:\C\test3\WHU-STU-CHAT\backend\backend.csproj鈥濈殑鏂囦欢鈥淐:\Program Files\dotnet\sdk\9.0.105\Sdks\Microsoft.NET.Sdk\targets\Microsoft.NET.Sdk.targets鈥濅腑鐨勭洰鏍団€淿GetAppHostPaths鈥?鐩爣鈥淿ComputeNETCoreBuildOutputFiles鈥濅緷璧栦簬瀹?:
       鐢变簬 false 鏉′欢锛屽凡璺宠繃浠诲姟鈥淣ETSdkError鈥濓紱('@(_NativeRestoredAppHostNETCore->Count())' > 1)璁＄畻涓?'0' > 1)銆?
   2:6>宸插畬鎴愬湪椤圭洰鈥渂ackend.csproj鈥濅腑鐢熸垚鐩爣鈥淿GetAppHostPaths鈥濈殑鎿嶄綔銆?
   2:6>鏉ヨ嚜椤圭洰鈥淓:\C\test3\WHU-STU-CHAT\backend\backend.csproj鈥濈殑鏂囦欢鈥淐:\Program Files\dotnet\sdk\9.0.105\Sdks\Microsoft.NET.Sdk\targets\Microsoft.NET.Sdk.targets鈥濅腑鐨勭洰鏍団€淿GetAppHostCreationConfiguration鈥?鐩爣鈥淿ComputeNETCoreBuildOutputFiles鈥濅緷璧栦簬瀹?:
   2:6>宸插畬鎴愬湪椤圭洰鈥渂ackend.csproj鈥濅腑鐢熸垚鐩爣鈥淿GetAppHostCreationConfiguration鈥濈殑鎿嶄綔銆?
       鐢变簬鏉′欢鐨勮绠楃粨鏋滀负 false锛屽凡璺宠繃鐩爣鈥淿GetComHostPaths鈥濓紱('$(EnableComHosting)' == 'true' and '$(_IsExecutable)' != 'true')鐨勮绠楃粨鏋滀负('' == 'true' and 'true' != 'true')銆?
       鐢变簬鏉′欢鐨勮绠楃粨鏋滀负 false锛屽凡璺宠繃鐩爣鈥淿GetIjwHostPaths鈥濓紱('$(UseIJWHost)' == 'true')鐨勮绠楃粨鏋滀负('' == 'true')銆?
   2:6>鏉ヨ嚜椤圭洰鈥淓:\C\test3\WHU-STU-CHAT\backend\backend.csproj鈥濈殑鏂囦欢鈥淐:\Program Files\dotnet\sdk\9.0.105\Sdks\Microsoft.NET.Sdk\targets\Microsoft.NET.Sdk.targets鈥濅腑鐨勭洰鏍団€淿ComputeNETCoreBuildOutputFiles鈥?鐩爣鈥淎ssignTargetPaths鈥濅緷璧栦簬瀹?:
   2:6>宸插畬鎴愬湪椤圭洰鈥渂ackend.csproj鈥濅腑鐢熸垚鐩爣鈥淿ComputeNETCoreBuildOutputFiles鈥濈殑鎿嶄綔銆?
   2:6>鏉ヨ嚜椤圭洰鈥淓:\C\test3\WHU-STU-CHAT\backend\backend.csproj鈥濈殑鏂囦欢鈥淐:\Program Files\dotnet\sdk\9.0.105\Sdks\Microsoft.NET.Sdk.StaticWebAssets\targets\Microsoft.NET.Sdk.StaticWebAssets.targets鈥濅腑鐨勭洰鏍団€淩esolveStaticWebAssetsConfiguration鈥?鐩爣鈥淩esolveProjectStaticWebAssets鈥濅緷璧栦簬瀹?:
       鐢变簬 false 鏉′欢锛屽凡璺宠繃浠诲姟鈥淢akeDir鈥濓紱(!Exists('$(_StaticWebAssetsManifestBase)'))璁＄畻涓?!Exists('obj\Debug\net8.0\'))銆?
       鐢变簬 false 鏉′欢锛屽凡璺宠繃浠诲姟鈥淢akeDir鈥濓紱(!Exists('$(_StaticWebAssetsIntermediateOutputPath)'))璁＄畻涓?!Exists('obj\Debug\net8.0\staticwebassets\'))銆?
   2:6>宸插畬鎴愬湪椤圭洰鈥渂ackend.csproj鈥濅腑鐢熸垚鐩爣鈥淩esolveStaticWebAssetsConfiguration鈥濈殑鎿嶄綔銆?
   2:6>鏉ヨ嚜椤圭洰鈥淓:\C\test3\WHU-STU-CHAT\backend\backend.csproj鈥濈殑鏂囦欢鈥淐:\Program Files\dotnet\sdk\9.0.105\Sdks\Microsoft.NET.Sdk.StaticWebAssets\targets\Microsoft.NET.Sdk.StaticWebAssets.targets鈥濅腑鐨勭洰鏍団€淯pdateExistingPackageStaticWebAssets鈥?鐩爣鈥淩esolveProjectStaticWebAssets鈥濅緷璧栦簬瀹?:
       姝ｅ湪浣跨敤绋嬪簭闆嗏€淐:\Program Files\dotnet\sdk\9.0.105\Sdks\Microsoft.NET.Sdk.StaticWebAssets\targets\..\tasks\net9.0\Microsoft.NET.Sdk.StaticWebAssets.Tasks.dll鈥濅腑鐨勨€淯pdatePackageStaticWebAssets鈥濅换鍔°€?
       浠诲姟鈥淯pdatePackageStaticWebAssets鈥?
       宸插畬鎴愭墽琛屼换鍔♀€淯pdatePackageStaticWebAssets鈥濈殑鎿嶄綔銆?
   2:6>宸插畬鎴愬湪椤圭洰鈥渂ackend.csproj鈥濅腑鐢熸垚鐩爣鈥淯pdateExistingPackageStaticWebAssets鈥濈殑鎿嶄綔銆?
   2:6>鏉ヨ嚜椤圭洰鈥淓:\C\test3\WHU-STU-CHAT\backend\backend.csproj鈥濈殑鏂囦欢鈥淐:\Program Files\dotnet\sdk\9.0.105\Sdks\Microsoft.NET.Sdk.StaticWebAssets\targets\Microsoft.NET.Sdk.StaticWebAssets.targets鈥濅腑鐨勭洰鏍団€淩esolveProjectStaticWebAssets鈥?鐩爣鈥淎ssignTargetPaths鈥濅緷璧栦簬瀹?:
       姝ｅ湪浣跨敤绋嬪簭闆嗏€淐:\Program Files\dotnet\sdk\9.0.105\Sdks\Microsoft.NET.Sdk.StaticWebAssets\targets\..\tasks\net9.0\Microsoft.NET.Sdk.StaticWebAssets.Tasks.dll鈥濅腑鐨勨€淒efineStaticWebAssets鈥濅换鍔°€?
       浠诲姟鈥淒efineStaticWebAssets鈥?
         鍦?TaskRun (Microsoft.AspNetCore.StaticWebAssets.Tasks.DefineStaticWebAssets) 鏈熼棿鍔犺浇鐨勭▼搴忛泦: Microsoft.Extensions.FileSystemGlobbing, Version=9.0.0.0, Culture=neutral, PublicKeyToken=adb9793829ddae60 (浣嶇疆: C:\Program Files\dotnet\sdk\9.0.105\Sdks\Microsoft.NET.Sdk.StaticWebAssets\tasks\net9.0\Microsoft.Extensions.FileSystemGlobbing.dll锛孧VID: c1d1d86b-4841-48cb-bba7-e55d88dd19f5锛孉ssemblyLoadContext: MSBuild plugin C:\Program Files\dotnet\sdk\9.0.105\Sdks\Microsoft.NET.Sdk.StaticWebAssets\tasks\net9.0\Microsoft.NET.Sdk.StaticWebAssets.Tasks.dll)
         Accepted asset 'wwwroot\temp\uploads\73fe7ae8-2ce0-4876-b129-403d86dac642.png' for pattern 'wwwroot/**' with relative path 'temp/uploads/73fe7ae8-2ce0-4876-b129-403d86dac642.png'
         Computing fingerprint and integrity for asset 'wwwroot\temp\uploads\73fe7ae8-2ce0-4876-b129-403d86dac642.png'
         Fingerprinting asset '73fe7ae8-2ce0-4876-b129-403d86dac642.png' as 'temp\uploads\73fe7ae8-2ce0-4876-b129-403d86dac642#[.{fingerprint}]?.png' because it didn't match any pattern
         Accepted asset 'wwwroot\temp\uploads\7f8e9665-a517-4b29-9b8c-cb0ada2005fe.png' for pattern 'wwwroot/**' with relative path 'temp/uploads/7f8e9665-a517-4b29-9b8c-cb0ada2005fe.png'
         Computing fingerprint and integrity for asset 'wwwroot\temp\uploads\7f8e9665-a517-4b29-9b8c-cb0ada2005fe.png'
         Fingerprinting asset '7f8e9665-a517-4b29-9b8c-cb0ada2005fe.png' as 'temp\uploads\7f8e9665-a517-4b29-9b8c-cb0ada2005fe#[.{fingerprint}]?.png' because it didn't match any pattern
         Accepted asset 'wwwroot\temp\uploads\e4fb5f14-7f16-4021-a386-d11da3aa0466.docx' for pattern 'wwwroot/**' with relative path 'temp/uploads/e4fb5f14-7f16-4021-a386-d11da3aa0466.docx'
         Computing fingerprint and integrity for asset 'wwwroot\temp\uploads\e4fb5f14-7f16-4021-a386-d11da3aa0466.docx'
         Fingerprinting asset 'e4fb5f14-7f16-4021-a386-d11da3aa0466.docx' as 'temp\uploads\e4fb5f14-7f16-4021-a386-d11da3aa0466#[.{fingerprint}]?.docx' because it didn't match any pattern
         Accepted asset 'wwwroot\uploads\avatars\5_2db33220-14d1-4ae7-94f8-a4aa464f10d9.png' for pattern 'wwwroot/**' with relative path 'uploads/avatars/5_2db33220-14d1-4ae7-94f8-a4aa464f10d9.png'
         Computing fingerprint and integrity for asset 'wwwroot\uploads\avatars\5_2db33220-14d1-4ae7-94f8-a4aa464f10d9.png'
         Fingerprinting asset '5_2db33220-14d1-4ae7-94f8-a4aa464f10d9.png' as 'uploads\avatars\5_2db33220-14d1-4ae7-94f8-a4aa464f10d9#[.{fingerprint}]?.png' because it didn't match any pattern
         Accepted asset 'wwwroot\uploads\avatars\5_67632c03-96bb-4c25-90c2-d98a7907d933.png' for pattern 'wwwroot/**' with relative path 'uploads/avatars/5_67632c03-96bb-4c25-90c2-d98a7907d933.png'
         Computing fingerprint and integrity for asset 'wwwroot\uploads\avatars\5_67632c03-96bb-4c25-90c2-d98a7907d933.png'
         Fingerprinting asset '5_67632c03-96bb-4c25-90c2-d98a7907d933.png' as 'uploads\avatars\5_67632c03-96bb-4c25-90c2-d98a7907d933#[.{fingerprint}]?.png' because it didn't match any pattern
         Accepted asset 'wwwroot\uploads\avatars\5_67929c8b-f24a-409d-ac42-2bc78fc41865.png' for pattern 'wwwroot/**' with relative path 'uploads/avatars/5_67929c8b-f24a-409d-ac42-2bc78fc41865.png'
         Computing fingerprint and integrity for asset 'wwwroot\uploads\avatars\5_67929c8b-f24a-409d-ac42-2bc78fc41865.png'
         Fingerprinting asset '5_67929c8b-f24a-409d-ac42-2bc78fc41865.png' as 'uploads\avatars\5_67929c8b-f24a-409d-ac42-2bc78fc41865#[.{fingerprint}]?.png' because it didn't match any pattern
         Accepted asset 'wwwroot\uploads\avatars\5_7fec05bd-bd5e-4c62-9e59-996c9173a6c1.png' for pattern 'wwwroot/**' with relative path 'uploads/avatars/5_7fec05bd-bd5e-4c62-9e59-996c9173a6c1.png'
         Computing fingerprint and integrity for asset 'wwwroot\uploads\avatars\5_7fec05bd-bd5e-4c62-9e59-996c9173a6c1.png'
         Fingerprinting asset '5_7fec05bd-bd5e-4c62-9e59-996c9173a6c1.png' as 'uploads\avatars\5_7fec05bd-bd5e-4c62-9e59-996c9173a6c1#[.{fingerprint}]?.png' because it didn't match any pattern
         Accepted asset 'wwwroot\uploads\avatars\5_9ae60191-d46e-4603-842b-d48176a2079b.png' for pattern 'wwwroot/**' with relative path 'uploads/avatars/5_9ae60191-d46e-4603-842b-d48176a2079b.png'
         Computing fingerprint and integrity for asset 'wwwroot\uploads\avatars\5_9ae60191-d46e-4603-842b-d48176a2079b.png'
         Fingerprinting asset '5_9ae60191-d46e-4603-842b-d48176a2079b.png' as 'uploads\avatars\5_9ae60191-d46e-4603-842b-d48176a2079b#[.{fingerprint}]?.png' because it didn't match any pattern
         Accepted asset 'wwwroot\uploads\avatars\5_afe86904-1072-4b78-b13c-78350426ea9b.png' for pattern 'wwwroot/**' with relative path 'uploads/avatars/5_afe86904-1072-4b78-b13c-78350426ea9b.png'
         Computing fingerprint and integrity for asset 'wwwroot\uploads\avatars\5_afe86904-1072-4b78-b13c-78350426ea9b.png'
         Fingerprinting asset '5_afe86904-1072-4b78-b13c-78350426ea9b.png' as 'uploads\avatars\5_afe86904-1072-4b78-b13c-78350426ea9b#[.{fingerprint}]?.png' because it didn't match any pattern
         Accepted asset 'wwwroot\uploads\avatars\5_ea361a06-f462-4046-b696-43dcba5e8aba.png' for pattern 'wwwroot/**' with relative path 'uploads/avatars/5_ea361a06-f462-4046-b696-43dcba5e8aba.png'
         Computing fingerprint and integrity for asset 'wwwroot\uploads\avatars\5_ea361a06-f462-4046-b696-43dcba5e8aba.png'
         Fingerprinting asset '5_ea361a06-f462-4046-b696-43dcba5e8aba.png' as 'uploads\avatars\5_ea361a06-f462-4046-b696-43dcba5e8aba#[.{fingerprint}]?.png' because it didn't match any pattern
         Rejected asset 'appsettings.Development.json' for pattern 'wwwroot/**'
         Rejected asset 'appsettings.json' for pattern 'wwwroot/**'
       宸插畬鎴愭墽琛屼换鍔♀€淒efineStaticWebAssets鈥濈殑鎿嶄綔銆?
       姝ｅ湪浣跨敤绋嬪簭闆嗏€淐:\Program Files\dotnet\sdk\9.0.105\Sdks\Microsoft.NET.Sdk.StaticWebAssets\targets\..\tasks\net9.0\Microsoft.NET.Sdk.StaticWebAssets.Tasks.dll鈥濅腑鐨勨€淒efineStaticWebAssetEndpoints鈥濅换鍔°€?
       浠诲姟鈥淒efineStaticWebAssetEndpoints鈥?
         No match for temp/uploads/73fe7ae8-2ce0-4876-b129-403d86dac642.png using pattern *.bmp
         No match for temp/uploads/73fe7ae8-2ce0-4876-b129-403d86dac642.png using pattern *.jpeg
         No match for temp/uploads/73fe7ae8-2ce0-4876-b129-403d86dac642.png using pattern *.jpg
         No match for temp/uploads/73fe7ae8-2ce0-4876-b129-403d86dac642.png using pattern *.gif
         No match for temp/uploads/73fe7ae8-2ce0-4876-b129-403d86dac642.png using pattern *.svg
         Matched temp/uploads/73fe7ae8-2ce0-4876-b129-403d86dac642.png to image/png using pattern *.png
         File E:\C\test3\WHU-STU-CHAT\backend\wwwroot\temp\uploads\73fe7ae8-2ce0-4876-b129-403d86dac642.png exists.
         No match for temp/uploads/73fe7ae8-2ce0-4876-b129-403d86dac642.png using pattern *.bmp
         No match for temp/uploads/73fe7ae8-2ce0-4876-b129-403d86dac642.png using pattern *.jpeg
         No match for temp/uploads/73fe7ae8-2ce0-4876-b129-403d86dac642.png using pattern *.jpg
         No match for temp/uploads/73fe7ae8-2ce0-4876-b129-403d86dac642.png using pattern *.gif
         No match for temp/uploads/73fe7ae8-2ce0-4876-b129-403d86dac642.png using pattern *.svg
         Matched temp/uploads/73fe7ae8-2ce0-4876-b129-403d86dac642.png to image/png using pattern *.png
         File E:\C\test3\WHU-STU-CHAT\backend\wwwroot\temp\uploads\73fe7ae8-2ce0-4876-b129-403d86dac642.png exists.
         Adding endpoint temp/uploads/73fe7ae8-2ce0-4876-b129-403d86dac642.png for asset E:\C\test3\WHU-STU-CHAT\backend\wwwroot\temp\uploads\73fe7ae8-2ce0-4876-b129-403d86dac642.png.
         Adding endpoint temp/uploads/73fe7ae8-2ce0-4876-b129-403d86dac642.12d9iro71m.png for asset E:\C\test3\WHU-STU-CHAT\backend\wwwroot\temp\uploads\73fe7ae8-2ce0-4876-b129-403d86dac642.png.
         No match for temp/uploads/7f8e9665-a517-4b29-9b8c-cb0ada2005fe.png using pattern *.bmp
         No match for temp/uploads/7f8e9665-a517-4b29-9b8c-cb0ada2005fe.png using pattern *.jpeg
         No match for temp/uploads/7f8e9665-a517-4b29-9b8c-cb0ada2005fe.png using pattern *.jpg
         No match for temp/uploads/7f8e9665-a517-4b29-9b8c-cb0ada2005fe.png using pattern *.gif
         No match for temp/uploads/7f8e9665-a517-4b29-9b8c-cb0ada2005fe.png using pattern *.svg
         Matched temp/uploads/7f8e9665-a517-4b29-9b8c-cb0ada2005fe.png to image/png using pattern *.png
         File E:\C\test3\WHU-STU-CHAT\backend\wwwroot\temp\uploads\7f8e9665-a517-4b29-9b8c-cb0ada2005fe.png exists.
         No match for temp/uploads/7f8e9665-a517-4b29-9b8c-cb0ada2005fe.png using pattern *.bmp
         No match for temp/uploads/7f8e9665-a517-4b29-9b8c-cb0ada2005fe.png using pattern *.jpeg
         No match for temp/uploads/7f8e9665-a517-4b29-9b8c-cb0ada2005fe.png using pattern *.jpg
         No match for temp/uploads/7f8e9665-a517-4b29-9b8c-cb0ada2005fe.png using pattern *.gif
         No match for temp/uploads/7f8e9665-a517-4b29-9b8c-cb0ada2005fe.png using pattern *.svg
         Matched temp/uploads/7f8e9665-a517-4b29-9b8c-cb0ada2005fe.png to image/png using pattern *.png
         File E:\C\test3\WHU-STU-CHAT\backend\wwwroot\temp\uploads\7f8e9665-a517-4b29-9b8c-cb0ada2005fe.png exists.
         Adding endpoint temp/uploads/7f8e9665-a517-4b29-9b8c-cb0ada2005fe.png for asset E:\C\test3\WHU-STU-CHAT\backend\wwwroot\temp\uploads\7f8e9665-a517-4b29-9b8c-cb0ada2005fe.png.
         Adding endpoint temp/uploads/7f8e9665-a517-4b29-9b8c-cb0ada2005fe.lxz94obxug.png for asset E:\C\test3\WHU-STU-CHAT\backend\wwwroot\temp\uploads\7f8e9665-a517-4b29-9b8c-cb0ada2005fe.png.
         No match for temp/uploads/e4fb5f14-7f16-4021-a386-d11da3aa0466.docx using pattern *.bmp
         No match for temp/uploads/e4fb5f14-7f16-4021-a386-d11da3aa0466.docx using pattern *.jpeg
         No match for temp/uploads/e4fb5f14-7f16-4021-a386-d11da3aa0466.docx using pattern *.jpg
         No match for temp/uploads/e4fb5f14-7f16-4021-a386-d11da3aa0466.docx using pattern *.gif
         No match for temp/uploads/e4fb5f14-7f16-4021-a386-d11da3aa0466.docx using pattern *.svg
         No match for temp/uploads/e4fb5f14-7f16-4021-a386-d11da3aa0466.docx using pattern *.png
         No match for temp/uploads/e4fb5f14-7f16-4021-a386-d11da3aa0466.docx using pattern *.webp
         No match for temp/uploads/e4fb5f14-7f16-4021-a386-d11da3aa0466.docx using pattern *.otf
         No match for temp/uploads/e4fb5f14-7f16-4021-a386-d11da3aa0466.docx using pattern *.woff2
         No match for temp/uploads/e4fb5f14-7f16-4021-a386-d11da3aa0466.docx using pattern *.m4v
         No match for temp/uploads/e4fb5f14-7f16-4021-a386-d11da3aa0466.docx using pattern *.mov
         No match for temp/uploads/e4fb5f14-7f16-4021-a386-d11da3aa0466.docx using pattern *.movie
         No match for temp/uploads/e4fb5f14-7f16-4021-a386-d11da3aa0466.docx using pattern *.mp2
         No match for temp/uploads/e4fb5f14-7f16-4021-a386-d11da3aa0466.docx using pattern *.mp4
         No match for temp/uploads/e4fb5f14-7f16-4021-a386-d11da3aa0466.docx using pattern *.mp4v
         No match for temp/uploads/e4fb5f14-7f16-4021-a386-d11da3aa0466.docx using pattern *.mpa
         No match for temp/uploads/e4fb5f14-7f16-4021-a386-d11da3aa0466.docx using pattern *.mpe
         No match for temp/uploads/e4fb5f14-7f16-4021-a386-d11da3aa0466.docx using pattern *.mpeg
         No match for temp/uploads/e4fb5f14-7f16-4021-a386-d11da3aa0466.docx using pattern *.mpg
         No match for temp/uploads/e4fb5f14-7f16-4021-a386-d11da3aa0466.docx using pattern *.mpv2
         No match for temp/uploads/e4fb5f14-7f16-4021-a386-d11da3aa0466.docx using pattern *.nsc
         No match for temp/uploads/e4fb5f14-7f16-4021-a386-d11da3aa0466.docx using pattern *.ogg
         No match for temp/uploads/e4fb5f14-7f16-4021-a386-d11da3aa0466.docx using pattern *.ogv
         No match for temp/uploads/e4fb5f14-7f16-4021-a386-d11da3aa0466.docx using pattern *.webm
         No match for temp/uploads/e4fb5f14-7f16-4021-a386-d11da3aa0466.docx using pattern *.art
         No match for temp/uploads/e4fb5f14-7f16-4021-a386-d11da3aa0466.docx using pattern *.cmx
         No match for temp/uploads/e4fb5f14-7f16-4021-a386-d11da3aa0466.docx using pattern *.cod
         No match for temp/uploads/e4fb5f14-7f16-4021-a386-d11da3aa0466.docx using pattern *.dib
         No match for temp/uploads/e4fb5f14-7f16-4021-a386-d11da3aa0466.docx using pattern *.ico
         No match for temp/uploads/e4fb5f14-7f16-4021-a386-d11da3aa0466.docx using pattern *.ief
         No match for temp/uploads/e4fb5f14-7f16-4021-a386-d11da3aa0466.docx using pattern *.jfif
         No match for temp/uploads/e4fb5f14-7f16-4021-a386-d11da3aa0466.docx using pattern *.jpe
         No match for temp/uploads/e4fb5f14-7f16-4021-a386-d11da3aa0466.docx using pattern *.pbm
         No match for temp/uploads/e4fb5f14-7f16-4021-a386-d11da3aa0466.docx using pattern *.pgm
         No match for temp/uploads/e4fb5f14-7f16-4021-a386-d11da3aa0466.docx using pattern *.pnm
         No match for temp/uploads/e4fb5f14-7f16-4021-a386-d11da3aa0466.docx using pattern *.pnz
         No match for temp/uploads/e4fb5f14-7f16-4021-a386-d11da3aa0466.docx using pattern *.ppm
         No match for temp/uploads/e4fb5f14-7f16-4021-a386-d11da3aa0466.docx using pattern *.ras
         No match for temp/uploads/e4fb5f14-7f16-4021-a386-d11da3aa0466.docx using pattern *.rf
         No match for temp/uploads/e4fb5f14-7f16-4021-a386-d11da3aa0466.docx using pattern *.rgb
         No match for temp/uploads/e4fb5f14-7f16-4021-a386-d11da3aa0466.docx using pattern *.svgz
         No match for temp/uploads/e4fb5f14-7f16-4021-a386-d11da3aa0466.docx using pattern *.tif
         No match for temp/uploads/e4fb5f14-7f16-4021-a386-d11da3aa0466.docx using pattern *.tiff
         No match for temp/uploads/e4fb5f14-7f16-4021-a386-d11da3aa0466.docx using pattern *.wbmp
         No match for temp/uploads/e4fb5f14-7f16-4021-a386-d11da3aa0466.docx using pattern *.xbm
         No match for temp/uploads/e4fb5f14-7f16-4021-a386-d11da3aa0466.docx using pattern *.xpm
         No match for temp/uploads/e4fb5f14-7f16-4021-a386-d11da3aa0466.docx using pattern *.xwd
         No match for temp/uploads/e4fb5f14-7f16-4021-a386-d11da3aa0466.docx using pattern *.3g2
         No match for temp/uploads/e4fb5f14-7f16-4021-a386-d11da3aa0466.docx using pattern *.3gp2
         No match for temp/uploads/e4fb5f14-7f16-4021-a386-d11da3aa0466.docx using pattern *.3gp
         No match for temp/uploads/e4fb5f14-7f16-4021-a386-d11da3aa0466.docx using pattern *.3gpp
         No match for temp/uploads/e4fb5f14-7f16-4021-a386-d11da3aa0466.docx using pattern *.asf
         No match for temp/uploads/e4fb5f14-7f16-4021-a386-d11da3aa0466.docx using pattern *.asr
         No match for temp/uploads/e4fb5f14-7f16-4021-a386-d11da3aa0466.docx using pattern *.asx
         No match for temp/uploads/e4fb5f14-7f16-4021-a386-d11da3aa0466.docx using pattern *.avi
         No match for temp/uploads/e4fb5f14-7f16-4021-a386-d11da3aa0466.docx using pattern *.dvr
         No match for temp/uploads/e4fb5f14-7f16-4021-a386-d11da3aa0466.docx using pattern *.flv
         No match for temp/uploads/e4fb5f14-7f16-4021-a386-d11da3aa0466.docx using pattern *.IVF
         No match for temp/uploads/e4fb5f14-7f16-4021-a386-d11da3aa0466.docx using pattern *.lsf
         No match for temp/uploads/e4fb5f14-7f16-4021-a386-d11da3aa0466.docx using pattern *.lsx
         No match for temp/uploads/e4fb5f14-7f16-4021-a386-d11da3aa0466.docx using pattern *.m1v
         No match for temp/uploads/e4fb5f14-7f16-4021-a386-d11da3aa0466.docx using pattern *.m2ts
         No match for temp/uploads/e4fb5f14-7f16-4021-a386-d11da3aa0466.docx using pattern *.qt
         No match for temp/uploads/e4fb5f14-7f16-4021-a386-d11da3aa0466.docx using pattern *.ts
         No match for temp/uploads/e4fb5f14-7f16-4021-a386-d11da3aa0466.docx using pattern *.tts
         No match for temp/uploads/e4fb5f14-7f16-4021-a386-d11da3aa0466.docx using pattern *.wm
         No match for temp/uploads/e4fb5f14-7f16-4021-a386-d11da3aa0466.docx using pattern *.wmp
         No match for temp/uploads/e4fb5f14-7f16-4021-a386-d11da3aa0466.docx using pattern *.wmv
         No match for temp/uploads/e4fb5f14-7f16-4021-a386-d11da3aa0466.docx using pattern *.wmx
         No match for temp/uploads/e4fb5f14-7f16-4021-a386-d11da3aa0466.docx using pattern *.wtv
         No match for temp/uploads/e4fb5f14-7f16-4021-a386-d11da3aa0466.docx using pattern *.wvx
         File E:\C\test3\WHU-STU-CHAT\backend\wwwroot\temp\uploads\e4fb5f14-7f16-4021-a386-d11da3aa0466.docx exists.
         No match for temp/uploads/e4fb5f14-7f16-4021-a386-d11da3aa0466.docx using pattern *.bmp
         No match for temp/uploads/e4fb5f14-7f16-4021-a386-d11da3aa0466.docx using pattern *.jpeg
         No match for temp/uploads/e4fb5f14-7f16-4021-a386-d11da3aa0466.docx using pattern *.jpg
         No match for temp/uploads/e4fb5f14-7f16-4021-a386-d11da3aa0466.docx using pattern *.gif
         No match for temp/uploads/e4fb5f14-7f16-4021-a386-d11da3aa0466.docx using pattern *.svg
         No match for temp/uploads/e4fb5f14-7f16-4021-a386-d11da3aa0466.docx using pattern *.png
         No match for temp/uploads/e4fb5f14-7f16-4021-a386-d11da3aa0466.docx using pattern *.webp
         No match for temp/uploads/e4fb5f14-7f16-4021-a386-d11da3aa0466.docx using pattern *.otf
         No match for temp/uploads/e4fb5f14-7f16-4021-a386-d11da3aa0466.docx using pattern *.woff2
         No match for temp/uploads/e4fb5f14-7f16-4021-a386-d11da3aa0466.docx using pattern *.m4v
         No match for temp/uploads/e4fb5f14-7f16-4021-a386-d11da3aa0466.docx using pattern *.mov
         No match for temp/uploads/e4fb5f14-7f16-4021-a386-d11da3aa0466.docx using pattern *.movie
         No match for temp/uploads/e4fb5f14-7f16-4021-a386-d11da3aa0466.docx using pattern *.mp2
         No match for temp/uploads/e4fb5f14-7f16-4021-a386-d11da3aa0466.docx using pattern *.mp4
         No match for temp/uploads/e4fb5f14-7f16-4021-a386-d11da3aa0466.docx using pattern *.mp4v
         No match for temp/uploads/e4fb5f14-7f16-4021-a386-d11da3aa0466.docx using pattern *.mpa
         No match for temp/uploads/e4fb5f14-7f16-4021-a386-d11da3aa0466.docx using pattern *.mpe
         No match for temp/uploads/e4fb5f14-7f16-4021-a386-d11da3aa0466.docx using pattern *.mpeg
         No match for temp/uploads/e4fb5f14-7f16-4021-a386-d11da3aa0466.docx using pattern *.mpg
         No match for temp/uploads/e4fb5f14-7f16-4021-a386-d11da3aa0466.docx using pattern *.mpv2
         No match for temp/uploads/e4fb5f14-7f16-4021-a386-d11da3aa0466.docx using pattern *.nsc
         No match for temp/uploads/e4fb5f14-7f16-4021-a386-d11da3aa0466.docx using pattern *.ogg
         No match for temp/uploads/e4fb5f14-7f16-4021-a386-d11da3aa0466.docx using pattern *.ogv
         No match for temp/uploads/e4fb5f14-7f16-4021-a386-d11da3aa0466.docx using pattern *.webm
         No match for temp/uploads/e4fb5f14-7f16-4021-a386-d11da3aa0466.docx using pattern *.art
         No match for temp/uploads/e4fb5f14-7f16-4021-a386-d11da3aa0466.docx using pattern *.cmx
         No match for temp/uploads/e4fb5f14-7f16-4021-a386-d11da3aa0466.docx using pattern *.cod
         No match for temp/uploads/e4fb5f14-7f16-4021-a386-d11da3aa0466.docx using pattern *.dib
         No match for temp/uploads/e4fb5f14-7f16-4021-a386-d11da3aa0466.docx using pattern *.ico
         No match for temp/uploads/e4fb5f14-7f16-4021-a386-d11da3aa0466.docx using pattern *.ief
         No match for temp/uploads/e4fb5f14-7f16-4021-a386-d11da3aa0466.docx using pattern *.jfif
         No match for temp/uploads/e4fb5f14-7f16-4021-a386-d11da3aa0466.docx using pattern *.jpe
         No match for temp/uploads/e4fb5f14-7f16-4021-a386-d11da3aa0466.docx using pattern *.pbm
         No match for temp/uploads/e4fb5f14-7f16-4021-a386-d11da3aa0466.docx using pattern *.pgm
         No match for temp/uploads/e4fb5f14-7f16-4021-a386-d11da3aa0466.docx using pattern *.pnm
         No match for temp/uploads/e4fb5f14-7f16-4021-a386-d11da3aa0466.docx using pattern *.pnz
         No match for temp/uploads/e4fb5f14-7f16-4021-a386-d11da3aa0466.docx using pattern *.ppm
         No match for temp/uploads/e4fb5f14-7f16-4021-a386-d11da3aa0466.docx using pattern *.ras
         No match for temp/uploads/e4fb5f14-7f16-4021-a386-d11da3aa0466.docx using pattern *.rf
         No match for temp/uploads/e4fb5f14-7f16-4021-a386-d11da3aa0466.docx using pattern *.rgb
         No match for temp/uploads/e4fb5f14-7f16-4021-a386-d11da3aa0466.docx using pattern *.svgz
         No match for temp/uploads/e4fb5f14-7f16-4021-a386-d11da3aa0466.docx using pattern *.tif
         No match for temp/uploads/e4fb5f14-7f16-4021-a386-d11da3aa0466.docx using pattern *.tiff
         No match for temp/uploads/e4fb5f14-7f16-4021-a386-d11da3aa0466.docx using pattern *.wbmp
         No match for temp/uploads/e4fb5f14-7f16-4021-a386-d11da3aa0466.docx using pattern *.xbm
         No match for temp/uploads/e4fb5f14-7f16-4021-a386-d11da3aa0466.docx using pattern *.xpm
         No match for temp/uploads/e4fb5f14-7f16-4021-a386-d11da3aa0466.docx using pattern *.xwd
         No match for temp/uploads/e4fb5f14-7f16-4021-a386-d11da3aa0466.docx using pattern *.3g2
         No match for temp/uploads/e4fb5f14-7f16-4021-a386-d11da3aa0466.docx using pattern *.3gp2
         No match for temp/uploads/e4fb5f14-7f16-4021-a386-d11da3aa0466.docx using pattern *.3gp
         No match for temp/uploads/e4fb5f14-7f16-4021-a386-d11da3aa0466.docx using pattern *.3gpp
         No match for temp/uploads/e4fb5f14-7f16-4021-a386-d11da3aa0466.docx using pattern *.asf
         No match for temp/uploads/e4fb5f14-7f16-4021-a386-d11da3aa0466.docx using pattern *.asr
         No match for temp/uploads/e4fb5f14-7f16-4021-a386-d11da3aa0466.docx using pattern *.asx
         No match for temp/uploads/e4fb5f14-7f16-4021-a386-d11da3aa0466.docx using pattern *.avi
         No match for temp/uploads/e4fb5f14-7f16-4021-a386-d11da3aa0466.docx using pattern *.dvr
         No match for temp/uploads/e4fb5f14-7f16-4021-a386-d11da3aa0466.docx using pattern *.flv
         No match for temp/uploads/e4fb5f14-7f16-4021-a386-d11da3aa0466.docx using pattern *.IVF
         No match for temp/uploads/e4fb5f14-7f16-4021-a386-d11da3aa0466.docx using pattern *.lsf
         No match for temp/uploads/e4fb5f14-7f16-4021-a386-d11da3aa0466.docx using pattern *.lsx
         No match for temp/uploads/e4fb5f14-7f16-4021-a386-d11da3aa0466.docx using pattern *.m1v
         No match for temp/uploads/e4fb5f14-7f16-4021-a386-d11da3aa0466.docx using pattern *.m2ts
         No match for temp/uploads/e4fb5f14-7f16-4021-a386-d11da3aa0466.docx using pattern *.qt
         No match for temp/uploads/e4fb5f14-7f16-4021-a386-d11da3aa0466.docx using pattern *.ts
         No match for temp/uploads/e4fb5f14-7f16-4021-a386-d11da3aa0466.docx using pattern *.tts
         No match for temp/uploads/e4fb5f14-7f16-4021-a386-d11da3aa0466.docx using pattern *.wm
         No match for temp/uploads/e4fb5f14-7f16-4021-a386-d11da3aa0466.docx using pattern *.wmp
         No match for temp/uploads/e4fb5f14-7f16-4021-a386-d11da3aa0466.docx using pattern *.wmv
         No match for temp/uploads/e4fb5f14-7f16-4021-a386-d11da3aa0466.docx using pattern *.wmx
         No match for temp/uploads/e4fb5f14-7f16-4021-a386-d11da3aa0466.docx using pattern *.wtv
         No match for temp/uploads/e4fb5f14-7f16-4021-a386-d11da3aa0466.docx using pattern *.wvx
         File E:\C\test3\WHU-STU-CHAT\backend\wwwroot\temp\uploads\e4fb5f14-7f16-4021-a386-d11da3aa0466.docx exists.
         Adding endpoint temp/uploads/e4fb5f14-7f16-4021-a386-d11da3aa0466.docx for asset E:\C\test3\WHU-STU-CHAT\backend\wwwroot\temp\uploads\e4fb5f14-7f16-4021-a386-d11da3aa0466.docx.
         Adding endpoint temp/uploads/e4fb5f14-7f16-4021-a386-d11da3aa0466.bq8o4izt8i.docx for asset E:\C\test3\WHU-STU-CHAT\backend\wwwroot\temp\uploads\e4fb5f14-7f16-4021-a386-d11da3aa0466.docx.
         No match for uploads/avatars/5_2db33220-14d1-4ae7-94f8-a4aa464f10d9.png using pattern *.bmp
         No match for uploads/avatars/5_2db33220-14d1-4ae7-94f8-a4aa464f10d9.png using pattern *.jpeg
         No match for uploads/avatars/5_2db33220-14d1-4ae7-94f8-a4aa464f10d9.png using pattern *.jpg
         No match for uploads/avatars/5_2db33220-14d1-4ae7-94f8-a4aa464f10d9.png using pattern *.gif
         No match for uploads/avatars/5_2db33220-14d1-4ae7-94f8-a4aa464f10d9.png using pattern *.svg
         Matched uploads/avatars/5_2db33220-14d1-4ae7-94f8-a4aa464f10d9.png to image/png using pattern *.png
         File E:\C\test3\WHU-STU-CHAT\backend\wwwroot\uploads\avatars\5_2db33220-14d1-4ae7-94f8-a4aa464f10d9.png exists.
         No match for uploads/avatars/5_2db33220-14d1-4ae7-94f8-a4aa464f10d9.png using pattern *.bmp
         No match for uploads/avatars/5_2db33220-14d1-4ae7-94f8-a4aa464f10d9.png using pattern *.jpeg
         No match for uploads/avatars/5_2db33220-14d1-4ae7-94f8-a4aa464f10d9.png using pattern *.jpg
         No match for uploads/avatars/5_2db33220-14d1-4ae7-94f8-a4aa464f10d9.png using pattern *.gif
         No match for uploads/avatars/5_2db33220-14d1-4ae7-94f8-a4aa464f10d9.png using pattern *.svg
         Matched uploads/avatars/5_2db33220-14d1-4ae7-94f8-a4aa464f10d9.png to image/png using pattern *.png
         File E:\C\test3\WHU-STU-CHAT\backend\wwwroot\uploads\avatars\5_2db33220-14d1-4ae7-94f8-a4aa464f10d9.png exists.
         Adding endpoint uploads/avatars/5_2db33220-14d1-4ae7-94f8-a4aa464f10d9.png for asset E:\C\test3\WHU-STU-CHAT\backend\wwwroot\uploads\avatars\5_2db33220-14d1-4ae7-94f8-a4aa464f10d9.png.
         Adding endpoint uploads/avatars/5_2db33220-14d1-4ae7-94f8-a4aa464f10d9.cp9dgtrarp.png for asset E:\C\test3\WHU-STU-CHAT\backend\wwwroot\uploads\avatars\5_2db33220-14d1-4ae7-94f8-a4aa464f10d9.png.
         No match for uploads/avatars/5_67632c03-96bb-4c25-90c2-d98a7907d933.png using pattern *.bmp
         No match for uploads/avatars/5_67632c03-96bb-4c25-90c2-d98a7907d933.png using pattern *.jpeg
         No match for uploads/avatars/5_67632c03-96bb-4c25-90c2-d98a7907d933.png using pattern *.jpg
         No match for uploads/avatars/5_67632c03-96bb-4c25-90c2-d98a7907d933.png using pattern *.gif
         No match for uploads/avatars/5_67632c03-96bb-4c25-90c2-d98a7907d933.png using pattern *.svg
         Matched uploads/avatars/5_67632c03-96bb-4c25-90c2-d98a7907d933.png to image/png using pattern *.png
         File E:\C\test3\WHU-STU-CHAT\backend\wwwroot\uploads\avatars\5_67632c03-96bb-4c25-90c2-d98a7907d933.png exists.
         No match for uploads/avatars/5_67632c03-96bb-4c25-90c2-d98a7907d933.png using pattern *.bmp
         No match for uploads/avatars/5_67632c03-96bb-4c25-90c2-d98a7907d933.png using pattern *.jpeg
         No match for uploads/avatars/5_67632c03-96bb-4c25-90c2-d98a7907d933.png using pattern *.jpg
         No match for uploads/avatars/5_67632c03-96bb-4c25-90c2-d98a7907d933.png using pattern *.gif
         No match for uploads/avatars/5_67632c03-96bb-4c25-90c2-d98a7907d933.png using pattern *.svg
         Matched uploads/avatars/5_67632c03-96bb-4c25-90c2-d98a7907d933.png to image/png using pattern *.png
         File E:\C\test3\WHU-STU-CHAT\backend\wwwroot\uploads\avatars\5_67632c03-96bb-4c25-90c2-d98a7907d933.png exists.
         Adding endpoint uploads/avatars/5_67632c03-96bb-4c25-90c2-d98a7907d933.png for asset E:\C\test3\WHU-STU-CHAT\backend\wwwroot\uploads\avatars\5_67632c03-96bb-4c25-90c2-d98a7907d933.png.
         Adding endpoint uploads/avatars/5_67632c03-96bb-4c25-90c2-d98a7907d933.cp9dgtrarp.png for asset E:\C\test3\WHU-STU-CHAT\backend\wwwroot\uploads\avatars\5_67632c03-96bb-4c25-90c2-d98a7907d933.png.
         No match for uploads/avatars/5_67929c8b-f24a-409d-ac42-2bc78fc41865.png using pattern *.bmp
         No match for uploads/avatars/5_67929c8b-f24a-409d-ac42-2bc78fc41865.png using pattern *.jpeg
         No match for uploads/avatars/5_67929c8b-f24a-409d-ac42-2bc78fc41865.png using pattern *.jpg
         No match for uploads/avatars/5_67929c8b-f24a-409d-ac42-2bc78fc41865.png using pattern *.gif
         No match for uploads/avatars/5_67929c8b-f24a-409d-ac42-2bc78fc41865.png using pattern *.svg
         Matched uploads/avatars/5_67929c8b-f24a-409d-ac42-2bc78fc41865.png to image/png using pattern *.png
         File E:\C\test3\WHU-STU-CHAT\backend\wwwroot\uploads\avatars\5_67929c8b-f24a-409d-ac42-2bc78fc41865.png exists.
         No match for uploads/avatars/5_67929c8b-f24a-409d-ac42-2bc78fc41865.png using pattern *.bmp
         No match for uploads/avatars/5_67929c8b-f24a-409d-ac42-2bc78fc41865.png using pattern *.jpeg
         No match for uploads/avatars/5_67929c8b-f24a-409d-ac42-2bc78fc41865.png using pattern *.jpg
         No match for uploads/avatars/5_67929c8b-f24a-409d-ac42-2bc78fc41865.png using pattern *.gif
         No match for uploads/avatars/5_67929c8b-f24a-409d-ac42-2bc78fc41865.png using pattern *.svg
         Matched uploads/avatars/5_67929c8b-f24a-409d-ac42-2bc78fc41865.png to image/png using pattern *.png
         File E:\C\test3\WHU-STU-CHAT\backend\wwwroot\uploads\avatars\5_67929c8b-f24a-409d-ac42-2bc78fc41865.png exists.
         Adding endpoint uploads/avatars/5_67929c8b-f24a-409d-ac42-2bc78fc41865.png for asset E:\C\test3\WHU-STU-CHAT\backend\wwwroot\uploads\avatars\5_67929c8b-f24a-409d-ac42-2bc78fc41865.png.
         Adding endpoint uploads/avatars/5_67929c8b-f24a-409d-ac42-2bc78fc41865.cp9dgtrarp.png for asset E:\C\test3\WHU-STU-CHAT\backend\wwwroot\uploads\avatars\5_67929c8b-f24a-409d-ac42-2bc78fc41865.png.
         No match for uploads/avatars/5_7fec05bd-bd5e-4c62-9e59-996c9173a6c1.png using pattern *.bmp
         No match for uploads/avatars/5_7fec05bd-bd5e-4c62-9e59-996c9173a6c1.png using pattern *.jpeg
         No match for uploads/avatars/5_7fec05bd-bd5e-4c62-9e59-996c9173a6c1.png using pattern *.jpg
         No match for uploads/avatars/5_7fec05bd-bd5e-4c62-9e59-996c9173a6c1.png using pattern *.gif
         No match for uploads/avatars/5_7fec05bd-bd5e-4c62-9e59-996c9173a6c1.png using pattern *.svg
         Matched uploads/avatars/5_7fec05bd-bd5e-4c62-9e59-996c9173a6c1.png to image/png using pattern *.png
         File E:\C\test3\WHU-STU-CHAT\backend\wwwroot\uploads\avatars\5_7fec05bd-bd5e-4c62-9e59-996c9173a6c1.png exists.
         No match for uploads/avatars/5_7fec05bd-bd5e-4c62-9e59-996c9173a6c1.png using pattern *.bmp
         No match for uploads/avatars/5_7fec05bd-bd5e-4c62-9e59-996c9173a6c1.png using pattern *.jpeg
         No match for uploads/avatars/5_7fec05bd-bd5e-4c62-9e59-996c9173a6c1.png using pattern *.jpg
         No match for uploads/avatars/5_7fec05bd-bd5e-4c62-9e59-996c9173a6c1.png using pattern *.gif
         No match for uploads/avatars/5_7fec05bd-bd5e-4c62-9e59-996c9173a6c1.png using pattern *.svg
         Matched uploads/avatars/5_7fec05bd-bd5e-4c62-9e59-996c9173a6c1.png to image/png using pattern *.png
         File E:\C\test3\WHU-STU-CHAT\backend\wwwroot\uploads\avatars\5_7fec05bd-bd5e-4c62-9e59-996c9173a6c1.png exists.
         Adding endpoint uploads/avatars/5_7fec05bd-bd5e-4c62-9e59-996c9173a6c1.png for asset E:\C\test3\WHU-STU-CHAT\backend\wwwroot\uploads\avatars\5_7fec05bd-bd5e-4c62-9e59-996c9173a6c1.png.
         Adding endpoint uploads/avatars/5_7fec05bd-bd5e-4c62-9e59-996c9173a6c1.cp9dgtrarp.png for asset E:\C\test3\WHU-STU-CHAT\backend\wwwroot\uploads\avatars\5_7fec05bd-bd5e-4c62-9e59-996c9173a6c1.png.
         No match for uploads/avatars/5_9ae60191-d46e-4603-842b-d48176a2079b.png using pattern *.bmp
         No match for uploads/avatars/5_9ae60191-d46e-4603-842b-d48176a2079b.png using pattern *.jpeg
         No match for uploads/avatars/5_9ae60191-d46e-4603-842b-d48176a2079b.png using pattern *.jpg
         No match for uploads/avatars/5_9ae60191-d46e-4603-842b-d48176a2079b.png using pattern *.gif
         No match for uploads/avatars/5_9ae60191-d46e-4603-842b-d48176a2079b.png using pattern *.svg
         Matched uploads/avatars/5_9ae60191-d46e-4603-842b-d48176a2079b.png to image/png using pattern *.png
         File E:\C\test3\WHU-STU-CHAT\backend\wwwroot\uploads\avatars\5_9ae60191-d46e-4603-842b-d48176a2079b.png exists.
         No match for uploads/avatars/5_9ae60191-d46e-4603-842b-d48176a2079b.png using pattern *.bmp
         No match for uploads/avatars/5_9ae60191-d46e-4603-842b-d48176a2079b.png using pattern *.jpeg
         No match for uploads/avatars/5_9ae60191-d46e-4603-842b-d48176a2079b.png using pattern *.jpg
         No match for uploads/avatars/5_9ae60191-d46e-4603-842b-d48176a2079b.png using pattern *.gif
         No match for uploads/avatars/5_9ae60191-d46e-4603-842b-d48176a2079b.png using pattern *.svg
         Matched uploads/avatars/5_9ae60191-d46e-4603-842b-d48176a2079b.png to image/png using pattern *.png
         File E:\C\test3\WHU-STU-CHAT\backend\wwwroot\uploads\avatars\5_9ae60191-d46e-4603-842b-d48176a2079b.png exists.
         Adding endpoint uploads/avatars/5_9ae60191-d46e-4603-842b-d48176a2079b.png for asset E:\C\test3\WHU-STU-CHAT\backend\wwwroot\uploads\avatars\5_9ae60191-d46e-4603-842b-d48176a2079b.png.
         Adding endpoint uploads/avatars/5_9ae60191-d46e-4603-842b-d48176a2079b.cp9dgtrarp.png for asset E:\C\test3\WHU-STU-CHAT\backend\wwwroot\uploads\avatars\5_9ae60191-d46e-4603-842b-d48176a2079b.png.
         No match for uploads/avatars/5_afe86904-1072-4b78-b13c-78350426ea9b.png using pattern *.bmp
         No match for uploads/avatars/5_afe86904-1072-4b78-b13c-78350426ea9b.png using pattern *.jpeg
         No match for uploads/avatars/5_afe86904-1072-4b78-b13c-78350426ea9b.png using pattern *.jpg
         No match for uploads/avatars/5_afe86904-1072-4b78-b13c-78350426ea9b.png using pattern *.gif
         No match for uploads/avatars/5_afe86904-1072-4b78-b13c-78350426ea9b.png using pattern *.svg
         Matched uploads/avatars/5_afe86904-1072-4b78-b13c-78350426ea9b.png to image/png using pattern *.png
         File E:\C\test3\WHU-STU-CHAT\backend\wwwroot\uploads\avatars\5_afe86904-1072-4b78-b13c-78350426ea9b.png exists.
         No match for uploads/avatars/5_afe86904-1072-4b78-b13c-78350426ea9b.png using pattern *.bmp
         No match for uploads/avatars/5_afe86904-1072-4b78-b13c-78350426ea9b.png using pattern *.jpeg
         No match for uploads/avatars/5_afe86904-1072-4b78-b13c-78350426ea9b.png using pattern *.jpg
         No match for uploads/avatars/5_afe86904-1072-4b78-b13c-78350426ea9b.png using pattern *.gif
         No match for uploads/avatars/5_afe86904-1072-4b78-b13c-78350426ea9b.png using pattern *.svg
         Matched uploads/avatars/5_afe86904-1072-4b78-b13c-78350426ea9b.png to image/png using pattern *.png
         File E:\C\test3\WHU-STU-CHAT\backend\wwwroot\uploads\avatars\5_afe86904-1072-4b78-b13c-78350426ea9b.png exists.
         Adding endpoint uploads/avatars/5_afe86904-1072-4b78-b13c-78350426ea9b.png for asset E:\C\test3\WHU-STU-CHAT\backend\wwwroot\uploads\avatars\5_afe86904-1072-4b78-b13c-78350426ea9b.png.
         Adding endpoint uploads/avatars/5_afe86904-1072-4b78-b13c-78350426ea9b.cp9dgtrarp.png for asset E:\C\test3\WHU-STU-CHAT\backend\wwwroot\uploads\avatars\5_afe86904-1072-4b78-b13c-78350426ea9b.png.
         No match for uploads/avatars/5_ea361a06-f462-4046-b696-43dcba5e8aba.png using pattern *.bmp
         No match for uploads/avatars/5_ea361a06-f462-4046-b696-43dcba5e8aba.png using pattern *.jpeg
         No match for uploads/avatars/5_ea361a06-f462-4046-b696-43dcba5e8aba.png using pattern *.jpg
         No match for uploads/avatars/5_ea361a06-f462-4046-b696-43dcba5e8aba.png using pattern *.gif
         No match for uploads/avatars/5_ea361a06-f462-4046-b696-43dcba5e8aba.png using pattern *.svg
         Matched uploads/avatars/5_ea361a06-f462-4046-b696-43dcba5e8aba.png to image/png using pattern *.png
         File E:\C\test3\WHU-STU-CHAT\backend\wwwroot\uploads\avatars\5_ea361a06-f462-4046-b696-43dcba5e8aba.png exists.
         No match for uploads/avatars/5_ea361a06-f462-4046-b696-43dcba5e8aba.png using pattern *.bmp
         No match for uploads/avatars/5_ea361a06-f462-4046-b696-43dcba5e8aba.png using pattern *.jpeg
         No match for uploads/avatars/5_ea361a06-f462-4046-b696-43dcba5e8aba.png using pattern *.jpg
         No match for uploads/avatars/5_ea361a06-f462-4046-b696-43dcba5e8aba.png using pattern *.gif
         No match for uploads/avatars/5_ea361a06-f462-4046-b696-43dcba5e8aba.png using pattern *.svg
         Matched uploads/avatars/5_ea361a06-f462-4046-b696-43dcba5e8aba.png to image/png using pattern *.png
         File E:\C\test3\WHU-STU-CHAT\backend\wwwroot\uploads\avatars\5_ea361a06-f462-4046-b696-43dcba5e8aba.png exists.
         Adding endpoint uploads/avatars/5_ea361a06-f462-4046-b696-43dcba5e8aba.png for asset E:\C\test3\WHU-STU-CHAT\backend\wwwroot\uploads\avatars\5_ea361a06-f462-4046-b696-43dcba5e8aba.png.
         Adding endpoint uploads/avatars/5_ea361a06-f462-4046-b696-43dcba5e8aba.cp9dgtrarp.png for asset E:\C\test3\WHU-STU-CHAT\backend\wwwroot\uploads\avatars\5_ea361a06-f462-4046-b696-43dcba5e8aba.png.
         鍦?TaskRun (Microsoft.AspNetCore.StaticWebAssets.Tasks.DefineStaticWebAssetEndpoints) 鏈熼棿鍔犺浇鐨勭▼搴忛泦: System.Text.Encodings.Web, Version=9.0.0.0, Culture=neutral, PublicKeyToken=cc7b13ffcd2ddd51 (浣嶇疆: C:\Program Files\dotnet\shared\Microsoft.NETCore.App\9.0.4\System.Text.Encodings.Web.dll锛孧VID: 32287618-f187-4fe4-98c7-7288e14f0927锛孉ssemblyLoadContext: Default)
         鍦?TaskRun (Microsoft.AspNetCore.StaticWebAssets.Tasks.DefineStaticWebAssetEndpoints) 鏈熼棿鍔犺浇鐨勭▼搴忛泦: System.IO.Pipelines, Version=9.0.0.0, Culture=neutral, PublicKeyToken=cc7b13ffcd2ddd51 (浣嶇疆: C:\Program Files\dotnet\shared\Microsoft.NETCore.App\9.0.4\System.IO.Pipelines.dll锛孧VID: cd542da6-2390-4f45-9e4f-34361da2fe95锛孉ssemblyLoadContext: Default)
       宸插畬鎴愭墽琛屼换鍔♀€淒efineStaticWebAssetEndpoints鈥濈殑鎿嶄綔銆?
   2:6>宸插畬鎴愬湪椤圭洰鈥渂ackend.csproj鈥濅腑鐢熸垚鐩爣鈥淩esolveProjectStaticWebAssets鈥濈殑鎿嶄綔銆?
   2:6>鏉ヨ嚜椤圭洰鈥淓:\C\test3\WHU-STU-CHAT\backend\backend.csproj鈥濈殑鏂囦欢鈥淐:\Program Files\dotnet\sdk\9.0.105\Microsoft.Common.CurrentVersion.targets鈥濅腑鐨勭洰鏍団€淎ssignTargetPaths鈥?鐩爣鈥淧repareResourceNames鈥濅緷璧栦簬瀹?:
       姝ｅ湪浣跨敤绋嬪簭闆嗏€淢icrosoft.Build.Tasks.Core, Version=15.1.0.0, Culture=neutral, PublicKeyToken=b03f5f7f11d50a3a鈥濅腑鐨勨€淎ssignTargetPath鈥濅换鍔°€?
       浠诲姟鈥淎ssignTargetPath鈥?
       宸插畬鎴愭墽琛屼换鍔♀€淎ssignTargetPath鈥濈殑鎿嶄綔銆?
       浠诲姟鈥淎ssignTargetPath鈥?
       宸插畬鎴愭墽琛屼换鍔♀€淎ssignTargetPath鈥濈殑鎿嶄綔銆?
       浠诲姟鈥淎ssignTargetPath鈥?
       宸插畬鎴愭墽琛屼换鍔♀€淎ssignTargetPath鈥濈殑鎿嶄綔銆?
       浠诲姟鈥淎ssignTargetPath鈥?
       宸插畬鎴愭墽琛屼换鍔♀€淎ssignTargetPath鈥濈殑鎿嶄綔銆?
       鐢变簬 false 鏉′欢锛屽凡璺宠繃浠诲姟鈥淎ssignTargetPath鈥濓紱('@(_DeploymentBaseManifestWithTargetPath)'=='' and '%(None.Extension)'=='.manifest')璁＄畻涓?''=='' and '.http'=='.manifest')銆?
       鐢变簬 false 鏉′欢锛屽凡璺宠繃浠诲姟鈥淎ssignTargetPath鈥濓紱('@(_DeploymentBaseManifestWithTargetPath)'=='' and '%(None.Extension)'=='.manifest')璁＄畻涓?''=='' and '.txt'=='.manifest')銆?
       鐢变簬 false 鏉′欢锛屽凡璺宠繃浠诲姟鈥淎ssignTargetPath鈥濓紱('@(_DeploymentBaseManifestWithTargetPath)'=='' and '%(None.Extension)'=='.manifest')璁＄畻涓?''=='' and '.json'=='.manifest')銆?
       鐢变簬 false 鏉′欢锛屽凡璺宠繃浠诲姟鈥淎ssignTargetPath鈥濓紱('@(_DeploymentBaseManifestWithTargetPath)'=='' and '%(None.Extension)'=='.manifest')璁＄畻涓?''=='' and '.exe'=='.manifest')銆?
   2:6>宸插畬鎴愬湪椤圭洰鈥渂ackend.csproj鈥濅腑鐢熸垚鐩爣鈥淎ssignTargetPaths鈥濈殑鎿嶄綔銆?
       宸茶烦杩囩洰鏍団€淎ssignTargetPaths鈥濄€備互鍓嶇殑鐢熸垚宸叉垚鍔熴€?
   2:6>鏉ヨ嚜椤圭洰鈥淓:\C\test3\WHU-STU-CHAT\backend\backend.csproj鈥濈殑鏂囦欢鈥淐:\Program Files\dotnet\sdk\9.0.105\Microsoft.Common.CurrentVersion.targets鈥濅腑鐨勭洰鏍団€淪plitResourcesByCulture鈥?鐩爣鈥淧repareResourceNames鈥濅緷璧栦簬瀹?:
       鐢变簬 false 鏉′欢锛屽凡璺宠繃浠诲姟鈥淲arning鈥濓紱('@(ResxWithNoCulture)'!='')璁＄畻涓?''!='')銆?
       鐢变簬 false 鏉′欢锛屽凡璺宠繃浠诲姟鈥淲arning鈥濓紱('@(ResxWithCulture)'!='')璁＄畻涓?''!='')銆?
       鐢变簬 false 鏉′欢锛屽凡璺宠繃浠诲姟鈥淲arning鈥濓紱('@(NonResxWithCulture)'!='')璁＄畻涓?''!='')銆?
       鐢变簬 false 鏉′欢锛屽凡璺宠繃浠诲姟鈥淲arning鈥濓紱('@(NonResxWithNoCulture)'!='')璁＄畻涓?''!='')銆?
       姝ｅ湪浣跨敤绋嬪簭闆嗏€淢icrosoft.Build.Tasks.Core, Version=15.1.0.0, Culture=neutral, PublicKeyToken=b03f5f7f11d50a3a鈥濅腑鐨勨€淎ssignCulture鈥濅换鍔°€?
       浠诲姟鈥淎ssignCulture鈥?
       宸插畬鎴愭墽琛屼换鍔♀€淎ssignCulture鈥濈殑鎿嶄綔銆?
   2:6>宸插畬鎴愬湪椤圭洰鈥渂ackend.csproj鈥濅腑鐢熸垚鐩爣鈥淪plitResourcesByCulture鈥濈殑鎿嶄綔銆?
       鐢变簬鏉′欢鐨勮绠楃粨鏋滀负 false锛屽凡璺宠繃鐩爣鈥淐reateManifestResourceNames鈥濓紱('@(EmbeddedResource)' != '')鐨勮绠楃粨鏋滀负('' != '')銆?
   2:6>鏉ヨ嚜椤圭洰鈥淓:\C\test3\WHU-STU-CHAT\backend\backend.csproj鈥濈殑鏂囦欢鈥淐:\Program Files\dotnet\sdk\9.0.105\Microsoft.Common.CurrentVersion.targets鈥濅腑鐨勭洰鏍団€淐reateCustomManifestResourceNames鈥?鐩爣鈥淧repareResourceNames鈥濅緷璧栦簬瀹?:
   2:6>宸插畬鎴愬湪椤圭洰鈥渂ackend.csproj鈥濅腑鐢熸垚鐩爣鈥淐reateCustomManifestResourceNames鈥濈殑鎿嶄綔銆?
   2:6>鏉ヨ嚜椤圭洰鈥淓:\C\test3\WHU-STU-CHAT\backend\backend.csproj鈥濈殑鏂囦欢鈥淐:\Program Files\dotnet\sdk\9.0.105\Microsoft.Common.CurrentVersion.targets鈥濅腑鐨勭洰鏍団€淧repareResourceNames鈥?鐩爣鈥淧repareResources鈥濅緷璧栦簬瀹?:
   2:6>宸插畬鎴愬湪椤圭洰鈥渂ackend.csproj鈥濅腑鐢熸垚鐩爣鈥淧repareResourceNames鈥濈殑鎿嶄綔銆?
       宸茶烦杩囩洰鏍団€淩esolveAssemblyReferences鈥濄€備互鍓嶇殑鐢熸垚宸叉垚鍔熴€?
       宸茶烦杩囩洰鏍団€淪plitResourcesByCulture鈥濄€備互鍓嶇殑鐢熸垚宸叉垚鍔熴€?
   2:6>鏉ヨ嚜椤圭洰鈥淓:\C\test3\WHU-STU-CHAT\backend\backend.csproj鈥濈殑鏂囦欢鈥淐:\Program Files\dotnet\sdk\9.0.105\Microsoft.Common.CurrentVersion.targets鈥濅腑鐨勭洰鏍団€淏eforeResGen鈥?鐩爣鈥淩esGen鈥濅緷璧栦簬瀹?:
   2:6>宸插畬鎴愬湪椤圭洰鈥渂ackend.csproj鈥濅腑鐢熸垚鐩爣鈥淏eforeResGen鈥濈殑鎿嶄綔銆?
       宸茶烦杩囩洰鏍団€淩esolveReferences鈥濄€備互鍓嶇殑鐢熸垚宸叉垚鍔熴€?
   2:6>鏉ヨ嚜椤圭洰鈥淓:\C\test3\WHU-STU-CHAT\backend\backend.csproj鈥濈殑鏂囦欢鈥淐:\Program Files\dotnet\sdk\9.0.105\Microsoft.Common.CurrentVersion.targets鈥濅腑鐨勭洰鏍団€淔indReferenceAssembliesForReferences鈥?鐩爣鈥淐oreResGen鈥濅緷璧栦簬瀹?:
   2:6>宸插畬鎴愬湪椤圭洰鈥渂ackend.csproj鈥濅腑鐢熸垚鐩爣鈥淔indReferenceAssembliesForReferences鈥濈殑鎿嶄綔銆?
   2:6>鏉ヨ嚜椤圭洰鈥淓:\C\test3\WHU-STU-CHAT\backend\backend.csproj鈥濈殑鏂囦欢鈥淐:\Program Files\dotnet\sdk\9.0.105\Microsoft.Common.CurrentVersion.targets鈥濅腑鐨勭洰鏍団€淐oreResGen鈥?鐩爣鈥淩esGen鈥濅緷璧栦簬瀹?:
       鐢变簬 false 鏉′欢锛屽凡璺宠繃浠诲姟鈥淕enerateResource鈥濓紱('%(EmbeddedResource.Type)' == 'Resx' and '%(EmbeddedResource.GenerateResource)' != 'false' and '$(GenerateResourceMSBuildRuntime)' != 'CLR2')璁＄畻涓?'' == 'Resx' and '' != 'false' and 'CurrentRuntime' != 'CLR2')銆?
       鐢变簬 false 鏉′欢锛屽凡璺宠繃浠诲姟鈥淕enerateResource鈥濓紱('%(EmbeddedResource.Type)' == 'Resx' and '%(EmbeddedResource.GenerateResource)' != 'false' and '$(GenerateResourceMSBuildRuntime)' == 'CLR2')璁＄畻涓?'' == 'Resx' and '' != 'false' and 'CurrentRuntime' == 'CLR2')銆?
   2:6>宸插畬鎴愬湪椤圭洰鈥渂ackend.csproj鈥濅腑鐢熸垚鐩爣鈥淐oreResGen鈥濈殑鎿嶄綔銆?
   2:6>鏉ヨ嚜椤圭洰鈥淓:\C\test3\WHU-STU-CHAT\backend\backend.csproj鈥濈殑鏂囦欢鈥淐:\Program Files\dotnet\sdk\9.0.105\Microsoft.Common.CurrentVersion.targets鈥濅腑鐨勭洰鏍団€淎fterResGen鈥?鐩爣鈥淩esGen鈥濅緷璧栦簬瀹?:
   2:6>宸插畬鎴愬湪椤圭洰鈥渂ackend.csproj鈥濅腑鐢熸垚鐩爣鈥淎fterResGen鈥濈殑鎿嶄綔銆?
   2:6>鏉ヨ嚜椤圭洰鈥淓:\C\test3\WHU-STU-CHAT\backend\backend.csproj鈥濈殑鏂囦欢鈥淐:\Program Files\dotnet\sdk\9.0.105\Microsoft.Common.CurrentVersion.targets鈥濅腑鐨勭洰鏍団€淩esGen鈥?鐩爣鈥淧repareResources鈥濅緷璧栦簬瀹?:
   2:6>宸插畬鎴愬湪椤圭洰鈥渂ackend.csproj鈥濅腑鐢熸垚鐩爣鈥淩esGen鈥濈殑鎿嶄綔銆?
       鐢变簬鏉′欢鐨勮绠楃粨鏋滀负 false锛屽凡璺宠繃鐩爣鈥淐ompileLicxFiles鈥濓紱('@(_LicxFile)'!='')鐨勮绠楃粨鏋滀负(''!='')銆?
   2:6>鏉ヨ嚜椤圭洰鈥淓:\C\test3\WHU-STU-CHAT\backend\backend.csproj鈥濈殑鏂囦欢鈥淐:\Program Files\dotnet\sdk\9.0.105\Microsoft.Common.CurrentVersion.targets鈥濅腑鐨勭洰鏍団€淧repareResources鈥?鐩爣鈥淐oreBuild鈥濅緷璧栦簬瀹?:
   2:6>宸插畬鎴愬湪椤圭洰鈥渂ackend.csproj鈥濅腑鐢熸垚鐩爣鈥淧repareResources鈥濈殑鎿嶄綔銆?
       鐢变簬鏉′欢鐨勮绠楃粨鏋滀负 false锛屽凡璺宠繃鐩爣鈥淩esolveKeySource鈥濓紱($(SignManifests) == 'true' or $(SignAssembly) == 'true')鐨勮绠楃粨鏋滀负( == 'true' or false == 'true')銆?
       宸茶烦杩囩洰鏍団€淩esolveReferences鈥濄€備互鍓嶇殑鐢熸垚宸叉垚鍔熴€?
       鐢变簬鏉′欢鐨勮绠楃粨鏋滀负 false锛屽凡璺宠繃鐩爣鈥淩esolveKeySource鈥濓紱($(SignManifests) == 'true' or $(SignAssembly) == 'true')鐨勮绠楃粨鏋滀负( == 'true' or false == 'true')銆?
       鐢变簬鏉′欢鐨勮绠楃粨鏋滀负 false锛屽凡璺宠繃鐩爣鈥淩esolveComReferences鈥濓紱('@(COMReference)'!='' or '@(COMFileReference)'!='')鐨勮绠楃粨鏋滀负(''!='' or ''!='')銆?
       鐢变簬鏉′欢鐨勮绠楃粨鏋滀负 false锛屽凡璺宠繃鐩爣鈥淩esolveNativeReferences鈥濓紱('@(NativeReference)'!='')鐨勮绠楃粨鏋滀负(''!='')銆?
       鐢变簬鏉′欢鐨勮绠楃粨鏋滀负 false锛屽凡璺宠繃鐩爣鈥淿SetExternalWin32ManifestProperties鈥濓紱('$(GenerateClickOnceManifests)'=='true' or '@(NativeReference)'!='' or '@(ResolvedIsolatedComModules)'!='')鐨勮绠楃粨鏋滀负(''=='true' or ''!='' or ''!='')銆?
   2:6>鏉ヨ嚜椤圭洰鈥淓:\C\test3\WHU-STU-CHAT\backend\backend.csproj鈥濈殑鏂囦欢鈥淐:\Program Files\dotnet\sdk\9.0.105\Microsoft.Common.CurrentVersion.targets鈥濅腑鐨勭洰鏍団€淿SetEmbeddedWin32ManifestProperties鈥?鐩爣鈥淪etWin32ManifestProperties鈥濅緷璧栦簬瀹?:
       姝ｅ湪浣跨敤绋嬪簭闆嗏€淢icrosoft.Build.Tasks.Core, Version=15.1.0.0, Culture=neutral, PublicKeyToken=b03f5f7f11d50a3a鈥濅腑鐨勨€淕etFrameworkPath鈥濅换鍔°€?
       浠诲姟鈥淕etFrameworkPath鈥?
       宸插畬鎴愭墽琛屼换鍔♀€淕etFrameworkPath鈥濈殑鎿嶄綔銆?
   2:6>宸插畬鎴愬湪椤圭洰鈥渂ackend.csproj鈥濅腑鐢熸垚鐩爣鈥淿SetEmbeddedWin32ManifestProperties鈥濈殑鎿嶄綔銆?
   2:6>鏉ヨ嚜椤圭洰鈥淓:\C\test3\WHU-STU-CHAT\backend\backend.csproj鈥濈殑鏂囦欢鈥淐:\Program Files\dotnet\sdk\9.0.105\Microsoft.Common.CurrentVersion.targets鈥濅腑鐨勭洰鏍団€淪etWin32ManifestProperties鈥?鐩爣鈥淐ompile鈥濅緷璧栦簬瀹?:
   2:6>宸插畬鎴愬湪椤圭洰鈥渂ackend.csproj鈥濅腑鐢熸垚鐩爣鈥淪etWin32ManifestProperties鈥濈殑鎿嶄綔銆?
       鐢变簬鏉′欢鐨勮绠楃粨鏋滀负 false锛屽凡璺宠繃鐩爣鈥淿SetPreferNativeArm64Win32ManifestProperties鈥濓紱( '$(PreferNativeArm64)'=='true' and '$(NoWin32Manifest)'!='true')鐨勮绠楃粨鏋滀负( 'false'=='true' and ''!='true')銆?
       宸茶烦杩囩洰鏍団€淔indReferenceAssembliesForReferences鈥濄€備互鍓嶇殑鐢熸垚宸叉垚鍔熴€?
   2:6>鏉ヨ嚜椤圭洰鈥淓:\C\test3\WHU-STU-CHAT\backend\backend.csproj鈥濈殑鏂囦欢鈥淐:\Program Files\dotnet\sdk\9.0.105\Microsoft.Common.CurrentVersion.targets鈥濅腑鐨勭洰鏍団€淿GenerateCompileInputs鈥?鐩爣鈥淐ompile鈥濅緷璧栦簬瀹?:
       鐢变簬 false 鏉′欢锛屽凡璺宠繃浠诲姟鈥淲arning鈥濓紱('@(ManifestResourceWithNoCulture)'!='' and '%(ManifestResourceWithNoCulture.EmittedForCompatibilityOnly)'=='')璁＄畻涓?''!='' and ''=='')銆?
       鐢变簬 false 鏉′欢锛屽凡璺宠繃浠诲姟鈥淲arning鈥濓紱('@(ManifestNonResxWithNoCultureOnDisk)'!='' and '%(ManifestNonResxWithNoCultureOnDisk.EmittedForCompatibilityOnly)'=='')璁＄畻涓?''!='' and ''=='')銆?
   2:6>宸插畬鎴愬湪椤圭洰鈥渂ackend.csproj鈥濅腑鐢熸垚鐩爣鈥淿GenerateCompileInputs鈥濈殑鎿嶄綔銆?
       宸茶烦杩囩洰鏍団€淧repareForBuild鈥濄€備互鍓嶇殑鐢熸垚宸叉垚鍔熴€?
   2:6>鏉ヨ嚜椤圭洰鈥淓:\C\test3\WHU-STU-CHAT\backend\backend.csproj鈥濈殑鏂囦欢鈥淐:\Program Files\dotnet\sdk\9.0.105\Sdks\Microsoft.NET.Sdk.Razor\targets\Sdk.Razor.CurrentVersion.targets鈥濅腑鐨勭洰鏍団€淩esolveRazorConfiguration鈥?鐩爣鈥淧repareForRazorGenerate鈥濅緷璧栦簬瀹?:
       鐢变簬 false 鏉′欢锛屽凡璺宠繃浠诲姟鈥淲arning鈥濓紱('$(_Targeting30OrNewerRazorLangVersion)' == 'true' AND '@(ResolvedRazorConfiguration->Count())' == '0')璁＄畻涓?'true' == 'true' AND '1' == '0')銆?
       鐢变簬 false 鏉′欢锛屽凡璺宠繃浠诲姟鈥淲arning鈥濓紱('$(_Targeting30OrNewerRazorLangVersion)' == 'true' AND '@(ResolvedRazorConfiguration->Count())' > '1')璁＄畻涓?'true' == 'true' AND '1' > '1')銆?
       鐢变簬 false 鏉′欢锛屽凡璺宠繃浠诲姟鈥淲arning鈥濓紱('$(_Targeting30OrNewerRazorLangVersion)' != 'true' AND '$(_TargetingNETCoreApp30OrLater)' == 'true')璁＄畻涓?'true' != 'true' AND 'true' == 'true')銆?
       姝ｅ湪浣跨敤绋嬪簭闆嗏€淢icrosoft.Build.Tasks.Core, Version=15.1.0.0, Culture=neutral, PublicKeyToken=b03f5f7f11d50a3a鈥濅腑鐨勨€淔indInList鈥濅换鍔°€?
       浠诲姟鈥淔indInList鈥?
         宸叉壘鍒扳€淢VC-3.0鈥濄€?
       宸插畬鎴愭墽琛屼换鍔♀€淔indInList鈥濈殑鎿嶄綔銆?
   2:6>宸插畬鎴愬湪椤圭洰鈥渂ackend.csproj鈥濅腑鐢熸垚鐩爣鈥淩esolveRazorConfiguration鈥濈殑鎿嶄綔銆?
       宸茶烦杩囩洰鏍団€淩esolveRazorGenerateInputs鈥濄€備互鍓嶇殑鐢熸垚宸叉垚鍔熴€?
       鐢变簬鏉′欢鐨勮绠楃粨鏋滀负 false锛屽凡璺宠繃鐩爣鈥淎ssignRazorGenerateTargetPaths鈥濓紱('@(RazorGenerate)' != '')鐨勮绠楃粨鏋滀负('' != '')銆?
   2:6>鏉ヨ嚜椤圭洰鈥淓:\C\test3\WHU-STU-CHAT\backend\backend.csproj鈥濈殑鏂囦欢鈥淐:\Program Files\dotnet\sdk\9.0.105\Sdks\Microsoft.NET.Sdk.StaticWebAssets\targets\Microsoft.NET.Sdk.StaticWebAssets.ScopedCss.targets鈥濅腑鐨勭洰鏍団€淩esolveScopedCssInputs鈥?鐩爣鈥淐omputeCssScope鈥濅緷璧栦簬瀹?:
       姝ｅ湪浣跨敤绋嬪簭闆嗏€淐:\Program Files\dotnet\sdk\9.0.105\Sdks\Microsoft.NET.Sdk.StaticWebAssets\targets\..\tasks\net9.0\Microsoft.NET.Sdk.StaticWebAssets.Tasks.dll鈥濅腑鐨勨€淒iscoverDefaultScopedCssItems鈥濅换鍔°€?
       浠诲姟鈥淒iscoverDefaultScopedCssItems鈥?
       宸插畬鎴愭墽琛屼换鍔♀€淒iscoverDefaultScopedCssItems鈥濈殑鎿嶄綔銆?
   2:6>宸插畬鎴愬湪椤圭洰鈥渂ackend.csproj鈥濅腑鐢熸垚鐩爣鈥淩esolveScopedCssInputs鈥濈殑鎿嶄綔銆?
   2:6>鏉ヨ嚜椤圭洰鈥淓:\C\test3\WHU-STU-CHAT\backend\backend.csproj鈥濈殑鏂囦欢鈥淐:\Program Files\dotnet\sdk\9.0.105\Sdks\Microsoft.NET.Sdk.StaticWebAssets\targets\Microsoft.NET.Sdk.StaticWebAssets.ScopedCss.targets鈥濅腑鐨勭洰鏍団€淐omputeCssScope鈥?鐩爣鈥淩esolveCssScopes鈥濅緷璧栦簬瀹?:
       姝ｅ湪浣跨敤绋嬪簭闆嗏€淐:\Program Files\dotnet\sdk\9.0.105\Sdks\Microsoft.NET.Sdk.StaticWebAssets\targets\..\tasks\net9.0\Microsoft.NET.Sdk.StaticWebAssets.Tasks.dll鈥濅腑鐨勨€淐omputeCssScope鈥濅换鍔°€?
       浠诲姟鈥淐omputeCssScope鈥?
       宸插畬鎴愭墽琛屼换鍔♀€淐omputeCssScope鈥濈殑鎿嶄綔銆?
   2:6>宸插畬鎴愬湪椤圭洰鈥渂ackend.csproj鈥濅腑鐢熸垚鐩爣鈥淐omputeCssScope鈥濈殑鎿嶄綔銆?
   2:6>鏉ヨ嚜椤圭洰鈥淓:\C\test3\WHU-STU-CHAT\backend\backend.csproj鈥濈殑鏂囦欢鈥淐:\Program Files\dotnet\sdk\9.0.105\Sdks\Microsoft.NET.Sdk.Razor\targets\Sdk.Razor.CurrentVersion.targets鈥濅腑鐨勭洰鏍団€淩esolveRazorComponentInputs鈥?鐩爣鈥淩esolveCssScopes鈥濅緷璧栦簬瀹?:
   2:6>宸插畬鎴愬湪椤圭洰鈥渂ackend.csproj鈥濅腑鐢熸垚鐩爣鈥淩esolveRazorComponentInputs鈥濈殑鎿嶄綔銆?
       宸茶烦杩囩洰鏍団€淩esolveRazorGenerateInputs鈥濄€備互鍓嶇殑鐢熸垚宸叉垚鍔熴€?
   2:6>鏉ヨ嚜椤圭洰鈥淓:\C\test3\WHU-STU-CHAT\backend\backend.csproj鈥濈殑鏂囦欢鈥淐:\Program Files\dotnet\sdk\9.0.105\Sdks\Microsoft.NET.Sdk.Razor\targets\Sdk.Razor.CurrentVersion.targets鈥濅腑鐨勭洰鏍団€淩esolveCssScopes鈥?鐩爣鈥淎ssignRazorGenerateTargetPaths鈥濅緷璧栦簬瀹?:
       姝ｅ湪浣跨敤绋嬪簭闆嗏€淐:\Program Files\dotnet\sdk\9.0.105\Sdks\Microsoft.NET.Sdk.StaticWebAssets\targets\..\tasks\net9.0\Microsoft.NET.Sdk.StaticWebAssets.Tasks.dll鈥濅腑鐨勨€淎pplyCssScopes鈥濅换鍔°€?
       浠诲姟鈥淎pplyCssScopes鈥?
       宸插畬鎴愭墽琛屼换鍔♀€淎pplyCssScopes鈥濈殑鎿嶄綔銆?
   2:6>宸插畬鎴愬湪椤圭洰鈥渂ackend.csproj鈥濅腑鐢熸垚鐩爣鈥淩esolveCssScopes鈥濈殑鎿嶄綔銆?
   2:6>鏉ヨ嚜椤圭洰鈥淓:\C\test3\WHU-STU-CHAT\backend\backend.csproj鈥濈殑鏂囦欢鈥淐:\Program Files\dotnet\sdk\9.0.105\Sdks\Microsoft.NET.Sdk.Razor\targets\Sdk.Razor.CurrentVersion.targets鈥濅腑鐨勭洰鏍団€淿ResolveGeneratedRazorCompileInputs鈥?鐩爣鈥淧repareForRazorGenerate鈥濅緷璧栦簬瀹?:
   2:6>宸插畬鎴愬湪椤圭洰鈥渂ackend.csproj鈥濅腑鐢熸垚鐩爣鈥淿ResolveGeneratedRazorCompileInputs鈥濈殑鎿嶄綔銆?
       鐢变簬鏉′欢鐨勮绠楃粨鏋滀负 false锛屽凡璺宠繃鐩爣鈥淿CheckForIncorrectMvcConfiguration鈥濓紱('@(ResolvedRazorConfiguration)' == 'Default' AND
             ('$(RazorCompileOnBuild)' == 'true' OR '$(RazorCompileOnPublish)' =='true') AND
             '@(RazorGenerate->Count())' != '0' AND
             '$(_Targeting30OrNewerRazorLangVersion)' == 'true' AND
             '$(_IsTargetingRazor2X)' != 'true')鐨勮绠楃粨鏋滀负('MVC-3.0' == 'Default' AND
             ('true' == 'true' OR 'true' =='true') AND
             '0' != '0' AND
             'true' == 'true' AND
             '' != 'true')銆?
   2:6>鏉ヨ嚜椤圭洰鈥淓:\C\test3\WHU-STU-CHAT\backend\backend.csproj鈥濈殑鏂囦欢鈥淐:\Program Files\dotnet\sdk\9.0.105\Sdks\Microsoft.NET.Sdk.Razor\targets\Sdk.Razor.CurrentVersion.targets鈥濅腑鐨勭洰鏍団€淧repareForRazorGenerate鈥?鐩爣鈥淿PrepareRazorSourceGenerators鈥濅緷璧栦簬瀹?:
   2:6>宸插畬鎴愬湪椤圭洰鈥渂ackend.csproj鈥濅腑鐢熸垚鐩爣鈥淧repareForRazorGenerate鈥濈殑鎿嶄綔銆?
       宸茶烦杩囩洰鏍団€淩esolveRazorConfiguration鈥濄€備互鍓嶇殑鐢熸垚宸叉垚鍔熴€?
       宸茶烦杩囩洰鏍団€淩esolveRazorComponentInputs鈥濄€備互鍓嶇殑鐢熸垚宸叉垚鍔熴€?
       鐢变簬鏉′欢鐨勮绠楃粨鏋滀负 false锛屽凡璺宠繃鐩爣鈥淿CheckForIncorrectComponentsConfiguration鈥濓紱(('$(RazorCompileOnBuild)' == 'true' OR '$(RazorCompileOnPublish)' =='true') AND
             '@(RazorComponent->Count())' != '0' AND
             '$(_Targeting30OrNewerRazorLangVersion)' != 'true' AND
             '$(_IsTargetingRazor2X)' != 'true')鐨勮绠楃粨鏋滀负(('true' == 'true' OR 'true' =='true') AND
             '0' != '0' AND
             'true' != 'true' AND
             '' != 'true')銆?
       鐢变簬鏉′欢鐨勮绠楃粨鏋滀负 false锛屽凡璺宠繃鐩爣鈥淎ssignRazorComponentTargetPaths鈥濓紱('@(RazorComponent)' != '')鐨勮绠楃粨鏋滀负('' != '')銆?
   2:6>鏉ヨ嚜椤圭洰鈥淓:\C\test3\WHU-STU-CHAT\backend\backend.csproj鈥濈殑鏂囦欢鈥淐:\Program Files\dotnet\sdk\9.0.105\Sdks\Microsoft.NET.Sdk.Razor\targets\Sdk.Razor.CurrentVersion.targets鈥濅腑鐨勭洰鏍団€淧repareForRazorComponentGenerate鈥?鐩爣鈥淿PrepareRazorSourceGenerators鈥濅緷璧栦簬瀹?:
   2:6>宸插畬鎴愬湪椤圭洰鈥渂ackend.csproj鈥濅腑鐢熸垚鐩爣鈥淧repareForRazorComponentGenerate鈥濈殑鎿嶄綔銆?
   2:6>鏉ヨ嚜椤圭洰鈥淓:\C\test3\WHU-STU-CHAT\backend\backend.csproj鈥濈殑鏂囦欢鈥淐:\Program Files\dotnet\sdk\9.0.105\Sdks\Microsoft.NET.Sdk.Razor\targets\Microsoft.NET.Sdk.Razor.SourceGenerators.targets鈥濅腑鐨勭洰鏍団€淿PrepareRazorSourceGenerators鈥?鐩爣鈥淕enerateMSBuildEditorConfigFileShouldRun鈥濅緷璧栦簬瀹?:
       姝ｅ湪浣跨敤绋嬪簭闆嗏€淐:\Program Files\dotnet\sdk\9.0.105\Sdks\Microsoft.NET.Sdk.Razor\targets\..\tasks\net9.0\Microsoft.NET.Sdk.Razor.Tasks.dll鈥濅腑鐨勨€淓ncodeRazorInputItem鈥濅换鍔°€?
       浠诲姟鈥淓ncodeRazorInputItem鈥?
       宸插畬鎴愭墽琛屼换鍔♀€淓ncodeRazorInputItem鈥濈殑鎿嶄綔銆?
   2:6>宸插畬鎴愬湪椤圭洰鈥渂ackend.csproj鈥濅腑鐢熸垚鐩爣鈥淿PrepareRazorSourceGenerators鈥濈殑鎿嶄綔銆?
   2:6>鏉ヨ嚜椤圭洰鈥淓:\C\test3\WHU-STU-CHAT\backend\backend.csproj鈥濈殑鏂囦欢鈥淐:\Program Files\dotnet\sdk\9.0.105\Roslyn\Microsoft.Managed.Core.targets鈥濅腑鐨勭洰鏍団€淕enerateMSBuildEditorConfigFileShouldRun鈥?鐩爣鈥淕enerateMSBuildEditorConfigFile鈥濅緷璧栦簬瀹?:
   2:6>宸插畬鎴愬湪椤圭洰鈥渂ackend.csproj鈥濅腑鐢熸垚鐩爣鈥淕enerateMSBuildEditorConfigFileShouldRun鈥濈殑鎿嶄綔銆?
   2:6>鏉ヨ嚜椤圭洰鈥淓:\C\test3\WHU-STU-CHAT\backend\backend.csproj鈥濈殑鏂囦欢鈥淐:\Program Files\dotnet\sdk\9.0.105\Sdks\Microsoft.NET.Sdk\codestyle\cs\build\Microsoft.CodeAnalysis.CSharp.CodeStyle.targets鈥濅腑鐨勭洰鏍団€淎ddGlobalAnalyzerConfigForPackage_MicrosoftCodeAnalysisCSharpCodeStyle鈥?鐩爣鈥淕enerateMSBuildEditorConfigFileCore鈥濅緷璧栦簬瀹?:
   2:6>宸插畬鎴愬湪椤圭洰鈥渂ackend.csproj鈥濅腑鐢熸垚鐩爣鈥淎ddGlobalAnalyzerConfigForPackage_MicrosoftCodeAnalysisCSharpCodeStyle鈥濈殑鎿嶄綔銆?
   2:6>鏉ヨ嚜椤圭洰鈥淓:\C\test3\WHU-STU-CHAT\backend\backend.csproj鈥濈殑鏂囦欢鈥淐:\Program Files\dotnet\sdk\9.0.105\Roslyn\Microsoft.Managed.Core.targets鈥濅腑鐨勭洰鏍団€淕enerateMSBuildEditorConfigFileCore鈥?鐩爣鈥淕enerateMSBuildEditorConfigFile鈥濅緷璧栦簬瀹?:
       姝ｅ湪瀹屽叏鐢熸垚鐩爣鈥淕enerateMSBuildEditorConfigFileCore鈥濄€?
       鏈寚瀹氳緭鍏ユ枃浠躲€?
       姝ｅ湪浣跨敤绋嬪簭闆嗏€淐:\Program Files\dotnet\sdk\9.0.105\Roslyn\Microsoft.Build.Tasks.CodeAnalysis.dll鈥濅腑鐨勨€淕enerateMSBuildEditorConfig鈥濅换鍔°€?
       浠诲姟鈥淕enerateMSBuildEditorConfig鈥?
       宸插畬鎴愭墽琛屼换鍔♀€淕enerateMSBuildEditorConfig鈥濈殑鎿嶄綔銆?
   2:6>宸插畬鎴愬湪椤圭洰鈥渂ackend.csproj鈥濅腑鐢熸垚鐩爣鈥淕enerateMSBuildEditorConfigFileCore鈥濈殑鎿嶄綔銆?
   2:6>鏉ヨ嚜椤圭洰鈥淓:\C\test3\WHU-STU-CHAT\backend\backend.csproj鈥濈殑鏂囦欢鈥淐:\Program Files\dotnet\sdk\9.0.105\Roslyn\Microsoft.Managed.Core.targets鈥濅腑鐨勭洰鏍団€淕enerateMSBuildEditorConfigFile鈥?鐩爣鈥淏eforeCompile鈥濅緷璧栦簬瀹?:
   2:6>宸插畬鎴愬湪椤圭洰鈥渂ackend.csproj鈥濅腑鐢熸垚鐩爣鈥淕enerateMSBuildEditorConfigFile鈥濈殑鎿嶄綔銆?
       宸茶烦杩囩洰鏍団€淧repareForBuild鈥濄€備互鍓嶇殑鐢熸垚宸叉垚鍔熴€?
       宸茶烦杩囩洰鏍団€淕etReferenceAssemblyPaths鈥濄€備互鍓嶇殑鐢熸垚宸叉垚鍔熴€?
   2:6>鏉ヨ嚜椤圭洰鈥淓:\C\test3\WHU-STU-CHAT\backend\backend.csproj鈥濈殑鏂囦欢鈥淐:\Program Files\dotnet\sdk\9.0.105\Microsoft.CSharp.CurrentVersion.targets鈥濅腑鐨勭洰鏍団€淿SetTargetFrameworkMonikerAttribute鈥?鐩爣鈥淕enerateTargetFrameworkMonikerAttribute鈥濅緷璧栦簬瀹?:
   2:6>宸插畬鎴愬湪椤圭洰鈥渂ackend.csproj鈥濅腑鐢熸垚鐩爣鈥淿SetTargetFrameworkMonikerAttribute鈥濈殑鎿嶄綔銆?
   2:6>鏉ヨ嚜椤圭洰鈥淓:\C\test3\WHU-STU-CHAT\backend\backend.csproj鈥濈殑鏂囦欢鈥淐:\Program Files\dotnet\sdk\9.0.105\Microsoft.Common.CurrentVersion.targets鈥濅腑鐨勭洰鏍団€淕enerateTargetFrameworkMonikerAttribute鈥?鐩爣鈥淏eforeCompile鈥濅緷璧栦簬瀹?:
       姝ｅ湪璺宠繃鐩爣鈥淕enerateTargetFrameworkMonikerAttribute鈥濓紝鍥犱负鎵€鏈夎緭鍑烘枃浠剁浉瀵逛簬杈撳叆鏂囦欢鑰岃█閮芥槸鏈€鏂扮殑銆?
       杈撳叆鏂囦欢:C:\Program Files\dotnet\sdk\9.0.105\Microsoft.Common.targets
       杈撳嚭鏂囦欢:obj\Debug\net8.0\.NETCoreApp,Version=v8.0.AssemblyAttributes.cs
   2:6>宸插畬鎴愬湪椤圭洰鈥渂ackend.csproj鈥濅腑鐢熸垚鐩爣鈥淕enerateTargetFrameworkMonikerAttribute鈥濈殑鎿嶄綔銆?
       鐢变簬鏉′欢鐨勮绠楃粨鏋滀负 false锛屽凡璺宠繃鐩爣鈥淕enerateAdditionalSources鈥濓紱('@(AssemblyAttributes)' != '' and '$(GenerateAdditionalSources)' == 'true')鐨勮绠楃粨鏋滀负('' != '' and '' == 'true')銆?
       宸茶烦杩囩洰鏍団€淧repareForBuild鈥濄€備互鍓嶇殑鐢熸垚宸叉垚鍔熴€?
   2:6>鏉ヨ嚜椤圭洰鈥淓:\C\test3\WHU-STU-CHAT\backend\backend.csproj鈥濈殑鏂囦欢鈥淐:\Program Files\dotnet\sdk\9.0.105\Sdks\Microsoft.NET.Sdk\targets\Microsoft.NET.GenerateAssemblyInfo.targets鈥濅腑鐨勭洰鏍団€淕etAssemblyVersion鈥?鐩爣鈥淕etAssemblyAttributes鈥濅緷璧栦簬瀹?:
       姝ｅ湪浣跨敤绋嬪簭闆嗏€淐:\Program Files\dotnet\sdk\9.0.105\Sdks\Microsoft.NET.Sdk\targets\..\tools\net9.0\Microsoft.NET.Build.Tasks.dll鈥濅腑鐨勨€淕etAssemblyVersion鈥濅换鍔°€?
       浠诲姟鈥淕etAssemblyVersion鈥?
       宸插畬鎴愭墽琛屼换鍔♀€淕etAssemblyVersion鈥濈殑鎿嶄綔銆?
   2:6>宸插畬鎴愬湪椤圭洰鈥渂ackend.csproj鈥濅腑鐢熸垚鐩爣鈥淕etAssemblyVersion鈥濈殑鎿嶄綔銆?
       宸茶烦杩囩洰鏍団€淕etAssemblyVersion鈥濄€備互鍓嶇殑鐢熸垚宸叉垚鍔熴€?
   2:6>鏉ヨ嚜椤圭洰鈥淓:\C\test3\WHU-STU-CHAT\backend\backend.csproj鈥濈殑鏂囦欢鈥淐:\Program Files\dotnet\sdk\9.0.105\Sdks\Microsoft.Build.Tasks.Git\build\Microsoft.Build.Tasks.Git.targets鈥濅腑鐨勭洰鏍団€淚nitializeSourceControlInformationFromSourceControlManager鈥?鐩爣鈥淿InitializeSourceControlInformationFromSourceControlManager鈥濅緷璧栦簬瀹?:
       姝ｅ湪浣跨敤绋嬪簭闆嗏€淐:\Program Files\dotnet\sdk\9.0.105\Sdks\Microsoft.Build.Tasks.Git\build\..\tools\net\Microsoft.Build.Tasks.Git.dll鈥濅腑鐨勨€淢icrosoft.Build.Tasks.Git.LocateRepository鈥濅换鍔°€?
       浠诲姟鈥淢icrosoft.Build.Tasks.Git.LocateRepository鈥?
         SourceLink: Repository instance not found in cache: '*:E:\C\test3\WHU-STU-CHAT\.git'
       宸插畬鎴愭墽琛屼换鍔♀€淢icrosoft.Build.Tasks.Git.LocateRepository鈥濈殑鎿嶄綔銆?
   2:6>宸插畬鎴愬湪椤圭洰鈥渂ackend.csproj鈥濅腑鐢熸垚鐩爣鈥淚nitializeSourceControlInformationFromSourceControlManager鈥濈殑鎿嶄綔銆?
   2:6>鏉ヨ嚜椤圭洰鈥淓:\C\test3\WHU-STU-CHAT\backend\backend.csproj鈥濈殑鏂囦欢鈥淐:\Program Files\dotnet\sdk\9.0.105\Sdks\Microsoft.SourceLink.Common\build\InitializeSourceControlInformation.targets鈥濅腑鐨勭洰鏍団€淿SourceLinkHasSingleProvider鈥?鐩爣鈥淿InitializeSourceControlInformationFromSourceControlManager鈥濅緷璧栦簬瀹?:
       鍦?TaskRun 鏈熼棿鍔犺浇鐨勭▼搴忛泦: Microsoft.SourceLink.Common, Version=9.0.11.11701, Culture=neutral, PublicKeyToken=31bf3856ad364e35 (浣嶇疆: C:\Program Files\dotnet\sdk\9.0.105\Sdks\Microsoft.SourceLink.Common\tools\net\Microsoft.SourceLink.Common.dll锛孧VID: e7b93933-92ac-4eda-8ab8-a1e1c543bfb2锛孉ssemblyLoadContext: MSBuild plugin C:\Program Files\dotnet\sdk\9.0.105\Sdks\Microsoft.SourceLink.Common\tools\net\Microsoft.SourceLink.Common.dll)
       姝ｅ湪浣跨敤绋嬪簭闆嗏€淐:\Program Files\dotnet\sdk\9.0.105\Sdks\Microsoft.SourceLink.Common\build\..\tools\net\Microsoft.SourceLink.Common.dll鈥濅腑鐨勨€淢icrosoft.SourceLink.Common.SourceLinkHasSingleProvider鈥濅换鍔°€?
       浠诲姟鈥淢icrosoft.SourceLink.Common.SourceLinkHasSingleProvider鈥?
       宸插畬鎴愭墽琛屼换鍔♀€淢icrosoft.SourceLink.Common.SourceLinkHasSingleProvider鈥濈殑鎿嶄綔銆?
   2:6>宸插畬鎴愬湪椤圭洰鈥渂ackend.csproj鈥濅腑鐢熸垚鐩爣鈥淿SourceLinkHasSingleProvider鈥濈殑鎿嶄綔銆?
   2:6>鏉ヨ嚜椤圭洰鈥淓:\C\test3\WHU-STU-CHAT\backend\backend.csproj鈥濈殑鏂囦欢鈥淐:\Program Files\dotnet\sdk\9.0.105\Sdks\Microsoft.SourceLink.GitHub\build\Microsoft.SourceLink.GitHub.targets鈥濅腑鐨勭洰鏍団€淭ranslateGitHubUrlsInSourceControlInformation鈥?鐩爣鈥淿InitializeSourceControlInformationFromSourceControlManager鈥濅緷璧栦簬瀹?:
       鍦?TaskRun 鏈熼棿鍔犺浇鐨勭▼搴忛泦: Microsoft.SourceLink.GitHub, Version=9.0.11.11701, Culture=neutral, PublicKeyToken=31bf3856ad364e35 (浣嶇疆: C:\Program Files\dotnet\sdk\9.0.105\Sdks\Microsoft.SourceLink.GitHub\tools\net\Microsoft.SourceLink.GitHub.dll锛孧VID: de6eb21e-3e60-4c55-84da-db4085852056锛孉ssemblyLoadContext: MSBuild plugin C:\Program Files\dotnet\sdk\9.0.105\Sdks\Microsoft.SourceLink.GitHub\tools\net\Microsoft.SourceLink.GitHub.dll)
       姝ｅ湪浣跨敤绋嬪簭闆嗏€淐:\Program Files\dotnet\sdk\9.0.105\Sdks\Microsoft.SourceLink.GitHub\build\..\tools\net\Microsoft.SourceLink.GitHub.dll鈥濅腑鐨勨€淢icrosoft.SourceLink.GitHub.TranslateRepositoryUrls鈥濅换鍔°€?
       浠诲姟鈥淢icrosoft.SourceLink.GitHub.TranslateRepositoryUrls鈥?
       宸插畬鎴愭墽琛屼换鍔♀€淢icrosoft.SourceLink.GitHub.TranslateRepositoryUrls鈥濈殑鎿嶄綔銆?
   2:6>宸插畬鎴愬湪椤圭洰鈥渂ackend.csproj鈥濅腑鐢熸垚鐩爣鈥淭ranslateGitHubUrlsInSourceControlInformation鈥濈殑鎿嶄綔銆?
   2:6>鏉ヨ嚜椤圭洰鈥淓:\C\test3\WHU-STU-CHAT\backend\backend.csproj鈥濈殑鏂囦欢鈥淐:\Program Files\dotnet\sdk\9.0.105\Sdks\Microsoft.SourceLink.GitLab\build\Microsoft.SourceLink.GitLab.targets鈥濅腑鐨勭洰鏍団€淭ranslateGitLabUrlsInSourceControlInformation鈥?鐩爣鈥淿InitializeSourceControlInformationFromSourceControlManager鈥濅緷璧栦簬瀹?:
       鍦?TaskRun 鏈熼棿鍔犺浇鐨勭▼搴忛泦: Microsoft.SourceLink.GitLab, Version=9.0.11.11701, Culture=neutral, PublicKeyToken=31bf3856ad364e35 (浣嶇疆: C:\Program Files\dotnet\sdk\9.0.105\Sdks\Microsoft.SourceLink.GitLab\tools\net\Microsoft.SourceLink.GitLab.dll锛孧VID: ccdddc0a-7879-4673-a23d-bd877ae513a4锛孉ssemblyLoadContext: MSBuild plugin C:\Program Files\dotnet\sdk\9.0.105\Sdks\Microsoft.SourceLink.GitLab\tools\net\Microsoft.SourceLink.GitLab.dll)
       姝ｅ湪浣跨敤绋嬪簭闆嗏€淐:\Program Files\dotnet\sdk\9.0.105\Sdks\Microsoft.SourceLink.GitLab\build\..\tools\net\Microsoft.SourceLink.GitLab.dll鈥濅腑鐨勨€淢icrosoft.SourceLink.GitLab.TranslateRepositoryUrls鈥濅换鍔°€?
       浠诲姟鈥淢icrosoft.SourceLink.GitLab.TranslateRepositoryUrls鈥?
       宸插畬鎴愭墽琛屼换鍔♀€淢icrosoft.SourceLink.GitLab.TranslateRepositoryUrls鈥濈殑鎿嶄綔銆?
   2:6>宸插畬鎴愬湪椤圭洰鈥渂ackend.csproj鈥濅腑鐢熸垚鐩爣鈥淭ranslateGitLabUrlsInSourceControlInformation鈥濈殑鎿嶄綔銆?
   2:6>鏉ヨ嚜椤圭洰鈥淓:\C\test3\WHU-STU-CHAT\backend\backend.csproj鈥濈殑鏂囦欢鈥淐:\Program Files\dotnet\sdk\9.0.105\Sdks\Microsoft.SourceLink.AzureRepos.Git\build\Microsoft.SourceLink.AzureRepos.Git.targets鈥濅腑鐨勭洰鏍団€淭ranslateAzureReposGitUrlsInSourceControlInformation鈥?鐩爣鈥淿InitializeSourceControlInformationFromSourceControlManager鈥濅緷璧栦簬瀹?:
       鍦?TaskRun 鏈熼棿鍔犺浇鐨勭▼搴忛泦: Microsoft.SourceLink.AzureRepos.Git, Version=9.0.11.11701, Culture=neutral, PublicKeyToken=31bf3856ad364e35 (浣嶇疆: C:\Program Files\dotnet\sdk\9.0.105\Sdks\Microsoft.SourceLink.AzureRepos.Git\tools\net\Microsoft.SourceLink.AzureRepos.Git.dll锛孧VID: cc8362fa-d14c-4e8c-a855-a55f196817ae锛孉ssemblyLoadContext: MSBuild plugin C:\Program Files\dotnet\sdk\9.0.105\Sdks\Microsoft.SourceLink.AzureRepos.Git\tools\net\Microsoft.SourceLink.AzureRepos.Git.dll)
       姝ｅ湪浣跨敤绋嬪簭闆嗏€淐:\Program Files\dotnet\sdk\9.0.105\Sdks\Microsoft.SourceLink.AzureRepos.Git\build\..\tools\net\Microsoft.SourceLink.AzureRepos.Git.dll鈥濅腑鐨勨€淢icrosoft.SourceLink.AzureRepos.Git.TranslateRepositoryUrls鈥濅换鍔°€?
       浠诲姟鈥淢icrosoft.SourceLink.AzureRepos.Git.TranslateRepositoryUrls鈥?
       宸插畬鎴愭墽琛屼换鍔♀€淢icrosoft.SourceLink.AzureRepos.Git.TranslateRepositoryUrls鈥濈殑鎿嶄綔銆?
   2:6>宸插畬鎴愬湪椤圭洰鈥渂ackend.csproj鈥濅腑鐢熸垚鐩爣鈥淭ranslateAzureReposGitUrlsInSourceControlInformation鈥濈殑鎿嶄綔銆?
   2:6>鏉ヨ嚜椤圭洰鈥淓:\C\test3\WHU-STU-CHAT\backend\backend.csproj鈥濈殑鏂囦欢鈥淐:\Program Files\dotnet\sdk\9.0.105\Sdks\Microsoft.SourceLink.Bitbucket.Git\build\Microsoft.SourceLink.Bitbucket.Git.targets鈥濅腑鐨勭洰鏍団€淭ranslateBitbucketGitUrlsInSourceControlInformation鈥?鐩爣鈥淿InitializeSourceControlInformationFromSourceControlManager鈥濅緷璧栦簬瀹?:
       鍦?TaskRun 鏈熼棿鍔犺浇鐨勭▼搴忛泦: Microsoft.SourceLink.Bitbucket.Git, Version=9.0.11.11701, Culture=neutral, PublicKeyToken=31bf3856ad364e35 (浣嶇疆: C:\Program Files\dotnet\sdk\9.0.105\Sdks\Microsoft.SourceLink.Bitbucket.Git\tools\net\Microsoft.SourceLink.Bitbucket.Git.dll锛孧VID: 633cbf61-44e1-4706-8334-7e18ba081963锛孉ssemblyLoadContext: MSBuild plugin C:\Program Files\dotnet\sdk\9.0.105\Sdks\Microsoft.SourceLink.Bitbucket.Git\tools\net\Microsoft.SourceLink.Bitbucket.Git.dll)
       姝ｅ湪浣跨敤绋嬪簭闆嗏€淐:\Program Files\dotnet\sdk\9.0.105\Sdks\Microsoft.SourceLink.Bitbucket.Git\build\..\tools\net\Microsoft.SourceLink.Bitbucket.Git.dll鈥濅腑鐨勨€淢icrosoft.SourceLink.Bitbucket.Git.TranslateRepositoryUrls鈥濅换鍔°€?
       浠诲姟鈥淢icrosoft.SourceLink.Bitbucket.Git.TranslateRepositoryUrls鈥?
       宸插畬鎴愭墽琛屼换鍔♀€淢icrosoft.SourceLink.Bitbucket.Git.TranslateRepositoryUrls鈥濈殑鎿嶄綔銆?
   2:6>宸插畬鎴愬湪椤圭洰鈥渂ackend.csproj鈥濅腑鐢熸垚鐩爣鈥淭ranslateBitbucketGitUrlsInSourceControlInformation鈥濈殑鎿嶄綔銆?
   2:6>鏉ヨ嚜椤圭洰鈥淓:\C\test3\WHU-STU-CHAT\backend\backend.csproj鈥濈殑鏂囦欢鈥淐:\Program Files\dotnet\sdk\9.0.105\Sdks\Microsoft.SourceLink.Common\build\InitializeSourceControlInformation.targets鈥濅腑鐨勭洰鏍団€淪ourceControlManagerPublishTranslatedUrls鈥?鐩爣鈥淿InitializeSourceControlInformationFromSourceControlManager鈥濅緷璧栦簬瀹?:
   2:6>宸插畬鎴愬湪椤圭洰鈥渂ackend.csproj鈥濅腑鐢熸垚鐩爣鈥淪ourceControlManagerPublishTranslatedUrls鈥濈殑鎿嶄綔銆?
   2:6>鏉ヨ嚜椤圭洰鈥淓:\C\test3\WHU-STU-CHAT\backend\backend.csproj鈥濈殑鏂囦欢鈥淐:\Program Files\dotnet\sdk\9.0.105\Sdks\Microsoft.SourceLink.Common\build\InitializeSourceControlInformation.targets鈥濅腑鐨勭洰鏍団€淿InitializeSourceControlInformationFromSourceControlManager鈥?鐩爣鈥淚nitializeSourceControlInformation鈥濅緷璧栦簬瀹?:
   2:6>宸插畬鎴愬湪椤圭洰鈥渂ackend.csproj鈥濅腑鐢熸垚鐩爣鈥淿InitializeSourceControlInformationFromSourceControlManager鈥濈殑鎿嶄綔銆?
   2:6>鏉ヨ嚜椤圭洰鈥淓:\C\test3\WHU-STU-CHAT\backend\backend.csproj鈥濈殑鏂囦欢鈥淐:\Program Files\dotnet\sdk\9.0.105\Microsoft.Common.CurrentVersion.targets鈥濅腑鐨勭洰鏍団€淚nitializeSourceControlInformation鈥?鐩爣鈥淎ddSourceRevisionToInformationalVersion鈥濅緷璧栦簬瀹?:
   2:6>宸插畬鎴愬湪椤圭洰鈥渂ackend.csproj鈥濅腑鐢熸垚鐩爣鈥淚nitializeSourceControlInformation鈥濈殑鎿嶄綔銆?
   2:6>鏉ヨ嚜椤圭洰鈥淓:\C\test3\WHU-STU-CHAT\backend\backend.csproj鈥濈殑鏂囦欢鈥淐:\Program Files\dotnet\sdk\9.0.105\Sdks\Microsoft.NET.Sdk\targets\Microsoft.NET.GenerateAssemblyInfo.targets鈥濅腑鐨勭洰鏍団€淎ddSourceRevisionToInformationalVersion鈥?鐩爣鈥淕etAssemblyAttributes鈥濅緷璧栦簬瀹?:
   2:6>宸插畬鎴愬湪椤圭洰鈥渂ackend.csproj鈥濅腑鐢熸垚鐩爣鈥淎ddSourceRevisionToInformationalVersion鈥濈殑鎿嶄綔銆?
       鐢变簬鏉′欢鐨勮绠楃粨鏋滀负 false锛屽凡璺宠繃鐩爣鈥淿GetUserSecretsAssemblyAttribute鈥濓紱( '$(UserSecretsId)' != '' AND '$(GenerateUserSecretsAttribute)' != 'false' AND '$(GeneratedUserSecretsAttributeFile)' == '' )鐨勮绠楃粨鏋滀负( '' != '' AND '' != 'false' AND '' == '' )銆?
   2:6>鏉ヨ嚜椤圭洰鈥淓:\C\test3\WHU-STU-CHAT\backend\backend.csproj鈥濈殑鏂囦欢鈥淐:\Program Files\dotnet\sdk\9.0.105\Sdks\Microsoft.NET.Sdk\targets\Microsoft.NET.GenerateAssemblyInfo.targets鈥濅腑鐨勭洰鏍団€淕etAssemblyAttributes鈥?鐩爣鈥淐reateGeneratedAssemblyInfoInputsCacheFile鈥濅緷璧栦簬瀹?:
   2:6>宸插畬鎴愬湪椤圭洰鈥渂ackend.csproj鈥濅腑鐢熸垚鐩爣鈥淕etAssemblyAttributes鈥濈殑鎿嶄綔銆?
   2:6>鏉ヨ嚜椤圭洰鈥淓:\C\test3\WHU-STU-CHAT\backend\backend.csproj鈥濈殑鏂囦欢鈥淐:\Program Files\dotnet\sdk\9.0.105\Sdks\Microsoft.NET.Sdk\targets\Microsoft.NET.GenerateAssemblyInfo.targets鈥濅腑鐨勭洰鏍団€淐reateGeneratedAssemblyInfoInputsCacheFile鈥?鐩爣鈥淐oreGenerateAssemblyInfo鈥濅緷璧栦簬瀹?:
       姝ｅ湪浣跨敤绋嬪簭闆嗏€淢icrosoft.Build.Tasks.Core, Version=15.1.0.0, Culture=neutral, PublicKeyToken=b03f5f7f11d50a3a鈥濅腑鐨勨€淗ash鈥濅换鍔°€?
       浠诲姟鈥淗ash鈥?
       宸插畬鎴愭墽琛屼换鍔♀€淗ash鈥濈殑鎿嶄綔銆?
       浠诲姟鈥淲riteLinesToFile鈥?
         璺宠繃鍐欏叆鍒版枃浠垛€渙bj\Debug\net8.0\backend.AssemblyInfoInputs.cache鈥濓紝鍥犱负鍐呭涓嶄細鏀瑰彉銆?
       宸插畬鎴愭墽琛屼换鍔♀€淲riteLinesToFile鈥濈殑鎿嶄綔銆?
   2:6>宸插畬鎴愬湪椤圭洰鈥渂ackend.csproj鈥濅腑鐢熸垚鐩爣鈥淐reateGeneratedAssemblyInfoInputsCacheFile鈥濈殑鎿嶄綔銆?
   2:6>鏉ヨ嚜椤圭洰鈥淓:\C\test3\WHU-STU-CHAT\backend\backend.csproj鈥濈殑鏂囦欢鈥淐:\Program Files\dotnet\sdk\9.0.105\Sdks\Microsoft.NET.Sdk\targets\Microsoft.NET.GenerateAssemblyInfo.targets鈥濅腑鐨勭洰鏍団€淐oreGenerateAssemblyInfo鈥?鐩爣鈥淕enerateAssemblyInfo鈥濅緷璧栦簬瀹?:
       姝ｅ湪璺宠繃鐩爣鈥淐oreGenerateAssemblyInfo鈥濓紝鍥犱负鎵€鏈夎緭鍑烘枃浠剁浉瀵逛簬杈撳叆鏂囦欢鑰岃█閮芥槸鏈€鏂扮殑銆?
       杈撳叆鏂囦欢:obj\Debug\net8.0\backend.AssemblyInfoInputs.cache
       杈撳嚭鏂囦欢:obj\Debug\net8.0\backend.AssemblyInfo.cs
   2:6>宸插畬鎴愬湪椤圭洰鈥渂ackend.csproj鈥濅腑鐢熸垚鐩爣鈥淐oreGenerateAssemblyInfo鈥濈殑鎿嶄綔銆?
   2:6>鏉ヨ嚜椤圭洰鈥淓:\C\test3\WHU-STU-CHAT\backend\backend.csproj鈥濈殑鏂囦欢鈥淐:\Program Files\dotnet\sdk\9.0.105\Sdks\Microsoft.NET.Sdk\targets\Microsoft.NET.GenerateAssemblyInfo.targets鈥濅腑鐨勭洰鏍団€淕enerateAssemblyInfo鈥?鐩爣鈥淏eforeCompile鈥濅緷璧栦簬瀹?:
   2:6>宸插畬鎴愬湪椤圭洰鈥渂ackend.csproj鈥濅腑鐢熸垚鐩爣鈥淕enerateAssemblyInfo鈥濈殑鎿嶄綔銆?
   2:6>鏉ヨ嚜椤圭洰鈥淓:\C\test3\WHU-STU-CHAT\backend\backend.csproj鈥濈殑鏂囦欢鈥淐:\Program Files\dotnet\sdk\9.0.105\Microsoft.Common.CurrentVersion.targets鈥濅腑鐨勭洰鏍団€淏eforeCompile鈥?鐩爣鈥淐ompile鈥濅緷璧栦簬瀹?:
   2:6>宸插畬鎴愬湪椤圭洰鈥渂ackend.csproj鈥濅腑鐢熸垚鐩爣鈥淏eforeCompile鈥濈殑鎿嶄綔銆?
       鐢变簬鏉′欢鐨勮绠楃粨鏋滀负 false锛屽凡璺宠繃鐩爣鈥淿TimeStampBeforeCompile鈥濓紱('$(RunPostBuildEvent)'=='OnOutputUpdated' or ('$(RegisterForComInterop)'=='true' and '$(OutputType)'=='library'))鐨勮绠楃粨鏋滀负(''=='OnOutputUpdated' or (''=='true' and 'Exe'=='library'))銆?
       宸茶烦杩囩洰鏍団€淩esolveAssemblyReferences鈥濄€備互鍓嶇殑鐢熸垚宸叉垚鍔熴€?
   2:6>鏉ヨ嚜椤圭洰鈥淓:\C\test3\WHU-STU-CHAT\backend\backend.csproj鈥濈殑鏂囦欢鈥淐:\Program Files\dotnet\sdk\9.0.105\Microsoft.Common.CurrentVersion.targets鈥濅腑鐨勭洰鏍団€淿GenerateCompileDependencyCache鈥?鐩爣鈥淐ompile鈥濅緷璧栦簬瀹?:
       浠诲姟鈥淗ash鈥?
       宸插畬鎴愭墽琛屼换鍔♀€淗ash鈥濈殑鎿嶄綔銆?
       浠诲姟鈥淲riteLinesToFile鈥?
         璺宠繃鍐欏叆鍒版枃浠垛€渙bj\Debug\net8.0\backend.csproj.CoreCompileInputs.cache鈥濓紝鍥犱负鍐呭涓嶄細鏀瑰彉銆?
       宸插畬鎴愭墽琛屼换鍔♀€淲riteLinesToFile鈥濈殑鎿嶄綔銆?
   2:6>宸插畬鎴愬湪椤圭洰鈥渂ackend.csproj鈥濅腑鐢熸垚鐩爣鈥淿GenerateCompileDependencyCache鈥濈殑鎿嶄綔銆?
       宸茶烦杩囩洰鏍団€淩esolveAssemblyReferences鈥濄€備互鍓嶇殑鐢熸垚宸叉垚鍔熴€?
   2:6>鏉ヨ嚜椤圭洰鈥淓:\C\test3\WHU-STU-CHAT\backend\backend.csproj鈥濈殑鏂囦欢鈥淐:\Program Files\dotnet\sdk\9.0.105\Sdks\Microsoft.NET.Sdk.Razor\targets\Microsoft.NET.Sdk.Razor.MvcApplicationPartsDiscovery.targets鈥濅腑鐨勭洰鏍団€淿DiscoverMvcApplicationParts鈥?鐩爣鈥淐oreCompile鈥濅緷璧栦簬瀹?:
       姝ｅ湪璺宠繃鐩爣鈥淿DiscoverMvcApplicationParts鈥濓紝鍥犱负鎵€鏈夎緭鍑烘枃浠剁浉瀵逛簬杈撳叆鏂囦欢鑰岃█閮芥槸鏈€鏂扮殑銆?
       杈撳叆鏂囦欢:
           E:\C\test3\WHU-STU-CHAT\backend\obj\project.assets.json
           E:\C\test3\WHU-STU-CHAT\backend\backend.csproj
           C:\Program Files\dotnet\sdk\9.0.105\Current\Microsoft.Common.targets\ImportAfter\Microsoft.TestPlatform.ImportAfter.targets
       杈撳嚭鏂囦欢:obj\Debug\net8.0\backend.MvcApplicationPartsAssemblyInfo.cache
   2:6>宸插畬鎴愬湪椤圭洰鈥渂ackend.csproj鈥濅腑鐢熸垚鐩爣鈥淿DiscoverMvcApplicationParts鈥濈殑鎿嶄綔銆?
       鐢变簬鏉′欢鐨勮绠楃粨鏋滀负 false锛屽凡璺宠繃鐩爣鈥淿ComputeNonExistentFileProperty鈥濓紱(('$(BuildingInsideVisualStudio)' == 'true') and ('$(BuildingOutOfProcess)' != 'true') and (('$(BuildingProject)' == 'false') or ('$(UseHostCompilerIfAvailable)' == 'true')))鐨勮绠楃粨鏋滀负(('' == 'true') and ('' != 'true') and (('true' == 'false') or ('true' == 'true')))銆?
       鐢变簬鏉′欢鐨勮绠楃粨鏋滀负 false锛屽凡璺宠繃鐩爣鈥淩esolveCodeAnalysisRuleSet鈥濓紱('$(CodeAnalysisRuleSet)' != '')鐨勮绠楃粨鏋滀负('' != '')銆?
       宸茶烦杩囩洰鏍団€淩esolveRazorGenerateInputs鈥濄€備互鍓嶇殑鐢熸垚宸叉垚鍔熴€?
   2:6>鏉ヨ嚜椤圭洰鈥淓:\C\test3\WHU-STU-CHAT\backend\backend.csproj鈥濈殑鏂囦欢鈥淐:\Program Files\dotnet\sdk\9.0.105\Sdks\Microsoft.NET.Sdk.Razor\targets\Microsoft.NET.Sdk.Razor.Configuration.targets鈥濅腑鐨勭洰鏍団€淿ResolveMvcAssemblyAttributes鈥?鐩爣鈥淿GenerateRazorAssemblyInfo鈥濅緷璧栦簬瀹?:
   2:6>宸插畬鎴愬湪椤圭洰鈥渂ackend.csproj鈥濅腑鐢熸垚鐩爣鈥淿ResolveMvcAssemblyAttributes鈥濈殑鎿嶄綔銆?
       鐢变簬鏉′欢鐨勮绠楃粨鏋滀负 false锛屽凡璺宠繃鐩爣鈥淩azorGetAssemblyAttributes鈥濓紱('$(GenerateRazorHostingAssemblyInfo)'=='true' and '$(RazorDefaultConfiguration)'!='')鐨勮绠楃粨鏋滀负(''=='true' and 'MVC-3.0'!='')銆?
       宸茶烦杩囩洰鏍団€淧repareForBuild鈥濄€備互鍓嶇殑鐢熸垚宸叉垚鍔熴€?
       鐢变簬鏉′欢鐨勮绠楃粨鏋滀负 false锛屽凡璺宠繃鐩爣鈥淿CoreGenerateRazorAssemblyInfo鈥濓紱('$(GenerateRazorAssemblyInfo)' == 'true' AND '@(_RazorAssemblyAttribute)' != '')鐨勮绠楃粨鏋滀负('' == 'true' AND '' != '')銆?
   2:6>鏉ヨ嚜椤圭洰鈥淓:\C\test3\WHU-STU-CHAT\backend\backend.csproj鈥濈殑鏂囦欢鈥淐:\Program Files\dotnet\sdk\9.0.105\Sdks\Microsoft.NET.Sdk.Razor\targets\Microsoft.NET.Sdk.Razor.GenerateAssemblyInfo.targets鈥濅腑鐨勭洰鏍団€淿GenerateRazorAssemblyInfo鈥?鐩爣鈥淐oreCompile鈥濅緷璧栦簬瀹?:
   2:6>宸插畬鎴愬湪椤圭洰鈥渂ackend.csproj鈥濅腑鐢熸垚鐩爣鈥淿GenerateRazorAssemblyInfo鈥濈殑鎿嶄綔銆?
       鐢变簬鏉′欢鐨勮绠楃粨鏋滀负 false锛屽凡璺宠繃鐩爣鈥淪himReferencePathsWhenCommonTargetsDoesNotUnderstandReferenceAssemblies鈥濓紱('@(ReferencePathWithRefAssemblies)' == '')鐨勮绠楃粨鏋滀负('C:\Users\Lenovo13\.nuget\packages\bouncycastle.cryptography\2.2.1\lib\net6.0\BouncyCastle.Cryptography.dll;C:\Users\Lenovo13\.nuget\packages\dapper\2.1.66\lib\net8.0\Dapper.dll;C:\Users\Lenovo13\.nuget\packages\google.protobuf\3.21.9\lib\net5.0\Google.Protobuf.dll;...' == '')銆?
   2:6>鏉ヨ嚜椤圭洰鈥淓:\C\test3\WHU-STU-CHAT\backend\backend.csproj鈥濈殑鏂囦欢鈥淐:\Program Files\dotnet\sdk\9.0.105\Roslyn\Microsoft.Managed.Core.targets鈥濅腑鐨勭洰鏍団€淿BeforeVBCSCoreCompile鈥?鐩爣鈥淐oreCompile鈥濅緷璧栦簬瀹?:
   2:6>宸插畬鎴愬湪椤圭洰鈥渂ackend.csproj鈥濅腑鐢熸垚鐩爣鈥淿BeforeVBCSCoreCompile鈥濈殑鎿嶄綔銆?
       鐢变簬鏉′欢鐨勮绠楃粨鏋滀负 false锛屽凡璺宠繃鐩爣鈥淎djustDefaultPlatformTargetForNetFrameworkExeWithNoNativeCopyLocalItems鈥濓紱('$(_UsingDefaultPlatformTarget)' == 'true' and
                            '$(_UsingDefaultRuntimeIdentifier)' == 'true')鐨勮绠楃粨鏋滀负('true' == 'true' and
                            '' == 'true')銆?
       鐢变簬鏉′欢鐨勮绠楃粨鏋滀负 false锛屽凡璺宠繃鐩爣鈥淿DisableDiagnosticTracing鈥濓紱('$(DisableDiagnosticTracing)' == 'true')鐨勮绠楃粨鏋滀负('' == 'true')銆?
       鐢变簬鏉′欢鐨勮绠楃粨鏋滀负 false锛屽凡璺宠繃鐩爣鈥淕enerateTargetPlatformDefineConstants鈥濓紱( '$(DisableImplicitFrameworkDefines)' != 'true' and '$(TargetPlatformIdentifier)' != '' and '$(TargetFrameworkIdentifier)' == '.NETCoreApp' and $([MSBuild]::VersionGreaterThanOrEquals($(TargetFrameworkVersion), 5.0)) )鐨勮绠楃粨鏋滀负( '' != 'true' and '' != '' and '.NETCoreApp' == '.NETCoreApp' and True )銆?
   2:6>鏉ヨ嚜椤圭洰鈥淓:\C\test3\WHU-STU-CHAT\backend\backend.csproj鈥濈殑鏂囦欢鈥淐:\Program Files\dotnet\sdk\9.0.105\Sdks\Microsoft.NET.Sdk\targets\Microsoft.NET.Sdk.BeforeCommon.targets鈥濅腑鐨勭洰鏍団€淕enerateNETCompatibleDefineConstants鈥?鐩爣鈥淎ddImplicitDefineConstants鈥濅緷璧栦簬瀹?:
   2:6>宸插畬鎴愬湪椤圭洰鈥渂ackend.csproj鈥濅腑鐢熸垚鐩爣鈥淕enerateNETCompatibleDefineConstants鈥濈殑鎿嶄綔銆?
       鐢变簬鏉′欢鐨勮绠楃粨鏋滀负 false锛屽凡璺宠繃鐩爣鈥淕eneratePlatformCompatibleDefineConstants鈥濓紱( '$(DisableImplicitFrameworkDefines)' != 'true' and '$(TargetPlatformIdentifier)' != '' and '$(TargetFrameworkIdentifier)' == '.NETCoreApp' and $([MSBuild]::VersionGreaterThanOrEquals($(TargetFrameworkVersion), 5.0)) )鐨勮绠楃粨鏋滀负( '' != 'true' and '' != '' and '.NETCoreApp' == '.NETCoreApp' and True )銆?
       鐢变簬鏉′欢鐨勮绠楃粨鏋滀负 false锛屽凡璺宠繃鐩爣鈥淿DisableDiagnosticTracing鈥濓紱('$(DisableDiagnosticTracing)' == 'true')鐨勮绠楃粨鏋滀负('' == 'true')銆?
   2:6>鏉ヨ嚜椤圭洰鈥淓:\C\test3\WHU-STU-CHAT\backend\backend.csproj鈥濈殑鏂囦欢鈥淐:\Program Files\dotnet\sdk\9.0.105\Sdks\Microsoft.NET.Sdk\targets\Microsoft.NET.Sdk.BeforeCommon.targets鈥濅腑鐨勭洰鏍団€淎ddImplicitDefineConstants鈥?鐩爣鈥淐oreCompile鈥濅緷璧栦簬瀹?:
   2:6>宸插畬鎴愬湪椤圭洰鈥渂ackend.csproj鈥濅腑鐢熸垚鐩爣鈥淎ddImplicitDefineConstants鈥濈殑鎿嶄綔銆?
       鐢变簬鏉′欢鐨勮绠楃粨鏋滀负 false锛屽凡璺宠繃鐩爣鈥淪himReferencePathsWhenCommonTargetsDoesNotUnderstandReferenceAssemblies鈥濓紱('@(ReferencePathWithRefAssemblies)' == '')鐨勮绠楃粨鏋滀负('C:\Users\Lenovo13\.nuget\packages\bouncycastle.cryptography\2.2.1\lib\net6.0\BouncyCastle.Cryptography.dll;C:\Users\Lenovo13\.nuget\packages\dapper\2.1.66\lib\net8.0\Dapper.dll;C:\Users\Lenovo13\.nuget\packages\google.protobuf\3.21.9\lib\net5.0\Google.Protobuf.dll;...' == '')銆?
   2:6>鏉ヨ嚜椤圭洰鈥淓:\C\test3\WHU-STU-CHAT\backend\backend.csproj鈥濈殑鏂囦欢鈥淐:\Program Files\dotnet\sdk\9.0.105\Roslyn\Microsoft.Managed.Core.targets鈥濅腑鐨勭洰鏍団€淿ComputeSkipAnalyzers鈥?鐩爣鈥淐oreCompile鈥濅緷璧栦簬瀹?:
       鐢变簬 false 鏉′欢锛屽凡璺宠繃浠诲姟鈥淪howMessageForImplicitlySkipAnalyzers鈥濓紱('$(_ImplicitlySkipAnalyzers)' == 'true')璁＄畻涓?'' == 'true')銆?
   2:6>宸插畬鎴愬湪椤圭洰鈥渂ackend.csproj鈥濅腑鐢熸垚鐩爣鈥淿ComputeSkipAnalyzers鈥濈殑鎿嶄綔銆?
       鐢变簬鏉′欢鐨勮绠楃粨鏋滀负 false锛屽凡璺宠繃鐩爣鈥淿SetPathMapFromSourceRoots鈥濓紱('$(DeterministicSourcePaths)' == 'true')鐨勮绠楃粨鏋滀负('' == 'true')銆?
       鐢变簬鏉′欢鐨勮绠楃粨鏋滀负 false锛屽凡璺宠繃鐩爣鈥淐reateCompilerGeneratedFilesOutputPath鈥濓紱('$(EmitCompilerGeneratedFiles)' == 'true' and !('$(DesignTimeBuild)' == 'true' OR '$(BuildingProject)' != 'true'))鐨勮绠楃粨鏋滀负('false' == 'true' and !('' == 'true' OR 'true' != 'true'))銆?
       鐢变簬鏉′欢鐨勮绠楃粨鏋滀负 false锛屽凡璺宠繃鐩爣鈥淿CheckMicrosoftNetSdkCompilersToolsetPackageExists鈥濓紱('$(_NeedToDownloadMicrosoftNetSdkCompilersToolsetPackage)' == 'true' and '$(DesignTimeBuild)' != 'true')鐨勮绠楃粨鏋滀负('' == 'true' and '' != 'true')銆?
       宸茶烦杩囩洰鏍団€淏eforeCompile鈥濄€備互鍓嶇殑鐢熸垚宸叉垚鍔熴€?
       宸茶烦杩囩洰鏍団€淚nitializeSourceControlInformationFromSourceControlManager鈥濄€備互鍓嶇殑鐢熸垚宸叉垚鍔熴€?
   2:6>鏉ヨ嚜椤圭洰鈥淓:\C\test3\WHU-STU-CHAT\backend\backend.csproj鈥濈殑鏂囦欢鈥淐:\Program Files\dotnet\sdk\9.0.105\Sdks\Microsoft.Build.Tasks.Git\build\Microsoft.Build.Tasks.Git.targets鈥濅腑鐨勭洰鏍団€淪etEmbeddedFilesFromSourceControlManagerUntrackedFiles鈥?鐩爣鈥淿SetEmbeddedFilesFromSourceControlManagerUntrackedFiles鈥濅緷璧栦簬瀹?:
       姝ｅ湪浣跨敤绋嬪簭闆嗏€淐:\Program Files\dotnet\sdk\9.0.105\Sdks\Microsoft.Build.Tasks.Git\build\..\tools\net\Microsoft.Build.Tasks.Git.dll鈥濅腑鐨勨€淢icrosoft.Build.Tasks.Git.GetUntrackedFiles鈥濅换鍔°€?
       浠诲姟鈥淢icrosoft.Build.Tasks.Git.GetUntrackedFiles鈥?
         SourceLink: Reusing cached git repository information.
       宸插畬鎴愭墽琛屼换鍔♀€淢icrosoft.Build.Tasks.Git.GetUntrackedFiles鈥濈殑鎿嶄綔銆?
   2:6>宸插畬鎴愬湪椤圭洰鈥渂ackend.csproj鈥濅腑鐢熸垚鐩爣鈥淪etEmbeddedFilesFromSourceControlManagerUntrackedFiles鈥濈殑鎿嶄綔銆?
   2:6>鏉ヨ嚜椤圭洰鈥淓:\C\test3\WHU-STU-CHAT\backend\backend.csproj鈥濈殑鏂囦欢鈥淐:\Program Files\dotnet\sdk\9.0.105\Sdks\Microsoft.SourceLink.Common\build\Microsoft.SourceLink.Common.targets鈥濅腑鐨勭洰鏍団€淿SetEmbeddedFilesFromSourceControlManagerUntrackedFiles鈥?鐩爣鈥淐oreCompile鈥濅緷璧栦簬瀹?:
   2:6>宸插畬鎴愬湪椤圭洰鈥渂ackend.csproj鈥濅腑鐢熸垚鐩爣鈥淿SetEmbeddedFilesFromSourceControlManagerUntrackedFiles鈥濈殑鎿嶄綔銆?
       宸茶烦杩囩洰鏍団€淚nitializeSourceControlInformation鈥濄€備互鍓嶇殑鐢熸垚宸叉垚鍔熴€?
   2:6>鏉ヨ嚜椤圭洰鈥淓:\C\test3\WHU-STU-CHAT\backend\backend.csproj鈥濈殑鏂囦欢鈥淐:\Program Files\dotnet\sdk\9.0.105\Sdks\Microsoft.SourceLink.Common\build\Microsoft.SourceLink.Common.targets鈥濅腑鐨勭洰鏍団€淿SetSourceLinkFilePath鈥?鐩爣鈥淿GenerateSourceLinkFile鈥濅緷璧栦簬瀹?:
   2:6>宸插畬鎴愬湪椤圭洰鈥渂ackend.csproj鈥濅腑鐢熸垚鐩爣鈥淿SetSourceLinkFilePath鈥濈殑鎿嶄綔銆?
       宸茶烦杩囩洰鏍団€淚nitializeSourceControlInformation鈥濄€備互鍓嶇殑鐢熸垚宸叉垚鍔熴€?
   2:6>鏉ヨ嚜椤圭洰鈥淓:\C\test3\WHU-STU-CHAT\backend\backend.csproj鈥濈殑鏂囦欢鈥淐:\Program Files\dotnet\sdk\9.0.105\Roslyn\Microsoft.Managed.Core.targets鈥濅腑鐨勭洰鏍団€淿InitializeSourceRootMappedPathsFromSourceControl鈥?鐩爣鈥淚nitializeSourceRootMappedPaths鈥濅緷璧栦簬瀹?:
   2:6>宸插畬鎴愬湪椤圭洰鈥渂ackend.csproj鈥濅腑鐢熸垚鐩爣鈥淿InitializeSourceRootMappedPathsFromSourceControl鈥濈殑鎿嶄綔銆?
   2:6>鏉ヨ嚜椤圭洰鈥淓:\C\test3\WHU-STU-CHAT\backend\backend.csproj鈥濈殑鏂囦欢鈥淐:\Program Files\dotnet\sdk\9.0.105\Roslyn\Microsoft.Managed.Core.targets鈥濅腑鐨勭洰鏍団€淚nitializeSourceRootMappedPaths鈥?鐩爣鈥淿InitializeSourceRootMappedPathsOpt鈥濅緷璧栦簬瀹?:
       姝ｅ湪浣跨敤绋嬪簭闆嗏€淐:\Program Files\dotnet\sdk\9.0.105\Roslyn\Microsoft.Build.Tasks.CodeAnalysis.dll鈥濅腑鐨勨€淢icrosoft.CodeAnalysis.BuildTasks.MapSourceRoots鈥濅换鍔°€?
       浠诲姟鈥淢icrosoft.CodeAnalysis.BuildTasks.MapSourceRoots鈥?
       宸插畬鎴愭墽琛屼换鍔♀€淢icrosoft.CodeAnalysis.BuildTasks.MapSourceRoots鈥濈殑鎿嶄綔銆?
   2:6>宸插畬鎴愬湪椤圭洰鈥渂ackend.csproj鈥濅腑鐢熸垚鐩爣鈥淚nitializeSourceRootMappedPaths鈥濈殑鎿嶄綔銆?
   2:6>鏉ヨ嚜椤圭洰鈥淓:\C\test3\WHU-STU-CHAT\backend\backend.csproj鈥濈殑鏂囦欢鈥淐:\Program Files\dotnet\sdk\9.0.105\Sdks\Microsoft.SourceLink.Common\build\Microsoft.SourceLink.Common.targets鈥濅腑鐨勭洰鏍団€淿InitializeSourceRootMappedPathsOpt鈥?鐩爣鈥淿GenerateSourceLinkFile鈥濅緷璧栦簬瀹?:
   2:6>宸插畬鎴愬湪椤圭洰鈥渂ackend.csproj鈥濅腑鐢熸垚鐩爣鈥淿InitializeSourceRootMappedPathsOpt鈥濈殑鎿嶄綔銆?
   2:6>鏉ヨ嚜椤圭洰鈥淓:\C\test3\WHU-STU-CHAT\backend\backend.csproj鈥濈殑鏂囦欢鈥淐:\Program Files\dotnet\sdk\9.0.105\Sdks\Microsoft.SourceLink.GitHub\build\Microsoft.SourceLink.GitHub.targets鈥濅腑鐨勭洰鏍団€淿InitializeGitHubSourceLinkUrl鈥?鐩爣鈥淿GenerateSourceLinkFile鈥濅緷璧栦簬瀹?:
       姝ｅ湪瀹屽叏鐢熸垚鐩爣鈥淿InitializeGitHubSourceLinkUrl鈥濄€?
       鏈寚瀹氳緭鍏ユ枃浠躲€?
       姝ｅ湪浣跨敤绋嬪簭闆嗏€淐:\Program Files\dotnet\sdk\9.0.105\Sdks\Microsoft.SourceLink.GitHub\build\..\tools\net\Microsoft.SourceLink.GitHub.dll鈥濅腑鐨勨€淢icrosoft.SourceLink.GitHub.GetSourceLinkUrl鈥濅换鍔°€?
       浠诲姟鈥淢icrosoft.SourceLink.GitHub.GetSourceLinkUrl鈥?
       宸插畬鎴愭墽琛屼换鍔♀€淢icrosoft.SourceLink.GitHub.GetSourceLinkUrl鈥濈殑鎿嶄綔銆?
   2:6>宸插畬鎴愬湪椤圭洰鈥渂ackend.csproj鈥濅腑鐢熸垚鐩爣鈥淿InitializeGitHubSourceLinkUrl鈥濈殑鎿嶄綔銆?
   2:6>鏉ヨ嚜椤圭洰鈥淓:\C\test3\WHU-STU-CHAT\backend\backend.csproj鈥濈殑鏂囦欢鈥淐:\Program Files\dotnet\sdk\9.0.105\Sdks\Microsoft.SourceLink.GitHub\build\Microsoft.SourceLink.GitHub.targets鈥濅腑鐨勭洰鏍団€淿InitializeGitHubSourceLinkUrl鈥?鐩爣鈥淿GenerateSourceLinkFile鈥濅緷璧栦簬瀹?:
       姝ｅ湪瀹屽叏鐢熸垚鐩爣鈥淿InitializeGitHubSourceLinkUrl鈥濄€?
       鏈寚瀹氳緭鍏ユ枃浠躲€?
       浠诲姟鈥淢icrosoft.SourceLink.GitHub.GetSourceLinkUrl鈥?
       宸插畬鎴愭墽琛屼换鍔♀€淢icrosoft.SourceLink.GitHub.GetSourceLinkUrl鈥濈殑鎿嶄綔銆?
   2:6>宸插畬鎴愬湪椤圭洰鈥渂ackend.csproj鈥濅腑鐢熸垚鐩爣鈥淿InitializeGitHubSourceLinkUrl鈥濈殑鎿嶄綔銆?
   2:6>鏉ヨ嚜椤圭洰鈥淓:\C\test3\WHU-STU-CHAT\backend\backend.csproj鈥濈殑鏂囦欢鈥淐:\Program Files\dotnet\sdk\9.0.105\Sdks\Microsoft.SourceLink.GitHub\build\Microsoft.SourceLink.GitHub.targets鈥濅腑鐨勭洰鏍団€淿InitializeGitHubSourceLinkUrl鈥?鐩爣鈥淿GenerateSourceLinkFile鈥濅緷璧栦簬瀹?:
       姝ｅ湪瀹屽叏鐢熸垚鐩爣鈥淿InitializeGitHubSourceLinkUrl鈥濄€?
       鏈寚瀹氳緭鍏ユ枃浠躲€?
       浠诲姟鈥淢icrosoft.SourceLink.GitHub.GetSourceLinkUrl鈥?
       宸插畬鎴愭墽琛屼换鍔♀€淢icrosoft.SourceLink.GitHub.GetSourceLinkUrl鈥濈殑鎿嶄綔銆?
   2:6>宸插畬鎴愬湪椤圭洰鈥渂ackend.csproj鈥濅腑鐢熸垚鐩爣鈥淿InitializeGitHubSourceLinkUrl鈥濈殑鎿嶄綔銆?
   2:6>鏉ヨ嚜椤圭洰鈥淓:\C\test3\WHU-STU-CHAT\backend\backend.csproj鈥濈殑鏂囦欢鈥淐:\Program Files\dotnet\sdk\9.0.105\Sdks\Microsoft.SourceLink.GitLab\build\Microsoft.SourceLink.GitLab.targets鈥濅腑鐨勭洰鏍団€淿InitializeGitLabSourceLinkUrl鈥?鐩爣鈥淿GenerateSourceLinkFile鈥濅緷璧栦簬瀹?:
       姝ｅ湪瀹屽叏鐢熸垚鐩爣鈥淿InitializeGitLabSourceLinkUrl鈥濄€?
       鏈寚瀹氳緭鍏ユ枃浠躲€?
       姝ｅ湪浣跨敤绋嬪簭闆嗏€淐:\Program Files\dotnet\sdk\9.0.105\Sdks\Microsoft.SourceLink.GitLab\build\..\tools\net\Microsoft.SourceLink.GitLab.dll鈥濅腑鐨勨€淢icrosoft.SourceLink.GitLab.GetSourceLinkUrl鈥濅换鍔°€?
       浠诲姟鈥淢icrosoft.SourceLink.GitLab.GetSourceLinkUrl鈥?
       宸插畬鎴愭墽琛屼换鍔♀€淢icrosoft.SourceLink.GitLab.GetSourceLinkUrl鈥濈殑鎿嶄綔銆?
   2:6>宸插畬鎴愬湪椤圭洰鈥渂ackend.csproj鈥濅腑鐢熸垚鐩爣鈥淿InitializeGitLabSourceLinkUrl鈥濈殑鎿嶄綔銆?
   2:6>鏉ヨ嚜椤圭洰鈥淓:\C\test3\WHU-STU-CHAT\backend\backend.csproj鈥濈殑鏂囦欢鈥淐:\Program Files\dotnet\sdk\9.0.105\Sdks\Microsoft.SourceLink.GitLab\build\Microsoft.SourceLink.GitLab.targets鈥濅腑鐨勭洰鏍団€淿InitializeGitLabSourceLinkUrl鈥?鐩爣鈥淿GenerateSourceLinkFile鈥濅緷璧栦簬瀹?:
       姝ｅ湪瀹屽叏鐢熸垚鐩爣鈥淿InitializeGitLabSourceLinkUrl鈥濄€?
       鏈寚瀹氳緭鍏ユ枃浠躲€?
       浠诲姟鈥淢icrosoft.SourceLink.GitLab.GetSourceLinkUrl鈥?
       宸插畬鎴愭墽琛屼换鍔♀€淢icrosoft.SourceLink.GitLab.GetSourceLinkUrl鈥濈殑鎿嶄綔銆?
   2:6>宸插畬鎴愬湪椤圭洰鈥渂ackend.csproj鈥濅腑鐢熸垚鐩爣鈥淿InitializeGitLabSourceLinkUrl鈥濈殑鎿嶄綔銆?
   2:6>鏉ヨ嚜椤圭洰鈥淓:\C\test3\WHU-STU-CHAT\backend\backend.csproj鈥濈殑鏂囦欢鈥淐:\Program Files\dotnet\sdk\9.0.105\Sdks\Microsoft.SourceLink.GitLab\build\Microsoft.SourceLink.GitLab.targets鈥濅腑鐨勭洰鏍団€淿InitializeGitLabSourceLinkUrl鈥?鐩爣鈥淿GenerateSourceLinkFile鈥濅緷璧栦簬瀹?:
       姝ｅ湪瀹屽叏鐢熸垚鐩爣鈥淿InitializeGitLabSourceLinkUrl鈥濄€?
       鏈寚瀹氳緭鍏ユ枃浠躲€?
       浠诲姟鈥淢icrosoft.SourceLink.GitLab.GetSourceLinkUrl鈥?
       宸插畬鎴愭墽琛屼换鍔♀€淢icrosoft.SourceLink.GitLab.GetSourceLinkUrl鈥濈殑鎿嶄綔銆?
   2:6>宸插畬鎴愬湪椤圭洰鈥渂ackend.csproj鈥濅腑鐢熸垚鐩爣鈥淿InitializeGitLabSourceLinkUrl鈥濈殑鎿嶄綔銆?
   2:6>鏉ヨ嚜椤圭洰鈥淓:\C\test3\WHU-STU-CHAT\backend\backend.csproj鈥濈殑鏂囦欢鈥淐:\Program Files\dotnet\sdk\9.0.105\Sdks\Microsoft.SourceLink.AzureRepos.Git\build\Microsoft.SourceLink.AzureRepos.Git.targets鈥濅腑鐨勭洰鏍団€淿InitializeAzureReposGitSourceLinkUrl鈥?鐩爣鈥淿GenerateSourceLinkFile鈥濅緷璧栦簬瀹?:
       姝ｅ湪瀹屽叏鐢熸垚鐩爣鈥淿InitializeAzureReposGitSourceLinkUrl鈥濄€?
       鏈寚瀹氳緭鍏ユ枃浠躲€?
       姝ｅ湪浣跨敤绋嬪簭闆嗏€淐:\Program Files\dotnet\sdk\9.0.105\Sdks\Microsoft.SourceLink.AzureRepos.Git\build\..\tools\net\Microsoft.SourceLink.AzureRepos.Git.dll鈥濅腑鐨勨€淢icrosoft.SourceLink.AzureRepos.Git.GetSourceLinkUrl鈥濅换鍔°€?
       浠诲姟鈥淢icrosoft.SourceLink.AzureRepos.Git.GetSourceLinkUrl鈥?
       宸插畬鎴愭墽琛屼换鍔♀€淢icrosoft.SourceLink.AzureRepos.Git.GetSourceLinkUrl鈥濈殑鎿嶄綔銆?
   2:6>宸插畬鎴愬湪椤圭洰鈥渂ackend.csproj鈥濅腑鐢熸垚鐩爣鈥淿InitializeAzureReposGitSourceLinkUrl鈥濈殑鎿嶄綔銆?
   2:6>鏉ヨ嚜椤圭洰鈥淓:\C\test3\WHU-STU-CHAT\backend\backend.csproj鈥濈殑鏂囦欢鈥淐:\Program Files\dotnet\sdk\9.0.105\Sdks\Microsoft.SourceLink.AzureRepos.Git\build\Microsoft.SourceLink.AzureRepos.Git.targets鈥濅腑鐨勭洰鏍団€淿InitializeAzureReposGitSourceLinkUrl鈥?鐩爣鈥淿GenerateSourceLinkFile鈥濅緷璧栦簬瀹?:
       姝ｅ湪瀹屽叏鐢熸垚鐩爣鈥淿InitializeAzureReposGitSourceLinkUrl鈥濄€?
       鏈寚瀹氳緭鍏ユ枃浠躲€?
       浠诲姟鈥淢icrosoft.SourceLink.AzureRepos.Git.GetSourceLinkUrl鈥?
       宸插畬鎴愭墽琛屼换鍔♀€淢icrosoft.SourceLink.AzureRepos.Git.GetSourceLinkUrl鈥濈殑鎿嶄綔銆?
   2:6>宸插畬鎴愬湪椤圭洰鈥渂ackend.csproj鈥濅腑鐢熸垚鐩爣鈥淿InitializeAzureReposGitSourceLinkUrl鈥濈殑鎿嶄綔銆?
   2:6>鏉ヨ嚜椤圭洰鈥淓:\C\test3\WHU-STU-CHAT\backend\backend.csproj鈥濈殑鏂囦欢鈥淐:\Program Files\dotnet\sdk\9.0.105\Sdks\Microsoft.SourceLink.AzureRepos.Git\build\Microsoft.SourceLink.AzureRepos.Git.targets鈥濅腑鐨勭洰鏍団€淿InitializeAzureReposGitSourceLinkUrl鈥?鐩爣鈥淿GenerateSourceLinkFile鈥濅緷璧栦簬瀹?:
       姝ｅ湪瀹屽叏鐢熸垚鐩爣鈥淿InitializeAzureReposGitSourceLinkUrl鈥濄€?
       鏈寚瀹氳緭鍏ユ枃浠躲€?
       浠诲姟鈥淢icrosoft.SourceLink.AzureRepos.Git.GetSourceLinkUrl鈥?
       宸插畬鎴愭墽琛屼换鍔♀€淢icrosoft.SourceLink.AzureRepos.Git.GetSourceLinkUrl鈥濈殑鎿嶄綔銆?
   2:6>宸插畬鎴愬湪椤圭洰鈥渂ackend.csproj鈥濅腑鐢熸垚鐩爣鈥淿InitializeAzureReposGitSourceLinkUrl鈥濈殑鎿嶄綔銆?
   2:6>鏉ヨ嚜椤圭洰鈥淓:\C\test3\WHU-STU-CHAT\backend\backend.csproj鈥濈殑鏂囦欢鈥淐:\Program Files\dotnet\sdk\9.0.105\Sdks\Microsoft.SourceLink.Bitbucket.Git\build\Microsoft.SourceLink.Bitbucket.Git.targets鈥濅腑鐨勭洰鏍団€淿InitializeBitbucketGitSourceLinkUrl鈥?鐩爣鈥淿GenerateSourceLinkFile鈥濅緷璧栦簬瀹?:
       姝ｅ湪瀹屽叏鐢熸垚鐩爣鈥淿InitializeBitbucketGitSourceLinkUrl鈥濄€?
       鏈寚瀹氳緭鍏ユ枃浠躲€?
       姝ｅ湪浣跨敤绋嬪簭闆嗏€淐:\Program Files\dotnet\sdk\9.0.105\Sdks\Microsoft.SourceLink.Bitbucket.Git\build\..\tools\net\Microsoft.SourceLink.Bitbucket.Git.dll鈥濅腑鐨勨€淢icrosoft.SourceLink.Bitbucket.Git.GetSourceLinkUrl鈥濅换鍔°€?
       浠诲姟鈥淢icrosoft.SourceLink.Bitbucket.Git.GetSourceLinkUrl鈥?
       宸插畬鎴愭墽琛屼换鍔♀€淢icrosoft.SourceLink.Bitbucket.Git.GetSourceLinkUrl鈥濈殑鎿嶄綔銆?
   2:6>宸插畬鎴愬湪椤圭洰鈥渂ackend.csproj鈥濅腑鐢熸垚鐩爣鈥淿InitializeBitbucketGitSourceLinkUrl鈥濈殑鎿嶄綔銆?
   2:6>鏉ヨ嚜椤圭洰鈥淓:\C\test3\WHU-STU-CHAT\backend\backend.csproj鈥濈殑鏂囦欢鈥淐:\Program Files\dotnet\sdk\9.0.105\Sdks\Microsoft.SourceLink.Bitbucket.Git\build\Microsoft.SourceLink.Bitbucket.Git.targets鈥濅腑鐨勭洰鏍団€淿InitializeBitbucketGitSourceLinkUrl鈥?鐩爣鈥淿GenerateSourceLinkFile鈥濅緷璧栦簬瀹?:
       姝ｅ湪瀹屽叏鐢熸垚鐩爣鈥淿InitializeBitbucketGitSourceLinkUrl鈥濄€?
       鏈寚瀹氳緭鍏ユ枃浠躲€?
       浠诲姟鈥淢icrosoft.SourceLink.Bitbucket.Git.GetSourceLinkUrl鈥?
       宸插畬鎴愭墽琛屼换鍔♀€淢icrosoft.SourceLink.Bitbucket.Git.GetSourceLinkUrl鈥濈殑鎿嶄綔銆?
   2:6>宸插畬鎴愬湪椤圭洰鈥渂ackend.csproj鈥濅腑鐢熸垚鐩爣鈥淿InitializeBitbucketGitSourceLinkUrl鈥濈殑鎿嶄綔銆?
   2:6>鏉ヨ嚜椤圭洰鈥淓:\C\test3\WHU-STU-CHAT\backend\backend.csproj鈥濈殑鏂囦欢鈥淐:\Program Files\dotnet\sdk\9.0.105\Sdks\Microsoft.SourceLink.Bitbucket.Git\build\Microsoft.SourceLink.Bitbucket.Git.targets鈥濅腑鐨勭洰鏍団€淿InitializeBitbucketGitSourceLinkUrl鈥?鐩爣鈥淿GenerateSourceLinkFile鈥濅緷璧栦簬瀹?:
       姝ｅ湪瀹屽叏鐢熸垚鐩爣鈥淿InitializeBitbucketGitSourceLinkUrl鈥濄€?
       鏈寚瀹氳緭鍏ユ枃浠躲€?
       浠诲姟鈥淢icrosoft.SourceLink.Bitbucket.Git.GetSourceLinkUrl鈥?
       宸插畬鎴愭墽琛屼换鍔♀€淢icrosoft.SourceLink.Bitbucket.Git.GetSourceLinkUrl鈥濈殑鎿嶄綔銆?
   2:6>宸插畬鎴愬湪椤圭洰鈥渂ackend.csproj鈥濅腑鐢熸垚鐩爣鈥淿InitializeBitbucketGitSourceLinkUrl鈥濈殑鎿嶄綔銆?
   2:6>鏉ヨ嚜椤圭洰鈥淓:\C\test3\WHU-STU-CHAT\backend\backend.csproj鈥濈殑鏂囦欢鈥淐:\Program Files\dotnet\sdk\9.0.105\Sdks\Microsoft.SourceLink.Common\build\Microsoft.SourceLink.Common.targets鈥濅腑鐨勭洰鏍団€淿GenerateSourceLinkFile鈥?鐩爣鈥淕enerateSourceLinkFile鈥濅緷璧栦簬瀹?:
       姝ｅ湪瀹屽叏鐢熸垚鐩爣鈥淿GenerateSourceLinkFile鈥濄€?
       鏈寚瀹氳緭鍏ユ枃浠躲€?
       姝ｅ湪浣跨敤绋嬪簭闆嗏€淐:\Program Files\dotnet\sdk\9.0.105\Sdks\Microsoft.SourceLink.Common\build\..\tools\net\Microsoft.SourceLink.Common.dll鈥濅腑鐨勨€淢icrosoft.SourceLink.Common.GenerateSourceLinkFile鈥濅换鍔°€?
       浠诲姟鈥淢icrosoft.SourceLink.Common.GenerateSourceLinkFile鈥?
         鍦?TaskRun (Microsoft.SourceLink.Common.GenerateSourceLinkFile) 鏈熼棿鍔犺浇鐨勭▼搴忛泦: Microsoft.SourceLink.Common.resources, Version=9.0.11.11701, Culture=zh-Hans, PublicKeyToken=31bf3856ad364e35 (浣嶇疆: C:\Program Files\dotnet\sdk\9.0.105\Sdks\Microsoft.SourceLink.Common\tools\net\zh-Hans\Microsoft.SourceLink.Common.resources.dll锛孧VID: 627aa1d7-5d85-4743-897d-35ca47142d08锛孉ssemblyLoadContext: MSBuild plugin C:\Program Files\dotnet\sdk\9.0.105\Sdks\Microsoft.SourceLink.Common\tools\net\Microsoft.SourceLink.Common.dll)
         Source Link 鏂囦欢 "obj\Debug\net8.0\backend.sourcelink.json" 鏄渶鏂扮殑銆?
       宸插畬鎴愭墽琛屼换鍔♀€淢icrosoft.SourceLink.Common.GenerateSourceLinkFile鈥濈殑鎿嶄綔銆?
   2:6>宸插畬鎴愬湪椤圭洰鈥渂ackend.csproj鈥濅腑鐢熸垚鐩爣鈥淿GenerateSourceLinkFile鈥濈殑鎿嶄綔銆?
   2:6>鏉ヨ嚜椤圭洰鈥淓:\C\test3\WHU-STU-CHAT\backend\backend.csproj鈥濈殑鏂囦欢鈥淐:\Program Files\dotnet\sdk\9.0.105\Sdks\Microsoft.SourceLink.Common\build\Microsoft.SourceLink.Common.targets鈥濅腑鐨勭洰鏍団€淕enerateSourceLinkFile鈥?鐩爣鈥淐oreCompile鈥濅緷璧栦簬瀹?:
   2:6>宸插畬鎴愬湪椤圭洰鈥渂ackend.csproj鈥濅腑鐢熸垚鐩爣鈥淕enerateSourceLinkFile鈥濈殑鎿嶄綔銆?
   2:6>鏉ヨ嚜椤圭洰鈥淓:\C\test3\WHU-STU-CHAT\backend\backend.csproj鈥濈殑鏂囦欢鈥淐:\Program Files\dotnet\sdk\9.0.105\Sdks\Microsoft.NET.Sdk\analyzers\build\Microsoft.CodeAnalysis.NetAnalyzers.targets鈥濅腑鐨勭洰鏍団€淎ddGlobalAnalyzerConfigForPackage_MicrosoftCodeAnalysisNetAnalyzers鈥?鐩爣鈥淐oreCompile鈥濅緷璧栦簬瀹?:
   2:6>宸插畬鎴愬湪椤圭洰鈥渂ackend.csproj鈥濅腑鐢熸垚鐩爣鈥淎ddGlobalAnalyzerConfigForPackage_MicrosoftCodeAnalysisNetAnalyzers鈥濈殑鎿嶄綔銆?
       鐢变簬鏉′欢鐨勮绠楃粨鏋滀负 false锛屽凡璺宠繃鐩爣鈥淎ddGlobalAnalyzerConfigForPackage_MicrosoftCodeAnalysisNetAnalyzersDesign鈥濓紱('$(SkipGlobalAnalyzerConfigForPackage)' != 'true' and ('$(AnalysisLevelDesign)' != '' or '$(AnalysisModeDesign)' != ''))鐨勮绠楃粨鏋滀负('' != 'true' and ('' != '' or '' != ''))銆?
       鐢变簬鏉′欢鐨勮绠楃粨鏋滀负 false锛屽凡璺宠繃鐩爣鈥淎ddGlobalAnalyzerConfigForPackage_MicrosoftCodeAnalysisNetAnalyzersDocumentation鈥濓紱('$(SkipGlobalAnalyzerConfigForPackage)' != 'true' and ('$(AnalysisLevelDocumentation)' != '' or '$(AnalysisModeDocumentation)' != ''))鐨勮绠楃粨鏋滀负('' != 'true' and ('' != '' or '' != ''))銆?
       鐢变簬鏉′欢鐨勮绠楃粨鏋滀负 false锛屽凡璺宠繃鐩爣鈥淎ddGlobalAnalyzerConfigForPackage_MicrosoftCodeAnalysisNetAnalyzersGlobalization鈥濓紱('$(SkipGlobalAnalyzerConfigForPackage)' != 'true' and ('$(AnalysisLevelGlobalization)' != '' or '$(AnalysisModeGlobalization)' != ''))鐨勮绠楃粨鏋滀负('' != 'true' and ('' != '' or '' != ''))銆?
       鐢变簬鏉′欢鐨勮绠楃粨鏋滀负 false锛屽凡璺宠繃鐩爣鈥淎ddGlobalAnalyzerConfigForPackage_MicrosoftCodeAnalysisNetAnalyzersInteroperability鈥濓紱('$(SkipGlobalAnalyzerConfigForPackage)' != 'true' and ('$(AnalysisLevelInteroperability)' != '' or '$(AnalysisModeInteroperability)' != ''))鐨勮绠楃粨鏋滀负('' != 'true' and ('' != '' or '' != ''))銆?
       鐢变簬鏉′欢鐨勮绠楃粨鏋滀负 false锛屽凡璺宠繃鐩爣鈥淎ddGlobalAnalyzerConfigForPackage_MicrosoftCodeAnalysisNetAnalyzersMaintainability鈥濓紱('$(SkipGlobalAnalyzerConfigForPackage)' != 'true' and ('$(AnalysisLevelMaintainability)' != '' or '$(AnalysisModeMaintainability)' != ''))鐨勮绠楃粨鏋滀负('' != 'true' and ('' != '' or '' != ''))銆?
       鐢变簬鏉′欢鐨勮绠楃粨鏋滀负 false锛屽凡璺宠繃鐩爣鈥淎ddGlobalAnalyzerConfigForPackage_MicrosoftCodeAnalysisNetAnalyzersNaming鈥濓紱('$(SkipGlobalAnalyzerConfigForPackage)' != 'true' and ('$(AnalysisLevelNaming)' != '' or '$(AnalysisModeNaming)' != ''))鐨勮绠楃粨鏋滀负('' != 'true' and ('' != '' or '' != ''))銆?
       鐢变簬鏉′欢鐨勮绠楃粨鏋滀负 false锛屽凡璺宠繃鐩爣鈥淎ddGlobalAnalyzerConfigForPackage_MicrosoftCodeAnalysisNetAnalyzersPerformance鈥濓紱('$(SkipGlobalAnalyzerConfigForPackage)' != 'true' and ('$(AnalysisLevelPerformance)' != '' or '$(AnalysisModePerformance)' != ''))鐨勮绠楃粨鏋滀负('' != 'true' and ('' != '' or '' != ''))銆?
       鐢变簬鏉′欢鐨勮绠楃粨鏋滀负 false锛屽凡璺宠繃鐩爣鈥淎ddGlobalAnalyzerConfigForPackage_MicrosoftCodeAnalysisNetAnalyzersReliability鈥濓紱('$(SkipGlobalAnalyzerConfigForPackage)' != 'true' and ('$(AnalysisLevelReliability)' != '' or '$(AnalysisModeReliability)' != ''))鐨勮绠楃粨鏋滀负('' != 'true' and ('' != '' or '' != ''))銆?
       鐢变簬鏉′欢鐨勮绠楃粨鏋滀负 false锛屽凡璺宠繃鐩爣鈥淎ddGlobalAnalyzerConfigForPackage_MicrosoftCodeAnalysisNetAnalyzersSecurity鈥濓紱('$(SkipGlobalAnalyzerConfigForPackage)' != 'true' and ('$(AnalysisLevelSecurity)' != '' or '$(AnalysisModeSecurity)' != ''))鐨勮绠楃粨鏋滀负('' != 'true' and ('' != '' or '' != ''))銆?
       鐢变簬鏉′欢鐨勮绠楃粨鏋滀负 false锛屽凡璺宠繃鐩爣鈥淎ddGlobalAnalyzerConfigForPackage_MicrosoftCodeAnalysisNetAnalyzersUsage鈥濓紱('$(SkipGlobalAnalyzerConfigForPackage)' != 'true' and ('$(AnalysisLevelUsage)' != '' or '$(AnalysisModeUsage)' != ''))鐨勮绠楃粨鏋滀负('' != 'true' and ('' != '' or '' != ''))銆?
       鐢变簬鏉′欢鐨勮绠楃粨鏋滀负 false锛屽凡璺宠繃鐩爣鈥淿CodeAnalysisTreatWarningsAsErrors鈥濓紱('$(DesignTimeBuild)' == 'true' OR '$(BuildingProject)' != 'true')鐨勮绠楃粨鏋滀负('' == 'true' OR 'true' != 'true')銆?
   2:6>鏉ヨ嚜椤圭洰鈥淓:\C\test3\WHU-STU-CHAT\backend\backend.csproj鈥濈殑鏂囦欢鈥淐:\Program Files\dotnet\sdk\9.0.105\Roslyn\Microsoft.CSharp.Core.targets鈥濅腑鐨勭洰鏍団€淐oreCompile鈥?鐩爣鈥淐ompile鈥濅緷璧栦簬瀹?:
       姝ｅ湪瀹屽叏鐢熸垚鐩爣鈥淐oreCompile鈥濄€?
       杈撳叆鏂囦欢鈥渙bj\Debug\net8.0\backend.AssemblyInfo.cs鈥濇瘮杈撳嚭鏂囦欢鈥渙bj\Debug\net8.0\backend.dll鈥濇柊銆?
       姝ｅ湪浣跨敤绋嬪簭闆嗏€淐:\Program Files\dotnet\sdk\9.0.105\Roslyn\Microsoft.Build.Tasks.CodeAnalysis.dll鈥濅腑鐨勨€淐sc鈥濅换鍔°€?
       浠诲姟鈥淐sc鈥?
         C:\Program Files\dotnet\dotnet.exe exec "C:\Program Files\dotnet\sdk\9.0.105\Roslyn\bincore\csc.dll" /noconfig /unsafe- /checked- /nowarn:1701,1702,1701,1702 /fullpaths /nostdlib+ /errorreport:prompt /warn:8 /define:TRACE;DEBUG;NET;NET8_0;NETCOREAPP;NET5_0_OR_GREATER;NET6_0_OR_GREATER;NET7_0_OR_GREATER;NET8_0_OR_GREATER;NETCOREAPP1_0_OR_GREATER;NETCOREAPP1_1_OR_GREATER;NETCOREAPP2_0_OR_GREATER;NETCOREAPP2_1_OR_GREATER;NETCOREAPP2_2_OR_GREATER;NETCOREAPP3_0_OR_GREATER;NETCOREAPP3_1_OR_GREATER /highentropyva+ /nullable:enable /reference:C:\Users\Lenovo13\.nuget\packages\bouncycastle.cryptography\2.2.1\lib\net6.0\BouncyCastle.Cryptography.dll /reference:C:\Users\Lenovo13\.nuget\packages\dapper\2.1.66\lib\net8.0\Dapper.dll /reference:C:\Users\Lenovo13\.nuget\packages\google.protobuf\3.21.9\lib\net5.0\Google.Protobuf.dll /reference:C:\Users\Lenovo13\.nuget\packages\k4os.compression.lz4\1.3.5\lib\net6.0\K4os.Compression.LZ4.dll /reference:C:\Users\Lenovo13\.nuget\packages\k4os.compression.lz4.streams\1.3.5\lib\net6.0\K4os.Compression.LZ4.Streams.dll /reference:C:\Users\Lenovo13\.nuget\packages\k4os.hash.xxhash\1.0.8\lib\net6.0\K4os.Hash.xxHash.dll /reference:"C:\Program Files\dotnet\packs\Microsoft.AspNetCore.App.Ref\8.0.15\ref\net8.0\Microsoft.AspNetCore.Antiforgery.dll" /reference:"C:\Program Files\dotnet\packs\Microsoft.AspNetCore.App.Ref\8.0.15\ref\net8.0\Microsoft.AspNetCore.Authentication.Abstractions.dll" /reference:"C:\Program Files\dotnet\packs\Microsoft.AspNetCore.App.Ref\8.0.15\ref\net8.0\Microsoft.AspNetCore.Authentication.BearerToken.dll" /reference:"C:\Program Files\dotnet\packs\Microsoft.AspNetCore.App.Ref\8.0.15\ref\net8.0\Microsoft.AspNetCore.Authentication.Cookies.dll" /reference:"C:\Program Files\dotnet\packs\Microsoft.AspNetCore.App.Ref\8.0.15\ref\net8.0\Microsoft.AspNetCore.Authentication.Core.dll" /reference:"C:\Program Files\dotnet\packs\Microsoft.AspNetCore.App.Ref\8.0.15\ref\net8.0\Microsoft.AspNetCore.Authentication.dll" /reference:"C:\Program Files\dotnet\packs\Microsoft.AspNetCore.App.Ref\8.0.15\ref\net8.0\Microsoft.AspNetCore.Authentication.OAuth.dll" /reference:"C:\Program Files\dotnet\packs\Microsoft.AspNetCore.App.Ref\8.0.15\ref\net8.0\Microsoft.AspNetCore.Authorization.dll" /reference:"C:\Program Files\dotnet\packs\Microsoft.AspNetCore.App.Ref\8.0.15\ref\net8.0\Microsoft.AspNetCore.Authorization.Policy.dll" /reference:"C:\Program Files\dotnet\packs\Microsoft.AspNetCore.App.Ref\8.0.15\ref\net8.0\Microsoft.AspNetCore.Components.Authorization.dll" /reference:"C:\Program Files\dotnet\packs\Microsoft.AspNetCore.App.Ref\8.0.15\ref\net8.0\Microsoft.AspNetCore.Components.dll" /reference:"C:\Program Files\dotnet\packs\Microsoft.AspNetCore.App.Ref\8.0.15\ref\net8.0\Microsoft.AspNetCore.Components.Endpoints.dll" /reference:"C:\Program Files\dotnet\packs\Microsoft.AspNetCore.App.Ref\8.0.15\ref\net8.0\Microsoft.AspNetCore.Components.Forms.dll" /reference:"C:\Program Files\dotnet\packs\Microsoft.AspNetCore.App.Ref\8.0.15\ref\net8.0\Microsoft.AspNetCore.Components.Server.dll" /reference:"C:\Program Files\dotnet\packs\Microsoft.AspNetCore.App.Ref\8.0.15\ref\net8.0\Microsoft.AspNetCore.Components.Web.dll" /reference:"C:\Program Files\dotnet\packs\Microsoft.AspNetCore.App.Ref\8.0.15\ref\net8.0\Microsoft.AspNetCore.Connections.Abstractions.dll" /reference:"C:\Program Files\dotnet\packs\Microsoft.AspNetCore.App.Ref\8.0.15\ref\net8.0\Microsoft.AspNetCore.CookiePolicy.dll" /reference:"C:\Program Files\dotnet\packs\Microsoft.AspNetCore.App.Ref\8.0.15\ref\net8.0\Microsoft.AspNetCore.Cors.dll" /reference:"C:\Program Files\dotnet\packs\Microsoft.AspNetCore.App.Ref\8.0.15\ref\net8.0\Microsoft.AspNetCore.Cryptography.Internal.dll" /reference:"C:\Program Files\dotnet\packs\Microsoft.AspNetCore.App.Ref\8.0.15\ref\net8.0\Microsoft.AspNetCore.Cryptography.KeyDerivation.dll" /reference:"C:\Program Files\dotnet\packs\Microsoft.AspNetCore.App.Ref\8.0.15\ref\net8.0\Microsoft.AspNetCore.DataProtection.Abstractions.dll" /reference:"C:\Program Files\dotnet\packs\Microsoft.AspNetCore.App.Ref\8.0.15\ref\net8.0\Microsoft.AspNetCore.DataProtection.dll" /reference:"C:\Program Files\dotnet\packs\Microsoft.AspNetCore.App.Ref\8.0.15\ref\net8.0\Microsoft.AspNetCore.DataProtection.Extensions.dll" /reference:"C:\Program Files\dotnet\packs\Microsoft.AspNetCore.App.Ref\8.0.15\ref\net8.0\Microsoft.AspNetCore.Diagnostics.Abstractions.dll" /reference:"C:\Program Files\dotnet\packs\Microsoft.AspNetCore.App.Ref\8.0.15\ref\net8.0\Microsoft.AspNetCore.Diagnostics.dll" /reference:"C:\Program Files\dotnet\packs\Microsoft.AspNetCore.App.Ref\8.0.15\ref\net8.0\Microsoft.AspNetCore.Diagnostics.HealthChecks.dll" /reference:"C:\Program Files\dotnet\packs\Microsoft.AspNetCore.App.Ref\8.0.15\ref\net8.0\Microsoft.AspNetCore.dll" /reference:"C:\Program Files\dotnet\packs\Microsoft.AspNetCore.App.Ref\8.0.15\ref\net8.0\Microsoft.AspNetCore.HostFiltering.dll" /reference:"C:\Program Files\dotnet\packs\Microsoft.AspNetCore.App.Ref\8.0.15\ref\net8.0\Microsoft.AspNetCore.Hosting.Abstractions.dll" /reference:"C:\Program Files\dotnet\packs\Microsoft.AspNetCore.App.Ref\8.0.15\ref\net8.0\Microsoft.AspNetCore.Hosting.dll" /reference:"C:\Program Files\dotnet\packs\Microsoft.AspNetCore.App.Ref\8.0.15\ref\net8.0\Microsoft.AspNetCore.Hosting.Server.Abstractions.dll" /reference:"C:\Program Files\dotnet\packs\Microsoft.AspNetCore.App.Ref\8.0.15\ref\net8.0\Microsoft.AspNetCore.Html.Abstractions.dll" /reference:"C:\Program Files\dotnet\packs\Microsoft.AspNetCore.App.Ref\8.0.15\ref\net8.0\Microsoft.AspNetCore.Http.Abstractions.dll" /reference:"C:\Program Files\dotnet\packs\Microsoft.AspNetCore.App.Ref\8.0.15\ref\net8.0\Microsoft.AspNetCore.Http.Connections.Common.dll" /reference:"C:\Program Files\dotnet\packs\Microsoft.AspNetCore.App.Ref\8.0.15\ref\net8.0\Microsoft.AspNetCore.Http.Connections.dll" /reference:"C:\Program Files\dotnet\packs\Microsoft.AspNetCore.App.Ref\8.0.15\ref\net8.0\Microsoft.AspNetCore.Http.dll" /reference:"C:\Program Files\dotnet\packs\Microsoft.AspNetCore.App.Ref\8.0.15\ref\net8.0\Microsoft.AspNetCore.Http.Extensions.dll" /reference:"C:\Program Files\dotnet\packs\Microsoft.AspNetCore.App.Ref\8.0.15\ref\net8.0\Microsoft.AspNetCore.Http.Features.dll" /reference:"C:\Program Files\dotnet\packs\Microsoft.AspNetCore.App.Ref\8.0.15\ref\net8.0\Microsoft.AspNetCore.Http.Results.dll" /reference:"C:\Program Files\dotnet\packs\Microsoft.AspNetCore.App.Ref\8.0.15\ref\net8.0\Microsoft.AspNetCore.HttpLogging.dll" /reference:"C:\Program Files\dotnet\packs\Microsoft.AspNetCore.App.Ref\8.0.15\ref\net8.0\Microsoft.AspNetCore.HttpOverrides.dll" /reference:"C:\Program Files\dotnet\packs\Microsoft.AspNetCore.App.Ref\8.0.15\ref\net8.0\Microsoft.AspNetCore.HttpsPolicy.dll" /reference:"C:\Program Files\dotnet\packs\Microsoft.AspNetCore.App.Ref\8.0.15\ref\net8.0\Microsoft.AspNetCore.Identity.dll" /reference:"C:\Program Files\dotnet\packs\Microsoft.AspNetCore.App.Ref\8.0.15\ref\net8.0\Microsoft.AspNetCore.Localization.dll" /reference:"C:\Program Files\dotnet\packs\Microsoft.AspNetCore.App.Ref\8.0.15\ref\net8.0\Microsoft.AspNetCore.Localization.Routing.dll" /reference:"C:\Program Files\dotnet\packs\Microsoft.AspNetCore.App.Ref\8.0.15\ref\net8.0\Microsoft.AspNetCore.Metadata.dll" /reference:"C:\Program Files\dotnet\packs\Microsoft.AspNetCore.App.Ref\8.0.15\ref\net8.0\Microsoft.AspNetCore.Mvc.Abstractions.dll" /reference:"C:\Program Files\dotnet\packs\Microsoft.AspNetCore.App.Ref\8.0.15\ref\net8.0\Microsoft.AspNetCore.Mvc.ApiExplorer.dll" /reference:"C:\Program Files\dotnet\packs\Microsoft.AspNetCore.App.Ref\8.0.15\ref\net8.0\Microsoft.AspNetCore.Mvc.Core.dll" /reference:"C:\Program Files\dotnet\packs\Microsoft.AspNetCore.App.Ref\8.0.15\ref\net8.0\Microsoft.AspNetCore.Mvc.Cors.dll" /reference:"C:\Program Files\dotnet\packs\Microsoft.AspNetCore.App.Ref\8.0.15\ref\net8.0\Microsoft.AspNetCore.Mvc.DataAnnotations.dll" /reference:"C:\Program Files\dotnet\packs\Microsoft.AspNetCore.App.Ref\8.0.15\ref\net8.0\Microsoft.AspNetCore.Mvc.dll" /reference:"C:\Program Files\dotnet\packs\Microsoft.AspNetCore.App.Ref\8.0.15\ref\net8.0\Microsoft.AspNetCore.Mvc.Formatters.Json.dll" /reference:"C:\Program Files\dotnet\packs\Microsoft.AspNetCore.App.Ref\8.0.15\ref\net8.0\Microsoft.AspNetCore.Mvc.Formatters.Xml.dll" /reference:"C:\Program Files\dotnet\packs\Microsoft.AspNetCore.App.Ref\8.0.15\ref\net8.0\Microsoft.AspNetCore.Mvc.Localization.dll" /reference:"C:\Program Files\dotnet\packs\Microsoft.AspNetCore.App.Ref\8.0.15\ref\net8.0\Microsoft.AspNetCore.Mvc.Razor.dll" /reference:"C:\Program Files\dotnet\packs\Microsoft.AspNetCore.App.Ref\8.0.15\ref\net8.0\Microsoft.AspNetCore.Mvc.RazorPages.dll" /reference:"C:\Program Files\dotnet\packs\Microsoft.AspNetCore.App.Ref\8.0.15\ref\net8.0\Microsoft.AspNetCore.Mvc.TagHelpers.dll" /reference:"C:\Program Files\dotnet\packs\Microsoft.AspNetCore.App.Ref\8.0.15\ref\net8.0\Microsoft.AspNetCore.Mvc.ViewFeatures.dll" /reference:"C:\Program Files\dotnet\packs\Microsoft.AspNetCore.App.Ref\8.0.15\ref\net8.0\Microsoft.AspNetCore.OutputCaching.dll" /reference:"C:\Program Files\dotnet\packs\Microsoft.AspNetCore.App.Ref\8.0.15\ref\net8.0\Microsoft.AspNetCore.RateLimiting.dll" /reference:"C:\Program Files\dotnet\packs\Microsoft.AspNetCore.App.Ref\8.0.15\ref\net8.0\Microsoft.AspNetCore.Razor.dll" /reference:"C:\Program Files\dotnet\packs\Microsoft.AspNetCore.App.Ref\8.0.15\ref\net8.0\Microsoft.AspNetCore.Razor.Runtime.dll" /reference:"C:\Program Files\dotnet\packs\Microsoft.AspNetCore.App.Ref\8.0.15\ref\net8.0\Microsoft.AspNetCore.RequestDecompression.dll" /reference:"C:\Program Files\dotnet\packs\Microsoft.AspNetCore.App.Ref\8.0.15\ref\net8.0\Microsoft.AspNetCore.ResponseCaching.Abstractions.dll" /reference:"C:\Program Files\dotnet\packs\Microsoft.AspNetCore.App.Ref\8.0.15\ref\net8.0\Microsoft.AspNetCore.ResponseCaching.dll" /reference:"C:\Program Files\dotnet\packs\Microsoft.AspNetCore.App.Ref\8.0.15\ref\net8.0\Microsoft.AspNetCore.ResponseCompression.dll" /reference:"C:\Program Files\dotnet\packs\Microsoft.AspNetCore.App.Ref\8.0.15\ref\net8.0\Microsoft.AspNetCore.Rewrite.dll" /reference:"C:\Program Files\dotnet\packs\Microsoft.AspNetCore.App.Ref\8.0.15\ref\net8.0\Microsoft.AspNetCore.Routing.Abstractions.dll" /reference:"C:\Program Files\dotnet\packs\Microsoft.AspNetCore.App.Ref\8.0.15\ref\net8.0\Microsoft.AspNetCore.Routing.dll" /reference:"C:\Program Files\dotnet\packs\Microsoft.AspNetCore.App.Ref\8.0.15\ref\net8.0\Microsoft.AspNetCore.Server.HttpSys.dll" /reference:"C:\Program Files\dotnet\packs\Microsoft.AspNetCore.App.Ref\8.0.15\ref\net8.0\Microsoft.AspNetCore.Server.IIS.dll" /reference:"C:\Program Files\dotnet\packs\Microsoft.AspNetCore.App.Ref\8.0.15\ref\net8.0\Microsoft.AspNetCore.Server.IISIntegration.dll" /reference:"C:\Program Files\dotnet\packs\Microsoft.AspNetCore.App.Ref\8.0.15\ref\net8.0\Microsoft.AspNetCore.Server.Kestrel.Core.dll" /reference:"C:\Program Files\dotnet\packs\Microsoft.AspNetCore.App.Ref\8.0.15\ref\net8.0\Microsoft.AspNetCore.Server.Kestrel.dll" /reference:"C:\Program Files\dotnet\packs\Microsoft.AspNetCore.App.Ref\8.0.15\ref\net8.0\Microsoft.AspNetCore.Server.Kestrel.Transport.NamedPipes.dll" /reference:"C:\Program Files\dotnet\packs\Microsoft.AspNetCore.App.Ref\8.0.15\ref\net8.0\Microsoft.AspNetCore.Server.Kestrel.Transport.Quic.dll" /reference:"C:\Program Files\dotnet\packs\Microsoft.AspNetCore.App.Ref\8.0.15\ref\net8.0\Microsoft.AspNetCore.Server.Kestrel.Transport.Sockets.dll" /reference:"C:\Program Files\dotnet\packs\Microsoft.AspNetCore.App.Ref\8.0.15\ref\net8.0\Microsoft.AspNetCore.Session.dll" /reference:"C:\Program Files\dotnet\packs\Microsoft.AspNetCore.App.Ref\8.0.15\ref\net8.0\Microsoft.AspNetCore.SignalR.Common.dll" /reference:"C:\Program Files\dotnet\packs\Microsoft.AspNetCore.App.Ref\8.0.15\ref\net8.0\Microsoft.AspNetCore.SignalR.Core.dll" /reference:"C:\Program Files\dotnet\packs\Microsoft.AspNetCore.App.Ref\8.0.15\ref\net8.0\Microsoft.AspNetCore.SignalR.dll" /reference:"C:\Program Files\dotnet\packs\Microsoft.AspNetCore.App.Ref\8.0.15\ref\net8.0\Microsoft.AspNetCore.SignalR.Protocols.Json.dll" /reference:"C:\Program Files\dotnet\packs\Microsoft.AspNetCore.App.Ref\8.0.15\ref\net8.0\Microsoft.AspNetCore.StaticFiles.dll" /reference:"C:\Program Files\dotnet\packs\Microsoft.AspNetCore.App.Ref\8.0.15\ref\net8.0\Microsoft.AspNetCore.WebSockets.dll" /reference:"C:\Program Files\dotnet\packs\Microsoft.AspNetCore.App.Ref\8.0.15\ref\net8.0\Microsoft.AspNetCore.WebUtilities.dll" /reference:"C:\Program Files\dotnet\packs\Microsoft.NETCore.App.Ref\8.0.15\ref\net8.0\Microsoft.CSharp.dll" /reference:"C:\Program Files\dotnet\packs\Microsoft.AspNetCore.App.Ref\8.0.15\ref\net8.0\Microsoft.Extensions.Caching.Abstractions.dll" /reference:"C:\Program Files\dotnet\packs\Microsoft.AspNetCore.App.Ref\8.0.15\ref\net8.0\Microsoft.Extensions.Caching.Memory.dll" /reference:"C:\Program Files\dotnet\packs\Microsoft.AspNetCore.App.Ref\8.0.15\ref\net8.0\Microsoft.Extensions.Configuration.Abstractions.dll" /reference:"C:\Program Files\dotnet\packs\Microsoft.AspNetCore.App.Ref\8.0.15\ref\net8.0\Microsoft.Extensions.Configuration.Binder.dll" /reference:"C:\Program Files\dotnet\packs\Microsoft.AspNetCore.App.Ref\8.0.15\ref\net8.0\Microsoft.Extensions.Configuration.CommandLine.dll" /reference:"C:\Program Files\dotnet\packs\Microsoft.AspNetCore.App.Ref\8.0.15\ref\net8.0\Microsoft.Extensions.Configuration.dll" /reference:"C:\Program Files\dotnet\packs\Microsoft.AspNetCore.App.Ref\8.0.15\ref\net8.0\Microsoft.Extensions.Configuration.EnvironmentVariables.dll" /reference:"C:\Program Files\dotnet\packs\Microsoft.AspNetCore.App.Ref\8.0.15\ref\net8.0\Microsoft.Extensions.Configuration.FileExtensions.dll" /reference:"C:\Program Files\dotnet\packs\Microsoft.AspNetCore.App.Ref\8.0.15\ref\net8.0\Microsoft.Extensions.Configuration.Ini.dll" /reference:"C:\Program Files\dotnet\packs\Microsoft.AspNetCore.App.Ref\8.0.15\ref\net8.0\Microsoft.Extensions.Configuration.Json.dll" /reference:"C:\Program Files\dotnet\packs\Microsoft.AspNetCore.App.Ref\8.0.15\ref\net8.0\Microsoft.Extensions.Configuration.KeyPerFile.dll" /reference:"C:\Program Files\dotnet\packs\Microsoft.AspNetCore.App.Ref\8.0.15\ref\net8.0\Microsoft.Extensions.Configuration.UserSecrets.dll" /reference:"C:\Program Files\dotnet\packs\Microsoft.AspNetCore.App.Ref\8.0.15\ref\net8.0\Microsoft.Extensions.Configuration.Xml.dll" /reference:"C:\Program Files\dotnet\packs\Microsoft.AspNetCore.App.Ref\8.0.15\ref\net8.0\Microsoft.Extensions.DependencyInjection.Abstractions.dll" /reference:"C:\Program Files\dotnet\packs\Microsoft.AspNetCore.App.Ref\8.0.15\ref\net8.0\Microsoft.Extensions.DependencyInjection.dll" /reference:"C:\Program Files\dotnet\packs\Microsoft.AspNetCore.App.Ref\8.0.15\ref\net8.0\Microsoft.Extensions.Diagnostics.Abstractions.dll" /reference:"C:\Program Files\dotnet\packs\Microsoft.AspNetCore.App.Ref\8.0.15\ref\net8.0\Microsoft.Extensions.Diagnostics.dll" /reference:"C:\Program Files\dotnet\packs\Microsoft.AspNetCore.App.Ref\8.0.15\ref\net8.0\Microsoft.Extensions.Diagnostics.HealthChecks.Abstractions.dll" /reference:"C:\Program Files\dotnet\packs\Microsoft.AspNetCore.App.Ref\8.0.15\ref\net8.0\Microsoft.Extensions.Diagnostics.HealthChecks.dll" /reference:"C:\Program Files\dotnet\packs\Microsoft.AspNetCore.App.Ref\8.0.15\ref\net8.0\Microsoft.Extensions.Features.dll" /reference:"C:\Program Files\dotnet\packs\Microsoft.AspNetCore.App.Ref\8.0.15\ref\net8.0\Microsoft.Extensions.FileProviders.Abstractions.dll" /reference:"C:\Program Files\dotnet\packs\Microsoft.AspNetCore.App.Ref\8.0.15\ref\net8.0\Microsoft.Extensions.FileProviders.Composite.dll" /reference:"C:\Program Files\dotnet\packs\Microsoft.AspNetCore.App.Ref\8.0.15\ref\net8.0\Microsoft.Extensions.FileProviders.Embedded.dll" /reference:"C:\Program Files\dotnet\packs\Microsoft.AspNetCore.App.Ref\8.0.15\ref\net8.0\Microsoft.Extensions.FileProviders.Physical.dll" /reference:"C:\Program Files\dotnet\packs\Microsoft.AspNetCore.App.Ref\8.0.15\ref\net8.0\Microsoft.Extensions.FileSystemGlobbing.dll" /reference:"C:\Program Files\dotnet\packs\Microsoft.AspNetCore.App.Ref\8.0.15\ref\net8.0\Microsoft.Extensions.Hosting.Abstractions.dll" /reference:"C:\Program Files\dotnet\packs\Microsoft.AspNetCore.App.Ref\8.0.15\ref\net8.0\Microsoft.Extensions.Hosting.dll" /reference:"C:\Program Files\dotnet\packs\Microsoft.AspNetCore.App.Ref\8.0.15\ref\net8.0\Microsoft.Extensions.Http.dll" /reference:"C:\Program Files\dotnet\packs\Microsoft.AspNetCore.App.Ref\8.0.15\ref\net8.0\Microsoft.Extensions.Identity.Core.dll" /reference:"C:\Program Files\dotnet\packs\Microsoft.AspNetCore.App.Ref\8.0.15\ref\net8.0\Microsoft.Extensions.Identity.Stores.dll" /reference:"C:\Program Files\dotnet\packs\Microsoft.AspNetCore.App.Ref\8.0.15\ref\net8.0\Microsoft.Extensions.Localization.Abstractions.dll" /reference:"C:\Program Files\dotnet\packs\Microsoft.AspNetCore.App.Ref\8.0.15\ref\net8.0\Microsoft.Extensions.Localization.dll" /reference:"C:\Program Files\dotnet\packs\Microsoft.AspNetCore.App.Ref\8.0.15\ref\net8.0\Microsoft.Extensions.Logging.Abstractions.dll" /reference:"C:\Program Files\dotnet\packs\Microsoft.AspNetCore.App.Ref\8.0.15\ref\net8.0\Microsoft.Extensions.Logging.Configuration.dll" /reference:"C:\Program Files\dotnet\packs\Microsoft.AspNetCore.App.Ref\8.0.15\ref\net8.0\Microsoft.Extensions.Logging.Console.dll" /reference:"C:\Program Files\dotnet\packs\Microsoft.AspNetCore.App.Ref\8.0.15\ref\net8.0\Microsoft.Extensions.Logging.Debug.dll" /reference:"C:\Program Files\dotnet\packs\Microsoft.AspNetCore.App.Ref\8.0.15\ref\net8.0\Microsoft.Extensions.Logging.dll" /reference:"C:\Program Files\dotnet\packs\Microsoft.AspNetCore.App.Ref\8.0.15\ref\net8.0\Microsoft.Extensions.Logging.EventLog.dll" /reference:"C:\Program Files\dotnet\packs\Microsoft.AspNetCore.App.Ref\8.0.15\ref\net8.0\Microsoft.Extensions.Logging.EventSource.dll" /reference:"C:\Program Files\dotnet\packs\Microsoft.AspNetCore.App.Ref\8.0.15\ref\net8.0\Microsoft.Extensions.Logging.TraceSource.dll" /reference:"C:\Program Files\dotnet\packs\Microsoft.AspNetCore.App.Ref\8.0.15\ref\net8.0\Microsoft.Extensions.ObjectPool.dll" /reference:"C:\Program Files\dotnet\packs\Microsoft.AspNetCore.App.Ref\8.0.15\ref\net8.0\Microsoft.Extensions.Options.ConfigurationExtensions.dll" /reference:"C:\Program Files\dotnet\packs\Microsoft.AspNetCore.App.Ref\8.0.15\ref\net8.0\Microsoft.Extensions.Options.DataAnnotations.dll" /reference:"C:\Program Files\dotnet\packs\Microsoft.AspNetCore.App.Ref\8.0.15\ref\net8.0\Microsoft.Extensions.Options.dll" /reference:"C:\Program Files\dotnet\packs\Microsoft.AspNetCore.App.Ref\8.0.15\ref\net8.0\Microsoft.Extensions.Primitives.dll" /reference:"C:\Program Files\dotnet\packs\Microsoft.AspNetCore.App.Ref\8.0.15\ref\net8.0\Microsoft.Extensions.WebEncoders.dll" /reference:"C:\Program Files\dotnet\packs\Microsoft.AspNetCore.App.Ref\8.0.15\ref\net8.0\Microsoft.JSInterop.dll" /reference:"C:\Program Files\dotnet\packs\Microsoft.AspNetCore.App.Ref\8.0.15\ref\net8.0\Microsoft.Net.Http.Headers.dll" /reference:C:\Users\Lenovo13\.nuget\packages\microsoft.openapi\1.2.3\lib\netstandard2.0\Microsoft.OpenApi.dll /reference:"C:\Program Files\dotnet\packs\Microsoft.NETCore.App.Ref\8.0.15\ref\net8.0\Microsoft.VisualBasic.Core.dll" /reference:"C:\Program Files\dotnet\packs\Microsoft.NETCore.App.Ref\8.0.15\ref\net8.0\Microsoft.VisualBasic.dll" /reference:"C:\Program Files\dotnet\packs\Microsoft.NETCore.App.Ref\8.0.15\ref\net8.0\Microsoft.Win32.Primitives.dll" /reference:"C:\Program Files\dotnet\packs\Microsoft.NETCore.App.Ref\8.0.15\ref\net8.0\Microsoft.Win32.Registry.dll" /reference:"C:\Program Files\dotnet\packs\Microsoft.NETCore.App.Ref\8.0.15\ref\net8.0\mscorlib.dll" /reference:C:\Users\Lenovo13\.nuget\packages\mysql.data\8.2.0\lib\net8.0\MySql.Data.dll /reference:"C:\Program Files\dotnet\packs\Microsoft.NETCore.App.Ref\8.0.15\ref\net8.0\netstandard.dll" /reference:C:\Users\Lenovo13\.nuget\packages\swashbuckle.aspnetcore.swagger\6.5.0\lib\net7.0\Swashbuckle.AspNetCore.Swagger.dll /reference:C:\Users\Lenovo13\.nuget\packages\swashbuckle.aspnetcore.swaggergen\6.5.0\lib\net7.0\Swashbuckle.AspNetCore.SwaggerGen.dll /reference:C:\Users\Lenovo13\.nuget\packages\swashbuckle.aspnetcore.swaggerui\6.5.0\lib\net7.0\Swashbuckle.AspNetCore.SwaggerUI.dll /reference:"C:\Program Files\dotnet\packs\Microsoft.NETCore.App.Ref\8.0.15\ref\net8.0\System.AppContext.dll" /reference:"C:\Program Files\dotnet\packs\Microsoft.NETCore.App.Ref\8.0.15\ref\net8.0\System.Buffers.dll" /reference:"C:\Program Files\dotnet\packs\Microsoft.NETCore.App.Ref\8.0.15\ref\net8.0\System.Collections.Concurrent.dll" /reference:"C:\Program Files\dotnet\packs\Microsoft.NETCore.App.Ref\8.0.15\ref\net8.0\System.Collections.dll" /reference:"C:\Program Files\dotnet\packs\Microsoft.NETCore.App.Ref\8.0.15\ref\net8.0\System.Collections.Immutable.dll" /reference:"C:\Program Files\dotnet\packs\Microsoft.NETCore.App.Ref\8.0.15\ref\net8.0\System.Collections.NonGeneric.dll" /reference:"C:\Program Files\dotnet\packs\Microsoft.NETCore.App.Ref\8.0.15\ref\net8.0\System.Collections.Specialized.dll" /reference:"C:\Program Files\dotnet\packs\Microsoft.NETCore.App.Ref\8.0.15\ref\net8.0\System.ComponentModel.Annotations.dll" /reference:"C:\Program Files\dotnet\packs\Microsoft.NETCore.App.Ref\8.0.15\ref\net8.0\System.ComponentModel.DataAnnotations.dll" /reference:"C:\Program Files\dotnet\packs\Microsoft.NETCore.App.Ref\8.0.15\ref\net8.0\System.ComponentModel.dll" /reference:"C:\Program Files\dotnet\packs\Microsoft.NETCore.App.Ref\8.0.15\ref\net8.0\System.ComponentModel.EventBasedAsync.dll" /reference:"C:\Program Files\dotnet\packs\Microsoft.NETCore.App.Ref\8.0.15\ref\net8.0\System.ComponentModel.Primitives.dll" /reference:"C:\Program Files\dotnet\packs\Microsoft.NETCore.App.Ref\8.0.15\ref\net8.0\System.ComponentModel.TypeConverter.dll" /reference:C:\Users\Lenovo13\.nuget\packages\system.configuration.configurationmanager\4.4.1\ref\netstandard2.0\System.Configuration.ConfigurationManager.dll /reference:"C:\Program Files\dotnet\packs\Microsoft.NETCore.App.Ref\8.0.15\ref\net8.0\System.Configuration.dll" /reference:"C:\Program Files\dotnet\packs\Microsoft.NETCore.App.Ref\8.0.15\ref\net8.0\System.Console.dll" /reference:"C:\Program Files\dotnet\packs\Microsoft.NETCore.App.Ref\8.0.15\ref\net8.0\System.Core.dll" /reference:"C:\Program Files\dotnet\packs\Microsoft.NETCore.App.Ref\8.0.15\ref\net8.0\System.Data.Common.dll" /reference:"C:\Program Files\dotnet\packs\Microsoft.NETCore.App.Ref\8.0.15\ref\net8.0\System.Data.DataSetExtensions.dll" /reference:"C:\Program Files\dotnet\packs\Microsoft.NETCore.App.Ref\8.0.15\ref\net8.0\System.Data.dll" /reference:C:\Users\Lenovo13\.nuget\packages\system.data.sqlclient\4.8.5\ref\netcoreapp2.1\System.Data.SqlClient.dll /reference:"C:\Program Files\dotnet\packs\Microsoft.NETCore.App.Ref\8.0.15\ref\net8.0\System.Diagnostics.Contracts.dll" /reference:"C:\Program Files\dotnet\packs\Microsoft.NETCore.App.Ref\8.0.15\ref\net8.0\System.Diagnostics.Debug.dll" /reference:"C:\Program Files\dotnet\packs\Microsoft.NETCore.App.Ref\8.0.15\ref\net8.0\System.Diagnostics.DiagnosticSource.dll" /reference:"C:\Program Files\dotnet\packs\Microsoft.AspNetCore.App.Ref\8.0.15\ref\net8.0\System.Diagnostics.EventLog.dll" /reference:"C:\Program Files\dotnet\packs\Microsoft.NETCore.App.Ref\8.0.15\ref\net8.0\System.Diagnostics.FileVersionInfo.dll" /reference:"C:\Program Files\dotnet\packs\Microsoft.NETCore.App.Ref\8.0.15\ref\net8.0\System.Diagnostics.Process.dll" /reference:"C:\Program Files\dotnet\packs\Microsoft.NETCore.App.Ref\8.0.15\ref\net8.0\System.Diagnostics.StackTrace.dll" /reference:"C:\Program Files\dotnet\packs\Microsoft.NETCore.App.Ref\8.0.15\ref\net8.0\System.Diagnostics.TextWriterTraceListener.dll" /reference:"C:\Program Files\dotnet\packs\Microsoft.NETCore.App.Ref\8.0.15\ref\net8.0\System.Diagnostics.Tools.dll" /reference:"C:\Program Files\dotnet\packs\Microsoft.NETCore.App.Ref\8.0.15\ref\net8.0\System.Diagnostics.TraceSource.dll" /reference:"C:\Program Files\dotnet\packs\Microsoft.NETCore.App.Ref\8.0.15\ref\net8.0\System.Diagnostics.Tracing.dll" /reference:"C:\Program Files\dotnet\packs\Microsoft.NETCore.App.Ref\8.0.15\ref\net8.0\System.dll" /reference:"C:\Program Files\dotnet\packs\Microsoft.NETCore.App.Ref\8.0.15\ref\net8.0\System.Drawing.dll" /reference:"C:\Program Files\dotnet\packs\Microsoft.NETCore.App.Ref\8.0.15\ref\net8.0\System.Drawing.Primitives.dll" /reference:"C:\Program Files\dotnet\packs\Microsoft.NETCore.App.Ref\8.0.15\ref\net8.0\System.Dynamic.Runtime.dll" /reference:"C:\Program Files\dotnet\packs\Microsoft.NETCore.App.Ref\8.0.15\ref\net8.0\System.Formats.Asn1.dll" /reference:"C:\Program Files\dotnet\packs\Microsoft.NETCore.App.Ref\8.0.15\ref\net8.0\System.Formats.Tar.dll" /reference:"C:\Program Files\dotnet\packs\Microsoft.NETCore.App.Ref\8.0.15\ref\net8.0\System.Globalization.Calendars.dll" /reference:"C:\Program Files\dotnet\packs\Microsoft.NETCore.App.Ref\8.0.15\ref\net8.0\System.Globalization.dll" /reference:"C:\Program Files\dotnet\packs\Microsoft.NETCore.App.Ref\8.0.15\ref\net8.0\System.Globalization.Extensions.dll" /reference:"C:\Program Files\dotnet\packs\Microsoft.NETCore.App.Ref\8.0.15\ref\net8.0\System.IO.Compression.Brotli.dll" /reference:"C:\Program Files\dotnet\packs\Microsoft.NETCore.App.Ref\8.0.15\ref\net8.0\System.IO.Compression.dll" /reference:"C:\Program Files\dotnet\packs\Microsoft.NETCore.App.Ref\8.0.15\ref\net8.0\System.IO.Compression.FileSystem.dll" /reference:"C:\Program Files\dotnet\packs\Microsoft.NETCore.App.Ref\8.0.15\ref\net8.0\System.IO.Compression.ZipFile.dll" /reference:"C:\Program Files\dotnet\packs\Microsoft.NETCore.App.Ref\8.0.15\ref\net8.0\System.IO.dll" /reference:"C:\Program Files\dotnet\packs\Microsoft.NETCore.App.Ref\8.0.15\ref\net8.0\System.IO.FileSystem.AccessControl.dll" /reference:"C:\Program Files\dotnet\packs\Microsoft.NETCore.App.Ref\8.0.15\ref\net8.0\System.IO.FileSystem.dll" /reference:"C:\Program Files\dotnet\packs\Microsoft.NETCore.App.Ref\8.0.15\ref\net8.0\System.IO.FileSystem.DriveInfo.dll" /reference:"C:\Program Files\dotnet\packs\Microsoft.NETCore.App.Ref\8.0.15\ref\net8.0\System.IO.FileSystem.Primitives.dll" /reference:"C:\Program Files\dotnet\packs\Microsoft.NETCore.App.Ref\8.0.15\ref\net8.0\System.IO.FileSystem.Watcher.dll" /reference:"C:\Program Files\dotnet\packs\Microsoft.NETCore.App.Ref\8.0.15\ref\net8.0\System.IO.IsolatedStorage.dll" /reference:"C:\Program Files\dotnet\packs\Microsoft.NETCore.App.Ref\8.0.15\ref\net8.0\System.IO.MemoryMappedFiles.dll" /reference:"C:\Program Files\dotnet\packs\Microsoft.AspNetCore.App.Ref\8.0.15\ref\net8.0\System.IO.Pipelines.dll" /reference:"C:\Program Files\dotnet\packs\Microsoft.NETCore.App.Ref\8.0.15\ref\net8.0\System.IO.Pipes.AccessControl.dll" /reference:"C:\Program Files\dotnet\packs\Microsoft.NETCore.App.Ref\8.0.15\ref\net8.0\System.IO.Pipes.dll" /reference:"C:\Program Files\dotnet\packs\Microsoft.NETCore.App.Ref\8.0.15\ref\net8.0\System.IO.UnmanagedMemoryStream.dll" /reference:"C:\Program Files\dotnet\packs\Microsoft.NETCore.App.Ref\8.0.15\ref\net8.0\System.Linq.dll" /reference:"C:\Program Files\dotnet\packs\Microsoft.NETCore.App.Ref\8.0.15\ref\net8.0\System.Linq.Expressions.dll" /reference:"C:\Program Files\dotnet\packs\Microsoft.NETCore.App.Ref\8.0.15\ref\net8.0\System.Linq.Parallel.dll" /reference:"C:\Program Files\dotnet\packs\Microsoft.NETCore.App.Ref\8.0.15\ref\net8.0\System.Linq.Queryable.dll" /reference:"C:\Program Files\dotnet\packs\Microsoft.NETCore.App.Ref\8.0.15\ref\net8.0\System.Memory.dll" /reference:"C:\Program Files\dotnet\packs\Microsoft.NETCore.App.Ref\8.0.15\ref\net8.0\System.Net.dll" /reference:"C:\Program Files\dotnet\packs\Microsoft.NETCore.App.Ref\8.0.15\ref\net8.0\System.Net.Http.dll" /reference:"C:\Program Files\dotnet\packs\Microsoft.NETCore.App.Ref\8.0.15\ref\net8.0\System.Net.Http.Json.dll" /reference:"C:\Program Files\dotnet\packs\Microsoft.NETCore.App.Ref\8.0.15\ref\net8.0\System.Net.HttpListener.dll" /reference:"C:\Program Files\dotnet\packs\Microsoft.NETCore.App.Ref\8.0.15\ref\net8.0\System.Net.Mail.dll" /reference:"C:\Program Files\dotnet\packs\Microsoft.NETCore.App.Ref\8.0.15\ref\net8.0\System.Net.NameResolution.dll" /reference:"C:\Program Files\dotnet\packs\Microsoft.NETCore.App.Ref\8.0.15\ref\net8.0\System.Net.NetworkInformation.dll" /reference:"C:\Program Files\dotnet\packs\Microsoft.NETCore.App.Ref\8.0.15\ref\net8.0\System.Net.Ping.dll" /reference:"C:\Program Files\dotnet\packs\Microsoft.NETCore.App.Ref\8.0.15\ref\net8.0\System.Net.Primitives.dll" /reference:"C:\Program Files\dotnet\packs\Microsoft.NETCore.App.Ref\8.0.15\ref\net8.0\System.Net.Quic.dll" /reference:"C:\Program Files\dotnet\packs\Microsoft.NETCore.App.Ref\8.0.15\ref\net8.0\System.Net.Requests.dll" /reference:"C:\Program Files\dotnet\packs\Microsoft.NETCore.App.Ref\8.0.15\ref\net8.0\System.Net.Security.dll" /reference:"C:\Program Files\dotnet\packs\Microsoft.NETCore.App.Ref\8.0.15\ref\net8.0\System.Net.ServicePoint.dll" /reference:"C:\Program Files\dotnet\packs\Microsoft.NETCore.App.Ref\8.0.15\ref\net8.0\System.Net.Sockets.dll" /reference:"C:\Program Files\dotnet\packs\Microsoft.NETCore.App.Ref\8.0.15\ref\net8.0\System.Net.WebClient.dll" /reference:"C:\Program Files\dotnet\packs\Microsoft.NETCore.App.Ref\8.0.15\ref\net8.0\System.Net.WebHeaderCollection.dll" /reference:"C:\Program Files\dotnet\packs\Microsoft.NETCore.App.Ref\8.0.15\ref\net8.0\System.Net.WebProxy.dll" /reference:"C:\Program Files\dotnet\packs\Microsoft.NETCore.App.Ref\8.0.15\ref\net8.0\System.Net.WebSockets.Client.dll" /reference:"C:\Program Files\dotnet\packs\Microsoft.NETCore.App.Ref\8.0.15\ref\net8.0\System.Net.WebSockets.dll" /reference:"C:\Program Files\dotnet\packs\Microsoft.NETCore.App.Ref\8.0.15\ref\net8.0\System.Numerics.dll" /reference:"C:\Program Files\dotnet\packs\Microsoft.NETCore.App.Ref\8.0.15\ref\net8.0\System.Numerics.Vectors.dll" /reference:"C:\Program Files\dotnet\packs\Microsoft.NETCore.App.Ref\8.0.15\ref\net8.0\System.ObjectModel.dll" /reference:"C:\Program Files\dotnet\packs\Microsoft.NETCore.App.Ref\8.0.15\ref\net8.0\System.Reflection.DispatchProxy.dll" /reference:"C:\Program Files\dotnet\packs\Microsoft.NETCore.App.Ref\8.0.15\ref\net8.0\System.Reflection.dll" /reference:"C:\Program Files\dotnet\packs\Microsoft.NETCore.App.Ref\8.0.15\ref\net8.0\System.Reflection.Emit.dll" /reference:"C:\Program Files\dotnet\packs\Microsoft.NETCore.App.Ref\8.0.15\ref\net8.0\System.Reflection.Emit.ILGeneration.dll" /reference:"C:\Program Files\dotnet\packs\Microsoft.NETCore.App.Ref\8.0.15\ref\net8.0\System.Reflection.Emit.Lightweight.dll" /reference:"C:\Program Files\dotnet\packs\Microsoft.NETCore.App.Ref\8.0.15\ref\net8.0\System.Reflection.Extensions.dll" /reference:"C:\Program Files\dotnet\packs\Microsoft.NETCore.App.Ref\8.0.15\ref\net8.0\System.Reflection.Metadata.dll" /reference:"C:\Program Files\dotnet\packs\Microsoft.NETCore.App.Ref\8.0.15\ref\net8.0\System.Reflection.Primitives.dll" /reference:"C:\Program Files\dotnet\packs\Microsoft.NETCore.App.Ref\8.0.15\ref\net8.0\System.Reflection.TypeExtensions.dll" /reference:"C:\Program Files\dotnet\packs\Microsoft.NETCore.App.Ref\8.0.15\ref\net8.0\System.Resources.Reader.dll" /reference:"C:\Program Files\dotnet\packs\Microsoft.NETCore.App.Ref\8.0.15\ref\net8.0\System.Resources.ResourceManager.dll" /reference:"C:\Program Files\dotnet\packs\Microsoft.NETCore.App.Ref\8.0.15\ref\net8.0\System.Resources.Writer.dll" /reference:"C:\Program Files\dotnet\packs\Microsoft.NETCore.App.Ref\8.0.15\ref\net8.0\System.Runtime.CompilerServices.Unsafe.dll" /reference:"C:\Program Files\dotnet\packs\Microsoft.NETCore.App.Ref\8.0.15\ref\net8.0\System.Runtime.CompilerServices.VisualC.dll" /reference:"C:\Program Files\dotnet\packs\Microsoft.NETCore.App.Ref\8.0.15\ref\net8.0\System.Runtime.dll" /reference:"C:\Program Files\dotnet\packs\Microsoft.NETCore.App.Ref\8.0.15\ref\net8.0\System.Runtime.Extensions.dll" /reference:"C:\Program Files\dotnet\packs\Microsoft.NETCore.App.Ref\8.0.15\ref\net8.0\System.Runtime.Handles.dll" /reference:"C:\Program Files\dotnet\packs\Microsoft.NETCore.App.Ref\8.0.15\ref\net8.0\System.Runtime.InteropServices.dll" /reference:"C:\Program Files\dotnet\packs\Microsoft.NETCore.App.Ref\8.0.15\ref\net8.0\System.Runtime.InteropServices.JavaScript.dll" /reference:"C:\Program Files\dotnet\packs\Microsoft.NETCore.App.Ref\8.0.15\ref\net8.0\System.Runtime.InteropServices.RuntimeInformation.dll" /reference:"C:\Program Files\dotnet\packs\Microsoft.NETCore.App.Ref\8.0.15\ref\net8.0\System.Runtime.Intrinsics.dll" /reference:"C:\Program Files\dotnet\packs\Microsoft.NETCore.App.Ref\8.0.15\ref\net8.0\System.Runtime.Loader.dll" /reference:"C:\Program Files\dotnet\packs\Microsoft.NETCore.App.Ref\8.0.15\ref\net8.0\System.Runtime.Numerics.dll" /reference:"C:\Program Files\dotnet\packs\Microsoft.NETCore.App.Ref\8.0.15\ref\net8.0\System.Runtime.Serialization.dll" /reference:"C:\Program Files\dotnet\packs\Microsoft.NETCore.App.Ref\8.0.15\ref\net8.0\System.Runtime.Serialization.Formatters.dll" /reference:"C:\Program Files\dotnet\packs\Microsoft.NETCore.App.Ref\8.0.15\ref\net8.0\System.Runtime.Serialization.Json.dll" /reference:"C:\Program Files\dotnet\packs\Microsoft.NETCore.App.Ref\8.0.15\ref\net8.0\System.Runtime.Serialization.Primitives.dll" /reference:"C:\Program Files\dotnet\packs\Microsoft.NETCore.App.Ref\8.0.15\ref\net8.0\System.Runtime.Serialization.Xml.dll" /reference:"C:\Program Files\dotnet\packs\Microsoft.NETCore.App.Ref\8.0.15\ref\net8.0\System.Security.AccessControl.dll" /reference:"C:\Program Files\dotnet\packs\Microsoft.NETCore.App.Ref\8.0.15\ref\net8.0\System.Security.Claims.dll" /reference:"C:\Program Files\dotnet\packs\Microsoft.NETCore.App.Ref\8.0.15\ref\net8.0\System.Security.Cryptography.Algorithms.dll" /reference:"C:\Program Files\dotnet\packs\Microsoft.NETCore.App.Ref\8.0.15\ref\net8.0\System.Security.Cryptography.Cng.dll" /reference:"C:\Program Files\dotnet\packs\Microsoft.NETCore.App.Ref\8.0.15\ref\net8.0\System.Security.Cryptography.Csp.dll" /reference:"C:\Program Files\dotnet\packs\Microsoft.NETCore.App.Ref\8.0.15\ref\net8.0\System.Security.Cryptography.dll" /reference:"C:\Program Files\dotnet\packs\Microsoft.NETCore.App.Ref\8.0.15\ref\net8.0\System.Security.Cryptography.Encoding.dll" /reference:"C:\Program Files\dotnet\packs\Microsoft.NETCore.App.Ref\8.0.15\ref\net8.0\System.Security.Cryptography.OpenSsl.dll" /reference:"C:\Program Files\dotnet\packs\Microsoft.NETCore.App.Ref\8.0.15\ref\net8.0\System.Security.Cryptography.Primitives.dll" /reference:"C:\Program Files\dotnet\packs\Microsoft.NETCore.App.Ref\8.0.15\ref\net8.0\System.Security.Cryptography.X509Certificates.dll" /reference:"C:\Program Files\dotnet\packs\Microsoft.AspNetCore.App.Ref\8.0.15\ref\net8.0\System.Security.Cryptography.Xml.dll" /reference:"C:\Program Files\dotnet\packs\Microsoft.NETCore.App.Ref\8.0.15\ref\net8.0\System.Security.dll" /reference:C:\Users\Lenovo13\.nuget\packages\system.security.permissions\4.7.0\ref\netcoreapp3.0\System.Security.Permissions.dll /reference:"C:\Program Files\dotnet\packs\Microsoft.NETCore.App.Ref\8.0.15\ref\net8.0\System.Security.Principal.dll" /reference:"C:\Program Files\dotnet\packs\Microsoft.NETCore.App.Ref\8.0.15\ref\net8.0\System.Security.Principal.Windows.dll" /reference:"C:\Program Files\dotnet\packs\Microsoft.NETCore.App.Ref\8.0.15\ref\net8.0\System.Security.SecureString.dll" /reference:"C:\Program Files\dotnet\packs\Microsoft.NETCore.App.Ref\8.0.15\ref\net8.0\System.ServiceModel.Web.dll" /reference:"C:\Program Files\dotnet\packs\Microsoft.NETCore.App.Ref\8.0.15\ref\net8.0\System.ServiceProcess.dll" /reference:"C:\Program Files\dotnet\packs\Microsoft.NETCore.App.Ref\8.0.15\ref\net8.0\System.Text.Encoding.CodePages.dll" /reference:"C:\Program Files\dotnet\packs\Microsoft.NETCore.App.Ref\8.0.15\ref\net8.0\System.Text.Encoding.dll" /reference:"C:\Program Files\dotnet\packs\Microsoft.NETCore.App.Ref\8.0.15\ref\net8.0\System.Text.Encoding.Extensions.dll" /reference:"C:\Program Files\dotnet\packs\Microsoft.NETCore.App.Ref\8.0.15\ref\net8.0\System.Text.Encodings.Web.dll" /reference:"C:\Program Files\dotnet\packs\Microsoft.NETCore.App.Ref\8.0.15\ref\net8.0\System.Text.Json.dll" /reference:"C:\Program Files\dotnet\packs\Microsoft.NETCore.App.Ref\8.0.15\ref\net8.0\System.Text.RegularExpressions.dll" /reference:"C:\Program Files\dotnet\packs\Microsoft.NETCore.App.Ref\8.0.15\ref\net8.0\System.Threading.Channels.dll" /reference:"C:\Program Files\dotnet\packs\Microsoft.NETCore.App.Ref\8.0.15\ref\net8.0\System.Threading.dll" /reference:"C:\Program Files\dotnet\packs\Microsoft.NETCore.App.Ref\8.0.15\ref\net8.0\System.Threading.Overlapped.dll" /reference:"C:\Program Files\dotnet\packs\Microsoft.AspNetCore.App.Ref\8.0.15\ref\net8.0\System.Threading.RateLimiting.dll" /reference:"C:\Program Files\dotnet\packs\Microsoft.NETCore.App.Ref\8.0.15\ref\net8.0\System.Threading.Tasks.Dataflow.dll" /reference:"C:\Program Files\dotnet\packs\Microsoft.NETCore.App.Ref\8.0.15\ref\net8.0\System.Threading.Tasks.dll" /reference:"C:\Program Files\dotnet\packs\Microsoft.NETCore.App.Ref\8.0.15\ref\net8.0\System.Threading.Tasks.Extensions.dll" /reference:"C:\Program Files\dotnet\packs\Microsoft.NETCore.App.Ref\8.0.15\ref\net8.0\System.Threading.Tasks.Parallel.dll" /reference:"C:\Program Files\dotnet\packs\Microsoft.NETCore.App.Ref\8.0.15\ref\net8.0\System.Threading.Thread.dll" /reference:"C:\Program Files\dotnet\packs\Microsoft.NETCore.App.Ref\8.0.15\ref\net8.0\System.Threading.ThreadPool.dll" /reference:"C:\Program Files\dotnet\packs\Microsoft.NETCore.App.Ref\8.0.15\ref\net8.0\System.Threading.Timer.dll" /reference:"C:\Program Files\dotnet\packs\Microsoft.NETCore.App.Ref\8.0.15\ref\net8.0\System.Transactions.dll" /reference:"C:\Program Files\dotnet\packs\Microsoft.NETCore.App.Ref\8.0.15\ref\net8.0\System.Transactions.Local.dll" /reference:"C:\Program Files\dotnet\packs\Microsoft.NETCore.App.Ref\8.0.15\ref\net8.0\System.ValueTuple.dll" /reference:"C:\Program Files\dotnet\packs\Microsoft.NETCore.App.Ref\8.0.15\ref\net8.0\System.Web.dll" /reference:"C:\Program Files\dotnet\packs\Microsoft.NETCore.App.Ref\8.0.15\ref\net8.0\System.Web.HttpUtility.dll" /reference:"C:\Program Files\dotnet\packs\Microsoft.NETCore.App.Ref\8.0.15\ref\net8.0\System.Windows.dll" /reference:C:\Users\Lenovo13\.nuget\packages\system.windows.extensions\4.7.0\ref\netcoreapp3.0\System.Windows.Extensions.dll /reference:"C:\Program Files\dotnet\packs\Microsoft.NETCore.App.Ref\8.0.15\ref\net8.0\System.Xml.dll" /reference:"C:\Program Files\dotnet\packs\Microsoft.NETCore.App.Ref\8.0.15\ref\net8.0\System.Xml.Linq.dll" /reference:"C:\Program Files\dotnet\packs\Microsoft.NETCore.App.Ref\8.0.15\ref\net8.0\System.Xml.ReaderWriter.dll" /reference:"C:\Program Files\dotnet\packs\Microsoft.NETCore.App.Ref\8.0.15\ref\net8.0\System.Xml.Serialization.dll" /reference:"C:\Program Files\dotnet\packs\Microsoft.NETCore.App.Ref\8.0.15\ref\net8.0\System.Xml.XDocument.dll" /reference:"C:\Program Files\dotnet\packs\Microsoft.NETCore.App.Ref\8.0.15\ref\net8.0\System.Xml.XmlDocument.dll" /reference:"C:\Program Files\dotnet\packs\Microsoft.NETCore.App.Ref\8.0.15\ref\net8.0\System.Xml.XmlSerializer.dll" /reference:"C:\Program Files\dotnet\packs\Microsoft.NETCore.App.Ref\8.0.15\ref\net8.0\System.Xml.XPath.dll" /reference:"C:\Program Files\dotnet\packs\Microsoft.NETCore.App.Ref\8.0.15\ref\net8.0\System.Xml.XPath.XDocument.dll" /reference:"C:\Program Files\dotnet\packs\Microsoft.NETCore.App.Ref\8.0.15\ref\net8.0\WindowsBase.dll" /reference:C:\Users\Lenovo13\.nuget\packages\zstdsharp.port\0.7.1\lib\net7.0\ZstdSharp.dll /debug+ /debug:portable /filealign:512 /optimize- /out:obj\Debug\net8.0\backend.dll /refout:obj\Debug\net8.0\refint\backend.dll /target:exe /warnaserror- /utf8output /deterministic+ /sourcelink:obj\Debug\net8.0\backend.sourcelink.json /langversion:12.0 /analyzerconfig:obj\Debug\net8.0\backend.GeneratedMSBuildEditorConfig.editorconfig /analyzerconfig:"C:\Program Files\dotnet\sdk\9.0.105\Sdks\Microsoft.NET.Sdk\analyzers\build\config\analysislevel_8_default.globalconfig" /analyzer:"C:\Program Files\dotnet\sdk\9.0.105\Sdks\Microsoft.NET.Sdk.Web\analyzers\cs\Microsoft.AspNetCore.Analyzers.dll" /analyzer:"C:\Program Files\dotnet\sdk\9.0.105\Sdks\Microsoft.NET.Sdk.Web\analyzers\cs\Microsoft.AspNetCore.Mvc.Analyzers.dll" /analyzer:"C:\Program Files\dotnet\sdk\9.0.105\Sdks\Microsoft.NET.Sdk\targets\..\analyzers\Microsoft.CodeAnalysis.CSharp.NetAnalyzers.dll" /analyzer:"C:\Program Files\dotnet\sdk\9.0.105\Sdks\Microsoft.NET.Sdk\targets\..\analyzers\Microsoft.CodeAnalysis.NetAnalyzers.dll" /analyzer:"C:\Program Files\dotnet\packs\Microsoft.NETCore.App.Ref\8.0.15\analyzers/dotnet/cs/Microsoft.Interop.ComInterfaceGenerator.dll" /analyzer:"C:\Program Files\dotnet\packs\Microsoft.NETCore.App.Ref\8.0.15\analyzers/dotnet/cs/Microsoft.Interop.JavaScript.JSImportGenerator.dll" /analyzer:"C:\Program Files\dotnet\packs\Microsoft.NETCore.App.Ref\8.0.15\analyzers/dotnet/cs/Microsoft.Interop.LibraryImportGenerator.dll" /analyzer:"C:\Program Files\dotnet\packs\Microsoft.NETCore.App.Ref\8.0.15\analyzers/dotnet/cs/Microsoft.Interop.SourceGeneration.dll" /analyzer:"C:\Program Files\dotnet\packs\Microsoft.NETCore.App.Ref\8.0.15\analyzers/dotnet/cs/System.Text.Json.SourceGeneration.dll" /analyzer:"C:\Program Files\dotnet\packs\Microsoft.NETCore.App.Ref\8.0.15\analyzers/dotnet/cs/System.Text.RegularExpressions.Generator.dll" /analyzer:"C:\Program Files\dotnet\packs\Microsoft.AspNetCore.App.Ref\8.0.15\analyzers/dotnet/cs/Microsoft.AspNetCore.App.Analyzers.dll" /analyzer:"C:\Program Files\dotnet\packs\Microsoft.AspNetCore.App.Ref\8.0.15\analyzers/dotnet/cs/Microsoft.AspNetCore.App.CodeFixes.dll" /analyzer:"C:\Program Files\dotnet\packs\Microsoft.AspNetCore.App.Ref\8.0.15\analyzers/dotnet/cs/Microsoft.AspNetCore.Components.Analyzers.dll" /analyzer:"C:\Program Files\dotnet\packs\Microsoft.AspNetCore.App.Ref\8.0.15\analyzers/dotnet/roslyn4.4/cs/Microsoft.Extensions.Logging.Generators.dll" /analyzer:"C:\Program Files\dotnet\packs\Microsoft.AspNetCore.App.Ref\8.0.15\analyzers/dotnet/roslyn4.4/cs/Microsoft.Extensions.Options.SourceGeneration.dll" /analyzer:"C:\Program Files\dotnet\sdk\9.0.105\Sdks\Microsoft.NET.Sdk.Razor\targets\..\source-generators\Microsoft.AspNetCore.Razor.Utilities.Shared.dll" /analyzer:"C:\Program Files\dotnet\sdk\9.0.105\Sdks\Microsoft.NET.Sdk.Razor\targets\..\source-generators\Microsoft.CodeAnalysis.Razor.Compiler.dll" /analyzer:"C:\Program Files\dotnet\sdk\9.0.105\Sdks\Microsoft.NET.Sdk.Razor\targets\..\source-generators\Microsoft.Extensions.ObjectPool.dll" /analyzer:"C:\Program Files\dotnet\sdk\9.0.105\Sdks\Microsoft.NET.Sdk.Razor\targets\..\source-generators\System.Collections.Immutable.dll" Controllers\AIController.cs Controllers\ChatController.cs Controllers\DiscussionController.cs Controllers\FileController.cs Controllers\GroupController.cs Controllers\NotificationController.cs Controllers\UserController.cs DTOs\AIMessageDTO.cs DTOs\GroupDTO.cs DTOs\MessageDTO.cs DTOs\NotificationDTO.cs DTOs\RoomDTO.cs DTOs\UserDTO.cs DTOs\UserStatusDTO.cs DTOs\UserVO.cs Hubs\ChatHub.cs Hubs\GroupChatHub.cs Hubs\PrivateChatHub.cs Models\Comment.cs Models\Discussion.cs Models\Group.cs Models\Post.cs Models\PostLike.cs Models\User.cs Program.cs Services\AIService.cs Services\ChatService.cs Services\DiscussionService.cs Services\GroupService.cs Services\IAIService.cs Services\IChatService.cs Services\IDiscussionService.cs Services\IGroupService.cs Services\INotificationService.cs Services\IUserService.cs Services\Notification.cs Services\UserService.cs Utils\Result.cs obj\Debug\net8.0\backend.GlobalUsings.g.cs "obj\Debug\net8.0\.NETCoreApp,Version=v8.0.AssemblyAttributes.cs" obj\Debug\net8.0\backend.AssemblyInfo.cs obj\Debug\net8.0\backend.MvcApplicationPartsAssemblyInfo.cs /warnaserror+:NU1605,SYSLIB0011
         鍦?TaskRun (Microsoft.CodeAnalysis.BuildTasks.Csc) 鏈熼棿鍔犺浇鐨勭▼搴忛泦: System.IO.Pipes, Version=9.0.0.0, Culture=neutral, PublicKeyToken=b03f5f7f11d50a3a (浣嶇疆: C:\Program Files\dotnet\shared\Microsoft.NETCore.App\9.0.4\System.IO.Pipes.dll锛孧VID: 4eb355a2-2ddc-4cbb-9a47-07aa7b8ce7f5锛孉ssemblyLoadContext: Default)
         鍦?TaskRun (Microsoft.CodeAnalysis.BuildTasks.Csc) 鏈熼棿鍔犺浇鐨勭▼搴忛泦: System.Security.AccessControl, Version=9.0.0.0, Culture=neutral, PublicKeyToken=b03f5f7f11d50a3a (浣嶇疆: C:\Program Files\dotnet\shared\Microsoft.NETCore.App\9.0.4\System.Security.AccessControl.dll锛孧VID: 56f8ecd6-1c47-4192-8025-d85922731550锛孉ssemblyLoadContext: Default)
         Microsoft(R) Visual C# 缂栬瘧鍣?鐗堟湰 4.12.0-3.25124.2 (3f5cf9fb)
         鐗堟潈鎵€鏈?C) Microsoft Corporation銆備繚鐣欐墍鏈夋潈鍒┿€?
   2:6>E:\C\test3\WHU-STU-CHAT\backend\Hubs\ChatHub.cs(197,36): warning CS8765: 鍙傛暟鈥渆xception鈥濈被鍨嬬殑涓?Null 鎬т笌閲嶅啓鎴愬憳涓嶅尮閰?鍙兘鏄敱浜庝负 Null 鎬х壒鎬?銆?[E:\C\test3\WHU-STU-CHAT\backend\backend.csproj]
   2:6>E:\C\test3\WHU-STU-CHAT\backend\Hubs\ChatHub.cs(112,106): warning CS8625: 鏃犳硶灏?null 瀛楅潰閲忚浆鎹负闈?null 鐨勫紩鐢ㄧ被鍨嬨€?[E:\C\test3\WHU-STU-CHAT\backend\backend.csproj]
   2:6>E:\C\test3\WHU-STU-CHAT\backend\Hubs\ChatHub.cs(112,130): warning CS8625: 鏃犳硶灏?null 瀛楅潰閲忚浆鎹负闈?null 鐨勫紩鐢ㄧ被鍨嬨€?[E:\C\test3\WHU-STU-CHAT\backend\backend.csproj]
   2:6>E:\C\test3\WHU-STU-CHAT\backend\Hubs\GroupChatHub.cs(192,36): warning CS8765: 鍙傛暟鈥渆xception鈥濈被鍨嬬殑涓?Null 鎬т笌閲嶅啓鎴愬憳涓嶅尮閰?鍙兘鏄敱浜庝负 Null 鎬х壒鎬?銆?[E:\C\test3\WHU-STU-CHAT\backend\backend.csproj]
   2:6>E:\C\test3\WHU-STU-CHAT\backend\Hubs\PrivateChatHub.cs(127,36): warning CS8765: 鍙傛暟鈥渆xception鈥濈被鍨嬬殑涓?Null 鎬т笌閲嶅啓鎴愬憳涓嶅尮閰?鍙兘鏄敱浜庝负 Null 鎬х壒鎬?銆?[E:\C\test3\WHU-STU-CHAT\backend\backend.csproj]
   2:6>E:\C\test3\WHU-STU-CHAT\backend\Services\ChatService.cs(180,50): warning CS8625: 鏃犳硶灏?null 瀛楅潰閲忚浆鎹负闈?null 鐨勫紩鐢ㄧ被鍨嬨€?[E:\C\test3\WHU-STU-CHAT\backend\backend.csproj]
   2:6>E:\C\test3\WHU-STU-CHAT\backend\Services\ChatService.cs(180,74): warning CS8625: 鏃犳硶灏?null 瀛楅潰閲忚浆鎹负闈?null 鐨勫紩鐢ㄧ被鍨嬨€?[E:\C\test3\WHU-STU-CHAT\backend\backend.csproj]
   2:6>E:\C\test3\WHU-STU-CHAT\backend\Services\IChatService.cs(50,50): warning CS8625: 鏃犳硶灏?null 瀛楅潰閲忚浆鎹负闈?null 鐨勫紩鐢ㄧ被鍨嬨€?[E:\C\test3\WHU-STU-CHAT\backend\backend.csproj]
   2:6>E:\C\test3\WHU-STU-CHAT\backend\Services\IChatService.cs(50,74): warning CS8625: 鏃犳硶灏?null 瀛楅潰閲忚浆鎹负闈?null 鐨勫紩鐢ㄧ被鍨嬨€?[E:\C\test3\WHU-STU-CHAT\backend\backend.csproj]
   2:6>E:\C\test3\WHU-STU-CHAT\backend\Utils\Result.cs(88,23): warning CS8618: 鍦ㄩ€€鍑烘瀯閫犲嚱鏁版椂锛屼笉鍙负 null 鐨?灞炴€?"Msg" 蹇呴』鍖呭惈闈?null 鍊笺€傝鑰冭檻娣诲姞 "required" 淇グ绗︽垨灏嗚 灞炴€?澹版槑涓哄彲涓?null銆?[E:\C\test3\WHU-STU-CHAT\backend\backend.csproj]
   2:6>E:\C\test3\WHU-STU-CHAT\backend\DTOs\UserVO.cs(44,23): warning CS8618: 鍦ㄩ€€鍑烘瀯閫犲嚱鏁版椂锛屼笉鍙负 null 鐨?灞炴€?"UserInfo" 蹇呴』鍖呭惈闈?null 鍊笺€傝鑰冭檻娣诲姞 "required" 淇グ绗︽垨灏嗚 灞炴€?澹版槑涓哄彲涓?null銆?[E:\C\test3\WHU-STU-CHAT\backend\backend.csproj]
   2:6>E:\C\test3\WHU-STU-CHAT\backend\DTOs\UserVO.cs(49,23): warning CS8618: 鍦ㄩ€€鍑烘瀯閫犲嚱鏁版椂锛屼笉鍙负 null 鐨?灞炴€?"Token" 蹇呴』鍖呭惈闈?null 鍊笺€傝鑰冭檻娣诲姞 "required" 淇グ绗︽垨灏嗚 灞炴€?澹版槑涓哄彲涓?null銆?[E:\C\test3\WHU-STU-CHAT\backend\backend.csproj]
   2:6>E:\C\test3\WHU-STU-CHAT\backend\Utils\Result.cs(55,24): warning CS8601: 鍙兘鐨?null 寮曠敤璧嬪€笺€?[E:\C\test3\WHU-STU-CHAT\backend\backend.csproj]
   2:6>E:\C\test3\WHU-STU-CHAT\backend\Utils\Result.cs(70,24): warning CS8601: 鍙兘鐨?null 寮曠敤璧嬪€笺€?[E:\C\test3\WHU-STU-CHAT\backend\backend.csproj]
   2:6>E:\C\test3\WHU-STU-CHAT\backend\Utils\Result.cs(20,23): warning CS8618: 鍦ㄩ€€鍑烘瀯閫犲嚱鏁版椂锛屼笉鍙负 null 鐨?灞炴€?"Msg" 蹇呴』鍖呭惈闈?null 鍊笺€傝鑰冭檻娣诲姞 "required" 淇グ绗︽垨灏嗚 灞炴€?澹版槑涓哄彲涓?null銆?[E:\C\test3\WHU-STU-CHAT\backend\backend.csproj]
   2:6>E:\C\test3\WHU-STU-CHAT\backend\Utils\Result.cs(25,18): warning CS8618: 鍦ㄩ€€鍑烘瀯閫犲嚱鏁版椂锛屼笉鍙负 null 鐨?灞炴€?"Data" 蹇呴』鍖呭惈闈?null 鍊笺€傝鑰冭檻娣诲姞 "required" 淇グ绗︽垨灏嗚 灞炴€?澹版槑涓哄彲涓?null銆?[E:\C\test3\WHU-STU-CHAT\backend\backend.csproj]
   2:6>E:\C\test3\WHU-STU-CHAT\backend\Services\UserService.cs(26,33): warning CS8601: 鍙兘鐨?null 寮曠敤璧嬪€笺€?[E:\C\test3\WHU-STU-CHAT\backend\backend.csproj]
   2:6>E:\C\test3\WHU-STU-CHAT\backend\Services\UserService.cs(24,16): warning CS8618: 鍦ㄩ€€鍑烘瀯閫犲嚱鏁版椂锛屼笉鍙负 null 鐨?瀛楁 "_connectionString" 蹇呴』鍖呭惈闈?null 鍊笺€傝鑰冭檻娣诲姞 "required" 淇グ绗︽垨灏嗚 瀛楁 澹版槑涓哄彲涓?null銆?[E:\C\test3\WHU-STU-CHAT\backend\backend.csproj]
   2:6>E:\C\test3\WHU-STU-CHAT\backend\DTOs\UserVO.cs(18,23): warning CS8618: 鍦ㄩ€€鍑烘瀯閫犲嚱鏁版椂锛屼笉鍙负 null 鐨?灞炴€?"Username" 蹇呴』鍖呭惈闈?null 鍊笺€傝鑰冭檻娣诲姞 "required" 淇グ绗︽垨灏嗚 灞炴€?澹版槑涓哄彲涓?null銆?[E:\C\test3\WHU-STU-CHAT\backend\backend.csproj]
   2:6>E:\C\test3\WHU-STU-CHAT\backend\DTOs\UserVO.cs(23,23): warning CS8618: 鍦ㄩ€€鍑烘瀯閫犲嚱鏁版椂锛屼笉鍙负 null 鐨?灞炴€?"Email" 蹇呴』鍖呭惈闈?null 鍊笺€傝鑰冭檻娣诲姞 "required" 淇グ绗︽垨灏嗚 灞炴€?澹版槑涓哄彲涓?null銆?[E:\C\test3\WHU-STU-CHAT\backend\backend.csproj]
   2:6>E:\C\test3\WHU-STU-CHAT\backend\DTOs\UserVO.cs(28,23): warning CS8618: 鍦ㄩ€€鍑烘瀯閫犲嚱鏁版椂锛屼笉鍙负 null 鐨?灞炴€?"Phone" 蹇呴』鍖呭惈闈?null 鍊笺€傝鑰冭檻娣诲姞 "required" 淇グ绗︽垨灏嗚 灞炴€?澹版槑涓哄彲涓?null銆?[E:\C\test3\WHU-STU-CHAT\backend\backend.csproj]
   2:6>E:\C\test3\WHU-STU-CHAT\backend\DTOs\UserVO.cs(33,23): warning CS8618: 鍦ㄩ€€鍑烘瀯閫犲嚱鏁版椂锛屼笉鍙负 null 鐨?灞炴€?"Avatar" 蹇呴』鍖呭惈闈?null 鍊笺€傝鑰冭檻娣诲姞 "required" 淇グ绗︽垨灏嗚 灞炴€?澹版槑涓哄彲涓?null銆?[E:\C\test3\WHU-STU-CHAT\backend\backend.csproj]
   2:6>E:\C\test3\WHU-STU-CHAT\backend\DTOs\UserDTO.cs(81,23): warning CS8618: 鍦ㄩ€€鍑烘瀯閫犲嚱鏁版椂锛屼笉鍙负 null 鐨?灞炴€?"Username" 蹇呴』鍖呭惈闈?null 鍊笺€傝鑰冭檻娣诲姞 "required" 淇グ绗︽垨灏嗚 灞炴€?澹版槑涓哄彲涓?null銆?[E:\C\test3\WHU-STU-CHAT\backend\backend.csproj]
   2:6>E:\C\test3\WHU-STU-CHAT\backend\DTOs\UserDTO.cs(86,23): warning CS8618: 鍦ㄩ€€鍑烘瀯閫犲嚱鏁版椂锛屼笉鍙负 null 鐨?灞炴€?"Nickname" 蹇呴』鍖呭惈闈?null 鍊笺€傝鑰冭檻娣诲姞 "required" 淇グ绗︽垨灏嗚 灞炴€?澹版槑涓哄彲涓?null銆?[E:\C\test3\WHU-STU-CHAT\backend\backend.csproj]
   2:6>E:\C\test3\WHU-STU-CHAT\backend\DTOs\UserDTO.cs(91,23): warning CS8618: 鍦ㄩ€€鍑烘瀯閫犲嚱鏁版椂锛屼笉鍙负 null 鐨?灞炴€?"AvatarUrl" 蹇呴』鍖呭惈闈?null 鍊笺€傝鑰冭檻娣诲姞 "required" 淇グ绗︽垨灏嗚 灞炴€?澹版槑涓哄彲涓?null銆?[E:\C\test3\WHU-STU-CHAT\backend\backend.csproj]
   2:6>E:\C\test3\WHU-STU-CHAT\backend\DTOs\UserDTO.cs(96,23): warning CS8618: 鍦ㄩ€€鍑烘瀯閫犲嚱鏁版椂锛屼笉鍙负 null 鐨?灞炴€?"Status" 蹇呴』鍖呭惈闈?null 鍊笺€傝鑰冭檻娣诲姞 "required" 淇グ绗︽垨灏嗚 灞炴€?澹版槑涓哄彲涓?null銆?[E:\C\test3\WHU-STU-CHAT\backend\backend.csproj]
   2:6>E:\C\test3\WHU-STU-CHAT\backend\DTOs\UserDTO.cs(39,23): warning CS8618: 鍦ㄩ€€鍑烘瀯閫犲嚱鏁版椂锛屼笉鍙负 null 鐨?灞炴€?"Username" 蹇呴』鍖呭惈闈?null 鍊笺€傝鑰冭檻娣诲姞 "required" 淇グ绗︽垨灏嗚 灞炴€?澹版槑涓哄彲涓?null銆?[E:\C\test3\WHU-STU-CHAT\backend\backend.csproj]
   2:6>E:\C\test3\WHU-STU-CHAT\backend\DTOs\UserDTO.cs(46,23): warning CS8618: 鍦ㄩ€€鍑烘瀯閫犲嚱鏁版椂锛屼笉鍙负 null 鐨?灞炴€?"Password" 蹇呴』鍖呭惈闈?null 鍊笺€傝鑰冭檻娣诲姞 "required" 淇グ绗︽垨灏嗚 灞炴€?澹版槑涓哄彲涓?null銆?[E:\C\test3\WHU-STU-CHAT\backend\backend.csproj]
   2:6>E:\C\test3\WHU-STU-CHAT\backend\DTOs\UserDTO.cs(53,23): warning CS8618: 鍦ㄩ€€鍑烘瀯閫犲嚱鏁版椂锛屼笉鍙负 null 鐨?灞炴€?"ConfirmPassword" 蹇呴』鍖呭惈闈?null 鍊笺€傝鑰冭檻娣诲姞 "required" 淇グ绗︽垨灏嗚 灞炴€?澹版槑涓哄彲涓?null銆?[E:\C\test3\WHU-STU-CHAT\backend\backend.csproj]
   2:6>E:\C\test3\WHU-STU-CHAT\backend\DTOs\UserDTO.cs(59,23): warning CS8618: 鍦ㄩ€€鍑烘瀯閫犲嚱鏁版椂锛屼笉鍙负 null 鐨?灞炴€?"Email" 蹇呴』鍖呭惈闈?null 鍊笺€傝鑰冭檻娣诲姞 "required" 淇グ绗︽垨灏嗚 灞炴€?澹版槑涓哄彲涓?null銆?[E:\C\test3\WHU-STU-CHAT\backend\backend.csproj]
   2:6>E:\C\test3\WHU-STU-CHAT\backend\DTOs\UserDTO.cs(65,23): warning CS8618: 鍦ㄩ€€鍑烘瀯閫犲嚱鏁版椂锛屼笉鍙负 null 鐨?灞炴€?"Phone" 蹇呴』鍖呭惈闈?null 鍊笺€傝鑰冭檻娣诲姞 "required" 淇グ绗︽垨灏嗚 灞炴€?澹版槑涓哄彲涓?null銆?[E:\C\test3\WHU-STU-CHAT\backend\backend.csproj]
   2:6>E:\C\test3\WHU-STU-CHAT\backend\Services\UserService.cs(41,32): warning CS8600: 灏?null 鏂囨湰鎴栧彲鑳界殑 null 鍊艰浆鎹负涓嶅彲涓?null 绫诲瀷銆?[E:\C\test3\WHU-STU-CHAT\backend\backend.csproj]
   2:6>E:\C\test3\WHU-STU-CHAT\backend\Services\UserService.cs(42,32): warning CS8600: 灏?null 鏂囨湰鎴栧彲鑳界殑 null 鍊艰浆鎹负涓嶅彲涓?null 绫诲瀷銆?[E:\C\test3\WHU-STU-CHAT\backend\backend.csproj]
   2:6>E:\C\test3\WHU-STU-CHAT\backend\Services\UserService.cs(43,33): warning CS8600: 灏?null 鏂囨湰鎴栧彲鑳界殑 null 鍊艰浆鎹负涓嶅彲涓?null 绫诲瀷銆?[E:\C\test3\WHU-STU-CHAT\backend\backend.csproj]
   2:6>E:\C\test3\WHU-STU-CHAT\backend\Services\UserService.cs(73,37): warning CS8600: 灏?null 鏂囨湰鎴栧彲鑳界殑 null 鍊艰浆鎹负涓嶅彲涓?null 绫诲瀷銆?[E:\C\test3\WHU-STU-CHAT\backend\backend.csproj]
   2:6>E:\C\test3\WHU-STU-CHAT\backend\Services\UserService.cs(74,37): warning CS8600: 灏?null 鏂囨湰鎴栧彲鑳界殑 null 鍊艰浆鎹负涓嶅彲涓?null 绫诲瀷銆?[E:\C\test3\WHU-STU-CHAT\backend\backend.csproj]
   2:6>E:\C\test3\WHU-STU-CHAT\backend\Services\UserService.cs(75,38): warning CS8600: 灏?null 鏂囨湰鎴栧彲鑳界殑 null 鍊艰浆鎹负涓嶅彲涓?null 绫诲瀷銆?[E:\C\test3\WHU-STU-CHAT\backend\backend.csproj]
   2:6>E:\C\test3\WHU-STU-CHAT\backend\Services\UserService.cs(104,41): warning CS8601: 鍙兘鐨?null 寮曠敤璧嬪€笺€?[E:\C\test3\WHU-STU-CHAT\backend\backend.csproj]
   2:6>E:\C\test3\WHU-STU-CHAT\backend\Services\UserService.cs(105,41): warning CS8601: 鍙兘鐨?null 寮曠敤璧嬪€笺€?[E:\C\test3\WHU-STU-CHAT\backend\backend.csproj]
   2:6>E:\C\test3\WHU-STU-CHAT\backend\Services\UserService.cs(106,42): warning CS8601: 鍙兘鐨?null 寮曠敤璧嬪€笺€?[E:\C\test3\WHU-STU-CHAT\backend\backend.csproj]
   2:6>E:\C\test3\WHU-STU-CHAT\backend\DTOs\UserDTO.cs(15,23): warning CS8618: 鍦ㄩ€€鍑烘瀯閫犲嚱鏁版椂锛屼笉鍙负 null 鐨?灞炴€?"Username" 蹇呴』鍖呭惈闈?null 鍊笺€傝鑰冭檻娣诲姞 "required" 淇グ绗︽垨灏嗚 灞炴€?澹版槑涓哄彲涓?null銆?[E:\C\test3\WHU-STU-CHAT\backend\backend.csproj]
   2:6>E:\C\test3\WHU-STU-CHAT\backend\DTOs\UserDTO.cs(21,23): warning CS8618: 鍦ㄩ€€鍑烘瀯閫犲嚱鏁版椂锛屼笉鍙负 null 鐨?灞炴€?"Password" 蹇呴』鍖呭惈闈?null 鍊笺€傝鑰冭檻娣诲姞 "required" 淇グ绗︽垨灏嗚 灞炴€?澹版槑涓哄彲涓?null銆?[E:\C\test3\WHU-STU-CHAT\backend\backend.csproj]
   2:6>E:\C\test3\WHU-STU-CHAT\backend\DTOs\RoomDTO.cs(19,23): warning CS8618: 鍦ㄩ€€鍑烘瀯閫犲嚱鏁版椂锛屼笉鍙负 null 鐨?灞炴€?"Name" 蹇呴』鍖呭惈闈?null 鍊笺€傝鑰冭檻娣诲姞 "required" 淇グ绗︽垨灏嗚 灞炴€?澹版槑涓哄彲涓?null銆?[E:\C\test3\WHU-STU-CHAT\backend\backend.csproj]
   2:6>E:\C\test3\WHU-STU-CHAT\backend\DTOs\RoomDTO.cs(24,23): warning CS8618: 鍦ㄩ€€鍑烘瀯閫犲嚱鏁版椂锛屼笉鍙负 null 鐨?灞炴€?"Description" 蹇呴』鍖呭惈闈?null 鍊笺€傝鑰冭檻娣诲姞 "required" 淇グ绗︽垨灏嗚 灞炴€?澹版槑涓哄彲涓?null銆?[E:\C\test3\WHU-STU-CHAT\backend\backend.csproj]
   2:6>E:\C\test3\WHU-STU-CHAT\backend\DTOs\RoomDTO.cs(34,30): warning CS8618: 鍦ㄩ€€鍑烘瀯閫犲嚱鏁版椂锛屼笉鍙负 null 鐨?灞炴€?"Members" 蹇呴』鍖呭惈闈?null 鍊笺€傝鑰冭檻娣诲姞 "required" 淇グ绗︽垨灏嗚 灞炴€?澹版槑涓哄彲涓?null銆?[E:\C\test3\WHU-STU-CHAT\backend\backend.csproj]
   2:6>E:\C\test3\WHU-STU-CHAT\backend\DTOs\RoomDTO.cs(39,27): warning CS8618: 鍦ㄩ€€鍑烘瀯閫犲嚱鏁版椂锛屼笉鍙负 null 鐨?灞炴€?"LastMessage" 蹇呴』鍖呭惈闈?null 鍊笺€傝鑰冭檻娣诲姞 "required" 淇グ绗︽垨灏嗚 灞炴€?澹版槑涓哄彲涓?null銆?[E:\C\test3\WHU-STU-CHAT\backend\backend.csproj]
   2:6>E:\C\test3\WHU-STU-CHAT\backend\DTOs\NotificationDTO.cs(38,23): warning CS8618: 鍦ㄩ€€鍑烘瀯閫犲嚱鏁版椂锛屼笉鍙负 null 鐨?灞炴€?"TargetUsername" 蹇呴』鍖呭惈闈?null 鍊笺€傝鑰冭檻娣诲姞 "required" 淇グ绗︽垨灏嗚 灞炴€?澹版槑涓哄彲涓?null銆?[E:\C\test3\WHU-STU-CHAT\backend\backend.csproj]
   2:6>E:\C\test3\WHU-STU-CHAT\backend\DTOs\NotificationDTO.cs(39,23): warning CS8618: 鍦ㄩ€€鍑烘瀯閫犲嚱鏁版椂锛屼笉鍙负 null 鐨?灞炴€?"RequesterUsername" 蹇呴』鍖呭惈闈?null 鍊笺€傝鑰冭檻娣诲姞 "required" 淇グ绗︽垨灏嗚 灞炴€?澹版槑涓哄彲涓?null銆?[E:\C\test3\WHU-STU-CHAT\backend\backend.csproj]
   2:6>E:\C\test3\WHU-STU-CHAT\backend\Hubs\PrivateChatHub.cs(50,22): warning CS8602: 瑙ｅ紩鐢ㄥ彲鑳藉嚭鐜扮┖寮曠敤銆?[E:\C\test3\WHU-STU-CHAT\backend\backend.csproj]
   2:6>E:\C\test3\WHU-STU-CHAT\backend\Services\UserService.cs(172,34): warning CS8625: 鏃犳硶灏?null 瀛楅潰閲忚浆鎹负闈?null 鐨勫紩鐢ㄧ被鍨嬨€?[E:\C\test3\WHU-STU-CHAT\backend\backend.csproj]
   2:6>E:\C\test3\WHU-STU-CHAT\backend\DTOs\NotificationDTO.cs(23,23): warning CS8618: 鍦ㄩ€€鍑烘瀯閫犲嚱鏁版椂锛屼笉鍙负 null 鐨?灞炴€?"Content" 蹇呴』鍖呭惈闈?null 鍊笺€傝鑰冭檻娣诲姞 "required" 淇グ绗︽垨灏嗚 灞炴€?澹版槑涓哄彲涓?null銆?[E:\C\test3\WHU-STU-CHAT\backend\backend.csproj]
   2:6>E:\C\test3\WHU-STU-CHAT\backend\DTOs\MessageDTO.cs(76,23): warning CS8618: 鍦ㄩ€€鍑烘瀯閫犲嚱鏁版椂锛屼笉鍙负 null 鐨?灞炴€?"Content" 蹇呴』鍖呭惈闈?null 鍊笺€傝鑰冭檻娣诲姞 "required" 淇グ绗︽垨灏嗚 灞炴€?澹版槑涓哄彲涓?null銆?[E:\C\test3\WHU-STU-CHAT\backend\backend.csproj]
   2:6>E:\C\test3\WHU-STU-CHAT\backend\DTOs\MessageDTO.cs(91,23): warning CS8618: 鍦ㄩ€€鍑烘瀯閫犲嚱鏁版椂锛屼笉鍙负 null 鐨?灞炴€?"SenderName" 蹇呴』鍖呭惈闈?null 鍊笺€傝鑰冭檻娣诲姞 "required" 淇グ绗︽垨灏嗚 灞炴€?澹版槑涓哄彲涓?null銆?[E:\C\test3\WHU-STU-CHAT\backend\backend.csproj]
   2:6>E:\C\test3\WHU-STU-CHAT\backend\DTOs\MessageDTO.cs(18,23): warning CS8618: 鍦ㄩ€€鍑烘瀯閫犲嚱鏁版椂锛屼笉鍙负 null 鐨?灞炴€?"Content" 蹇呴』鍖呭惈闈?null 鍊笺€傝鑰冭檻娣诲姞 "required" 淇グ绗︽垨灏嗚 灞炴€?澹版槑涓哄彲涓?null銆?[E:\C\test3\WHU-STU-CHAT\backend\backend.csproj]
   2:6>E:\C\test3\WHU-STU-CHAT\backend\DTOs\MessageDTO.cs(33,23): warning CS8618: 鍦ㄩ€€鍑烘瀯閫犲嚱鏁版椂锛屼笉鍙负 null 鐨?灞炴€?"SenderName" 蹇呴』鍖呭惈闈?null 鍊笺€傝鑰冭檻娣诲姞 "required" 淇グ绗︽垨灏嗚 灞炴€?澹版槑涓哄彲涓?null銆?[E:\C\test3\WHU-STU-CHAT\backend\backend.csproj]
   2:6>E:\C\test3\WHU-STU-CHAT\backend\DTOs\MessageDTO.cs(53,23): warning CS8618: 鍦ㄩ€€鍑烘瀯閫犲嚱鏁版椂锛屼笉鍙负 null 鐨?灞炴€?"FileUrl" 蹇呴』鍖呭惈闈?null 鍊笺€傝鑰冭檻娣诲姞 "required" 淇グ绗︽垨灏嗚 灞炴€?澹版槑涓哄彲涓?null銆?[E:\C\test3\WHU-STU-CHAT\backend\backend.csproj]
   2:6>E:\C\test3\WHU-STU-CHAT\backend\DTOs\MessageDTO.cs(58,23): warning CS8618: 鍦ㄩ€€鍑烘瀯閫犲嚱鏁版椂锛屼笉鍙负 null 鐨?灞炴€?"FileName" 蹇呴』鍖呭惈闈?null 鍊笺€傝鑰冭檻娣诲姞 "required" 淇グ绗︽垨灏嗚 灞炴€?澹版槑涓哄彲涓?null銆?[E:\C\test3\WHU-STU-CHAT\backend\backend.csproj]
   2:6>E:\C\test3\WHU-STU-CHAT\backend\Hubs\PrivateChatHub.cs(88,42): error CS1061: 鈥淢essageDTO鈥濇湭鍖呭惈鈥淩eceiverId鈥濈殑瀹氫箟锛屽苟涓旀壘涓嶅埌鍙帴鍙楃涓€涓€淢essageDTO鈥濈被鍨嬪弬鏁扮殑鍙闂墿灞曟柟娉曗€淩eceiverId鈥?鏄惁缂哄皯 using 鎸囦护鎴栫▼搴忛泦寮曠敤?) [E:\C\test3\WHU-STU-CHAT\backend\backend.csproj]
   2:6>E:\C\test3\WHU-STU-CHAT\backend\Hubs\PrivateChatHub.cs(99,52): error CS1061: 鈥淚ChatService鈥濇湭鍖呭惈鈥淪avePrivateMessageAsync鈥濈殑瀹氫箟锛屽苟涓旀壘涓嶅埌鍙帴鍙楃涓€涓€淚ChatService鈥濈被鍨嬪弬鏁扮殑鍙闂墿灞曟柟娉曗€淪avePrivateMessageAsync鈥?鏄惁缂哄皯 using 鎸囦护鎴栫▼搴忛泦寮曠敤?) [E:\C\test3\WHU-STU-CHAT\backend\backend.csproj]
   2:6>E:\C\test3\WHU-STU-CHAT\backend\Services\UserService.cs(228,41): warning CS8601: 鍙兘鐨?null 寮曠敤璧嬪€笺€?[E:\C\test3\WHU-STU-CHAT\backend\backend.csproj]
   2:6>E:\C\test3\WHU-STU-CHAT\backend\Services\UserService.cs(229,41): warning CS8601: 鍙兘鐨?null 寮曠敤璧嬪€笺€?[E:\C\test3\WHU-STU-CHAT\backend\backend.csproj]
   2:6>E:\C\test3\WHU-STU-CHAT\backend\Services\UserService.cs(230,42): warning CS8601: 鍙兘鐨?null 寮曠敤璧嬪€笺€?[E:\C\test3\WHU-STU-CHAT\backend\backend.csproj]
   2:6>E:\C\test3\WHU-STU-CHAT\backend\DTOs\GroupDTO.cs(29,23): warning CS8618: 鍦ㄩ€€鍑烘瀯閫犲嚱鏁版椂锛屼笉鍙负 null 鐨?灞炴€?"GroupName" 蹇呴』鍖呭惈闈?null 鍊笺€傝鑰冭檻娣诲姞 "required" 淇グ绗︽垨灏嗚 灞炴€?澹版槑涓哄彲涓?null銆?[E:\C\test3\WHU-STU-CHAT\backend\backend.csproj]
   2:6>E:\C\test3\WHU-STU-CHAT\backend\DTOs\GroupDTO.cs(30,23): warning CS8618: 鍦ㄩ€€鍑烘瀯閫犲嚱鏁版椂锛屼笉鍙负 null 鐨?灞炴€?"Description" 蹇呴』鍖呭惈闈?null 鍊笺€傝鑰冭檻娣诲姞 "required" 淇グ绗︽垨灏嗚 灞炴€?澹版槑涓哄彲涓?null銆?[E:\C\test3\WHU-STU-CHAT\backend\backend.csproj]
   2:6>E:\C\test3\WHU-STU-CHAT\backend\Hubs\ChatHub.cs(249,23): warning CS8618: 鍦ㄩ€€鍑烘瀯閫犲嚱鏁版椂锛屼笉鍙负 null 鐨?灞炴€?"Username" 蹇呴』鍖呭惈闈?null 鍊笺€傝鑰冭檻娣诲姞 "required" 淇グ绗︽垨灏嗚 灞炴€?澹版槑涓哄彲涓?null銆?[E:\C\test3\WHU-STU-CHAT\backend\backend.csproj]
   2:6>E:\C\test3\WHU-STU-CHAT\backend\Hubs\ChatHub.cs(251,23): warning CS8618: 鍦ㄩ€€鍑烘瀯閫犲嚱鏁版椂锛屼笉鍙负 null 鐨?灞炴€?"ConnectionId" 蹇呴』鍖呭惈闈?null 鍊笺€傝鑰冭檻娣诲姞 "required" 淇グ绗︽垨灏嗚 灞炴€?澹版槑涓哄彲涓?null銆?[E:\C\test3\WHU-STU-CHAT\backend\backend.csproj]
   2:6>E:\C\test3\WHU-STU-CHAT\backend\DTOs\GroupDTO.cs(19,23): warning CS8618: 鍦ㄩ€€鍑烘瀯閫犲嚱鏁版椂锛屼笉鍙负 null 鐨?灞炴€?"GroupName" 蹇呴』鍖呭惈闈?null 鍊笺€傝鑰冭檻娣诲姞 "required" 淇グ绗︽垨灏嗚 灞炴€?澹版槑涓哄彲涓?null銆?[E:\C\test3\WHU-STU-CHAT\backend\backend.csproj]
   2:6>E:\C\test3\WHU-STU-CHAT\backend\DTOs\GroupDTO.cs(20,23): warning CS8618: 鍦ㄩ€€鍑烘瀯閫犲嚱鏁版椂锛屼笉鍙负 null 鐨?灞炴€?"Description" 蹇呴』鍖呭惈闈?null 鍊笺€傝鑰冭檻娣诲姞 "required" 淇グ绗︽垨灏嗚 灞炴€?澹版槑涓哄彲涓?null銆?[E:\C\test3\WHU-STU-CHAT\backend\backend.csproj]
   2:6>E:\C\test3\WHU-STU-CHAT\backend\DTOs\GroupDTO.cs(8,23): warning CS8618: 鍦ㄩ€€鍑烘瀯閫犲嚱鏁版椂锛屼笉鍙负 null 鐨?灞炴€?"GroupName" 蹇呴』鍖呭惈闈?null 鍊笺€傝鑰冭檻娣诲姞 "required" 淇グ绗︽垨灏嗚 灞炴€?澹版槑涓哄彲涓?null銆?[E:\C\test3\WHU-STU-CHAT\backend\backend.csproj]
   2:6>E:\C\test3\WHU-STU-CHAT\backend\DTOs\GroupDTO.cs(12,23): warning CS8618: 鍦ㄩ€€鍑烘瀯閫犲嚱鏁版椂锛屼笉鍙负 null 鐨?灞炴€?"Description" 蹇呴』鍖呭惈闈?null 鍊笺€傝鑰冭檻娣诲姞 "required" 淇グ绗︽垨灏嗚 灞炴€?澹版槑涓哄彲涓?null銆?[E:\C\test3\WHU-STU-CHAT\backend\backend.csproj]
   2:6>E:\C\test3\WHU-STU-CHAT\backend\DTOs\AIMessageDTO.cs(102,23): warning CS8618: 鍦ㄩ€€鍑烘瀯閫犲嚱鏁版椂锛屼笉鍙负 null 鐨?灞炴€?"Username" 蹇呴』鍖呭惈闈?null 鍊笺€傝鑰冭檻娣诲姞 "required" 淇グ绗︽垨灏嗚 灞炴€?澹版槑涓哄彲涓?null銆?[E:\C\test3\WHU-STU-CHAT\backend\backend.csproj]
   2:6>E:\C\test3\WHU-STU-CHAT\backend\DTOs\AIMessageDTO.cs(71,23): warning CS8618: 鍦ㄩ€€鍑烘瀯閫犲嚱鏁版椂锛屼笉鍙负 null 鐨?灞炴€?"Role" 蹇呴』鍖呭惈闈?null 鍊笺€傝鑰冭檻娣诲姞 "required" 淇グ绗︽垨灏嗚 灞炴€?澹版槑涓哄彲涓?null銆?[E:\C\test3\WHU-STU-CHAT\backend\backend.csproj]
   2:6>E:\C\test3\WHU-STU-CHAT\backend\DTOs\AIMessageDTO.cs(76,23): warning CS8618: 鍦ㄩ€€鍑烘瀯閫犲嚱鏁版椂锛屼笉鍙负 null 鐨?灞炴€?"Content" 蹇呴』鍖呭惈闈?null 鍊笺€傝鑰冭檻娣诲姞 "required" 淇グ绗︽垨灏嗚 灞炴€?澹版槑涓哄彲涓?null銆?[E:\C\test3\WHU-STU-CHAT\backend\backend.csproj]
   2:6>E:\C\test3\WHU-STU-CHAT\backend\Services\UserService.cs(334,20): warning CS8603: 鍙兘杩斿洖 null 寮曠敤銆?[E:\C\test3\WHU-STU-CHAT\backend\backend.csproj]
   2:6>E:\C\test3\WHU-STU-CHAT\backend\Models\User.cs(18,23): warning CS8618: 鍦ㄩ€€鍑烘瀯閫犲嚱鏁版椂锛屼笉鍙负 null 鐨?灞炴€?"Username" 蹇呴』鍖呭惈闈?null 鍊笺€傝鑰冭檻娣诲姞 "required" 淇グ绗︽垨灏嗚 灞炴€?澹版槑涓哄彲涓?null銆?[E:\C\test3\WHU-STU-CHAT\backend\backend.csproj]
   2:6>E:\C\test3\WHU-STU-CHAT\backend\Models\User.cs(23,23): warning CS8618: 鍦ㄩ€€鍑烘瀯閫犲嚱鏁版椂锛屼笉鍙负 null 鐨?灞炴€?"Password" 蹇呴』鍖呭惈闈?null 鍊笺€傝鑰冭檻娣诲姞 "required" 淇グ绗︽垨灏嗚 灞炴€?澹版槑涓哄彲涓?null銆?[E:\C\test3\WHU-STU-CHAT\backend\backend.csproj]
   2:6>E:\C\test3\WHU-STU-CHAT\backend\Models\User.cs(28,23): warning CS8618: 鍦ㄩ€€鍑烘瀯閫犲嚱鏁版椂锛屼笉鍙负 null 鐨?灞炴€?"Email" 蹇呴』鍖呭惈闈?null 鍊笺€傝鑰冭檻娣诲姞 "required" 淇グ绗︽垨灏嗚 灞炴€?澹版槑涓哄彲涓?null銆?[E:\C\test3\WHU-STU-CHAT\backend\backend.csproj]
   2:6>E:\C\test3\WHU-STU-CHAT\backend\Models\User.cs(33,23): warning CS8618: 鍦ㄩ€€鍑烘瀯閫犲嚱鏁版椂锛屼笉鍙负 null 鐨?灞炴€?"Phone" 蹇呴』鍖呭惈闈?null 鍊笺€傝鑰冭檻娣诲姞 "required" 淇グ绗︽垨灏嗚 灞炴€?澹版槑涓哄彲涓?null銆?[E:\C\test3\WHU-STU-CHAT\backend\backend.csproj]
   2:6>E:\C\test3\WHU-STU-CHAT\backend\Models\User.cs(38,23): warning CS8618: 鍦ㄩ€€鍑烘瀯閫犲嚱鏁版椂锛屼笉鍙负 null 鐨?灞炴€?"Avatar" 蹇呴』鍖呭惈闈?null 鍊笺€傝鑰冭檻娣诲姞 "required" 淇グ绗︽垨灏嗚 灞炴€?澹版槑涓哄彲涓?null銆?[E:\C\test3\WHU-STU-CHAT\backend\backend.csproj]
   2:6>E:\C\test3\WHU-STU-CHAT\backend\DTOs\AIMessageDTO.cs(40,23): warning CS8618: 鍦ㄩ€€鍑烘瀯閫犲嚱鏁版椂锛屼笉鍙负 null 鐨?灞炴€?"Message" 蹇呴』鍖呭惈闈?null 鍊笺€傝鑰冭檻娣诲姞 "required" 淇グ绗︽垨灏嗚 灞炴€?澹版槑涓哄彲涓?null銆?[E:\C\test3\WHU-STU-CHAT\backend\backend.csproj]
   2:6>E:\C\test3\WHU-STU-CHAT\backend\DTOs\AIMessageDTO.cs(50,23): warning CS8618: 鍦ㄩ€€鍑烘瀯閫犲嚱鏁版椂锛屼笉鍙负 null 鐨?灞炴€?"Error" 蹇呴』鍖呭惈闈?null 鍊笺€傝鑰冭檻娣诲姞 "required" 淇グ绗︽垨灏嗚 灞炴€?澹版槑涓哄彲涓?null銆?[E:\C\test3\WHU-STU-CHAT\backend\backend.csproj]
   2:6>E:\C\test3\WHU-STU-CHAT\backend\Models\Post.cs(23,23): warning CS8618: 鍦ㄩ€€鍑烘瀯閫犲嚱鏁版椂锛屼笉鍙负 null 鐨?灞炴€?"Title" 蹇呴』鍖呭惈闈?null 鍊笺€傝鑰冭檻娣诲姞 "required" 淇グ绗︽垨灏嗚 灞炴€?澹版槑涓哄彲涓?null銆?[E:\C\test3\WHU-STU-CHAT\backend\backend.csproj]
   2:6>E:\C\test3\WHU-STU-CHAT\backend\Models\Post.cs(28,23): warning CS8618: 鍦ㄩ€€鍑烘瀯閫犲嚱鏁版椂锛屼笉鍙负 null 鐨?灞炴€?"Content" 蹇呴』鍖呭惈闈?null 鍊笺€傝鑰冭檻娣诲姞 "required" 淇グ绗︽垨灏嗚 灞炴€?澹版槑涓哄彲涓?null銆?[E:\C\test3\WHU-STU-CHAT\backend\backend.csproj]
   2:6>E:\C\test3\WHU-STU-CHAT\backend\Models\Post.cs(48,23): warning CS8618: 鍦ㄩ€€鍑烘瀯閫犲嚱鏁版椂锛屼笉鍙负 null 鐨?灞炴€?"PostType" 蹇呴』鍖呭惈闈?null 鍊笺€傝鑰冭檻娣诲姞 "required" 淇グ绗︽垨灏嗚 灞炴€?澹版槑涓哄彲涓?null銆?[E:\C\test3\WHU-STU-CHAT\backend\backend.csproj]
   2:6>E:\C\test3\WHU-STU-CHAT\backend\Controllers\ChatController.cs(47,51): error CS1061: 鈥淚ChatService鈥濇湭鍖呭惈鈥淕etPrivateChatHistoryAsync鈥濈殑瀹氫箟锛屽苟涓旀壘涓嶅埌鍙帴鍙楃涓€涓€淚ChatService鈥濈被鍨嬪弬鏁扮殑鍙闂墿灞曟柟娉曗€淕etPrivateChatHistoryAsync鈥?鏄惁缂哄皯 using 鎸囦护鎴栫▼搴忛泦寮曠敤?) [E:\C\test3\WHU-STU-CHAT\backend\backend.csproj]
   2:6>E:\C\test3\WHU-STU-CHAT\backend\Controllers\ChatController.cs(33,44): warning CS8604: 鈥渋nt int.Parse(string s)鈥濅腑鐨勫舰鍙傗€渟鈥濆彲鑳戒紶鍏?null 寮曠敤瀹炲弬銆?[E:\C\test3\WHU-STU-CHAT\backend\backend.csproj]
   2:6>E:\C\test3\WHU-STU-CHAT\backend\Services\UserService.cs(357,20): warning CS8603: 鍙兘杩斿洖 null 寮曠敤銆?[E:\C\test3\WHU-STU-CHAT\backend\backend.csproj]
   2:6>E:\C\test3\WHU-STU-CHAT\backend\Models\Group.cs(6,23): warning CS8618: 鍦ㄩ€€鍑烘瀯閫犲嚱鏁版椂锛屼笉鍙负 null 鐨?灞炴€?"GroupName" 蹇呴』鍖呭惈闈?null 鍊笺€傝鑰冭檻娣诲姞 "required" 淇グ绗︽垨灏嗚 灞炴€?澹版槑涓哄彲涓?null銆?[E:\C\test3\WHU-STU-CHAT\backend\backend.csproj]
   2:6>E:\C\test3\WHU-STU-CHAT\backend\Models\Group.cs(7,23): warning CS8618: 鍦ㄩ€€鍑烘瀯閫犲嚱鏁版椂锛屼笉鍙负 null 鐨?灞炴€?"Description" 蹇呴』鍖呭惈闈?null 鍊笺€傝鑰冭檻娣诲姞 "required" 淇グ绗︽垨灏嗚 灞炴€?澹版槑涓哄彲涓?null銆?[E:\C\test3\WHU-STU-CHAT\backend\backend.csproj]
   2:6>E:\C\test3\WHU-STU-CHAT\backend\Models\Discussion.cs(16,23): warning CS8618: 鍦ㄩ€€鍑烘瀯閫犲嚱鏁版椂锛屼笉鍙负 null 鐨?灞炴€?"Title" 蹇呴』鍖呭惈闈?null 鍊笺€傝鑰冭檻娣诲姞 "required" 淇グ绗︽垨灏嗚 灞炴€?澹版槑涓哄彲涓?null銆?[E:\C\test3\WHU-STU-CHAT\backend\backend.csproj]
   2:6>E:\C\test3\WHU-STU-CHAT\backend\Models\Discussion.cs(21,23): warning CS8618: 鍦ㄩ€€鍑烘瀯閫犲嚱鏁版椂锛屼笉鍙负 null 鐨?灞炴€?"Description" 蹇呴』鍖呭惈闈?null 鍊笺€傝鑰冭檻娣诲姞 "required" 淇グ绗︽垨灏嗚 灞炴€?澹版槑涓哄彲涓?null銆?[E:\C\test3\WHU-STU-CHAT\backend\backend.csproj]
   2:6>E:\C\test3\WHU-STU-CHAT\backend\DTOs\AIMessageDTO.cs(19,23): warning CS8618: 鍦ㄩ€€鍑烘瀯閫犲嚱鏁版椂锛屼笉鍙负 null 鐨?灞炴€?"Username" 蹇呴』鍖呭惈闈?null 鍊笺€傝鑰冭檻娣诲姞 "required" 淇グ绗︽垨灏嗚 灞炴€?澹版槑涓哄彲涓?null銆?[E:\C\test3\WHU-STU-CHAT\backend\backend.csproj]
   2:6>E:\C\test3\WHU-STU-CHAT\backend\DTOs\AIMessageDTO.cs(24,23): warning CS8618: 鍦ㄩ€€鍑烘瀯閫犲嚱鏁版椂锛屼笉鍙负 null 鐨?灞炴€?"Message" 蹇呴』鍖呭惈闈?null 鍊笺€傝鑰冭檻娣诲姞 "required" 淇グ绗︽垨灏嗚 灞炴€?澹版槑涓哄彲涓?null銆?[E:\C\test3\WHU-STU-CHAT\backend\backend.csproj]
   2:6>E:\C\test3\WHU-STU-CHAT\backend\Services\Notification.cs(16,33): warning CS8601: 鍙兘鐨?null 寮曠敤璧嬪€笺€?[E:\C\test3\WHU-STU-CHAT\backend\backend.csproj]
   2:6>E:\C\test3\WHU-STU-CHAT\backend\Services\Notification.cs(14,16): warning CS8618: 鍦ㄩ€€鍑烘瀯閫犲嚱鏁版椂锛屼笉鍙负 null 鐨?瀛楁 "_connectionString" 蹇呴』鍖呭惈闈?null 鍊笺€傝鑰冭檻娣诲姞 "required" 淇グ绗︽垨灏嗚 瀛楁 澹版槑涓哄彲涓?null銆?[E:\C\test3\WHU-STU-CHAT\backend\backend.csproj]
   2:6>E:\C\test3\WHU-STU-CHAT\backend\Models\Comment.cs(21,23): warning CS8618: 鍦ㄩ€€鍑烘瀯閫犲嚱鏁版椂锛屼笉鍙负 null 鐨?灞炴€?"Content" 蹇呴』鍖呭惈闈?null 鍊笺€傝鑰冭檻娣诲姞 "required" 淇グ绗︽垨灏嗚 灞炴€?澹版槑涓哄彲涓?null銆?[E:\C\test3\WHU-STU-CHAT\backend\backend.csproj]
   2:6>E:\C\test3\WHU-STU-CHAT\backend\Controllers\ChatController.cs(85,52): error CS1061: 鈥淚ChatService鈥濇湭鍖呭惈鈥淪avePrivateMessageAsync鈥濈殑瀹氫箟锛屽苟涓旀壘涓嶅埌鍙帴鍙楃涓€涓€淚ChatService鈥濈被鍨嬪弬鏁扮殑鍙闂墿灞曟柟娉曗€淪avePrivateMessageAsync鈥?鏄惁缂哄皯 using 鎸囦护鎴栫▼搴忛泦寮曠敤?) [E:\C\test3\WHU-STU-CHAT\backend\backend.csproj]
   2:6>E:\C\test3\WHU-STU-CHAT\backend\Controllers\ChatController.cs(73,44): warning CS8604: 鈥渋nt int.Parse(string s)鈥濅腑鐨勫舰鍙傗€渟鈥濆彲鑳戒紶鍏?null 寮曠敤瀹炲弬銆?[E:\C\test3\WHU-STU-CHAT\backend\backend.csproj]
   2:6>E:\C\test3\WHU-STU-CHAT\backend\Services\AIService.cs(390,23): warning CS8618: 鍦ㄩ€€鍑烘瀯閫犲嚱鏁版椂锛屼笉鍙负 null 鐨?灞炴€?"SenderName" 蹇呴』鍖呭惈闈?null 鍊笺€傝鑰冭檻娣诲姞 "required" 淇グ绗︽垨灏嗚 灞炴€?澹版槑涓哄彲涓?null銆?[E:\C\test3\WHU-STU-CHAT\backend\backend.csproj]
   2:6>E:\C\test3\WHU-STU-CHAT\backend\Services\AIService.cs(391,23): warning CS8618: 鍦ㄩ€€鍑烘瀯閫犲嚱鏁版椂锛屼笉鍙负 null 鐨?灞炴€?"Content" 蹇呴』鍖呭惈闈?null 鍊笺€傝鑰冭檻娣诲姞 "required" 淇グ绗︽垨灏嗚 灞炴€?澹版槑涓哄彲涓?null銆?[E:\C\test3\WHU-STU-CHAT\backend\backend.csproj]
   2:6>E:\C\test3\WHU-STU-CHAT\backend\Services\ChatService.cs(28,33): warning CS8601: 鍙兘鐨?null 寮曠敤璧嬪€笺€?[E:\C\test3\WHU-STU-CHAT\backend\backend.csproj]
   2:6>E:\C\test3\WHU-STU-CHAT\backend\Services\ChatService.cs(26,16): warning CS8618: 鍦ㄩ€€鍑烘瀯閫犲嚱鏁版椂锛屼笉鍙负 null 鐨?瀛楁 "_connectionString" 蹇呴』鍖呭惈闈?null 鍊笺€傝鑰冭檻娣诲姞 "required" 淇グ绗︽垨灏嗚 瀛楁 澹版槑涓哄彲涓?null銆?[E:\C\test3\WHU-STU-CHAT\backend\backend.csproj]
   2:6>E:\C\test3\WHU-STU-CHAT\backend\Services\ChatService.cs(58,28): warning CS8603: 鍙兘杩斿洖 null 寮曠敤銆?[E:\C\test3\WHU-STU-CHAT\backend\backend.csproj]
   2:6>E:\C\test3\WHU-STU-CHAT\backend\Services\ChatService.cs(64,24): warning CS8603: 鍙兘杩斿洖 null 寮曠敤銆?[E:\C\test3\WHU-STU-CHAT\backend\backend.csproj]
   2:6>E:\C\test3\WHU-STU-CHAT\backend\Services\AIService.cs(113,39): warning CS8601: 鍙兘鐨?null 寮曠敤璧嬪€笺€?[E:\C\test3\WHU-STU-CHAT\backend\backend.csproj]
   2:6>E:\C\test3\WHU-STU-CHAT\backend\Services\ChatService.cs(103,46): warning CS8600: 灏?null 鏂囨湰鎴栧彲鑳界殑 null 鍊艰浆鎹负涓嶅彲涓?null 绫诲瀷銆?[E:\C\test3\WHU-STU-CHAT\backend\backend.csproj]
   2:6>E:\C\test3\WHU-STU-CHAT\backend\Services\ChatService.cs(110,47): warning CS8600: 灏?null 鏂囨湰鎴栧彲鑳界殑 null 鍊艰浆鎹负涓嶅彲涓?null 绫诲瀷銆?[E:\C\test3\WHU-STU-CHAT\backend\backend.csproj]
   2:6>E:\C\test3\WHU-STU-CHAT\backend\Services\ChatService.cs(147,43): warning CS8601: 鍙兘鐨?null 寮曠敤璧嬪€笺€?[E:\C\test3\WHU-STU-CHAT\backend\backend.csproj]
   2:6>E:\C\test3\WHU-STU-CHAT\backend\Services\ChatService.cs(148,44): warning CS8601: 鍙兘鐨?null 寮曠敤璧嬪€笺€?[E:\C\test3\WHU-STU-CHAT\backend\backend.csproj]
   2:6>E:\C\test3\WHU-STU-CHAT\backend\Services\Notification.cs(86,20): warning CS8603: 鍙兘杩斿洖 null 寮曠敤銆?[E:\C\test3\WHU-STU-CHAT\backend\backend.csproj]
   2:6>E:\C\test3\WHU-STU-CHAT\backend\Hubs\ChatHub.cs(61,33): warning CS8625: 鏃犳硶灏?null 瀛楅潰閲忚浆鎹负闈?null 鐨勫紩鐢ㄧ被鍨嬨€?[E:\C\test3\WHU-STU-CHAT\backend\backend.csproj]
   2:6>E:\C\test3\WHU-STU-CHAT\backend\Services\GroupService.cs(12,33): warning CS8601: 鍙兘鐨?null 寮曠敤璧嬪€笺€?[E:\C\test3\WHU-STU-CHAT\backend\backend.csproj]
   2:6>E:\C\test3\WHU-STU-CHAT\backend\Services\GroupService.cs(10,16): warning CS8618: 鍦ㄩ€€鍑烘瀯閫犲嚱鏁版椂锛屼笉鍙负 null 鐨?瀛楁 "_connectionString" 蹇呴』鍖呭惈闈?null 鍊笺€傝鑰冭檻娣诲姞 "required" 淇グ绗︽垨灏嗚 瀛楁 澹版槑涓哄彲涓?null銆?[E:\C\test3\WHU-STU-CHAT\backend\backend.csproj]
   2:6>E:\C\test3\WHU-STU-CHAT\backend\Services\AIService.cs(224,63): warning CS8602: 瑙ｅ紩鐢ㄥ彲鑳藉嚭鐜扮┖寮曠敤銆?[E:\C\test3\WHU-STU-CHAT\backend\backend.csproj]
   2:6>E:\C\test3\WHU-STU-CHAT\backend\Services\AIService.cs(265,43): warning CS8600: 灏?null 鏂囨湰鎴栧彲鑳界殑 null 鍊艰浆鎹负涓嶅彲涓?null 绫诲瀷銆?[E:\C\test3\WHU-STU-CHAT\backend\backend.csproj]
   2:6>E:\C\test3\WHU-STU-CHAT\backend\Services\AIService.cs(300,50): warning CS8601: 鍙兘鐨?null 寮曠敤璧嬪€笺€?[E:\C\test3\WHU-STU-CHAT\backend\backend.csproj]
   2:6>E:\C\test3\WHU-STU-CHAT\backend\Services\AIService.cs(301,47): warning CS8601: 鍙兘鐨?null 寮曠敤璧嬪€笺€?[E:\C\test3\WHU-STU-CHAT\backend\backend.csproj]
   2:6>E:\C\test3\WHU-STU-CHAT\backend\Services\DiscussionService.cs(89,20): warning CS8603: 鍙兘杩斿洖 null 寮曠敤銆?[E:\C\test3\WHU-STU-CHAT\backend\backend.csproj]
   2:6>E:\C\test3\WHU-STU-CHAT\backend\Services\ChatService.cs(312,49): warning CS8601: 鍙兘鐨?null 寮曠敤璧嬪€笺€?[E:\C\test3\WHU-STU-CHAT\backend\backend.csproj]
   2:6>E:\C\test3\WHU-STU-CHAT\backend\Services\GroupService.cs(214,47): warning CS8601: 鍙兘鐨?null 寮曠敤璧嬪€笺€?[E:\C\test3\WHU-STU-CHAT\backend\backend.csproj]
   2:6>E:\C\test3\WHU-STU-CHAT\backend\Services\GroupService.cs(267,20): warning CS8603: 鍙兘杩斿洖 null 寮曠敤銆?[E:\C\test3\WHU-STU-CHAT\backend\backend.csproj]
   2:6>E:\C\test3\WHU-STU-CHAT\backend\Services\GroupService.cs(300,20): warning CS8603: 鍙兘杩斿洖 null 寮曠敤銆?[E:\C\test3\WHU-STU-CHAT\backend\backend.csproj]
   2:6>E:\C\test3\WHU-STU-CHAT\backend\Services\DiscussionService.cs(335,20): warning CS8603: 鍙兘杩斿洖 null 寮曠敤銆?[E:\C\test3\WHU-STU-CHAT\backend\backend.csproj]
   2:6>E:\C\test3\WHU-STU-CHAT\backend\Services\GroupService.cs(555,43): warning CS8601: 鍙兘鐨?null 寮曠敤璧嬪€笺€?[E:\C\test3\WHU-STU-CHAT\backend\backend.csproj]
   2:6>E:\C\test3\WHU-STU-CHAT\backend\Services\DiscussionService.cs(686,20): warning CS8603: 鍙兘杩斿洖 null 寮曠敤銆?[E:\C\test3\WHU-STU-CHAT\backend\backend.csproj]
         CompilerServer: server - server processed compilation - backend (net8.0)
       宸插畬鎴愭墽琛屼换鍔♀€淐sc鈥濈殑鎿嶄綔 - 澶辫触銆?
   2:6>宸插畬鎴愬湪椤圭洰鈥渂ackend.csproj鈥濅腑鐢熸垚鐩爣鈥淐oreCompile鈥濈殑鎿嶄綔 - 澶辫触銆?
   2:6>鏉ヨ嚜椤圭洰鈥淓:\C\test3\WHU-STU-CHAT\backend\backend.csproj鈥濈殑鏂囦欢鈥淐:\Program Files\dotnet\sdk\9.0.105\Microsoft.Common.CurrentVersion.targets鈥濅腑鐨勭洰鏍団€淿CheckForCompileOutputs鈥?鐩爣鈥淿CleanGetCurrentAndPriorFileWrites鈥濅緷璧栦簬瀹?:
   2:6>宸插畬鎴愬湪椤圭洰鈥渂ackend.csproj鈥濅腑鐢熸垚鐩爣鈥淿CheckForCompileOutputs鈥濈殑鎿嶄綔銆?
       鐢变簬鏉′欢鐨勮绠楃粨鏋滀负 false锛屽凡璺宠繃鐩爣鈥淿SGenCheckForOutputs鈥濓紱('$(_SGenGenerateSerializationAssembliesConfig)' == 'On' or ('@(WebReferenceUrl)'!='' and '$(_SGenGenerateSerializationAssembliesConfig)' == 'Auto'))鐨勮绠楃粨鏋滀负('Off' == 'On' or (''!='' and 'Off' == 'Auto'))銆?
   2:6>鏉ヨ嚜椤圭洰鈥淓:\C\test3\WHU-STU-CHAT\backend\backend.csproj鈥濈殑鏂囦欢鈥淐:\Program Files\dotnet\sdk\9.0.105\Microsoft.Common.CurrentVersion.targets鈥濅腑鐨勭洰鏍団€淿CleanGetCurrentAndPriorFileWrites鈥?鐩爣鈥淿CleanRecordFileWrites鈥濅緷璧栦簬瀹?:
       姝ｅ湪浣跨敤绋嬪簭闆嗏€淢icrosoft.Build.Tasks.Core, Version=15.1.0.0, Culture=neutral, PublicKeyToken=b03f5f7f11d50a3a鈥濅腑鐨勨€淩eadLinesFromFile鈥濅换鍔°€?
       浠诲姟鈥淩eadLinesFromFile鈥?
       宸插畬鎴愭墽琛屼换鍔♀€淩eadLinesFromFile鈥濈殑鎿嶄綔銆?
       浠诲姟鈥淐onvertToAbsolutePath鈥?
       宸插畬鎴愭墽琛屼换鍔♀€淐onvertToAbsolutePath鈥濈殑鎿嶄綔銆?
       姝ｅ湪浣跨敤绋嬪簭闆嗏€淢icrosoft.Build.Tasks.Core, Version=15.1.0.0, Culture=neutral, PublicKeyToken=b03f5f7f11d50a3a鈥濅腑鐨勨€淔indUnderPath鈥濅换鍔°€?
       浠诲姟鈥淔indUnderPath鈥?
         姣旇緝璺緞涓衡€淓:\C\test3\WHU-STU-CHAT\backend鈥濄€?
       宸插畬鎴愭墽琛屼换鍔♀€淔indUnderPath鈥濈殑鎿嶄綔銆?
       浠诲姟鈥淔indUnderPath鈥?
         姣旇緝璺緞涓衡€渂in\Debug\net8.0\鈥濄€?
       宸插畬鎴愭墽琛屼换鍔♀€淔indUnderPath鈥濈殑鎿嶄綔銆?
       浠诲姟鈥淔indUnderPath鈥?
         姣旇緝璺緞涓衡€渙bj\Debug\net8.0\鈥濄€?
       宸插畬鎴愭墽琛屼换鍔♀€淔indUnderPath鈥濈殑鎿嶄綔銆?
       浠诲姟鈥淩emoveDuplicates鈥?
       宸插畬鎴愭墽琛屼换鍔♀€淩emoveDuplicates鈥濈殑鎿嶄綔銆?
   2:6>宸插畬鎴愬湪椤圭洰鈥渂ackend.csproj鈥濅腑鐢熸垚鐩爣鈥淿CleanGetCurrentAndPriorFileWrites鈥濈殑鎿嶄綔銆?
   2:6>鏉ヨ嚜椤圭洰鈥淓:\C\test3\WHU-STU-CHAT\backend\backend.csproj鈥濈殑鏂囦欢鈥淐:\Program Files\dotnet\sdk\9.0.105\Microsoft.Common.CurrentVersion.targets鈥濅腑鐨勭洰鏍団€淿CleanRecordFileWrites鈥?鐩爣鈥淐oreBuild鈥濅緷璧栦簬瀹?:
       浠诲姟鈥淩emoveDuplicates鈥?
       宸插畬鎴愭墽琛屼换鍔♀€淩emoveDuplicates鈥濈殑鎿嶄綔銆?
       浠诲姟鈥淢akeDir鈥?
       宸插畬鎴愭墽琛屼换鍔♀€淢akeDir鈥濈殑鎿嶄綔銆?
       浠诲姟鈥淲riteLinesToFile鈥?
         璺宠繃鍐欏叆鍒版枃浠垛€渙bj\Debug\net8.0\backend.csproj.FileListAbsolute.txt鈥濓紝鍥犱负鍐呭涓嶄細鏀瑰彉銆?
       宸插畬鎴愭墽琛屼换鍔♀€淲riteLinesToFile鈥濈殑鎿嶄綔銆?
   2:6>宸插畬鎴愬湪椤圭洰鈥渂ackend.csproj鈥濅腑鐢熸垚鐩爣鈥淿CleanRecordFileWrites鈥濈殑鎿嶄綔銆?
   2:6>宸插畬鎴愮敓鎴愰」鐩€淓:\C\test3\WHU-STU-CHAT\backend\backend.csproj鈥?榛樿鐩爣)鐨勬搷浣?- 澶辫触銆?
   1:2>宸插畬鎴愭墽琛屼换鍔♀€淢SBuild鈥濈殑鎿嶄綔 - 澶辫触銆?
   1:2>宸插畬鎴愬湪椤圭洰鈥渂ackend.sln鈥濅腑鐢熸垚鐩爣鈥淏uild鈥濈殑鎿嶄綔 - 澶辫触銆?
   1:2>宸插畬鎴愮敓鎴愰」鐩€淓:\C\test3\WHU-STU-CHAT\backend\backend.sln鈥?榛樿鐩爣)鐨勬搷浣?- 澶辫触銆?

鐢熸垚澶辫触銆?

       鈥淓:\C\test3\WHU-STU-CHAT\backend\backend.sln鈥?Restore 鐩爣) (1) ->
       (Restore 鐩爣) -> 
         E:\C\test3\WHU-STU-CHAT\backend\backend.csproj : warning NU1903: 鍖?"System.Data.SqlClient" 4.8.5 鍏锋湁宸茬煡鐨?楂?涓ラ噸鎬ф紡娲烇紝https://github.com/advisories/GHSA-98g6-xh36-x2p7 [E:\C\test3\WHU-STU-CHAT\backend\backend.sln]


       鈥淓:\C\test3\WHU-STU-CHAT\backend\backend.sln鈥?榛樿鐩爣) (1:2) ->
       鈥淓:\C\test3\WHU-STU-CHAT\backend\backend.csproj鈥?榛樿鐩爣) (2:6) ->
       (ResolvePackageAssets 鐩爣) -> 
         E:\C\test3\WHU-STU-CHAT\backend\backend.csproj : warning NU1903: 鍖?"System.Data.SqlClient" 4.8.5 鍏锋湁宸茬煡鐨?楂?涓ラ噸鎬ф紡娲烇紝https://github.com/advisories/GHSA-98g6-xh36-x2p7


       鈥淓:\C\test3\WHU-STU-CHAT\backend\backend.sln鈥?榛樿鐩爣) (1:2) ->
       鈥淓:\C\test3\WHU-STU-CHAT\backend\backend.csproj鈥?榛樿鐩爣) (2:6) ->
       (CoreCompile 鐩爣) -> 
         E:\C\test3\WHU-STU-CHAT\backend\Hubs\ChatHub.cs(197,36): warning CS8765: 鍙傛暟鈥渆xception鈥濈被鍨嬬殑涓?Null 鎬т笌閲嶅啓鎴愬憳涓嶅尮閰?鍙兘鏄敱浜庝负 Null 鎬х壒鎬?銆?[E:\C\test3\WHU-STU-CHAT\backend\backend.csproj]
         E:\C\test3\WHU-STU-CHAT\backend\Hubs\ChatHub.cs(112,106): warning CS8625: 鏃犳硶灏?null 瀛楅潰閲忚浆鎹负闈?null 鐨勫紩鐢ㄧ被鍨嬨€?[E:\C\test3\WHU-STU-CHAT\backend\backend.csproj]
         E:\C\test3\WHU-STU-CHAT\backend\Hubs\ChatHub.cs(112,130): warning CS8625: 鏃犳硶灏?null 瀛楅潰閲忚浆鎹负闈?null 鐨勫紩鐢ㄧ被鍨嬨€?[E:\C\test3\WHU-STU-CHAT\backend\backend.csproj]
         E:\C\test3\WHU-STU-CHAT\backend\Hubs\GroupChatHub.cs(192,36): warning CS8765: 鍙傛暟鈥渆xception鈥濈被鍨嬬殑涓?Null 鎬т笌閲嶅啓鎴愬憳涓嶅尮閰?鍙兘鏄敱浜庝负 Null 鎬х壒鎬?銆?[E:\C\test3\WHU-STU-CHAT\backend\backend.csproj]
         E:\C\test3\WHU-STU-CHAT\backend\Hubs\PrivateChatHub.cs(127,36): warning CS8765: 鍙傛暟鈥渆xception鈥濈被鍨嬬殑涓?Null 鎬т笌閲嶅啓鎴愬憳涓嶅尮閰?鍙兘鏄敱浜庝负 Null 鎬х壒鎬?銆?[E:\C\test3\WHU-STU-CHAT\backend\backend.csproj]
         E:\C\test3\WHU-STU-CHAT\backend\Services\ChatService.cs(180,50): warning CS8625: 鏃犳硶灏?null 瀛楅潰閲忚浆鎹负闈?null 鐨勫紩鐢ㄧ被鍨嬨€?[E:\C\test3\WHU-STU-CHAT\backend\backend.csproj]
         E:\C\test3\WHU-STU-CHAT\backend\Services\ChatService.cs(180,74): warning CS8625: 鏃犳硶灏?null 瀛楅潰閲忚浆鎹负闈?null 鐨勫紩鐢ㄧ被鍨嬨€?[E:\C\test3\WHU-STU-CHAT\backend\backend.csproj]
         E:\C\test3\WHU-STU-CHAT\backend\Services\IChatService.cs(50,50): warning CS8625: 鏃犳硶灏?null 瀛楅潰閲忚浆鎹负闈?null 鐨勫紩鐢ㄧ被鍨嬨€?[E:\C\test3\WHU-STU-CHAT\backend\backend.csproj]
         E:\C\test3\WHU-STU-CHAT\backend\Services\IChatService.cs(50,74): warning CS8625: 鏃犳硶灏?null 瀛楅潰閲忚浆鎹负闈?null 鐨勫紩鐢ㄧ被鍨嬨€?[E:\C\test3\WHU-STU-CHAT\backend\backend.csproj]
         E:\C\test3\WHU-STU-CHAT\backend\Utils\Result.cs(88,23): warning CS8618: 鍦ㄩ€€鍑烘瀯閫犲嚱鏁版椂锛屼笉鍙负 null 鐨?灞炴€?"Msg" 蹇呴』鍖呭惈闈?null 鍊笺€傝鑰冭檻娣诲姞 "required" 淇グ绗︽垨灏嗚 灞炴€?澹版槑涓哄彲涓?null銆?[E:\C\test3\WHU-STU-CHAT\backend\backend.csproj]
         E:\C\test3\WHU-STU-CHAT\backend\DTOs\UserVO.cs(44,23): warning CS8618: 鍦ㄩ€€鍑烘瀯閫犲嚱鏁版椂锛屼笉鍙负 null 鐨?灞炴€?"UserInfo" 蹇呴』鍖呭惈闈?null 鍊笺€傝鑰冭檻娣诲姞 "required" 淇グ绗︽垨灏嗚 灞炴€?澹版槑涓哄彲涓?null銆?[E:\C\test3\WHU-STU-CHAT\backend\backend.csproj]
         E:\C\test3\WHU-STU-CHAT\backend\DTOs\UserVO.cs(49,23): warning CS8618: 鍦ㄩ€€鍑烘瀯閫犲嚱鏁版椂锛屼笉鍙负 null 鐨?灞炴€?"Token" 蹇呴』鍖呭惈闈?null 鍊笺€傝鑰冭檻娣诲姞 "required" 淇グ绗︽垨灏嗚 灞炴€?澹版槑涓哄彲涓?null銆?[E:\C\test3\WHU-STU-CHAT\backend\backend.csproj]
         E:\C\test3\WHU-STU-CHAT\backend\Utils\Result.cs(55,24): warning CS8601: 鍙兘鐨?null 寮曠敤璧嬪€笺€?[E:\C\test3\WHU-STU-CHAT\backend\backend.csproj]
         E:\C\test3\WHU-STU-CHAT\backend\Utils\Result.cs(70,24): warning CS8601: 鍙兘鐨?null 寮曠敤璧嬪€笺€?[E:\C\test3\WHU-STU-CHAT\backend\backend.csproj]
         E:\C\test3\WHU-STU-CHAT\backend\Utils\Result.cs(20,23): warning CS8618: 鍦ㄩ€€鍑烘瀯閫犲嚱鏁版椂锛屼笉鍙负 null 鐨?灞炴€?"Msg" 蹇呴』鍖呭惈闈?null 鍊笺€傝鑰冭檻娣诲姞 "required" 淇グ绗︽垨灏嗚 灞炴€?澹版槑涓哄彲涓?null銆?[E:\C\test3\WHU-STU-CHAT\backend\backend.csproj]
         E:\C\test3\WHU-STU-CHAT\backend\Utils\Result.cs(25,18): warning CS8618: 鍦ㄩ€€鍑烘瀯閫犲嚱鏁版椂锛屼笉鍙负 null 鐨?灞炴€?"Data" 蹇呴』鍖呭惈闈?null 鍊笺€傝鑰冭檻娣诲姞 "required" 淇グ绗︽垨灏嗚 灞炴€?澹版槑涓哄彲涓?null銆?[E:\C\test3\WHU-STU-CHAT\backend\backend.csproj]
         E:\C\test3\WHU-STU-CHAT\backend\Services\UserService.cs(26,33): warning CS8601: 鍙兘鐨?null 寮曠敤璧嬪€笺€?[E:\C\test3\WHU-STU-CHAT\backend\backend.csproj]
         E:\C\test3\WHU-STU-CHAT\backend\Services\UserService.cs(24,16): warning CS8618: 鍦ㄩ€€鍑烘瀯閫犲嚱鏁版椂锛屼笉鍙负 null 鐨?瀛楁 "_connectionString" 蹇呴』鍖呭惈闈?null 鍊笺€傝鑰冭檻娣诲姞 "required" 淇グ绗︽垨灏嗚 瀛楁 澹版槑涓哄彲涓?null銆?[E:\C\test3\WHU-STU-CHAT\backend\backend.csproj]
         E:\C\test3\WHU-STU-CHAT\backend\DTOs\UserVO.cs(18,23): warning CS8618: 鍦ㄩ€€鍑烘瀯閫犲嚱鏁版椂锛屼笉鍙负 null 鐨?灞炴€?"Username" 蹇呴』鍖呭惈闈?null 鍊笺€傝鑰冭檻娣诲姞 "required" 淇グ绗︽垨灏嗚 灞炴€?澹版槑涓哄彲涓?null銆?[E:\C\test3\WHU-STU-CHAT\backend\backend.csproj]
         E:\C\test3\WHU-STU-CHAT\backend\DTOs\UserVO.cs(23,23): warning CS8618: 鍦ㄩ€€鍑烘瀯閫犲嚱鏁版椂锛屼笉鍙负 null 鐨?灞炴€?"Email" 蹇呴』鍖呭惈闈?null 鍊笺€傝鑰冭檻娣诲姞 "required" 淇グ绗︽垨灏嗚 灞炴€?澹版槑涓哄彲涓?null銆?[E:\C\test3\WHU-STU-CHAT\backend\backend.csproj]
         E:\C\test3\WHU-STU-CHAT\backend\DTOs\UserVO.cs(28,23): warning CS8618: 鍦ㄩ€€鍑烘瀯閫犲嚱鏁版椂锛屼笉鍙负 null 鐨?灞炴€?"Phone" 蹇呴』鍖呭惈闈?null 鍊笺€傝鑰冭檻娣诲姞 "required" 淇グ绗︽垨灏嗚 灞炴€?澹版槑涓哄彲涓?null銆?[E:\C\test3\WHU-STU-CHAT\backend\backend.csproj]
         E:\C\test3\WHU-STU-CHAT\backend\DTOs\UserVO.cs(33,23): warning CS8618: 鍦ㄩ€€鍑烘瀯閫犲嚱鏁版椂锛屼笉鍙负 null 鐨?灞炴€?"Avatar" 蹇呴』鍖呭惈闈?null 鍊笺€傝鑰冭檻娣诲姞 "required" 淇グ绗︽垨灏嗚 灞炴€?澹版槑涓哄彲涓?null銆?[E:\C\test3\WHU-STU-CHAT\backend\backend.csproj]
         E:\C\test3\WHU-STU-CHAT\backend\DTOs\UserDTO.cs(81,23): warning CS8618: 鍦ㄩ€€鍑烘瀯閫犲嚱鏁版椂锛屼笉鍙负 null 鐨?灞炴€?"Username" 蹇呴』鍖呭惈闈?null 鍊笺€傝鑰冭檻娣诲姞 "required" 淇グ绗︽垨灏嗚 灞炴€?澹版槑涓哄彲涓?null銆?[E:\C\test3\WHU-STU-CHAT\backend\backend.csproj]
         E:\C\test3\WHU-STU-CHAT\backend\DTOs\UserDTO.cs(86,23): warning CS8618: 鍦ㄩ€€鍑烘瀯閫犲嚱鏁版椂锛屼笉鍙负 null 鐨?灞炴€?"Nickname" 蹇呴』鍖呭惈闈?null 鍊笺€傝鑰冭檻娣诲姞 "required" 淇グ绗︽垨灏嗚 灞炴€?澹版槑涓哄彲涓?null銆?[E:\C\test3\WHU-STU-CHAT\backend\backend.csproj]
         E:\C\test3\WHU-STU-CHAT\backend\DTOs\UserDTO.cs(91,23): warning CS8618: 鍦ㄩ€€鍑烘瀯閫犲嚱鏁版椂锛屼笉鍙负 null 鐨?灞炴€?"AvatarUrl" 蹇呴』鍖呭惈闈?null 鍊笺€傝鑰冭檻娣诲姞 "required" 淇グ绗︽垨灏嗚 灞炴€?澹版槑涓哄彲涓?null銆?[E:\C\test3\WHU-STU-CHAT\backend\backend.csproj]
         E:\C\test3\WHU-STU-CHAT\backend\DTOs\UserDTO.cs(96,23): warning CS8618: 鍦ㄩ€€鍑烘瀯閫犲嚱鏁版椂锛屼笉鍙负 null 鐨?灞炴€?"Status" 蹇呴』鍖呭惈闈?null 鍊笺€傝鑰冭檻娣诲姞 "required" 淇グ绗︽垨灏嗚 灞炴€?澹版槑涓哄彲涓?null銆?[E:\C\test3\WHU-STU-CHAT\backend\backend.csproj]
         E:\C\test3\WHU-STU-CHAT\backend\DTOs\UserDTO.cs(39,23): warning CS8618: 鍦ㄩ€€鍑烘瀯閫犲嚱鏁版椂锛屼笉鍙负 null 鐨?灞炴€?"Username" 蹇呴』鍖呭惈闈?null 鍊笺€傝鑰冭檻娣诲姞 "required" 淇グ绗︽垨灏嗚 灞炴€?澹版槑涓哄彲涓?null銆?[E:\C\test3\WHU-STU-CHAT\backend\backend.csproj]
         E:\C\test3\WHU-STU-CHAT\backend\DTOs\UserDTO.cs(46,23): warning CS8618: 鍦ㄩ€€鍑烘瀯閫犲嚱鏁版椂锛屼笉鍙负 null 鐨?灞炴€?"Password" 蹇呴』鍖呭惈闈?null 鍊笺€傝鑰冭檻娣诲姞 "required" 淇グ绗︽垨灏嗚 灞炴€?澹版槑涓哄彲涓?null銆?[E:\C\test3\WHU-STU-CHAT\backend\backend.csproj]
         E:\C\test3\WHU-STU-CHAT\backend\DTOs\UserDTO.cs(53,23): warning CS8618: 鍦ㄩ€€鍑烘瀯閫犲嚱鏁版椂锛屼笉鍙负 null 鐨?灞炴€?"ConfirmPassword" 蹇呴』鍖呭惈闈?null 鍊笺€傝鑰冭檻娣诲姞 "required" 淇グ绗︽垨灏嗚 灞炴€?澹版槑涓哄彲涓?null銆?[E:\C\test3\WHU-STU-CHAT\backend\backend.csproj]
         E:\C\test3\WHU-STU-CHAT\backend\DTOs\UserDTO.cs(59,23): warning CS8618: 鍦ㄩ€€鍑烘瀯閫犲嚱鏁版椂锛屼笉鍙负 null 鐨?灞炴€?"Email" 蹇呴』鍖呭惈闈?null 鍊笺€傝鑰冭檻娣诲姞 "required" 淇グ绗︽垨灏嗚 灞炴€?澹版槑涓哄彲涓?null銆?[E:\C\test3\WHU-STU-CHAT\backend\backend.csproj]
         E:\C\test3\WHU-STU-CHAT\backend\DTOs\UserDTO.cs(65,23): warning CS8618: 鍦ㄩ€€鍑烘瀯閫犲嚱鏁版椂锛屼笉鍙负 null 鐨?灞炴€?"Phone" 蹇呴』鍖呭惈闈?null 鍊笺€傝鑰冭檻娣诲姞 "required" 淇グ绗︽垨灏嗚 灞炴€?澹版槑涓哄彲涓?null銆?[E:\C\test3\WHU-STU-CHAT\backend\backend.csproj]
         E:\C\test3\WHU-STU-CHAT\backend\Services\UserService.cs(41,32): warning CS8600: 灏?null 鏂囨湰鎴栧彲鑳界殑 null 鍊艰浆鎹负涓嶅彲涓?null 绫诲瀷銆?[E:\C\test3\WHU-STU-CHAT\backend\backend.csproj]
         E:\C\test3\WHU-STU-CHAT\backend\Services\UserService.cs(42,32): warning CS8600: 灏?null 鏂囨湰鎴栧彲鑳界殑 null 鍊艰浆鎹负涓嶅彲涓?null 绫诲瀷銆?[E:\C\test3\WHU-STU-CHAT\backend\backend.csproj]
         E:\C\test3\WHU-STU-CHAT\backend\Services\UserService.cs(43,33): warning CS8600: 灏?null 鏂囨湰鎴栧彲鑳界殑 null 鍊艰浆鎹负涓嶅彲涓?null 绫诲瀷銆?[E:\C\test3\WHU-STU-CHAT\backend\backend.csproj]
         E:\C\test3\WHU-STU-CHAT\backend\Services\UserService.cs(73,37): warning CS8600: 灏?null 鏂囨湰鎴栧彲鑳界殑 null 鍊艰浆鎹负涓嶅彲涓?null 绫诲瀷銆?[E:\C\test3\WHU-STU-CHAT\backend\backend.csproj]
         E:\C\test3\WHU-STU-CHAT\backend\Services\UserService.cs(74,37): warning CS8600: 灏?null 鏂囨湰鎴栧彲鑳界殑 null 鍊艰浆鎹负涓嶅彲涓?null 绫诲瀷銆?[E:\C\test3\WHU-STU-CHAT\backend\backend.csproj]
         E:\C\test3\WHU-STU-CHAT\backend\Services\UserService.cs(75,38): warning CS8600: 灏?null 鏂囨湰鎴栧彲鑳界殑 null 鍊艰浆鎹负涓嶅彲涓?null 绫诲瀷銆?[E:\C\test3\WHU-STU-CHAT\backend\backend.csproj]
         E:\C\test3\WHU-STU-CHAT\backend\Services\UserService.cs(104,41): warning CS8601: 鍙兘鐨?null 寮曠敤璧嬪€笺€?[E:\C\test3\WHU-STU-CHAT\backend\backend.csproj]
         E:\C\test3\WHU-STU-CHAT\backend\Services\UserService.cs(105,41): warning CS8601: 鍙兘鐨?null 寮曠敤璧嬪€笺€?[E:\C\test3\WHU-STU-CHAT\backend\backend.csproj]
         E:\C\test3\WHU-STU-CHAT\backend\Services\UserService.cs(106,42): warning CS8601: 鍙兘鐨?null 寮曠敤璧嬪€笺€?[E:\C\test3\WHU-STU-CHAT\backend\backend.csproj]
         E:\C\test3\WHU-STU-CHAT\backend\DTOs\UserDTO.cs(15,23): warning CS8618: 鍦ㄩ€€鍑烘瀯閫犲嚱鏁版椂锛屼笉鍙负 null 鐨?灞炴€?"Username" 蹇呴』鍖呭惈闈?null 鍊笺€傝鑰冭檻娣诲姞 "required" 淇グ绗︽垨灏嗚 灞炴€?澹版槑涓哄彲涓?null銆?[E:\C\test3\WHU-STU-CHAT\backend\backend.csproj]
         E:\C\test3\WHU-STU-CHAT\backend\DTOs\UserDTO.cs(21,23): warning CS8618: 鍦ㄩ€€鍑烘瀯閫犲嚱鏁版椂锛屼笉鍙负 null 鐨?灞炴€?"Password" 蹇呴』鍖呭惈闈?null 鍊笺€傝鑰冭檻娣诲姞 "required" 淇グ绗︽垨灏嗚 灞炴€?澹版槑涓哄彲涓?null銆?[E:\C\test3\WHU-STU-CHAT\backend\backend.csproj]
         E:\C\test3\WHU-STU-CHAT\backend\DTOs\RoomDTO.cs(19,23): warning CS8618: 鍦ㄩ€€鍑烘瀯閫犲嚱鏁版椂锛屼笉鍙负 null 鐨?灞炴€?"Name" 蹇呴』鍖呭惈闈?null 鍊笺€傝鑰冭檻娣诲姞 "required" 淇グ绗︽垨灏嗚 灞炴€?澹版槑涓哄彲涓?null銆?[E:\C\test3\WHU-STU-CHAT\backend\backend.csproj]
         E:\C\test3\WHU-STU-CHAT\backend\DTOs\RoomDTO.cs(24,23): warning CS8618: 鍦ㄩ€€鍑烘瀯閫犲嚱鏁版椂锛屼笉鍙负 null 鐨?灞炴€?"Description" 蹇呴』鍖呭惈闈?null 鍊笺€傝鑰冭檻娣诲姞 "required" 淇グ绗︽垨灏嗚 灞炴€?澹版槑涓哄彲涓?null銆?[E:\C\test3\WHU-STU-CHAT\backend\backend.csproj]
         E:\C\test3\WHU-STU-CHAT\backend\DTOs\RoomDTO.cs(34,30): warning CS8618: 鍦ㄩ€€鍑烘瀯閫犲嚱鏁版椂锛屼笉鍙负 null 鐨?灞炴€?"Members" 蹇呴』鍖呭惈闈?null 鍊笺€傝鑰冭檻娣诲姞 "required" 淇グ绗︽垨灏嗚 灞炴€?澹版槑涓哄彲涓?null銆?[E:\C\test3\WHU-STU-CHAT\backend\backend.csproj]
         E:\C\test3\WHU-STU-CHAT\backend\DTOs\RoomDTO.cs(39,27): warning CS8618: 鍦ㄩ€€鍑烘瀯閫犲嚱鏁版椂锛屼笉鍙负 null 鐨?灞炴€?"LastMessage" 蹇呴』鍖呭惈闈?null 鍊笺€傝鑰冭檻娣诲姞 "required" 淇グ绗︽垨灏嗚 灞炴€?澹版槑涓哄彲涓?null銆?[E:\C\test3\WHU-STU-CHAT\backend\backend.csproj]
         E:\C\test3\WHU-STU-CHAT\backend\DTOs\NotificationDTO.cs(38,23): warning CS8618: 鍦ㄩ€€鍑烘瀯閫犲嚱鏁版椂锛屼笉鍙负 null 鐨?灞炴€?"TargetUsername" 蹇呴』鍖呭惈闈?null 鍊笺€傝鑰冭檻娣诲姞 "required" 淇グ绗︽垨灏嗚 灞炴€?澹版槑涓哄彲涓?null銆?[E:\C\test3\WHU-STU-CHAT\backend\backend.csproj]
         E:\C\test3\WHU-STU-CHAT\backend\DTOs\NotificationDTO.cs(39,23): warning CS8618: 鍦ㄩ€€鍑烘瀯閫犲嚱鏁版椂锛屼笉鍙负 null 鐨?灞炴€?"RequesterUsername" 蹇呴』鍖呭惈闈?null 鍊笺€傝鑰冭檻娣诲姞 "required" 淇グ绗︽垨灏嗚 灞炴€?澹版槑涓哄彲涓?null銆?[E:\C\test3\WHU-STU-CHAT\backend\backend.csproj]
         E:\C\test3\WHU-STU-CHAT\backend\Hubs\PrivateChatHub.cs(50,22): warning CS8602: 瑙ｅ紩鐢ㄥ彲鑳藉嚭鐜扮┖寮曠敤銆?[E:\C\test3\WHU-STU-CHAT\backend\backend.csproj]
         E:\C\test3\WHU-STU-CHAT\backend\Services\UserService.cs(172,34): warning CS8625: 鏃犳硶灏?null 瀛楅潰閲忚浆鎹负闈?null 鐨勫紩鐢ㄧ被鍨嬨€?[E:\C\test3\WHU-STU-CHAT\backend\backend.csproj]
         E:\C\test3\WHU-STU-CHAT\backend\DTOs\NotificationDTO.cs(23,23): warning CS8618: 鍦ㄩ€€鍑烘瀯閫犲嚱鏁版椂锛屼笉鍙负 null 鐨?灞炴€?"Content" 蹇呴』鍖呭惈闈?null 鍊笺€傝鑰冭檻娣诲姞 "required" 淇グ绗︽垨灏嗚 灞炴€?澹版槑涓哄彲涓?null銆?[E:\C\test3\WHU-STU-CHAT\backend\backend.csproj]
         E:\C\test3\WHU-STU-CHAT\backend\DTOs\MessageDTO.cs(76,23): warning CS8618: 鍦ㄩ€€鍑烘瀯閫犲嚱鏁版椂锛屼笉鍙负 null 鐨?灞炴€?"Content" 蹇呴』鍖呭惈闈?null 鍊笺€傝鑰冭檻娣诲姞 "required" 淇グ绗︽垨灏嗚 灞炴€?澹版槑涓哄彲涓?null銆?[E:\C\test3\WHU-STU-CHAT\backend\backend.csproj]
         E:\C\test3\WHU-STU-CHAT\backend\DTOs\MessageDTO.cs(91,23): warning CS8618: 鍦ㄩ€€鍑烘瀯閫犲嚱鏁版椂锛屼笉鍙负 null 鐨?灞炴€?"SenderName" 蹇呴』鍖呭惈闈?null 鍊笺€傝鑰冭檻娣诲姞 "required" 淇グ绗︽垨灏嗚 灞炴€?澹版槑涓哄彲涓?null銆?[E:\C\test3\WHU-STU-CHAT\backend\backend.csproj]
         E:\C\test3\WHU-STU-CHAT\backend\DTOs\MessageDTO.cs(18,23): warning CS8618: 鍦ㄩ€€鍑烘瀯閫犲嚱鏁版椂锛屼笉鍙负 null 鐨?灞炴€?"Content" 蹇呴』鍖呭惈闈?null 鍊笺€傝鑰冭檻娣诲姞 "required" 淇グ绗︽垨灏嗚 灞炴€?澹版槑涓哄彲涓?null銆?[E:\C\test3\WHU-STU-CHAT\backend\backend.csproj]
         E:\C\test3\WHU-STU-CHAT\backend\DTOs\MessageDTO.cs(33,23): warning CS8618: 鍦ㄩ€€鍑烘瀯閫犲嚱鏁版椂锛屼笉鍙负 null 鐨?灞炴€?"SenderName" 蹇呴』鍖呭惈闈?null 鍊笺€傝鑰冭檻娣诲姞 "required" 淇グ绗︽垨灏嗚 灞炴€?澹版槑涓哄彲涓?null銆?[E:\C\test3\WHU-STU-CHAT\backend\backend.csproj]
         E:\C\test3\WHU-STU-CHAT\backend\DTOs\MessageDTO.cs(53,23): warning CS8618: 鍦ㄩ€€鍑烘瀯閫犲嚱鏁版椂锛屼笉鍙负 null 鐨?灞炴€?"FileUrl" 蹇呴』鍖呭惈闈?null 鍊笺€傝鑰冭檻娣诲姞 "required" 淇グ绗︽垨灏嗚 灞炴€?澹版槑涓哄彲涓?null銆?[E:\C\test3\WHU-STU-CHAT\backend\backend.csproj]
         E:\C\test3\WHU-STU-CHAT\backend\DTOs\MessageDTO.cs(58,23): warning CS8618: 鍦ㄩ€€鍑烘瀯閫犲嚱鏁版椂锛屼笉鍙负 null 鐨?灞炴€?"FileName" 蹇呴』鍖呭惈闈?null 鍊笺€傝鑰冭檻娣诲姞 "required" 淇グ绗︽垨灏嗚 灞炴€?澹版槑涓哄彲涓?null銆?[E:\C\test3\WHU-STU-CHAT\backend\backend.csproj]
         E:\C\test3\WHU-STU-CHAT\backend\Services\UserService.cs(228,41): warning CS8601: 鍙兘鐨?null 寮曠敤璧嬪€笺€?[E:\C\test3\WHU-STU-CHAT\backend\backend.csproj]
         E:\C\test3\WHU-STU-CHAT\backend\Services\UserService.cs(229,41): warning CS8601: 鍙兘鐨?null 寮曠敤璧嬪€笺€?[E:\C\test3\WHU-STU-CHAT\backend\backend.csproj]
         E:\C\test3\WHU-STU-CHAT\backend\Services\UserService.cs(230,42): warning CS8601: 鍙兘鐨?null 寮曠敤璧嬪€笺€?[E:\C\test3\WHU-STU-CHAT\backend\backend.csproj]
         E:\C\test3\WHU-STU-CHAT\backend\DTOs\GroupDTO.cs(29,23): warning CS8618: 鍦ㄩ€€鍑烘瀯閫犲嚱鏁版椂锛屼笉鍙负 null 鐨?灞炴€?"GroupName" 蹇呴』鍖呭惈闈?null 鍊笺€傝鑰冭檻娣诲姞 "required" 淇グ绗︽垨灏嗚 灞炴€?澹版槑涓哄彲涓?null銆?[E:\C\test3\WHU-STU-CHAT\backend\backend.csproj]
         E:\C\test3\WHU-STU-CHAT\backend\DTOs\GroupDTO.cs(30,23): warning CS8618: 鍦ㄩ€€鍑烘瀯閫犲嚱鏁版椂锛屼笉鍙负 null 鐨?灞炴€?"Description" 蹇呴』鍖呭惈闈?null 鍊笺€傝鑰冭檻娣诲姞 "required" 淇グ绗︽垨灏嗚 灞炴€?澹版槑涓哄彲涓?null銆?[E:\C\test3\WHU-STU-CHAT\backend\backend.csproj]
         E:\C\test3\WHU-STU-CHAT\backend\Hubs\ChatHub.cs(249,23): warning CS8618: 鍦ㄩ€€鍑烘瀯閫犲嚱鏁版椂锛屼笉鍙负 null 鐨?灞炴€?"Username" 蹇呴』鍖呭惈闈?null 鍊笺€傝鑰冭檻娣诲姞 "required" 淇グ绗︽垨灏嗚 灞炴€?澹版槑涓哄彲涓?null銆?[E:\C\test3\WHU-STU-CHAT\backend\backend.csproj]
         E:\C\test3\WHU-STU-CHAT\backend\Hubs\ChatHub.cs(251,23): warning CS8618: 鍦ㄩ€€鍑烘瀯閫犲嚱鏁版椂锛屼笉鍙负 null 鐨?灞炴€?"ConnectionId" 蹇呴』鍖呭惈闈?null 鍊笺€傝鑰冭檻娣诲姞 "required" 淇グ绗︽垨灏嗚 灞炴€?澹版槑涓哄彲涓?null銆?[E:\C\test3\WHU-STU-CHAT\backend\backend.csproj]
         E:\C\test3\WHU-STU-CHAT\backend\DTOs\GroupDTO.cs(19,23): warning CS8618: 鍦ㄩ€€鍑烘瀯閫犲嚱鏁版椂锛屼笉鍙负 null 鐨?灞炴€?"GroupName" 蹇呴』鍖呭惈闈?null 鍊笺€傝鑰冭檻娣诲姞 "required" 淇グ绗︽垨灏嗚 灞炴€?澹版槑涓哄彲涓?null銆?[E:\C\test3\WHU-STU-CHAT\backend\backend.csproj]
         E:\C\test3\WHU-STU-CHAT\backend\DTOs\GroupDTO.cs(20,23): warning CS8618: 鍦ㄩ€€鍑烘瀯閫犲嚱鏁版椂锛屼笉鍙负 null 鐨?灞炴€?"Description" 蹇呴』鍖呭惈闈?null 鍊笺€傝鑰冭檻娣诲姞 "required" 淇グ绗︽垨灏嗚 灞炴€?澹版槑涓哄彲涓?null銆?[E:\C\test3\WHU-STU-CHAT\backend\backend.csproj]
         E:\C\test3\WHU-STU-CHAT\backend\DTOs\GroupDTO.cs(8,23): warning CS8618: 鍦ㄩ€€鍑烘瀯閫犲嚱鏁版椂锛屼笉鍙负 null 鐨?灞炴€?"GroupName" 蹇呴』鍖呭惈闈?null 鍊笺€傝鑰冭檻娣诲姞 "required" 淇グ绗︽垨灏嗚 灞炴€?澹版槑涓哄彲涓?null銆?[E:\C\test3\WHU-STU-CHAT\backend\backend.csproj]
         E:\C\test3\WHU-STU-CHAT\backend\DTOs\GroupDTO.cs(12,23): warning CS8618: 鍦ㄩ€€鍑烘瀯閫犲嚱鏁版椂锛屼笉鍙负 null 鐨?灞炴€?"Description" 蹇呴』鍖呭惈闈?null 鍊笺€傝鑰冭檻娣诲姞 "required" 淇グ绗︽垨灏嗚 灞炴€?澹版槑涓哄彲涓?null銆?[E:\C\test3\WHU-STU-CHAT\backend\backend.csproj]
         E:\C\test3\WHU-STU-CHAT\backend\DTOs\AIMessageDTO.cs(102,23): warning CS8618: 鍦ㄩ€€鍑烘瀯閫犲嚱鏁版椂锛屼笉鍙负 null 鐨?灞炴€?"Username" 蹇呴』鍖呭惈闈?null 鍊笺€傝鑰冭檻娣诲姞 "required" 淇グ绗︽垨灏嗚 灞炴€?澹版槑涓哄彲涓?null銆?[E:\C\test3\WHU-STU-CHAT\backend\backend.csproj]
         E:\C\test3\WHU-STU-CHAT\backend\DTOs\AIMessageDTO.cs(71,23): warning CS8618: 鍦ㄩ€€鍑烘瀯閫犲嚱鏁版椂锛屼笉鍙负 null 鐨?灞炴€?"Role" 蹇呴』鍖呭惈闈?null 鍊笺€傝鑰冭檻娣诲姞 "required" 淇グ绗︽垨灏嗚 灞炴€?澹版槑涓哄彲涓?null銆?[E:\C\test3\WHU-STU-CHAT\backend\backend.csproj]
         E:\C\test3\WHU-STU-CHAT\backend\DTOs\AIMessageDTO.cs(76,23): warning CS8618: 鍦ㄩ€€鍑烘瀯閫犲嚱鏁版椂锛屼笉鍙负 null 鐨?灞炴€?"Content" 蹇呴』鍖呭惈闈?null 鍊笺€傝鑰冭檻娣诲姞 "required" 淇グ绗︽垨灏嗚 灞炴€?澹版槑涓哄彲涓?null銆?[E:\C\test3\WHU-STU-CHAT\backend\backend.csproj]
         E:\C\test3\WHU-STU-CHAT\backend\Services\UserService.cs(334,20): warning CS8603: 鍙兘杩斿洖 null 寮曠敤銆?[E:\C\test3\WHU-STU-CHAT\backend\backend.csproj]
         E:\C\test3\WHU-STU-CHAT\backend\Models\User.cs(18,23): warning CS8618: 鍦ㄩ€€鍑烘瀯閫犲嚱鏁版椂锛屼笉鍙负 null 鐨?灞炴€?"Username" 蹇呴』鍖呭惈闈?null 鍊笺€傝鑰冭檻娣诲姞 "required" 淇グ绗︽垨灏嗚 灞炴€?澹版槑涓哄彲涓?null銆?[E:\C\test3\WHU-STU-CHAT\backend\backend.csproj]
         E:\C\test3\WHU-STU-CHAT\backend\Models\User.cs(23,23): warning CS8618: 鍦ㄩ€€鍑烘瀯閫犲嚱鏁版椂锛屼笉鍙负 null 鐨?灞炴€?"Password" 蹇呴』鍖呭惈闈?null 鍊笺€傝鑰冭檻娣诲姞 "required" 淇グ绗︽垨灏嗚 灞炴€?澹版槑涓哄彲涓?null銆?[E:\C\test3\WHU-STU-CHAT\backend\backend.csproj]
         E:\C\test3\WHU-STU-CHAT\backend\Models\User.cs(28,23): warning CS8618: 鍦ㄩ€€鍑烘瀯閫犲嚱鏁版椂锛屼笉鍙负 null 鐨?灞炴€?"Email" 蹇呴』鍖呭惈闈?null 鍊笺€傝鑰冭檻娣诲姞 "required" 淇グ绗︽垨灏嗚 灞炴€?澹版槑涓哄彲涓?null銆?[E:\C\test3\WHU-STU-CHAT\backend\backend.csproj]
         E:\C\test3\WHU-STU-CHAT\backend\Models\User.cs(33,23): warning CS8618: 鍦ㄩ€€鍑烘瀯閫犲嚱鏁版椂锛屼笉鍙负 null 鐨?灞炴€?"Phone" 蹇呴』鍖呭惈闈?null 鍊笺€傝鑰冭檻娣诲姞 "required" 淇グ绗︽垨灏嗚 灞炴€?澹版槑涓哄彲涓?null銆?[E:\C\test3\WHU-STU-CHAT\backend\backend.csproj]
         E:\C\test3\WHU-STU-CHAT\backend\Models\User.cs(38,23): warning CS8618: 鍦ㄩ€€鍑烘瀯閫犲嚱鏁版椂锛屼笉鍙负 null 鐨?灞炴€?"Avatar" 蹇呴』鍖呭惈闈?null 鍊笺€傝鑰冭檻娣诲姞 "required" 淇グ绗︽垨灏嗚 灞炴€?澹版槑涓哄彲涓?null銆?[E:\C\test3\WHU-STU-CHAT\backend\backend.csproj]
         E:\C\test3\WHU-STU-CHAT\backend\DTOs\AIMessageDTO.cs(40,23): warning CS8618: 鍦ㄩ€€鍑烘瀯閫犲嚱鏁版椂锛屼笉鍙负 null 鐨?灞炴€?"Message" 蹇呴』鍖呭惈闈?null 鍊笺€傝鑰冭檻娣诲姞 "required" 淇グ绗︽垨灏嗚 灞炴€?澹版槑涓哄彲涓?null銆?[E:\C\test3\WHU-STU-CHAT\backend\backend.csproj]
         E:\C\test3\WHU-STU-CHAT\backend\DTOs\AIMessageDTO.cs(50,23): warning CS8618: 鍦ㄩ€€鍑烘瀯閫犲嚱鏁版椂锛屼笉鍙负 null 鐨?灞炴€?"Error" 蹇呴』鍖呭惈闈?null 鍊笺€傝鑰冭檻娣诲姞 "required" 淇グ绗︽垨灏嗚 灞炴€?澹版槑涓哄彲涓?null銆?[E:\C\test3\WHU-STU-CHAT\backend\backend.csproj]
         E:\C\test3\WHU-STU-CHAT\backend\Models\Post.cs(23,23): warning CS8618: 鍦ㄩ€€鍑烘瀯閫犲嚱鏁版椂锛屼笉鍙负 null 鐨?灞炴€?"Title" 蹇呴』鍖呭惈闈?null 鍊笺€傝鑰冭檻娣诲姞 "required" 淇グ绗︽垨灏嗚 灞炴€?澹版槑涓哄彲涓?null銆?[E:\C\test3\WHU-STU-CHAT\backend\backend.csproj]
         E:\C\test3\WHU-STU-CHAT\backend\Models\Post.cs(28,23): warning CS8618: 鍦ㄩ€€鍑烘瀯閫犲嚱鏁版椂锛屼笉鍙负 null 鐨?灞炴€?"Content" 蹇呴』鍖呭惈闈?null 鍊笺€傝鑰冭檻娣诲姞 "required" 淇グ绗︽垨灏嗚 灞炴€?澹版槑涓哄彲涓?null銆?[E:\C\test3\WHU-STU-CHAT\backend\backend.csproj]
         E:\C\test3\WHU-STU-CHAT\backend\Models\Post.cs(48,23): warning CS8618: 鍦ㄩ€€鍑烘瀯閫犲嚱鏁版椂锛屼笉鍙负 null 鐨?灞炴€?"PostType" 蹇呴』鍖呭惈闈?null 鍊笺€傝鑰冭檻娣诲姞 "required" 淇グ绗︽垨灏嗚 灞炴€?澹版槑涓哄彲涓?null銆?[E:\C\test3\WHU-STU-CHAT\backend\backend.csproj]
         E:\C\test3\WHU-STU-CHAT\backend\Controllers\ChatController.cs(33,44): warning CS8604: 鈥渋nt int.Parse(string s)鈥濅腑鐨勫舰鍙傗€渟鈥濆彲鑳戒紶鍏?null 寮曠敤瀹炲弬銆?[E:\C\test3\WHU-STU-CHAT\backend\backend.csproj]
         E:\C\test3\WHU-STU-CHAT\backend\Services\UserService.cs(357,20): warning CS8603: 鍙兘杩斿洖 null 寮曠敤銆?[E:\C\test3\WHU-STU-CHAT\backend\backend.csproj]
         E:\C\test3\WHU-STU-CHAT\backend\Models\Group.cs(6,23): warning CS8618: 鍦ㄩ€€鍑烘瀯閫犲嚱鏁版椂锛屼笉鍙负 null 鐨?灞炴€?"GroupName" 蹇呴』鍖呭惈闈?null 鍊笺€傝鑰冭檻娣诲姞 "required" 淇グ绗︽垨灏嗚 灞炴€?澹版槑涓哄彲涓?null銆?[E:\C\test3\WHU-STU-CHAT\backend\backend.csproj]
         E:\C\test3\WHU-STU-CHAT\backend\Models\Group.cs(7,23): warning CS8618: 鍦ㄩ€€鍑烘瀯閫犲嚱鏁版椂锛屼笉鍙负 null 鐨?灞炴€?"Description" 蹇呴』鍖呭惈闈?null 鍊笺€傝鑰冭檻娣诲姞 "required" 淇グ绗︽垨灏嗚 灞炴€?澹版槑涓哄彲涓?null銆?[E:\C\test3\WHU-STU-CHAT\backend\backend.csproj]
         E:\C\test3\WHU-STU-CHAT\backend\Models\Discussion.cs(16,23): warning CS8618: 鍦ㄩ€€鍑烘瀯閫犲嚱鏁版椂锛屼笉鍙负 null 鐨?灞炴€?"Title" 蹇呴』鍖呭惈闈?null 鍊笺€傝鑰冭檻娣诲姞 "required" 淇グ绗︽垨灏嗚 灞炴€?澹版槑涓哄彲涓?null銆?[E:\C\test3\WHU-STU-CHAT\backend\backend.csproj]
         E:\C\test3\WHU-STU-CHAT\backend\Models\Discussion.cs(21,23): warning CS8618: 鍦ㄩ€€鍑烘瀯閫犲嚱鏁版椂锛屼笉鍙负 null 鐨?灞炴€?"Description" 蹇呴』鍖呭惈闈?null 鍊笺€傝鑰冭檻娣诲姞 "required" 淇グ绗︽垨灏嗚 灞炴€?澹版槑涓哄彲涓?null銆?[E:\C\test3\WHU-STU-CHAT\backend\backend.csproj]
         E:\C\test3\WHU-STU-CHAT\backend\DTOs\AIMessageDTO.cs(19,23): warning CS8618: 鍦ㄩ€€鍑烘瀯閫犲嚱鏁版椂锛屼笉鍙负 null 鐨?灞炴€?"Username" 蹇呴』鍖呭惈闈?null 鍊笺€傝鑰冭檻娣诲姞 "required" 淇グ绗︽垨灏嗚 灞炴€?澹版槑涓哄彲涓?null銆?[E:\C\test3\WHU-STU-CHAT\backend\backend.csproj]
         E:\C\test3\WHU-STU-CHAT\backend\DTOs\AIMessageDTO.cs(24,23): warning CS8618: 鍦ㄩ€€鍑烘瀯閫犲嚱鏁版椂锛屼笉鍙负 null 鐨?灞炴€?"Message" 蹇呴』鍖呭惈闈?null 鍊笺€傝鑰冭檻娣诲姞 "required" 淇グ绗︽垨灏嗚 灞炴€?澹版槑涓哄彲涓?null銆?[E:\C\test3\WHU-STU-CHAT\backend\backend.csproj]
         E:\C\test3\WHU-STU-CHAT\backend\Services\Notification.cs(16,33): warning CS8601: 鍙兘鐨?null 寮曠敤璧嬪€笺€?[E:\C\test3\WHU-STU-CHAT\backend\backend.csproj]
         E:\C\test3\WHU-STU-CHAT\backend\Services\Notification.cs(14,16): warning CS8618: 鍦ㄩ€€鍑烘瀯閫犲嚱鏁版椂锛屼笉鍙负 null 鐨?瀛楁 "_connectionString" 蹇呴』鍖呭惈闈?null 鍊笺€傝鑰冭檻娣诲姞 "required" 淇グ绗︽垨灏嗚 瀛楁 澹版槑涓哄彲涓?null銆?[E:\C\test3\WHU-STU-CHAT\backend\backend.csproj]
         E:\C\test3\WHU-STU-CHAT\backend\Models\Comment.cs(21,23): warning CS8618: 鍦ㄩ€€鍑烘瀯閫犲嚱鏁版椂锛屼笉鍙负 null 鐨?灞炴€?"Content" 蹇呴』鍖呭惈闈?null 鍊笺€傝鑰冭檻娣诲姞 "required" 淇グ绗︽垨灏嗚 灞炴€?澹版槑涓哄彲涓?null銆?[E:\C\test3\WHU-STU-CHAT\backend\backend.csproj]
         E:\C\test3\WHU-STU-CHAT\backend\Controllers\ChatController.cs(73,44): warning CS8604: 鈥渋nt int.Parse(string s)鈥濅腑鐨勫舰鍙傗€渟鈥濆彲鑳戒紶鍏?null 寮曠敤瀹炲弬銆?[E:\C\test3\WHU-STU-CHAT\backend\backend.csproj]
         E:\C\test3\WHU-STU-CHAT\backend\Services\AIService.cs(390,23): warning CS8618: 鍦ㄩ€€鍑烘瀯閫犲嚱鏁版椂锛屼笉鍙负 null 鐨?灞炴€?"SenderName" 蹇呴』鍖呭惈闈?null 鍊笺€傝鑰冭檻娣诲姞 "required" 淇グ绗︽垨灏嗚 灞炴€?澹版槑涓哄彲涓?null銆?[E:\C\test3\WHU-STU-CHAT\backend\backend.csproj]
         E:\C\test3\WHU-STU-CHAT\backend\Services\AIService.cs(391,23): warning CS8618: 鍦ㄩ€€鍑烘瀯閫犲嚱鏁版椂锛屼笉鍙负 null 鐨?灞炴€?"Content" 蹇呴』鍖呭惈闈?null 鍊笺€傝鑰冭檻娣诲姞 "required" 淇グ绗︽垨灏嗚 灞炴€?澹版槑涓哄彲涓?null銆?[E:\C\test3\WHU-STU-CHAT\backend\backend.csproj]
         E:\C\test3\WHU-STU-CHAT\backend\Services\ChatService.cs(28,33): warning CS8601: 鍙兘鐨?null 寮曠敤璧嬪€笺€?[E:\C\test3\WHU-STU-CHAT\backend\backend.csproj]
         E:\C\test3\WHU-STU-CHAT\backend\Services\ChatService.cs(26,16): warning CS8618: 鍦ㄩ€€鍑烘瀯閫犲嚱鏁版椂锛屼笉鍙负 null 鐨?瀛楁 "_connectionString" 蹇呴』鍖呭惈闈?null 鍊笺€傝鑰冭檻娣诲姞 "required" 淇グ绗︽垨灏嗚 瀛楁 澹版槑涓哄彲涓?null銆?[E:\C\test3\WHU-STU-CHAT\backend\backend.csproj]
         E:\C\test3\WHU-STU-CHAT\backend\Services\ChatService.cs(58,28): warning CS8603: 鍙兘杩斿洖 null 寮曠敤銆?[E:\C\test3\WHU-STU-CHAT\backend\backend.csproj]
         E:\C\test3\WHU-STU-CHAT\backend\Services\ChatService.cs(64,24): warning CS8603: 鍙兘杩斿洖 null 寮曠敤銆?[E:\C\test3\WHU-STU-CHAT\backend\backend.csproj]
         E:\C\test3\WHU-STU-CHAT\backend\Services\AIService.cs(113,39): warning CS8601: 鍙兘鐨?null 寮曠敤璧嬪€笺€?[E:\C\test3\WHU-STU-CHAT\backend\backend.csproj]
         E:\C\test3\WHU-STU-CHAT\backend\Services\ChatService.cs(103,46): warning CS8600: 灏?null 鏂囨湰鎴栧彲鑳界殑 null 鍊艰浆鎹负涓嶅彲涓?null 绫诲瀷銆?[E:\C\test3\WHU-STU-CHAT\backend\backend.csproj]
         E:\C\test3\WHU-STU-CHAT\backend\Services\ChatService.cs(110,47): warning CS8600: 灏?null 鏂囨湰鎴栧彲鑳界殑 null 鍊艰浆鎹负涓嶅彲涓?null 绫诲瀷銆?[E:\C\test3\WHU-STU-CHAT\backend\backend.csproj]
         E:\C\test3\WHU-STU-CHAT\backend\Services\ChatService.cs(147,43): warning CS8601: 鍙兘鐨?null 寮曠敤璧嬪€笺€?[E:\C\test3\WHU-STU-CHAT\backend\backend.csproj]
         E:\C\test3\WHU-STU-CHAT\backend\Services\ChatService.cs(148,44): warning CS8601: 鍙兘鐨?null 寮曠敤璧嬪€笺€?[E:\C\test3\WHU-STU-CHAT\backend\backend.csproj]
         E:\C\test3\WHU-STU-CHAT\backend\Services\Notification.cs(86,20): warning CS8603: 鍙兘杩斿洖 null 寮曠敤銆?[E:\C\test3\WHU-STU-CHAT\backend\backend.csproj]
         E:\C\test3\WHU-STU-CHAT\backend\Hubs\ChatHub.cs(61,33): warning CS8625: 鏃犳硶灏?null 瀛楅潰閲忚浆鎹负闈?null 鐨勫紩鐢ㄧ被鍨嬨€?[E:\C\test3\WHU-STU-CHAT\backend\backend.csproj]
         E:\C\test3\WHU-STU-CHAT\backend\Services\GroupService.cs(12,33): warning CS8601: 鍙兘鐨?null 寮曠敤璧嬪€笺€?[E:\C\test3\WHU-STU-CHAT\backend\backend.csproj]
         E:\C\test3\WHU-STU-CHAT\backend\Services\GroupService.cs(10,16): warning CS8618: 鍦ㄩ€€鍑烘瀯閫犲嚱鏁版椂锛屼笉鍙负 null 鐨?瀛楁 "_connectionString" 蹇呴』鍖呭惈闈?null 鍊笺€傝鑰冭檻娣诲姞 "required" 淇グ绗︽垨灏嗚 瀛楁 澹版槑涓哄彲涓?null銆?[E:\C\test3\WHU-STU-CHAT\backend\backend.csproj]
         E:\C\test3\WHU-STU-CHAT\backend\Services\AIService.cs(224,63): warning CS8602: 瑙ｅ紩鐢ㄥ彲鑳藉嚭鐜扮┖寮曠敤銆?[E:\C\test3\WHU-STU-CHAT\backend\backend.csproj]
         E:\C\test3\WHU-STU-CHAT\backend\Services\AIService.cs(265,43): warning CS8600: 灏?null 鏂囨湰鎴栧彲鑳界殑 null 鍊艰浆鎹负涓嶅彲涓?null 绫诲瀷銆?[E:\C\test3\WHU-STU-CHAT\backend\backend.csproj]
         E:\C\test3\WHU-STU-CHAT\backend\Services\AIService.cs(300,50): warning CS8601: 鍙兘鐨?null 寮曠敤璧嬪€笺€?[E:\C\test3\WHU-STU-CHAT\backend\backend.csproj]
         E:\C\test3\WHU-STU-CHAT\backend\Services\AIService.cs(301,47): warning CS8601: 鍙兘鐨?null 寮曠敤璧嬪€笺€?[E:\C\test3\WHU-STU-CHAT\backend\backend.csproj]
         E:\C\test3\WHU-STU-CHAT\backend\Services\DiscussionService.cs(89,20): warning CS8603: 鍙兘杩斿洖 null 寮曠敤銆?[E:\C\test3\WHU-STU-CHAT\backend\backend.csproj]
         E:\C\test3\WHU-STU-CHAT\backend\Services\ChatService.cs(312,49): warning CS8601: 鍙兘鐨?null 寮曠敤璧嬪€笺€?[E:\C\test3\WHU-STU-CHAT\backend\backend.csproj]
         E:\C\test3\WHU-STU-CHAT\backend\Services\GroupService.cs(214,47): warning CS8601: 鍙兘鐨?null 寮曠敤璧嬪€笺€?[E:\C\test3\WHU-STU-CHAT\backend\backend.csproj]
         E:\C\test3\WHU-STU-CHAT\backend\Services\GroupService.cs(267,20): warning CS8603: 鍙兘杩斿洖 null 寮曠敤銆?[E:\C\test3\WHU-STU-CHAT\backend\backend.csproj]
         E:\C\test3\WHU-STU-CHAT\backend\Services\GroupService.cs(300,20): warning CS8603: 鍙兘杩斿洖 null 寮曠敤銆?[E:\C\test3\WHU-STU-CHAT\backend\backend.csproj]
         E:\C\test3\WHU-STU-CHAT\backend\Services\DiscussionService.cs(335,20): warning CS8603: 鍙兘杩斿洖 null 寮曠敤銆?[E:\C\test3\WHU-STU-CHAT\backend\backend.csproj]
         E:\C\test3\WHU-STU-CHAT\backend\Services\GroupService.cs(555,43): warning CS8601: 鍙兘鐨?null 寮曠敤璧嬪€笺€?[E:\C\test3\WHU-STU-CHAT\backend\backend.csproj]
         E:\C\test3\WHU-STU-CHAT\backend\Services\DiscussionService.cs(686,20): warning CS8603: 鍙兘杩斿洖 null 寮曠敤銆?[E:\C\test3\WHU-STU-CHAT\backend\backend.csproj]


       鈥淓:\C\test3\WHU-STU-CHAT\backend\backend.sln鈥?榛樿鐩爣) (1:2) ->
       鈥淓:\C\test3\WHU-STU-CHAT\backend\backend.csproj鈥?榛樿鐩爣) (2:6) ->
       (CoreCompile 鐩爣) -> 
         E:\C\test3\WHU-STU-CHAT\backend\Hubs\PrivateChatHub.cs(88,42): error CS1061: 鈥淢essageDTO鈥濇湭鍖呭惈鈥淩eceiverId鈥濈殑瀹氫箟锛屽苟涓旀壘涓嶅埌鍙帴鍙楃涓€涓€淢essageDTO鈥濈被鍨嬪弬鏁扮殑鍙闂墿灞曟柟娉曗€淩eceiverId鈥?鏄惁缂哄皯 using 鎸囦护鎴栫▼搴忛泦寮曠敤?) [E:\C\test3\WHU-STU-CHAT\backend\backend.csproj]
         E:\C\test3\WHU-STU-CHAT\backend\Hubs\PrivateChatHub.cs(99,52): error CS1061: 鈥淚ChatService鈥濇湭鍖呭惈鈥淪avePrivateMessageAsync鈥濈殑瀹氫箟锛屽苟涓旀壘涓嶅埌鍙帴鍙楃涓€涓€淚ChatService鈥濈被鍨嬪弬鏁扮殑鍙闂墿灞曟柟娉曗€淪avePrivateMessageAsync鈥?鏄惁缂哄皯 using 鎸囦护鎴栫▼搴忛泦寮曠敤?) [E:\C\test3\WHU-STU-CHAT\backend\backend.csproj]
         E:\C\test3\WHU-STU-CHAT\backend\Controllers\ChatController.cs(47,51): error CS1061: 鈥淚ChatService鈥濇湭鍖呭惈鈥淕etPrivateChatHistoryAsync鈥濈殑瀹氫箟锛屽苟涓旀壘涓嶅埌鍙帴鍙楃涓€涓€淚ChatService鈥濈被鍨嬪弬鏁扮殑鍙闂墿灞曟柟娉曗€淕etPrivateChatHistoryAsync鈥?鏄惁缂哄皯 using 鎸囦护鎴栫▼搴忛泦寮曠敤?) [E:\C\test3\WHU-STU-CHAT\backend\backend.csproj]
         E:\C\test3\WHU-STU-CHAT\backend\Controllers\ChatController.cs(85,52): error CS1061: 鈥淚ChatService鈥濇湭鍖呭惈鈥淪avePrivateMessageAsync鈥濈殑瀹氫箟锛屽苟涓旀壘涓嶅埌鍙帴鍙楃涓€涓€淚ChatService鈥濈被鍨嬪弬鏁扮殑鍙闂墿灞曟柟娉曗€淪avePrivateMessageAsync鈥?鏄惁缂哄皯 using 鎸囦护鎴栫▼搴忛泦寮曠敤?) [E:\C\test3\WHU-STU-CHAT\backend\backend.csproj]

    123 涓鍛?
    4 涓敊璇?

宸茬敤鏃堕棿 00:00:02.30
